[INFO] [launch]: All log files can be found below /home/yihuang/.ros/log/2026-07-27-16-45-11-537999-JIAOLONG-Series-548254
[INFO] [launch]: Default logging verbosity is set to INFO
[INFO] [ladrc_position_controller_node-1]: process started with pid [548329]
[INFO] [ladrc_position_controller_node-2]: process started with pid [548331]
[INFO] [ladrc_position_controller_node-3]: process started with pid [548333]
[INFO] [ladrc_position_controller_node-4]: process started with pid [548335]
[INFO] [ladrc_position_controller_node-5]: process started with pid [548337]
[ladrc_position_controller_node-2] [0m[INFO] [1785141911.629957489] [uav2.ladrc_position_controller]: 已创建 4 个邻居 Odom 订阅[0m
[ladrc_position_controller_node-3] [0m[INFO] [1785141911.630296440] [uav3.ladrc_position_controller]: 已创建 4 个邻居 Odom 订阅[0m
[ladrc_position_controller_node-4] [0m[INFO] [1785141911.632267091] [uav4.ladrc_position_controller]: 已创建 4 个邻居 Odom 订阅[0m
[ladrc_position_controller_node-5] [0m[INFO] [1785141911.632299613] [uav5.ladrc_position_controller]: 已创建 4 个邻居 Odom 订阅[0m
[ladrc_position_controller_node-1] [0m[INFO] [1785141911.632913863] [uav1.ladrc_position_controller]: 已创建 4 个邻居 Odom 订阅[0m
[ladrc_position_controller_node-2] [0m[INFO] [1785141911.632984196] [uav2.ladrc_position_controller]: LADRC 集群执行节点已初始化 (命名空间: /uav2), ENU偏移=[0.0, 6.0, 0.0][0m
[ladrc_position_controller_node-2] [0m[INFO] [1785141911.633012028] [uav2.ladrc_position_controller]: 等待 swarm_command 和 vehicle_odometry 消息...[0m
[ladrc_position_controller_node-3] [0m[INFO] [1785141911.633008982] [uav3.ladrc_position_controller]: LADRC 集群执行节点已初始化 (命名空间: /uav3), ENU偏移=[0.0, 9.0, 0.0][0m
[ladrc_position_controller_node-3] [0m[INFO] [1785141911.633033579] [uav3.ladrc_position_controller]: 等待 swarm_command 和 vehicle_odometry 消息...[0m
[ladrc_position_controller_node-5] [0m[INFO] [1785141911.634849739] [uav5.ladrc_position_controller]: LADRC 集群执行节点已初始化 (命名空间: /uav5), ENU偏移=[0.0, 15.0, 0.0][0m
[ladrc_position_controller_node-5] [0m[INFO] [1785141911.634876630] [uav5.ladrc_position_controller]: 等待 swarm_command 和 vehicle_odometry 消息...[0m
[ladrc_position_controller_node-4] [0m[INFO] [1785141911.635014420] [uav4.ladrc_position_controller]: LADRC 集群执行节点已初始化 (命名空间: /uav4), ENU偏移=[0.0, 12.0, 0.0][0m
[ladrc_position_controller_node-4] [0m[INFO] [1785141911.635039237] [uav4.ladrc_position_controller]: 等待 swarm_command 和 vehicle_odometry 消息...[0m
[ladrc_position_controller_node-1] [0m[INFO] [1785141911.635446115] [uav1.ladrc_position_controller]: LADRC 集群执行节点已初始化 (命名空间: /uav1), ENU偏移=[0.0, 3.0, 0.0][0m
[ladrc_position_controller_node-1] [0m[INFO] [1785141911.635469600] [uav1.ladrc_position_controller]: 等待 swarm_command 和 vehicle_odometry 消息...[0m
[ladrc_position_controller_node-2] [33m[WARN] [1785141911.653080349] [uav2.ladrc_position_controller]: 等待状态机进入 RUNNING_TRAJECTORY... (当前: 0)[0m
[ladrc_position_controller_node-3] [33m[WARN] [1785141911.653094105] [uav3.ladrc_position_controller]: 等待状态机进入 RUNNING_TRAJECTORY... (当前: 0)[0m
[ladrc_position_controller_node-5] [33m[WARN] [1785141911.654940913] [uav5.ladrc_position_controller]: 等待状态机进入 RUNNING_TRAJECTORY... (当前: 0)[0m
[ladrc_position_controller_node-4] [33m[WARN] [1785141911.655097619] [uav4.ladrc_position_controller]: 等待状态机进入 RUNNING_TRAJECTORY... (当前: 0)[0m
[ladrc_position_controller_node-1] [33m[WARN] [1785141911.655555814] [uav1.ladrc_position_controller]: 等待状态机进入 RUNNING_TRAJECTORY... (当前: 0)[0m
[ladrc_position_controller_node-2] [0m[INFO] [1785141912.563082933] [uav2.ladrc_position_controller]: 已接收到 vehicle_odometry 消息[0m
[ladrc_position_controller_node-3] [0m[INFO] [1785141912.603454850] [uav3.ladrc_position_controller]: 已接收到 vehicle_odometry 消息[0m
[ladrc_position_controller_node-5] [0m[INFO] [1785141913.720992663] [uav5.ladrc_position_controller]: 已接收到 vehicle_odometry 消息[0m
[ladrc_position_controller_node-1] [0m[INFO] [1785141913.927247074] [uav1.ladrc_position_controller]: 已接收到 vehicle_odometry 消息[0m
[ladrc_position_controller_node-4] [0m[INFO] [1785141914.259008486] [uav4.ladrc_position_controller]: 已接收到 vehicle_odometry 消息[0m
[ladrc_position_controller_node-3] [33m[WARN] [1785141916.653134024] [uav3.ladrc_position_controller]: 等待状态机进入 RUNNING_TRAJECTORY... (当前: 0)[0m
[ladrc_position_controller_node-4] [33m[WARN] [1785141916.655156474] [uav4.ladrc_position_controller]: 等待状态机进入 RUNNING_TRAJECTORY... (当前: 0)[0m
[ladrc_position_controller_node-1] [33m[WARN] [1785141916.655583731] [uav1.ladrc_position_controller]: 等待状态机进入 RUNNING_TRAJECTORY... (当前: 0)[0m
[ladrc_position_controller_node-2] [33m[WARN] [1785141916.753782418] [uav2.ladrc_position_controller]: 等待状态机进入 RUNNING_TRAJECTORY... (当前: 0)[0m
[ladrc_position_controller_node-5] [33m[WARN] [1785141917.133911697] [uav5.ladrc_position_controller]: 等待状态机进入 RUNNING_TRAJECTORY... (当前: 0)[0m
[ladrc_position_controller_node-3] [33m[WARN] [1785141921.653165096] [uav3.ladrc_position_controller]: 等待状态机进入 RUNNING_TRAJECTORY... (当前: 0)[0m
[ladrc_position_controller_node-4] [33m[WARN] [1785141921.655173490] [uav4.ladrc_position_controller]: 等待状态机进入 RUNNING_TRAJECTORY... (当前: 0)[0m
[ladrc_position_controller_node-1] [33m[WARN] [1785141921.655649889] [uav1.ladrc_position_controller]: 等待状态机进入 RUNNING_TRAJECTORY... (当前: 0)[0m
[ladrc_position_controller_node-2] [33m[WARN] [1785141921.773176299] [uav2.ladrc_position_controller]: 等待状态机进入 RUNNING_TRAJECTORY... (当前: 0)[0m
[ladrc_position_controller_node-5] [33m[WARN] [1785141922.135063036] [uav5.ladrc_position_controller]: 等待状态机进入 RUNNING_TRAJECTORY... (当前: 0)[0m
[ladrc_position_controller_node-1] [0m[INFO] [1785141922.135652599] [uav1.ladrc_position_controller]: 系统稳定，开始解锁 (Arming)...[0m
[ladrc_position_controller_node-2] [0m[INFO] [1785141922.433177682] [uav2.ladrc_position_controller]: 系统稳定，开始解锁 (Arming)...[0m
[ladrc_position_controller_node-5] [0m[INFO] [1785141923.935085545] [uav5.ladrc_position_controller]: 系统稳定，开始解锁 (Arming)...[0m
[ladrc_position_controller_node-4] [0m[INFO] [1785141923.935246078] [uav4.ladrc_position_controller]: 系统稳定，开始解锁 (Arming)...[0m
[ladrc_position_controller_node-1] [0m[INFO] [1785141924.235677180] [uav1.ladrc_position_controller]: 解锁成功。切换到 Offboard 模式...[0m
[ladrc_position_controller_node-2] [0m[INFO] [1785141924.533164963] [uav2.ladrc_position_controller]: 解锁成功。切换到 Offboard 模式...[0m
[ladrc_position_controller_node-3] [0m[INFO] [1785141924.633252007] [uav3.ladrc_position_controller]: 系统稳定，开始解锁 (Arming)...[0m
[ladrc_position_controller_node-1] [0m[INFO] [1785141925.335677532] [uav1.ladrc_position_controller]: Offboard 模式已激活。LADRC 控制器接管。[0m
[ladrc_position_controller_node-1] [0m[INFO] [1785141925.355699115] [uav1.ladrc_position_controller]: UAV1 悬停保持锁定: [0.01, 0.01, -0.10][0m
[ladrc_position_controller_node-1] [0m[INFO] [1785141925.355743930] [uav1.ladrc_position_controller]: UAV1 悬停保持 Pos[0.01,0.01,-0.10][0m
[ladrc_position_controller_node-2] [0m[INFO] [1785141925.633229828] [uav2.ladrc_position_controller]: Offboard 模式已激活。LADRC 控制器接管。[0m
[ladrc_position_controller_node-2] [0m[INFO] [1785141925.653227866] [uav2.ladrc_position_controller]: UAV2 悬停保持锁定: [0.01, 0.00, -0.11][0m
[ladrc_position_controller_node-2] [0m[INFO] [1785141925.653283180] [uav2.ladrc_position_controller]: UAV2 悬停保持 Pos[0.01,0.00,-0.11][0m
[ladrc_position_controller_node-5] [0m[INFO] [1785141926.035112129] [uav5.ladrc_position_controller]: 解锁成功。切换到 Offboard 模式...[0m
[ladrc_position_controller_node-4] [0m[INFO] [1785141926.035272472] [uav4.ladrc_position_controller]: 解锁成功。切换到 Offboard 模式...[0m
[ladrc_position_controller_node-3] [33m[WARN] [1785141926.653261642] [uav3.ladrc_position_controller]: 等待状态机进入 RUNNING_TRAJECTORY... (当前: 1)[0m
[ladrc_position_controller_node-4] [33m[WARN] [1785141926.655268352] [uav4.ladrc_position_controller]: 等待状态机进入 RUNNING_TRAJECTORY... (当前: 2)[0m
[ladrc_position_controller_node-3] [0m[INFO] [1785141926.733265867] [uav3.ladrc_position_controller]: 解锁成功。切换到 Offboard 模式...[0m
[ladrc_position_controller_node-5] [33m[WARN] [1785141927.135125436] [uav5.ladrc_position_controller]: 等待状态机进入 RUNNING_TRAJECTORY... (当前: 2)[0m
[ladrc_position_controller_node-5] [0m[INFO] [1785141927.135183827] [uav5.ladrc_position_controller]: Offboard 模式已激活。LADRC 控制器接管。[0m
[ladrc_position_controller_node-4] [0m[INFO] [1785141927.135285629] [uav4.ladrc_position_controller]: Offboard 模式已激活。LADRC 控制器接管。[0m
[ladrc_position_controller_node-5] [0m[INFO] [1785141927.155126140] [uav5.ladrc_position_controller]: UAV5 悬停保持锁定: [0.01, 0.00, -0.11][0m
[ladrc_position_controller_node-5] [0m[INFO] [1785141927.155199498] [uav5.ladrc_position_controller]: UAV5 悬停保持 Pos[0.01,0.00,-0.11][0m
[ladrc_position_controller_node-4] [0m[INFO] [1785141927.155317441] [uav4.ladrc_position_controller]: UAV4 悬停保持锁定: [0.02, 0.01, -0.10][0m
[ladrc_position_controller_node-4] [0m[INFO] [1785141927.155366884] [uav4.ladrc_position_controller]: UAV4 悬停保持 Pos[0.02,0.01,-0.10][0m
[ladrc_position_controller_node-3] [0m[INFO] [1785141927.833284064] [uav3.ladrc_position_controller]: Offboard 模式已激活。LADRC 控制器接管。[0m
[ladrc_position_controller_node-3] [0m[INFO] [1785141927.853319062] [uav3.ladrc_position_controller]: UAV3 悬停保持锁定: [0.01, 0.03, -0.13][0m
[ladrc_position_controller_node-3] [0m[INFO] [1785141927.853397680] [uav3.ladrc_position_controller]: UAV3 悬停保持 Pos[0.01,0.03,-0.13][0m
[ladrc_position_controller_node-2] [0m[INFO] [1785141935.819153197] [uav2.ladrc_position_controller]: UAV2 悬停保持 Pos[0.01,-0.00,-0.15][0m
[ladrc_position_controller_node-1] [0m[INFO] [1785141936.573186468] [uav1.ladrc_position_controller]: UAV1 悬停保持 Pos[0.01,0.01,-0.15][0m
[ladrc_position_controller_node-4] [0m[INFO] [1785141939.956572706] [uav4.ladrc_position_controller]: UAV4 悬停保持 Pos[0.02,0.01,-0.11][0m
[ladrc_position_controller_node-5] [0m[INFO] [1785141945.064663988] [uav5.ladrc_position_controller]: UAV5 悬停保持 Pos[0.02,0.01,-0.12][0m
[ladrc_position_controller_node-3] [0m[INFO] [1785141954.459821290] [uav3.ladrc_position_controller]: UAV3 悬停保持 Pos[0.01,0.02,-0.13][0m
[ladrc_position_controller_node-4] [0m[INFO] [1785141954.908310904] [uav4.ladrc_position_controller]: UAV4 悬停保持 Pos[0.02,0.01,-0.11][0m
[ladrc_position_controller_node-2] [0m[INFO] [1785141954.908394422] [uav2.ladrc_position_controller]: UAV2 悬停保持 Pos[0.01,-0.00,-0.15][0m
[ladrc_position_controller_node-1] [0m[INFO] [1785141955.481579114] [uav1.ladrc_position_controller]: UAV1 悬停保持 Pos[0.01,0.01,-0.15][0m
[ladrc_position_controller_node-5] [0m[INFO] [1785141955.482467362] [uav5.ladrc_position_controller]: UAV5 悬停保持 Pos[0.02,0.01,-0.12][0m
[ladrc_position_controller_node-2] [0m[INFO] [1785141965.251701111] [uav2.ladrc_position_controller]: UAV2 悬停保持 Pos[0.01,-0.00,-0.15][0m
[ladrc_position_controller_node-4] [0m[INFO] [1785141965.969531950] [uav4.ladrc_position_controller]: UAV4 悬停保持 Pos[0.02,0.01,-0.11][0m
[ladrc_position_controller_node-1] [0m[INFO] [1785141965.969969226] [uav1.ladrc_position_controller]: UAV1 悬停保持 Pos[0.01,0.01,-0.15][0m
[ladrc_position_controller_node-5] [0m[INFO] [1785141965.970121053] [uav5.ladrc_position_controller]: UAV5 悬停保持 Pos[0.02,0.01,-0.12][0m
[ladrc_position_controller_node-3] [0m[INFO] [1785141965.977409768] [uav3.ladrc_position_controller]: UAV3 悬停保持 Pos[0.01,0.02,-0.13][0m
[ladrc_position_controller_node-2] [0m[INFO] [1785141975.253887942] [uav2.ladrc_position_controller]: UAV2 悬停保持 Pos[0.01,-0.00,-0.15][0m
[ladrc_position_controller_node-4] [0m[INFO] [1785141975.975917721] [uav4.ladrc_position_controller]: UAV4 悬停保持 Pos[0.02,0.01,-0.11][0m
[ladrc_position_controller_node-1] [0m[INFO] [1785141979.381346517] [uav1.ladrc_position_controller]: UAV1 悬停保持 Pos[0.01,0.01,-0.15][0m
[ladrc_position_controller_node-5] [0m[INFO] [1785141980.029475378] [uav5.ladrc_position_controller]: UAV5 悬停保持 Pos[0.02,0.01,-0.12][0m
[ladrc_position_controller_node-3] [0m[INFO] [1785141980.297245086] [uav3.ladrc_position_controller]: UAV3 悬停保持 Pos[0.01,0.02,-0.13][0m
[ladrc_position_controller_node-2] [0m[INFO] [1785141985.387372500] [uav2.ladrc_position_controller]: UAV2 悬停保持 Pos[-0.02,0.02,-0.59][0m
[ladrc_position_controller_node-4] [0m[INFO] [1785141985.976050141] [uav4.ladrc_position_controller]: UAV4 悬停保持 Pos[-0.02,0.02,-0.56][0m
[ladrc_position_controller_node-1] [0m[INFO] [1785141989.396537626] [uav1.ladrc_position_controller]: UAV1 悬停保持 Pos[-0.01,0.01,-0.62][0m
