[INFO] [1785141930.066872733] [rosbag2_recorder]: Press SPACE for pausing/resuming
[INFO] [1785141930.067959645] [rosbag2_storage]: Opened database '/tmp/experiments_06_formal_20260727/trials/five_uav_circle__px4_step__r05/rosbag/rosbag_0.db3' for READ_WRITE.
[INFO] [1785141930.068426687] [rosbag2_recorder]: Listening for topics...
[INFO] [1785141930.068445453] [rosbag2_recorder]: Event publisher thread: Starting
[INFO] [1785141930.069882056] [rosbag2_recorder]: Subscribed to topic '/px4_2/fmu/out/vehicle_status'
[INFO] [1785141930.070214424] [rosbag2_recorder]: Subscribed to topic '/px4_2/fmu/out/vehicle_odometry'
[INFO] [1785141930.070256393] [rosbag2_recorder]: Recording...
[INFO] [1785141932.178812256] [rosbag2_recorder]: Subscribed to topic '/uav1/swarm_command'
[INFO] [1785141932.179161736] [rosbag2_recorder]: Subscribed to topic '/uav2/swarm_command'
[INFO] [1785141932.179469998] [rosbag2_recorder]: Subscribed to topic '/uav5/swarm_command'
[INFO] [1785141932.179778310] [rosbag2_recorder]: Subscribed to topic '/uav3/swarm_command'
[INFO] [1785141932.180125105] [rosbag2_recorder]: Subscribed to topic '/uav4/swarm_command'
[INFO] [1785141965.633118743] [rosbag2_recorder]: Subscribed to topic '/uav2/status'
[INFO] [1785141965.978195552] [rosbag2_recorder]: Subscribed to topic '/uav2/odom'
[INFO] [1785141965.979464248] [rosbag2_recorder]: Subscribed to topic '/uav2/trajectory_metrics'
[INFO] [1785141967.492829378] [rosbag2_recorder]: Subscribed to topic '/uav4/trajectory_metrics'
[INFO] [1785141979.382019989] [rosbag2_recorder]: Subscribed to topic '/uav4/status'
[INFO] [1785141982.617195466] [rosbag2_recorder]: Subscribed to topic '/uav4/odom'
[INFO] [1785141982.618081549] [rosbag2_recorder]: Subscribed to topic '/px4_1/fmu/out/vehicle_odometry'
[INFO] [1785141983.733028499] [rosbag2_recorder]: Subscribed to topic '/px4_1/fmu/out/vehicle_status'
[INFO] [1785141984.684659902] [rosbag2_recorder]: Subscribed to topic '/px4_5/fmu/out/vehicle_status'
[INFO] [1785141984.685631738] [rosbag2_recorder]: Subscribed to topic '/px4_5/fmu/out/vehicle_odometry'
[INFO] [1785141988.670851912] [rosbag2_recorder]: Subscribed to topic '/uav5/status'
[INFO] [1785141989.057775172] [rosbag2_recorder]: Subscribed to topic '/uav5/trajectory_metrics'
[INFO] [1785141989.392131084] [rosbag2_recorder]: Subscribed to topic '/uav5/odom'
[ERROR] [1785141989.414955600] [rosbag2_recorder]: discovery_future_.wait_for(100) return status: timeout
[INFO] [1785141989.415176437] [rosbag2_cpp]: Writing remaining messages from cache to the bag. It may take a while
[INFO] [1785141989.416283619] [rosbag2_recorder]: Event publisher thread: Exiting
[INFO] [1785141989.416323073] [rosbag2_recorder]: Recording stopped
