[INFO] [1785139459.112836167] [rosbag2_recorder]: Press SPACE for pausing/resuming
[INFO] [1785139459.114501904] [rosbag2_storage]: Opened database '/tmp/experiments_06_formal_20260727/trials/five_uav_circle__linear_ladrc__r04/rosbag/rosbag_0.db3' for READ_WRITE.
[INFO] [1785139459.115562197] [rosbag2_recorder]: Listening for topics...
[INFO] [1785139459.115588948] [rosbag2_recorder]: Event publisher thread: Starting
[INFO] [1785139459.117860710] [rosbag2_recorder]: Subscribed to topic '/uav3/status'
[INFO] [1785139459.118748758] [rosbag2_recorder]: Subscribed to topic '/uav3/odom'
[INFO] [1785139459.119389829] [rosbag2_recorder]: Subscribed to topic '/uav1/status'
[INFO] [1785139459.119955207] [rosbag2_recorder]: Subscribed to topic '/uav1/odom'
[INFO] [1785139459.120962741] [rosbag2_recorder]: Subscribed to topic '/uav3/trajectory_metrics'
[INFO] [1785139459.122861158] [rosbag2_recorder]: Subscribed to topic '/px4_1/fmu/out/vehicle_odometry'
[INFO] [1785139459.122932703] [rosbag2_recorder]: Recording...
[INFO] [1785139459.125334280] [rosbag2_recorder]: Subscribed to topic '/uav2/trajectory_metrics'
[INFO] [1785139459.125847941] [rosbag2_recorder]: Subscribed to topic '/uav5/odom'
[INFO] [1785139459.126286750] [rosbag2_recorder]: Subscribed to topic '/px4_5/fmu/out/vehicle_odometry'
[INFO] [1785139459.126742892] [rosbag2_recorder]: Subscribed to topic '/uav5/trajectory_metrics'
[INFO] [1785139459.127197290] [rosbag2_recorder]: Subscribed to topic '/uav4/status'
[INFO] [1785139459.127657229] [rosbag2_recorder]: Subscribed to topic '/uav4/trajectory_metrics'
[INFO] [1785139459.128113651] [rosbag2_recorder]: Subscribed to topic '/uav2/odom'
[INFO] [1785139459.128838872] [rosbag2_recorder]: Subscribed to topic '/px4_1/fmu/out/vehicle_status'
[INFO] [1785139459.129346000] [rosbag2_recorder]: Subscribed to topic '/px4_2/fmu/out/vehicle_odometry'
[INFO] [1785139459.129901379] [rosbag2_recorder]: Subscribed to topic '/uav1/trajectory_metrics'
[INFO] [1785139459.130354395] [rosbag2_recorder]: Subscribed to topic '/uav4/odom'
[INFO] [1785139459.130766574] [rosbag2_recorder]: Subscribed to topic '/px4_2/fmu/out/vehicle_status'
[INFO] [1785139459.131181688] [rosbag2_recorder]: Subscribed to topic '/uav2/status'
[INFO] [1785139459.131591522] [rosbag2_recorder]: Subscribed to topic '/px4_5/fmu/out/vehicle_status'
[INFO] [1785139459.132000375] [rosbag2_recorder]: Subscribed to topic '/uav5/status'
[INFO] [1785139459.234776836] [rosbag2_recorder]: Subscribed to topic '/uav3/swarm_command'
[INFO] [1785139459.235216016] [rosbag2_recorder]: Subscribed to topic '/uav4/swarm_command'
[INFO] [1785139459.235619398] [rosbag2_recorder]: Subscribed to topic '/uav5/swarm_command'
[INFO] [1785139459.235989707] [rosbag2_recorder]: Subscribed to topic '/uav2/swarm_command'
[INFO] [1785139459.236394081] [rosbag2_recorder]: Subscribed to topic '/px4_3/fmu/out/vehicle_odometry'
[INFO] [1785139459.236841056] [rosbag2_recorder]: Subscribed to topic '/px4_4/fmu/out/vehicle_odometry'
[INFO] [1785139459.237227907] [rosbag2_recorder]: Subscribed to topic '/px4_4/fmu/out/vehicle_status'
[INFO] [1785139459.237606652] [rosbag2_recorder]: Subscribed to topic '/px4_3/fmu/out/vehicle_status'
[INFO] [1785139459.238012329] [rosbag2_recorder]: Subscribed to topic '/uav1/swarm_command'
[INFO] [1785139459.238027287] [rosbag2_recorder]: All requested topics are subscribed. Stopping discovery...
[INFO] [1785139489.646763576] [rosbag2_cpp]: Writing remaining messages from cache to the bag. It may take a while
[INFO] [1785139489.648732245] [rosbag2_recorder]: Event publisher thread: Exiting
[INFO] [1785139489.648792740] [rosbag2_recorder]: Recording stopped
