[INFO] [1785138980.443502195] [rosbag2_recorder]: Press SPACE for pausing/resuming
[INFO] [1785138980.445476928] [rosbag2_storage]: Opened database '/tmp/experiments_06_formal_20260727/trials/eight_uav_line_to_circle__minimum_jerk_ladrc__r01/rosbag/rosbag_0.db3' for READ_WRITE.
[INFO] [1785138980.446351632] [rosbag2_recorder]: Listening for topics...
[INFO] [1785138980.446387851] [rosbag2_recorder]: Event publisher thread: Starting
[INFO] [1785138980.450008225] [rosbag2_recorder]: Subscribed to topic '/uav7/status'
[INFO] [1785138980.450917835] [rosbag2_recorder]: Subscribed to topic '/uav7/odom'
[INFO] [1785138980.451927063] [rosbag2_recorder]: Subscribed to topic '/uav6/trajectory_metrics'
[INFO] [1785138980.452679395] [rosbag2_recorder]: Subscribed to topic '/uav6/status'
[INFO] [1785138980.453340425] [rosbag2_recorder]: Subscribed to topic '/uav6/odom'
[INFO] [1785138980.454447357] [rosbag2_recorder]: Subscribed to topic '/uav7/trajectory_metrics'
[INFO] [1785138980.455138193] [rosbag2_recorder]: Subscribed to topic '/uav3/status'
[INFO] [1785138980.455249754] [rosbag2_recorder]: Recording...
[INFO] [1785138980.458122095] [rosbag2_recorder]: Subscribed to topic '/uav3/odom'
[INFO] [1785138980.458860901] [rosbag2_recorder]: Subscribed to topic '/uav4/odom'
[INFO] [1785138980.459564081] [rosbag2_recorder]: Subscribed to topic '/uav3/trajectory_metrics'
[INFO] [1785138980.460390273] [rosbag2_recorder]: Subscribed to topic '/uav4/status'
[INFO] [1785138980.460959609] [rosbag2_recorder]: Subscribed to topic '/uav4/trajectory_metrics'
[INFO] [1785138981.471471581] [rosbag2_recorder]: Subscribed to topic '/uav2/status'
[INFO] [1785138981.471874072] [rosbag2_recorder]: Subscribed to topic '/uav5/trajectory_metrics'
[INFO] [1785138981.472265011] [rosbag2_recorder]: Subscribed to topic '/uav2/odom'
[INFO] [1785138981.472639408] [rosbag2_recorder]: Subscribed to topic '/uav5/odom'
[INFO] [1785138981.473027222] [rosbag2_recorder]: Subscribed to topic '/uav1/status'
[INFO] [1785138981.473479717] [rosbag2_recorder]: Subscribed to topic '/uav1/trajectory_metrics'
[INFO] [1785138981.473870486] [rosbag2_recorder]: Subscribed to topic '/uav2/trajectory_metrics'
[INFO] [1785138981.474268458] [rosbag2_recorder]: Subscribed to topic '/uav1/odom'
[INFO] [1785138981.474678954] [rosbag2_recorder]: Subscribed to topic '/uav5/status'
[INFO] [1785138982.493918772] [rosbag2_recorder]: Subscribed to topic '/uav3/swarm_command'
[INFO] [1785138982.494383731] [rosbag2_recorder]: Subscribed to topic '/uav7/swarm_command'
[INFO] [1785138982.494797323] [rosbag2_recorder]: Subscribed to topic '/uav1/swarm_command'
[INFO] [1785138982.495233468] [rosbag2_recorder]: Subscribed to topic '/uav2/swarm_command'
[INFO] [1785138982.495681314] [rosbag2_recorder]: Subscribed to topic '/uav5/swarm_command'
[INFO] [1785138982.496158286] [rosbag2_recorder]: Subscribed to topic '/uav4/swarm_command'
[INFO] [1785138982.496607545] [rosbag2_recorder]: Subscribed to topic '/uav6/swarm_command'
[INFO] [1785138982.497020787] [rosbag2_recorder]: Subscribed to topic '/uav8/swarm_command'
[INFO] [1785138985.852124177] [rosbag2_recorder]: Subscribed to topic '/uav8/odom'
[INFO] [1785138985.852659249] [rosbag2_recorder]: Subscribed to topic '/uav8/status'
[INFO] [1785138985.853115792] [rosbag2_recorder]: Subscribed to topic '/uav8/trajectory_metrics'
[INFO] [1785138989.376799743] [rosbag2_recorder]: Subscribed to topic '/px4_1/fmu/out/vehicle_odometry'
[INFO] [1785138992.849131656] [rosbag2_recorder]: Subscribed to topic '/px4_2/fmu/out/vehicle_odometry'
[INFO] [1785138992.849651148] [rosbag2_recorder]: Subscribed to topic '/px4_6/fmu/out/vehicle_odometry'
[INFO] [1785138993.055458235] [rosbag2_recorder]: Subscribed to topic '/px4_3/fmu/out/vehicle_odometry'
[INFO] [1785138993.056031760] [rosbag2_recorder]: Subscribed to topic '/px4_7/fmu/out/vehicle_odometry'
[INFO] [1785138993.159664266] [rosbag2_recorder]: Subscribed to topic '/px4_8/fmu/out/vehicle_odometry'
[INFO] [1785138993.160259982] [rosbag2_recorder]: Subscribed to topic '/px4_4/fmu/out/vehicle_odometry'
[INFO] [1785138993.264439713] [rosbag2_recorder]: Subscribed to topic '/px4_5/fmu/out/vehicle_odometry'
[INFO] [1785138993.264512250] [rosbag2_recorder]: All requested topics are subscribed. Stopping discovery...
[INFO] [1785139077.436979560] [rosbag2_cpp]: Writing remaining messages from cache to the bag. It may take a while
[INFO] [1785139077.439830359] [rosbag2_recorder]: Event publisher thread: Exiting
[INFO] [1785139077.439882898] [rosbag2_recorder]: Recording stopped
