[INFO] [1785138403.069069397] [rosbag2_recorder]: Press SPACE for pausing/resuming
[INFO] [1785138403.070838368] [rosbag2_storage]: Opened database '/tmp/experiments_06_formal_20260727/trials/eight_uav_line_to_circle__minimum_jerk_ladrc__r02/rosbag/rosbag_0.db3' for READ_WRITE.
[INFO] [1785138403.071568181] [rosbag2_recorder]: Listening for topics...
[INFO] [1785138403.071594881] [rosbag2_recorder]: Event publisher thread: Starting
[INFO] [1785138403.075941627] [rosbag2_recorder]: Subscribed to topic '/uav8/status'
[INFO] [1785138403.076814661] [rosbag2_recorder]: Subscribed to topic '/uav8/odom'
[INFO] [1785138403.077855633] [rosbag2_recorder]: Subscribed to topic '/uav6/trajectory_metrics'
[INFO] [1785138403.079558660] [rosbag2_recorder]: Subscribed to topic '/uav6/status'
[INFO] [1785138403.081219426] [rosbag2_recorder]: Subscribed to topic '/uav8/trajectory_metrics'
[INFO] [1785138403.081995086] [rosbag2_recorder]: Subscribed to topic '/uav6/odom'
[INFO] [1785138403.082063085] [rosbag2_recorder]: Recording...
[INFO] [1785138403.084005846] [rosbag2_recorder]: Subscribed to topic '/uav3/odom'
[INFO] [1785138403.084715069] [rosbag2_recorder]: Subscribed to topic '/uav5/status'
[INFO] [1785138403.085615565] [rosbag2_recorder]: Subscribed to topic '/uav3/trajectory_metrics'
[INFO] [1785138403.086317495] [rosbag2_recorder]: Subscribed to topic '/uav3/status'
[INFO] [1785138403.086935496] [rosbag2_recorder]: Subscribed to topic '/uav2/status'
[INFO] [1785138403.087848897] [rosbag2_recorder]: Subscribed to topic '/uav2/odom'
[INFO] [1785138403.088568460] [rosbag2_recorder]: Subscribed to topic '/uav1/status'
[INFO] [1785138403.089165231] [rosbag2_recorder]: Subscribed to topic '/uav1/odom'
[INFO] [1785138403.089791968] [rosbag2_recorder]: Subscribed to topic '/uav2/trajectory_metrics'
[INFO] [1785138403.090657748] [rosbag2_recorder]: Subscribed to topic '/uav1/trajectory_metrics'
[INFO] [1785138403.193978001] [rosbag2_recorder]: Subscribed to topic '/px4_6/fmu/out/vehicle_odometry'
[INFO] [1785138403.194436500] [rosbag2_recorder]: Subscribed to topic '/px4_3/fmu/out/vehicle_odometry'
[INFO] [1785138403.194783668] [rosbag2_recorder]: Subscribed to topic '/uav7/odom'
[INFO] [1785138403.195116218] [rosbag2_recorder]: Subscribed to topic '/px4_5/fmu/out/vehicle_odometry'
[INFO] [1785138403.195459618] [rosbag2_recorder]: Subscribed to topic '/uav5/odom'
[INFO] [1785138403.195825522] [rosbag2_recorder]: Subscribed to topic '/uav5/trajectory_metrics'
[INFO] [1785138403.196192828] [rosbag2_recorder]: Subscribed to topic '/px4_1/fmu/out/vehicle_odometry'
[INFO] [1785138403.196546548] [rosbag2_recorder]: Subscribed to topic '/uav7/status'
[INFO] [1785138403.196891501] [rosbag2_recorder]: Subscribed to topic '/px4_2/fmu/out/vehicle_odometry'
[INFO] [1785138403.197255741] [rosbag2_recorder]: Subscribed to topic '/uav7/trajectory_metrics'
[INFO] [1785138404.115714082] [rosbag2_recorder]: Subscribed to topic '/px4_7/fmu/out/vehicle_odometry'
[INFO] [1785138404.116178191] [rosbag2_recorder]: Subscribed to topic '/px4_4/fmu/out/vehicle_odometry'
[INFO] [1785138404.116582748] [rosbag2_recorder]: Subscribed to topic '/px4_8/fmu/out/vehicle_odometry'
[INFO] [1785138405.154171032] [rosbag2_recorder]: Subscribed to topic '/uav4/odom'
[INFO] [1785138405.154795515] [rosbag2_recorder]: Subscribed to topic '/uav4/status'
[INFO] [1785138405.155329927] [rosbag2_recorder]: Subscribed to topic '/uav4/trajectory_metrics'
[INFO] [1785138405.155984588] [rosbag2_recorder]: Subscribed to topic '/uav3/swarm_command'
[INFO] [1785138405.156582891] [rosbag2_recorder]: Subscribed to topic '/uav5/swarm_command'
[INFO] [1785138405.157095442] [rosbag2_recorder]: Subscribed to topic '/uav2/swarm_command'
[INFO] [1785138405.157587194] [rosbag2_recorder]: Subscribed to topic '/uav1/swarm_command'
[INFO] [1785138405.158066542] [rosbag2_recorder]: Subscribed to topic '/uav7/swarm_command'
[INFO] [1785138405.158524400] [rosbag2_recorder]: Subscribed to topic '/uav4/swarm_command'
[INFO] [1785138405.159001313] [rosbag2_recorder]: Subscribed to topic '/uav6/swarm_command'
[INFO] [1785138405.159581072] [rosbag2_recorder]: Subscribed to topic '/uav8/swarm_command'
[INFO] [1785138405.159619555] [rosbag2_recorder]: All requested topics are subscribed. Stopping discovery...
[INFO] [1785138441.275532195] [rosbag2_cpp]: Writing remaining messages from cache to the bag. It may take a while
[INFO] [1785138441.277987696] [rosbag2_recorder]: Event publisher thread: Exiting
[INFO] [1785138441.278040075] [rosbag2_recorder]: Recording stopped
