[INFO] [1785140112.813789023] [rosbag2_recorder]: Press SPACE for pausing/resuming
[INFO] [1785140112.815627976] [rosbag2_storage]: Opened database '/tmp/experiments_06_formal_20260727/trials/five_uav_circle__px4_step__r01/rosbag/rosbag_0.db3' for READ_WRITE.
[INFO] [1785140112.816410444] [rosbag2_recorder]: Listening for topics...
[INFO] [1785140112.817021819] [rosbag2_recorder]: Event publisher thread: Starting
[INFO] [1785140112.819281747] [rosbag2_recorder]: Subscribed to topic '/uav3/trajectory_metrics'
[INFO] [1785140112.820247090] [rosbag2_recorder]: Subscribed to topic '/uav3/odom'
[INFO] [1785140112.821110331] [rosbag2_recorder]: Subscribed to topic '/uav2/trajectory_metrics'
[INFO] [1785140112.821981056] [rosbag2_recorder]: Subscribed to topic '/uav4/odom'
[INFO] [1785140112.822833876] [rosbag2_recorder]: Subscribed to topic '/uav3/status'
[INFO] [1785140112.823603159] [rosbag2_recorder]: Subscribed to topic '/uav2/status'
[INFO] [1785140112.824353276] [rosbag2_recorder]: Subscribed to topic '/uav4/trajectory_metrics'
[INFO] [1785140112.824949182] [rosbag2_recorder]: Subscribed to topic '/uav4/status'
[INFO] [1785140112.825683529] [rosbag2_recorder]: Subscribed to topic '/uav2/odom'
[INFO] [1785140112.825769341] [rosbag2_recorder]: Recording...
[INFO] [1785140112.828023258] [rosbag2_recorder]: Subscribed to topic '/uav1/trajectory_metrics'
[INFO] [1785140112.828547879] [rosbag2_recorder]: Subscribed to topic '/uav1/odom'
[INFO] [1785140112.830005693] [rosbag2_recorder]: Subscribed to topic '/px4_1/fmu/out/vehicle_odometry'
[INFO] [1785140112.830406680] [rosbag2_recorder]: Subscribed to topic '/uav5/status'
[INFO] [1785140112.830782760] [rosbag2_recorder]: Subscribed to topic '/px4_3/fmu/out/vehicle_odometry'
[INFO] [1785140112.831315006] [rosbag2_recorder]: Subscribed to topic '/px4_2/fmu/out/vehicle_status'
[INFO] [1785140112.831668213] [rosbag2_recorder]: Subscribed to topic '/px4_2/fmu/out/vehicle_odometry'
[INFO] [1785140112.832032320] [rosbag2_recorder]: Subscribed to topic '/px4_1/fmu/out/vehicle_status'
[INFO] [1785140112.832495495] [rosbag2_recorder]: Subscribed to topic '/px4_3/fmu/out/vehicle_status'
[INFO] [1785140112.832879911] [rosbag2_recorder]: Subscribed to topic '/uav5/trajectory_metrics'
[INFO] [1785140112.833253567] [rosbag2_recorder]: Subscribed to topic '/uav1/status'
[INFO] [1785140112.833617915] [rosbag2_recorder]: Subscribed to topic '/uav5/odom'
[INFO] [1785140112.935807551] [rosbag2_recorder]: Subscribed to topic '/px4_4/fmu/out/vehicle_status'
[INFO] [1785140112.936241330] [rosbag2_recorder]: Subscribed to topic '/px4_4/fmu/out/vehicle_odometry'
[INFO] [1785140113.852822789] [rosbag2_recorder]: Subscribed to topic '/px4_5/fmu/out/vehicle_status'
[INFO] [1785140113.853299590] [rosbag2_recorder]: Subscribed to topic '/px4_5/fmu/out/vehicle_odometry'
[INFO] [1785140116.310216993] [rosbag2_recorder]: Subscribed to topic '/uav3/swarm_command'
[INFO] [1785140116.310752725] [rosbag2_recorder]: Subscribed to topic '/uav4/swarm_command'
[INFO] [1785140116.311427770] [rosbag2_recorder]: Subscribed to topic '/uav5/swarm_command'
[INFO] [1785140116.312196312] [rosbag2_recorder]: Subscribed to topic '/uav2/swarm_command'
[INFO] [1785140116.312923725] [rosbag2_recorder]: Subscribed to topic '/uav1/swarm_command'
[INFO] [1785140116.312949033] [rosbag2_recorder]: All requested topics are subscribed. Stopping discovery...
[INFO] [1785140147.918640844] [rosbag2_cpp]: Writing remaining messages from cache to the bag. It may take a while
[INFO] [1785140147.920320938] [rosbag2_recorder]: Event publisher thread: Exiting
[INFO] [1785140147.920370611] [rosbag2_recorder]: Recording stopped
