[INFO] [1785140193.147472794] [rosbag2_recorder]: Press SPACE for pausing/resuming
[INFO] [1785140193.149917191] [rosbag2_storage]: Opened database '/tmp/experiments_06_formal_20260727/trials/eight_uav_line_to_circle__px4_step__r02/rosbag/rosbag_0.db3' for READ_WRITE.
[INFO] [1785140193.151276568] [rosbag2_recorder]: Listening for topics...
[INFO] [1785140193.151291156] [rosbag2_recorder]: Event publisher thread: Starting
[INFO] [1785140193.151512153] [rosbag2_recorder]: Recording...
[INFO] [1785140193.255462942] [rosbag2_recorder]: Subscribed to topic '/uav1/odom'
[INFO] [1785140193.257084475] [rosbag2_recorder]: Subscribed to topic '/px4_1/fmu/out/vehicle_odometry'
[INFO] [1785140193.257821687] [rosbag2_recorder]: Subscribed to topic '/uav5/status'
[INFO] [1785140193.258376345] [rosbag2_recorder]: Subscribed to topic '/px4_6/fmu/out/vehicle_status'
[INFO] [1785140193.258800887] [rosbag2_recorder]: Subscribed to topic '/px4_2/fmu/out/vehicle_odometry'
[INFO] [1785140193.259326580] [rosbag2_recorder]: Subscribed to topic '/px4_6/fmu/out/vehicle_odometry'
[INFO] [1785140193.259778073] [rosbag2_recorder]: Subscribed to topic '/px4_5/fmu/out/vehicle_status'
[INFO] [1785140193.260234154] [rosbag2_recorder]: Subscribed to topic '/px4_2/fmu/out/vehicle_status'
[INFO] [1785140193.260700465] [rosbag2_recorder]: Subscribed to topic '/uav7/odom'
[INFO] [1785140193.261130737] [rosbag2_recorder]: Subscribed to topic '/px4_5/fmu/out/vehicle_odometry'
[INFO] [1785140193.261552203] [rosbag2_recorder]: Subscribed to topic '/px4_3/fmu/out/vehicle_status'
[INFO] [1785140193.262168437] [rosbag2_recorder]: Subscribed to topic '/uav7/trajectory_metrics'
[INFO] [1785140193.262564686] [rosbag2_recorder]: Subscribed to topic '/uav7/status'
[INFO] [1785140193.263082013] [rosbag2_recorder]: Subscribed to topic '/uav6/trajectory_metrics'
[INFO] [1785140193.263554766] [rosbag2_recorder]: Subscribed to topic '/uav6/status'
[INFO] [1785140193.264013703] [rosbag2_recorder]: Subscribed to topic '/uav6/odom'
[INFO] [1785140193.264459475] [rosbag2_recorder]: Subscribed to topic '/px4_1/fmu/out/vehicle_status'
[INFO] [1785140193.264888084] [rosbag2_recorder]: Subscribed to topic '/uav5/trajectory_metrics'
[INFO] [1785140193.265318497] [rosbag2_recorder]: Subscribed to topic '/uav5/odom'
[INFO] [1785140193.265724053] [rosbag2_recorder]: Subscribed to topic '/uav1/status'
[INFO] [1785140193.266137354] [rosbag2_recorder]: Subscribed to topic '/px4_3/fmu/out/vehicle_odometry'
[INFO] [1785140193.266552598] [rosbag2_recorder]: Subscribed to topic '/px4_4/fmu/out/vehicle_odometry'
[INFO] [1785140193.266994533] [rosbag2_recorder]: Subscribed to topic '/px4_4/fmu/out/vehicle_status'
[INFO] [1785140193.267482514] [rosbag2_recorder]: Subscribed to topic '/uav1/trajectory_metrics'
[INFO] [1785140193.370421252] [rosbag2_recorder]: Subscribed to topic '/px4_7/fmu/out/vehicle_status'
[INFO] [1785140193.370922378] [rosbag2_recorder]: Subscribed to topic '/px4_8/fmu/out/vehicle_odometry'
[INFO] [1785140193.371383149] [rosbag2_recorder]: Subscribed to topic '/px4_7/fmu/out/vehicle_odometry'
[INFO] [1785140193.371839090] [rosbag2_recorder]: Subscribed to topic '/px4_8/fmu/out/vehicle_status'
[INFO] [1785140194.194260383] [rosbag2_recorder]: Subscribed to topic '/uav3/trajectory_metrics'
[INFO] [1785140194.194847362] [rosbag2_recorder]: Subscribed to topic '/uav3/odom'
[INFO] [1785140194.195390889] [rosbag2_recorder]: Subscribed to topic '/uav8/status'
[INFO] [1785140194.195930087] [rosbag2_recorder]: Subscribed to topic '/uav4/status'
[INFO] [1785140194.196429120] [rosbag2_recorder]: Subscribed to topic '/uav4/trajectory_metrics'
[INFO] [1785140194.196937019] [rosbag2_recorder]: Subscribed to topic '/uav2/odom'
[INFO] [1785140194.197491827] [rosbag2_recorder]: Subscribed to topic '/uav2/trajectory_metrics'
[INFO] [1785140194.198117499] [rosbag2_recorder]: Subscribed to topic '/uav8/odom'
[INFO] [1785140194.198697955] [rosbag2_recorder]: Subscribed to topic '/uav3/status'
[INFO] [1785140194.199226563] [rosbag2_recorder]: Subscribed to topic '/uav4/odom'
[INFO] [1785140194.199804695] [rosbag2_recorder]: Subscribed to topic '/uav2/status'
[INFO] [1785140194.200367508] [rosbag2_recorder]: Subscribed to topic '/uav8/trajectory_metrics'
[INFO] [1785140196.691723402] [rosbag2_recorder]: Subscribed to topic '/uav3/swarm_command'
[INFO] [1785140196.692301915] [rosbag2_recorder]: Subscribed to topic '/uav1/swarm_command'
[INFO] [1785140196.692811928] [rosbag2_recorder]: Subscribed to topic '/uav2/swarm_command'
[INFO] [1785140196.693308646] [rosbag2_recorder]: Subscribed to topic '/uav5/swarm_command'
[INFO] [1785140196.693815363] [rosbag2_recorder]: Subscribed to topic '/uav7/swarm_command'
[INFO] [1785140196.694330376] [rosbag2_recorder]: Subscribed to topic '/uav4/swarm_command'
[INFO] [1785140196.694890123] [rosbag2_recorder]: Subscribed to topic '/uav6/swarm_command'
[INFO] [1785140196.695413953] [rosbag2_recorder]: Subscribed to topic '/uav8/swarm_command'
[INFO] [1785140196.695428550] [rosbag2_recorder]: All requested topics are subscribed. Stopping discovery...
[INFO] [1785140232.316813391] [rosbag2_cpp]: Writing remaining messages from cache to the bag. It may take a while
[INFO] [1785140232.319193025] [rosbag2_recorder]: Event publisher thread: Exiting
[INFO] [1785140232.319241938] [rosbag2_recorder]: Recording stopped
