[INFO] [1785139702.645201914] [rosbag2_recorder]: Press SPACE for pausing/resuming
[INFO] [1785139702.646889222] [rosbag2_storage]: Opened database '/tmp/experiments_06_formal_20260727/trials/five_uav_circle__minimum_jerk_ladrc__r01/rosbag/rosbag_0.db3' for READ_WRITE.
[INFO] [1785139702.647669366] [rosbag2_recorder]: Listening for topics...
[INFO] [1785139702.647683262] [rosbag2_recorder]: Event publisher thread: Starting
[INFO] [1785139702.650544056] [rosbag2_recorder]: Subscribed to topic '/uav5/status'
[INFO] [1785139702.651445118] [rosbag2_recorder]: Subscribed to topic '/uav1/odom'
[INFO] [1785139702.652347994] [rosbag2_recorder]: Subscribed to topic '/uav2/trajectory_metrics'
[INFO] [1785139702.652894737] [rosbag2_recorder]: Subscribed to topic '/uav1/status'
[INFO] [1785139702.653742328] [rosbag2_recorder]: Subscribed to topic '/uav5/odom'
[INFO] [1785139702.654383409] [rosbag2_recorder]: Subscribed to topic '/uav2/odom'
[INFO] [1785139702.655116013] [rosbag2_recorder]: Subscribed to topic '/uav5/trajectory_metrics'
[INFO] [1785139702.655722208] [rosbag2_recorder]: Subscribed to topic '/uav4/status'
[INFO] [1785139702.656385501] [rosbag2_recorder]: Subscribed to topic '/uav2/status'
[INFO] [1785139702.657128364] [rosbag2_recorder]: Subscribed to topic '/uav3/status'
[INFO] [1785139702.657810112] [rosbag2_recorder]: Subscribed to topic '/uav1/trajectory_metrics'
[INFO] [1785139702.658417259] [rosbag2_recorder]: Subscribed to topic '/uav4/odom'
[INFO] [1785139702.659041258] [rosbag2_recorder]: Subscribed to topic '/uav3/odom'
[INFO] [1785139702.659635681] [rosbag2_recorder]: Subscribed to topic '/uav4/trajectory_metrics'
[INFO] [1785139702.660101891] [rosbag2_recorder]: Subscribed to topic '/uav3/trajectory_metrics'
[INFO] [1785139702.660180079] [rosbag2_recorder]: Recording...
[INFO] [1785139702.663208249] [rosbag2_recorder]: Subscribed to topic '/px4_1/fmu/out/vehicle_odometry'
[INFO] [1785139702.663717361] [rosbag2_recorder]: Subscribed to topic '/px4_5/fmu/out/vehicle_status'
[INFO] [1785139702.664095966] [rosbag2_recorder]: Subscribed to topic '/px4_2/fmu/out/vehicle_status'
[INFO] [1785139702.664504318] [rosbag2_recorder]: Subscribed to topic '/px4_5/fmu/out/vehicle_odometry'
[INFO] [1785139702.664920013] [rosbag2_recorder]: Subscribed to topic '/px4_3/fmu/out/vehicle_status'
[INFO] [1785139702.665338444] [rosbag2_recorder]: Subscribed to topic '/px4_4/fmu/out/vehicle_status'
[INFO] [1785139702.665755722] [rosbag2_recorder]: Subscribed to topic '/px4_4/fmu/out/vehicle_odometry'
[INFO] [1785139702.666174202] [rosbag2_recorder]: Subscribed to topic '/px4_3/fmu/out/vehicle_odometry'
[INFO] [1785139702.666585079] [rosbag2_recorder]: Subscribed to topic '/px4_2/fmu/out/vehicle_odometry'
[INFO] [1785139702.667034698] [rosbag2_recorder]: Subscribed to topic '/px4_1/fmu/out/vehicle_status'
[INFO] [1785139704.808994392] [rosbag2_recorder]: Subscribed to topic '/uav3/swarm_command'
[INFO] [1785139704.809501249] [rosbag2_recorder]: Subscribed to topic '/uav4/swarm_command'
[INFO] [1785139704.809883762] [rosbag2_recorder]: Subscribed to topic '/uav5/swarm_command'
[INFO] [1785139704.810249012] [rosbag2_recorder]: Subscribed to topic '/uav2/swarm_command'
[INFO] [1785139704.810599484] [rosbag2_recorder]: Subscribed to topic '/uav1/swarm_command'
[INFO] [1785139704.810611657] [rosbag2_recorder]: All requested topics are subscribed. Stopping discovery...
[INFO] [1785139735.898213499] [rosbag2_cpp]: Writing remaining messages from cache to the bag. It may take a while
[INFO] [1785139735.899826706] [rosbag2_recorder]: Event publisher thread: Exiting
[INFO] [1785139735.899857354] [rosbag2_recorder]: Recording stopped
