INFO  [px4] instance: 13

______  __   __    ___ 
| ___ \ \ \ / /   /   |
| |_/ /  \ V /   / /| |
|  __/   /   \  / /_| |
| |     / /^\ \ \___  |
\_|     \/   \/     |_/

px4 starting.

INFO  [px4] startup script: /bin/sh etc/init.d-posix/rcS 13
INFO  [init] found model autostart file as SYS_AUTOSTART=10015
INFO  [param] selected parameter default file parameters.bson
INFO  [param] importing from 'parameters.bson'
INFO  [parameters] BSON document size 331 bytes, decoded 331 bytes (INT32:14, FLOAT:3)
INFO  [param] selected parameter backup file parameters_backup.bson
INFO  [dataman] data manager file './dataman' size is 7872608 bytes
INFO  [init] PX4_SIM_HOSTNAME: localhost
INFO  [simulator_mavlink] Waiting for simulator to accept connection on TCP port 4573
INFO  [simulator_mavlink] Simulator connected on TCP port 4573.
INFO  [lockstep_scheduler] setting initial absolute time to 11548000 us
WARN  [vehicle_angular_velocity] no gyro selected, using sensor_gyro_fifo:0 1310988
INFO  [commander] LED: open /dev/led0 failed (22)
WARN  [health_and_arming_checks] Preflight Fail: ekf2 missing data
INFO  [uxrce_dds_client] init UDP agent IP:127.0.0.1, port:8888
INFO  [mavlink] mode: Normal, data rate: 4000000 B/s on udp port 18583 remote port 14550
INFO  [mavlink] mode: Onboard, data rate: 4000000 B/s on udp port 14593 remote port 14549
INFO  [mavlink] mode: Onboard, data rate: 4000 B/s on udp port 14293 remote port 14043
INFO  [mavlink] mode: Gimbal, data rate: 400000 B/s on udp port 13043 remote port 13293
INFO  [logger] logger started (mode=all)
INFO  [logger] Start file log (type: full)
INFO  [logger] [logger] ./log/2026-09-04/03_59_47.ulg	
INFO  [logger] Opened full log file: ./log/2026-09-04/03_59_47.ulg
INFO  [mavlink] MAVLink only on localhost (set param MAV_{i}_BROADCAST = 1 to enable network)
INFO  [mavlink] MAVLink only on localhost (set param MAV_{i}_BROADCAST = 1 to enable network)
INFO  [px4] Startup script returned successfully
INFO  [tone_alarm] home set
INFO  [commander] [32mReady for takeoff![0m
INFO  [uxrce_dds_client] synchronized with time offset 1788494377304509us
INFO  [uxrce_dds_client] successfully created rt/px4_13/fmu/out/battery_status data writer, topic id: 19
INFO  [uxrce_dds_client] successfully created rt/px4_13/fmu/out/estimator_status_flags data writer, topic id: 87
INFO  [uxrce_dds_client] successfully created rt/px4_13/fmu/out/failsafe_flags data writer, topic id: 93
INFO  [uxrce_dds_client] successfully created rt/px4_13/fmu/out/manual_control_setpoint data writer, topic id: 141
INFO  [uxrce_dds_client] successfully created rt/px4_13/fmu/out/position_setpoint_triplet data writer, topic id: 180
INFO  [uxrce_dds_client] successfully created rt/px4_13/fmu/out/sensor_combined data writer, topic id: 203
INFO  [uxrce_dds_client] successfully created rt/px4_13/fmu/out/timesync_status data writer, topic id: 226
INFO  [uxrce_dds_client] successfully created rt/px4_13/fmu/out/vehicle_attitude data writer, topic id: 242
INFO  [uxrce_dds_client] successfully created rt/px4_13/fmu/out/vehicle_control_mode data writer, topic id: 249
INFO  [uxrce_dds_client] successfully created rt/px4_13/fmu/out/vehicle_global_position data writer, topic id: 250
INFO  [uxrce_dds_client] successfully created rt/px4_13/fmu/out/vehicle_gps_position data writer, topic id: 252
INFO  [uxrce_dds_client] successfully created rt/px4_13/fmu/out/vehicle_local_position data writer, topic id: 256
INFO  [uxrce_dds_client] successfully created rt/px4_13/fmu/out/vehicle_odometry data writer, topic id: 261
INFO  [uxrce_dds_client] successfully created rt/px4_13/fmu/out/vehicle_status data writer, topic id: 266
INFO  [uxrce_dds_client] time sync converged
WARN  [timesync] RTT too high for timesync: 576 ms
INFO  [commander] Armed by external command	
INFO  [tone_alarm] arming warning
ERROR [uxrce_dds_client] create entities failed: rt/px4_13/fmu/out/vehicle_command_ack, topic: 255 publisher: 255 datawriter: 
INFO  [commander] Disarmed by auto preflight disarming	
INFO  [tone_alarm] notify neutral
INFO  [logger] closed logfile, bytes written: 6853963
INFO  [commander] Armed by external command	
INFO  [tone_alarm] arming warning
INFO  [logger] Start file log (type: full)
INFO  [logger] [logger] ./log/2026-09-04/04_00_20.ulg	
INFO  [logger] Opened full log file: ./log/2026-09-04/04_00_20.ulg
INFO  [commander] Takeoff detected	
WARN  [failsafe] Failsafe activated	
INFO  [tone_alarm] battery warning (fast)
ERROR [flight_mode_manager] Matching flight task was not able to run, Nav state: 2, Task: 1
INFO  [commander] Landing detected	
INFO  [commander] Disarmed by landing	
INFO  [tone_alarm] notify neutral
INFO  [vehicle_imu] ACC 0 (1310988) offset committed: [0.000 0.000 0.000]->[-0.105 0.063 0.006])
INFO  [vehicle_magnetometer] 0 (197388) EST:0 offset: [0.000, 0.000, 0.000]->[-0.005, 0.006, -0.000] (full [-0.058, 0.095, -0.
WARN  [health_and_arming_checks] Preflight Fail: Yaw estimate error
INFO  [logger] closed logfile, bytes written: 65071794
WARN  [timesync] time jump detected. Resetting time synchroniser.
WARN  [uxrce_dds_client] time sync no longer converged

PX4 Exiting...
Exiting NOW.
