/clock
/parameter_events
/performance_metrics
/px4_1/fmu/in/offboard_control_mode
/px4_1/fmu/in/trajectory_setpoint
/px4_1/fmu/in/vehicle_command
/px4_1/fmu/out/battery_status
/px4_1/fmu/out/estimator_status_flags
/px4_1/fmu/out/failsafe_flags
/px4_1/fmu/out/manual_control_setpoint
/px4_1/fmu/out/position_setpoint_triplet
/px4_1/fmu/out/sensor_combined
/px4_1/fmu/out/timesync_status
/px4_1/fmu/out/vehicle_attitude
/px4_1/fmu/out/vehicle_command_ack
/px4_1/fmu/out/vehicle_control_mode
/px4_1/fmu/out/vehicle_global_position
/px4_1/fmu/out/vehicle_gps_position
/px4_1/fmu/out/vehicle_local_position
/px4_1/fmu/out/vehicle_odometry
/px4_1/fmu/out/vehicle_status
/px4_10/fmu/out/vehicle_odometry
/px4_11/fmu/in/arming_check_reply
/px4_11/fmu/in/config_control_setpoints
/px4_11/fmu/in/config_overrides_request
/px4_11/fmu/in/manual_control_input
/px4_11/fmu/in/message_format_request
/px4_11/fmu/in/mode_completed
/px4_11/fmu/in/offboard_control_mode
/px4_11/fmu/in/register_ext_component_request
/px4_11/fmu/in/trajectory_setpoint
/px4_11/fmu/in/unregister_ext_component
/px4_11/fmu/in/vehicle_command
/px4_11/fmu/out/vehicle_odometry
/px4_11/fmu/out/vehicle_status
/px4_12/fmu/in/offboard_control_mode
/px4_12/fmu/in/trajectory_setpoint
/px4_12/fmu/in/vehicle_command
/px4_12/fmu/out/battery_status
/px4_12/fmu/out/estimator_status_flags
/px4_12/fmu/out/failsafe_flags
/px4_12/fmu/out/manual_control_setpoint
/px4_12/fmu/out/position_setpoint_triplet
/px4_12/fmu/out/sensor_combined
/px4_12/fmu/out/timesync_status
/px4_12/fmu/out/vehicle_attitude
/px4_12/fmu/out/vehicle_command_ack
/px4_12/fmu/out/vehicle_control_mode
/px4_12/fmu/out/vehicle_global_position
/px4_12/fmu/out/vehicle_gps_position
/px4_12/fmu/out/vehicle_local_position
/px4_12/fmu/out/vehicle_odometry
/px4_12/fmu/out/vehicle_status
/px4_13/fmu/in/arming_check_reply
/px4_13/fmu/in/config_control_setpoints
/px4_13/fmu/in/config_overrides_request
/px4_13/fmu/in/differential_drive_setpoint
/px4_13/fmu/in/goto_setpoint
/px4_13/fmu/in/manual_control_input
/px4_13/fmu/in/message_format_request
/px4_13/fmu/in/mode_completed
/px4_13/fmu/in/obstacle_distance
/px4_13/fmu/in/offboard_control_mode
/px4_13/fmu/in/onboard_computer_status
/px4_13/fmu/in/register_ext_component_request
/px4_13/fmu/in/sensor_optical_flow
/px4_13/fmu/in/telemetry_status
/px4_13/fmu/in/trajectory_setpoint
/px4_13/fmu/in/unregister_ext_component
/px4_13/fmu/in/vehicle_attitude_setpoint
/px4_13/fmu/in/vehicle_command
/px4_13/fmu/in/vehicle_command_mode_executor
/px4_13/fmu/in/vehicle_mocap_odometry
/px4_13/fmu/in/vehicle_rates_setpoint
/px4_13/fmu/in/vehicle_visual_odometry
/px4_13/fmu/out/battery_status
/px4_13/fmu/out/estimator_status_flags
/px4_13/fmu/out/failsafe_flags
/px4_13/fmu/out/manual_control_setpoint
/px4_13/fmu/out/position_setpoint_triplet
/px4_13/fmu/out/sensor_combined
/px4_13/fmu/out/timesync_status
/px4_13/fmu/out/vehicle_attitude
/px4_13/fmu/out/vehicle_command_ack
/px4_13/fmu/out/vehicle_control_mode
/px4_13/fmu/out/vehicle_global_position
/px4_13/fmu/out/vehicle_gps_position
/px4_13/fmu/out/vehicle_local_position
/px4_13/fmu/out/vehicle_odometry
/px4_13/fmu/out/vehicle_status
/px4_14/fmu/in/offboard_control_mode
/px4_14/fmu/in/trajectory_setpoint
/px4_14/fmu/in/vehicle_command
/px4_14/fmu/out/vehicle_odometry
/px4_14/fmu/out/vehicle_status
/px4_15/fmu/in/actuator_motors
/px4_15/fmu/in/actuator_servos
/px4_15/fmu/in/arming_check_reply
/px4_15/fmu/in/aux_global_position
/px4_15/fmu/in/config_control_setpoints
/px4_15/fmu/in/config_overrides_request
/px4_15/fmu/in/differential_drive_setpoint
/px4_15/fmu/in/goto_setpoint
/px4_15/fmu/in/manual_control_input
/px4_15/fmu/in/message_format_request
/px4_15/fmu/in/mode_completed
/px4_15/fmu/in/obstacle_distance
/px4_15/fmu/in/offboard_control_mode
/px4_15/fmu/in/onboard_computer_status
/px4_15/fmu/in/register_ext_component_request
/px4_15/fmu/in/sensor_optical_flow
/px4_15/fmu/in/telemetry_status
/px4_15/fmu/in/trajectory_setpoint
/px4_15/fmu/in/unregister_ext_component
/px4_15/fmu/in/vehicle_attitude_setpoint
/px4_15/fmu/in/vehicle_command
/px4_15/fmu/in/vehicle_command_mode_executor
/px4_15/fmu/in/vehicle_mocap_odometry
/px4_15/fmu/in/vehicle_rates_setpoint
/px4_15/fmu/in/vehicle_thrust_setpoint
/px4_15/fmu/in/vehicle_torque_setpoint
/px4_15/fmu/in/vehicle_trajectory_bezier
/px4_15/fmu/in/vehicle_trajectory_waypoint
/px4_15/fmu/in/vehicle_visual_odometry
/px4_15/fmu/out/battery_status
/px4_15/fmu/out/estimator_status_flags
/px4_15/fmu/out/failsafe_flags
/px4_15/fmu/out/manual_control_setpoint
/px4_15/fmu/out/position_setpoint_triplet
/px4_15/fmu/out/sensor_combined
/px4_15/fmu/out/timesync_status
/px4_15/fmu/out/vehicle_attitude
/px4_15/fmu/out/vehicle_command_ack
/px4_15/fmu/out/vehicle_control_mode
/px4_15/fmu/out/vehicle_global_position
/px4_15/fmu/out/vehicle_gps_position
/px4_15/fmu/out/vehicle_local_position
/px4_15/fmu/out/vehicle_odometry
/px4_15/fmu/out/vehicle_status
/px4_16/fmu/in/actuator_motors
/px4_16/fmu/in/actuator_servos
/px4_16/fmu/in/arming_check_reply
/px4_16/fmu/in/aux_global_position
/px4_16/fmu/in/config_control_setpoints
/px4_16/fmu/in/config_overrides_request
/px4_16/fmu/in/differential_drive_setpoint
/px4_16/fmu/in/goto_setpoint
/px4_16/fmu/in/manual_control_input
/px4_16/fmu/in/message_format_request
/px4_16/fmu/in/mode_completed
/px4_16/fmu/in/obstacle_distance
/px4_16/fmu/in/offboard_control_mode
/px4_16/fmu/in/onboard_computer_status
/px4_16/fmu/in/register_ext_component_request
/px4_16/fmu/in/sensor_optical_flow
/px4_16/fmu/in/telemetry_status
/px4_16/fmu/in/trajectory_setpoint
/px4_16/fmu/in/unregister_ext_component
/px4_16/fmu/in/vehicle_attitude_setpoint
/px4_16/fmu/in/vehicle_command
/px4_16/fmu/in/vehicle_command_mode_executor
/px4_16/fmu/in/vehicle_mocap_odometry
/px4_16/fmu/in/vehicle_rates_setpoint
/px4_16/fmu/in/vehicle_thrust_setpoint
/px4_16/fmu/in/vehicle_torque_setpoint
/px4_16/fmu/in/vehicle_trajectory_bezier
/px4_16/fmu/in/vehicle_trajectory_waypoint
/px4_16/fmu/in/vehicle_visual_odometry
/px4_16/fmu/out/battery_status
/px4_16/fmu/out/estimator_status_flags
/px4_16/fmu/out/failsafe_flags
/px4_16/fmu/out/manual_control_setpoint
/px4_16/fmu/out/position_setpoint_triplet
/px4_16/fmu/out/sensor_combined
/px4_16/fmu/out/timesync_status
/px4_16/fmu/out/vehicle_attitude
/px4_16/fmu/out/vehicle_command_ack
/px4_16/fmu/out/vehicle_control_mode
/px4_16/fmu/out/vehicle_global_position
/px4_16/fmu/out/vehicle_gps_position
/px4_16/fmu/out/vehicle_local_position
/px4_16/fmu/out/vehicle_odometry
/px4_16/fmu/out/vehicle_status
/px4_17/fmu/in/actuator_motors
/px4_17/fmu/in/actuator_servos
/px4_17/fmu/in/arming_check_reply
/px4_17/fmu/in/aux_global_position
/px4_17/fmu/in/config_control_setpoints
/px4_17/fmu/in/config_overrides_request
/px4_17/fmu/in/differential_drive_setpoint
/px4_17/fmu/in/goto_setpoint
/px4_17/fmu/in/manual_control_input
/px4_17/fmu/in/message_format_request
/px4_17/fmu/in/mode_completed
/px4_17/fmu/in/obstacle_distance
/px4_17/fmu/in/offboard_control_mode
/px4_17/fmu/in/onboard_computer_status
/px4_17/fmu/in/register_ext_component_request
/px4_17/fmu/in/sensor_optical_flow
/px4_17/fmu/in/telemetry_status
/px4_17/fmu/in/trajectory_setpoint
/px4_17/fmu/in/unregister_ext_component
/px4_17/fmu/in/vehicle_attitude_setpoint
/px4_17/fmu/in/vehicle_command
/px4_17/fmu/in/vehicle_command_mode_executor
/px4_17/fmu/in/vehicle_mocap_odometry
/px4_17/fmu/in/vehicle_rates_setpoint
/px4_17/fmu/in/vehicle_thrust_setpoint
/px4_17/fmu/in/vehicle_torque_setpoint
/px4_17/fmu/in/vehicle_trajectory_bezier
/px4_17/fmu/in/vehicle_trajectory_waypoint
/px4_17/fmu/in/vehicle_visual_odometry
/px4_17/fmu/out/battery_status
/px4_17/fmu/out/estimator_status_flags
/px4_17/fmu/out/failsafe_flags
/px4_17/fmu/out/manual_control_setpoint
/px4_17/fmu/out/position_setpoint_triplet
/px4_17/fmu/out/sensor_combined
/px4_17/fmu/out/timesync_status
/px4_17/fmu/out/vehicle_attitude
/px4_17/fmu/out/vehicle_command_ack
/px4_17/fmu/out/vehicle_control_mode
/px4_17/fmu/out/vehicle_global_position
/px4_17/fmu/out/vehicle_gps_position
/px4_17/fmu/out/vehicle_local_position
/px4_17/fmu/out/vehicle_odometry
/px4_17/fmu/out/vehicle_status
/px4_18/fmu/in/actuator_motors
/px4_18/fmu/in/actuator_servos
/px4_18/fmu/in/arming_check_reply
/px4_18/fmu/in/aux_global_position
/px4_18/fmu/in/config_control_setpoints
/px4_18/fmu/in/config_overrides_request
/px4_18/fmu/in/differential_drive_setpoint
/px4_18/fmu/in/goto_setpoint
/px4_18/fmu/in/manual_control_input
/px4_18/fmu/in/message_format_request
/px4_18/fmu/in/mode_completed
/px4_18/fmu/in/obstacle_distance
/px4_18/fmu/in/offboard_control_mode
/px4_18/fmu/in/onboard_computer_status
/px4_18/fmu/in/register_ext_component_request
/px4_18/fmu/in/sensor_optical_flow
/px4_18/fmu/in/telemetry_status
/px4_18/fmu/in/trajectory_setpoint
/px4_18/fmu/in/unregister_ext_component
/px4_18/fmu/in/vehicle_attitude_setpoint
/px4_18/fmu/in/vehicle_command
/px4_18/fmu/in/vehicle_command_mode_executor
/px4_18/fmu/in/vehicle_mocap_odometry
/px4_18/fmu/in/vehicle_rates_setpoint
/px4_18/fmu/in/vehicle_thrust_setpoint
/px4_18/fmu/in/vehicle_torque_setpoint
/px4_18/fmu/in/vehicle_trajectory_bezier
/px4_18/fmu/in/vehicle_trajectory_waypoint
/px4_18/fmu/in/vehicle_visual_odometry
/px4_18/fmu/out/vehicle_odometry
/px4_18/fmu/out/vehicle_status
/px4_19/fmu/out/vehicle_odometry
/px4_19/fmu/out/vehicle_status
/px4_2/fmu/in/arming_check_reply
/px4_2/fmu/in/config_control_setpoints
/px4_2/fmu/in/config_overrides_request
/px4_2/fmu/in/goto_setpoint
/px4_2/fmu/in/manual_control_input
/px4_2/fmu/in/message_format_request
/px4_2/fmu/in/mode_completed
/px4_2/fmu/in/obstacle_distance
/px4_2/fmu/in/offboard_control_mode
/px4_2/fmu/in/onboard_computer_status
/px4_2/fmu/in/register_ext_component_request
/px4_2/fmu/in/sensor_optical_flow
/px4_2/fmu/in/telemetry_status
/px4_2/fmu/in/trajectory_setpoint
/px4_2/fmu/in/unregister_ext_component
/px4_2/fmu/in/vehicle_command
/px4_2/fmu/out/vehicle_odometry
/px4_20/fmu/in/actuator_motors
/px4_20/fmu/in/actuator_servos
/px4_20/fmu/in/arming_check_reply
/px4_20/fmu/in/aux_global_position
/px4_20/fmu/in/config_control_setpoints
/px4_20/fmu/in/config_overrides_request
/px4_20/fmu/in/differential_drive_setpoint
/px4_20/fmu/in/goto_setpoint
/px4_20/fmu/in/manual_control_input
/px4_20/fmu/in/message_format_request
/px4_20/fmu/in/mode_completed
/px4_20/fmu/in/obstacle_distance
/px4_20/fmu/in/offboard_control_mode
/px4_20/fmu/in/onboard_computer_status
/px4_20/fmu/in/register_ext_component_request
/px4_20/fmu/in/sensor_optical_flow
/px4_20/fmu/in/telemetry_status
/px4_20/fmu/in/trajectory_setpoint
/px4_20/fmu/in/unregister_ext_component
/px4_20/fmu/in/vehicle_attitude_setpoint
/px4_20/fmu/in/vehicle_command
/px4_20/fmu/in/vehicle_command_mode_executor
/px4_20/fmu/in/vehicle_mocap_odometry
/px4_20/fmu/in/vehicle_rates_setpoint
/px4_20/fmu/in/vehicle_thrust_setpoint
/px4_20/fmu/in/vehicle_torque_setpoint
/px4_20/fmu/in/vehicle_trajectory_bezier
/px4_20/fmu/in/vehicle_trajectory_waypoint
/px4_20/fmu/in/vehicle_visual_odometry
/px4_20/fmu/out/vehicle_odometry
/px4_20/fmu/out/vehicle_status
/px4_21/fmu/in/offboard_control_mode
/px4_21/fmu/in/trajectory_setpoint
/px4_21/fmu/in/vehicle_command
/px4_21/fmu/out/vehicle_odometry
/px4_22/fmu/in/actuator_motors
/px4_22/fmu/in/actuator_servos
/px4_22/fmu/in/arming_check_reply
/px4_22/fmu/in/aux_global_position
/px4_22/fmu/in/config_control_setpoints
/px4_22/fmu/in/config_overrides_request
/px4_22/fmu/in/differential_drive_setpoint
/px4_22/fmu/in/goto_setpoint
/px4_22/fmu/in/manual_control_input
/px4_22/fmu/in/message_format_request
/px4_22/fmu/in/mode_completed
/px4_22/fmu/in/obstacle_distance
/px4_22/fmu/in/offboard_control_mode
/px4_22/fmu/in/onboard_computer_status
/px4_22/fmu/in/register_ext_component_request
/px4_22/fmu/in/sensor_optical_flow
/px4_22/fmu/in/telemetry_status
/px4_22/fmu/in/trajectory_setpoint
/px4_22/fmu/in/unregister_ext_component
/px4_22/fmu/in/vehicle_attitude_setpoint
/px4_22/fmu/in/vehicle_command
/px4_22/fmu/in/vehicle_command_mode_executor
/px4_22/fmu/in/vehicle_mocap_odometry
/px4_22/fmu/in/vehicle_rates_setpoint
/px4_22/fmu/in/vehicle_thrust_setpoint
/px4_22/fmu/in/vehicle_torque_setpoint
/px4_22/fmu/in/vehicle_trajectory_bezier
/px4_22/fmu/in/vehicle_trajectory_waypoint
/px4_22/fmu/in/vehicle_visual_odometry
/px4_22/fmu/out/vehicle_odometry
/px4_23/fmu/in/actuator_motors
/px4_23/fmu/in/actuator_servos
/px4_23/fmu/in/arming_check_reply
/px4_23/fmu/in/aux_global_position
/px4_23/fmu/in/config_control_setpoints
/px4_23/fmu/in/config_overrides_request
/px4_23/fmu/in/differential_drive_setpoint
/px4_23/fmu/in/goto_setpoint
/px4_23/fmu/in/manual_control_input
/px4_23/fmu/in/message_format_request
/px4_23/fmu/in/mode_completed
/px4_23/fmu/in/obstacle_distance
/px4_23/fmu/in/offboard_control_mode
/px4_23/fmu/in/onboard_computer_status
/px4_23/fmu/in/register_ext_component_request
/px4_23/fmu/in/sensor_optical_flow
/px4_23/fmu/in/telemetry_status
/px4_23/fmu/in/trajectory_setpoint
/px4_23/fmu/in/unregister_ext_component
/px4_23/fmu/in/vehicle_attitude_setpoint
/px4_23/fmu/in/vehicle_command
/px4_23/fmu/in/vehicle_command_mode_executor
/px4_23/fmu/in/vehicle_mocap_odometry
/px4_23/fmu/in/vehicle_rates_setpoint
/px4_23/fmu/in/vehicle_thrust_setpoint
/px4_23/fmu/in/vehicle_torque_setpoint
/px4_23/fmu/in/vehicle_trajectory_bezier
/px4_23/fmu/in/vehicle_trajectory_waypoint
/px4_23/fmu/in/vehicle_visual_odometry
/px4_23/fmu/out/vehicle_odometry
/px4_23/fmu/out/vehicle_status
/px4_24/fmu/in/actuator_motors
/px4_24/fmu/in/actuator_servos
/px4_24/fmu/in/arming_check_reply
/px4_24/fmu/in/aux_global_position
/px4_24/fmu/in/config_control_setpoints
/px4_24/fmu/in/config_overrides_request
/px4_24/fmu/in/differential_drive_setpoint
/px4_24/fmu/in/goto_setpoint
/px4_24/fmu/in/manual_control_input
/px4_24/fmu/in/message_format_request
/px4_24/fmu/in/mode_completed
/px4_24/fmu/in/obstacle_distance
/px4_24/fmu/in/offboard_control_mode
/px4_24/fmu/in/onboard_computer_status
/px4_24/fmu/in/register_ext_component_request
/px4_24/fmu/in/sensor_optical_flow
/px4_24/fmu/in/telemetry_status
/px4_24/fmu/in/trajectory_setpoint
/px4_24/fmu/in/unregister_ext_component
/px4_24/fmu/in/vehicle_attitude_setpoint
/px4_24/fmu/in/vehicle_command
/px4_24/fmu/in/vehicle_command_mode_executor
/px4_24/fmu/in/vehicle_mocap_odometry
/px4_24/fmu/in/vehicle_rates_setpoint
/px4_24/fmu/in/vehicle_thrust_setpoint
/px4_24/fmu/in/vehicle_torque_setpoint
/px4_24/fmu/in/vehicle_trajectory_bezier
/px4_24/fmu/in/vehicle_trajectory_waypoint
/px4_24/fmu/in/vehicle_visual_odometry
/px4_24/fmu/out/vehicle_odometry
/px4_25/fmu/out/vehicle_odometry
/px4_25/fmu/out/vehicle_status
/px4_26/fmu/in/config_overrides_request
/px4_26/fmu/in/register_ext_component_request
/px4_26/fmu/in/unregister_ext_component
/px4_26/fmu/out/vehicle_odometry
/px4_27/fmu/in/actuator_motors
/px4_27/fmu/in/actuator_servos
/px4_27/fmu/in/arming_check_reply
/px4_27/fmu/in/aux_global_position
/px4_27/fmu/in/config_control_setpoints
/px4_27/fmu/in/config_overrides_request
/px4_27/fmu/in/differential_drive_setpoint
/px4_27/fmu/in/goto_setpoint
/px4_27/fmu/in/manual_control_input
/px4_27/fmu/in/message_format_request
/px4_27/fmu/in/mode_completed
/px4_27/fmu/in/obstacle_distance
/px4_27/fmu/in/offboard_control_mode
/px4_27/fmu/in/onboard_computer_status
/px4_27/fmu/in/register_ext_component_request
/px4_27/fmu/in/sensor_optical_flow
/px4_27/fmu/in/telemetry_status
/px4_27/fmu/in/trajectory_setpoint
/px4_27/fmu/in/unregister_ext_component
/px4_27/fmu/in/vehicle_attitude_setpoint
/px4_27/fmu/in/vehicle_command
/px4_27/fmu/in/vehicle_command_mode_executor
/px4_27/fmu/in/vehicle_mocap_odometry
/px4_27/fmu/in/vehicle_rates_setpoint
/px4_27/fmu/in/vehicle_thrust_setpoint
/px4_27/fmu/in/vehicle_torque_setpoint
/px4_27/fmu/in/vehicle_trajectory_bezier
/px4_27/fmu/in/vehicle_trajectory_waypoint
/px4_27/fmu/in/vehicle_visual_odometry
/px4_27/fmu/out/vehicle_odometry
/px4_27/fmu/out/vehicle_status
/px4_28/fmu/in/actuator_motors
/px4_28/fmu/in/actuator_servos
/px4_28/fmu/in/arming_check_reply
/px4_28/fmu/in/aux_global_position
/px4_28/fmu/in/config_control_setpoints
/px4_28/fmu/in/config_overrides_request
/px4_28/fmu/in/differential_drive_setpoint
/px4_28/fmu/in/goto_setpoint
/px4_28/fmu/in/manual_control_input
/px4_28/fmu/in/message_format_request
/px4_28/fmu/in/mode_completed
/px4_28/fmu/in/obstacle_distance
/px4_28/fmu/in/offboard_control_mode
/px4_28/fmu/in/onboard_computer_status
/px4_28/fmu/in/register_ext_component_request
/px4_28/fmu/in/sensor_optical_flow
/px4_28/fmu/in/telemetry_status
/px4_28/fmu/in/trajectory_setpoint
/px4_28/fmu/in/unregister_ext_component
/px4_28/fmu/in/vehicle_attitude_setpoint
/px4_28/fmu/in/vehicle_command
/px4_28/fmu/in/vehicle_command_mode_executor
/px4_28/fmu/in/vehicle_mocap_odometry
/px4_28/fmu/in/vehicle_rates_setpoint
/px4_28/fmu/in/vehicle_thrust_setpoint
/px4_28/fmu/in/vehicle_torque_setpoint
/px4_28/fmu/in/vehicle_trajectory_bezier
/px4_28/fmu/in/vehicle_trajectory_waypoint
/px4_28/fmu/in/vehicle_visual_odometry
/px4_28/fmu/out/vehicle_odometry
/px4_28/fmu/out/vehicle_status
/px4_3/fmu/in/actuator_motors
/px4_3/fmu/in/actuator_servos
/px4_3/fmu/in/arming_check_reply
/px4_3/fmu/in/aux_global_position
/px4_3/fmu/in/config_control_setpoints
/px4_3/fmu/in/config_overrides_request
/px4_3/fmu/in/differential_drive_setpoint
/px4_3/fmu/in/goto_setpoint
/px4_3/fmu/in/manual_control_input
/px4_3/fmu/in/message_format_request
/px4_3/fmu/in/mode_completed
/px4_3/fmu/in/obstacle_distance
/px4_3/fmu/in/offboard_control_mode
/px4_3/fmu/in/onboard_computer_status
/px4_3/fmu/in/register_ext_component_request
/px4_3/fmu/in/sensor_optical_flow
/px4_3/fmu/in/telemetry_status
/px4_3/fmu/in/trajectory_setpoint
/px4_3/fmu/in/unregister_ext_component
/px4_3/fmu/in/vehicle_attitude_setpoint
/px4_3/fmu/in/vehicle_command
/px4_3/fmu/in/vehicle_command_mode_executor
/px4_3/fmu/in/vehicle_mocap_odometry
/px4_3/fmu/in/vehicle_rates_setpoint
/px4_3/fmu/in/vehicle_thrust_setpoint
/px4_3/fmu/in/vehicle_torque_setpoint
/px4_3/fmu/in/vehicle_trajectory_bezier
/px4_3/fmu/in/vehicle_trajectory_waypoint
/px4_3/fmu/in/vehicle_visual_odometry
/px4_3/fmu/out/battery_status
/px4_3/fmu/out/estimator_status_flags
/px4_3/fmu/out/failsafe_flags
/px4_3/fmu/out/manual_control_setpoint
/px4_3/fmu/out/position_setpoint_triplet
/px4_3/fmu/out/sensor_combined
/px4_3/fmu/out/timesync_status
/px4_3/fmu/out/vehicle_attitude
/px4_3/fmu/out/vehicle_control_mode
/px4_3/fmu/out/vehicle_global_position
/px4_3/fmu/out/vehicle_odometry
/px4_3/fmu/out/vehicle_status
/px4_4/fmu/in/offboard_control_mode
/px4_4/fmu/in/trajectory_setpoint
/px4_4/fmu/in/vehicle_command
/px4_4/fmu/out/vehicle_odometry
/px4_4/fmu/out/vehicle_status
/px4_5/fmu/in/actuator_motors
/px4_5/fmu/in/actuator_servos
/px4_5/fmu/in/arming_check_reply
/px4_5/fmu/in/aux_global_position
/px4_5/fmu/in/config_control_setpoints
/px4_5/fmu/in/config_overrides_request
/px4_5/fmu/in/differential_drive_setpoint
/px4_5/fmu/in/goto_setpoint
/px4_5/fmu/in/manual_control_input
/px4_5/fmu/in/message_format_request
/px4_5/fmu/in/mode_completed
/px4_5/fmu/in/obstacle_distance
/px4_5/fmu/in/offboard_control_mode
/px4_5/fmu/in/onboard_computer_status
/px4_5/fmu/in/register_ext_component_request
/px4_5/fmu/in/sensor_optical_flow
/px4_5/fmu/in/telemetry_status
/px4_5/fmu/in/trajectory_setpoint
/px4_5/fmu/in/unregister_ext_component
/px4_5/fmu/in/vehicle_attitude_setpoint
/px4_5/fmu/in/vehicle_command
/px4_5/fmu/in/vehicle_command_mode_executor
/px4_5/fmu/in/vehicle_mocap_odometry
/px4_5/fmu/in/vehicle_rates_setpoint
/px4_5/fmu/in/vehicle_thrust_setpoint
/px4_5/fmu/in/vehicle_torque_setpoint
/px4_5/fmu/in/vehicle_trajectory_bezier
/px4_5/fmu/in/vehicle_trajectory_waypoint
/px4_5/fmu/in/vehicle_visual_odometry
/px4_5/fmu/out/battery_status
/px4_5/fmu/out/estimator_status_flags
/px4_5/fmu/out/failsafe_flags
/px4_5/fmu/out/manual_control_setpoint
/px4_5/fmu/out/position_setpoint_triplet
/px4_5/fmu/out/sensor_combined
/px4_5/fmu/out/timesync_status
/px4_5/fmu/out/vehicle_attitude
/px4_5/fmu/out/vehicle_command_ack
/px4_5/fmu/out/vehicle_control_mode
/px4_5/fmu/out/vehicle_global_position
/px4_5/fmu/out/vehicle_gps_position
/px4_5/fmu/out/vehicle_local_position
/px4_5/fmu/out/vehicle_odometry
/px4_5/fmu/out/vehicle_status
/px4_6/fmu/in/config_overrides_request
/px4_6/fmu/in/register_ext_component_request
/px4_6/fmu/in/unregister_ext_component
/px4_6/fmu/out/vehicle_odometry
/px4_6/fmu/out/vehicle_status
/px4_7/fmu/in/offboard_control_mode
/px4_7/fmu/in/trajectory_setpoint
/px4_7/fmu/out/battery_status
/px4_7/fmu/out/estimator_status_flags
/px4_7/fmu/out/failsafe_flags
/px4_7/fmu/out/manual_control_setpoint
/px4_7/fmu/out/position_setpoint_triplet
/px4_7/fmu/out/sensor_combined
/px4_7/fmu/out/timesync_status
/px4_7/fmu/out/vehicle_attitude
/px4_7/fmu/out/vehicle_command_ack
/px4_7/fmu/out/vehicle_control_mode
/px4_7/fmu/out/vehicle_global_position
/px4_7/fmu/out/vehicle_gps_position
/px4_7/fmu/out/vehicle_local_position
/px4_7/fmu/out/vehicle_odometry
/px4_7/fmu/out/vehicle_status
/px4_8/fmu/in/arming_check_reply
/px4_8/fmu/in/config_control_setpoints
/px4_8/fmu/in/config_overrides_request
/px4_8/fmu/in/differential_drive_setpoint
/px4_8/fmu/in/goto_setpoint
/px4_8/fmu/in/manual_control_input
/px4_8/fmu/in/message_format_request
/px4_8/fmu/in/mode_completed
/px4_8/fmu/in/obstacle_distance
/px4_8/fmu/in/offboard_control_mode
/px4_8/fmu/in/onboard_computer_status
/px4_8/fmu/in/register_ext_component_request
/px4_8/fmu/in/sensor_optical_flow
/px4_8/fmu/in/telemetry_status
/px4_8/fmu/in/trajectory_setpoint
/px4_8/fmu/in/unregister_ext_component
/px4_8/fmu/in/vehicle_attitude_setpoint
/px4_8/fmu/in/vehicle_command
/px4_8/fmu/in/vehicle_command_mode_executor
/px4_8/fmu/in/vehicle_mocap_odometry
/px4_8/fmu/in/vehicle_rates_setpoint
/px4_8/fmu/in/vehicle_thrust_setpoint
/px4_8/fmu/in/vehicle_trajectory_bezier
/px4_8/fmu/in/vehicle_trajectory_waypoint
/px4_8/fmu/in/vehicle_visual_odometry
/px4_8/fmu/out/vehicle_odometry
/px4_8/fmu/out/vehicle_status
/px4_9/fmu/in/arming_check_reply
/px4_9/fmu/in/config_control_setpoints
/px4_9/fmu/in/config_overrides_request
/px4_9/fmu/in/differential_drive_setpoint
/px4_9/fmu/in/goto_setpoint
/px4_9/fmu/in/manual_control_input
/px4_9/fmu/in/message_format_request
/px4_9/fmu/in/mode_completed
/px4_9/fmu/in/obstacle_distance
/px4_9/fmu/in/offboard_control_mode
/px4_9/fmu/in/onboard_computer_status
/px4_9/fmu/in/register_ext_component_request
/px4_9/fmu/in/sensor_optical_flow
/px4_9/fmu/in/telemetry_status
/px4_9/fmu/in/trajectory_setpoint
/px4_9/fmu/in/unregister_ext_component
/px4_9/fmu/in/vehicle_attitude_setpoint
/px4_9/fmu/in/vehicle_command
/px4_9/fmu/in/vehicle_command_mode_executor
/px4_9/fmu/in/vehicle_mocap_odometry
/px4_9/fmu/in/vehicle_rates_setpoint
/px4_9/fmu/in/vehicle_trajectory_bezier
/px4_9/fmu/in/vehicle_visual_odometry
/px4_9/fmu/out/battery_status
/px4_9/fmu/out/estimator_status_flags
/px4_9/fmu/out/failsafe_flags
/px4_9/fmu/out/manual_control_setpoint
/px4_9/fmu/out/position_setpoint_triplet
/px4_9/fmu/out/sensor_combined
/px4_9/fmu/out/timesync_status
/px4_9/fmu/out/vehicle_attitude
/px4_9/fmu/out/vehicle_command_ack
/px4_9/fmu/out/vehicle_control_mode
/px4_9/fmu/out/vehicle_global_position
/px4_9/fmu/out/vehicle_gps_position
/px4_9/fmu/out/vehicle_local_position
/px4_9/fmu/out/vehicle_odometry
/px4_9/fmu/out/vehicle_status
/rosout
/uav1/control_adaptation
/uav1/control_tracking_debug
/uav1/execution_command
/uav1/iapf_debug
/uav1/odom
/uav1/startup_event
/uav1/status
/uav1/swarm_command
/uav1/swarm_state
/uav1/trajectory_metrics
/uav11/control_adaptation
/uav11/control_tracking_debug
/uav11/execution_command
/uav11/iapf_debug
/uav11/odom
/uav11/startup_event
/uav11/status
/uav11/swarm_command
/uav11/swarm_state
/uav11/trajectory_metrics
/uav12/control_adaptation
/uav12/control_tracking_debug
/uav12/iapf_debug
/uav12/odom
/uav12/startup_event
/uav12/status
/uav12/swarm_state
/uav12/trajectory_metrics
/uav13/control_adaptation
/uav13/control_tracking_debug
/uav13/execution_command
/uav13/iapf_debug
/uav13/odom
/uav13/startup_event
/uav13/status
/uav13/swarm_command
/uav13/swarm_state
/uav13/trajectory_metrics
/uav14/control_adaptation
/uav14/control_tracking_debug
/uav14/execution_command
/uav14/iapf_debug
/uav14/odom
/uav14/startup_event
/uav14/status
/uav14/swarm_command
/uav14/swarm_state
/uav14/trajectory_metrics
/uav15/execution_command
/uav15/swarm_command
/uav16/control_adaptation
/uav16/control_tracking_debug
/uav16/iapf_debug
/uav16/odom
/uav16/startup_event
/uav16/status
/uav16/swarm_state
/uav16/trajectory_metrics
/uav17/control_adaptation
/uav17/control_tracking_debug
/uav17/execution_command
/uav17/iapf_debug
/uav17/odom
/uav17/startup_event
/uav17/status
/uav17/swarm_command
/uav17/swarm_state
/uav17/trajectory_metrics
/uav18/control_adaptation
/uav18/control_tracking_debug
/uav18/execution_command
/uav18/iapf_debug
/uav18/odom
/uav18/startup_event
/uav18/status
/uav18/swarm_command
/uav18/swarm_state
/uav18/trajectory_metrics
/uav19/execution_command
/uav19/swarm_command
/uav2/control_adaptation
/uav2/control_tracking_debug
/uav2/iapf_debug
/uav2/odom
/uav2/startup_event
/uav2/status
/uav2/swarm_state
/uav2/trajectory_metrics
/uav20/execution_command
/uav20/swarm_command
/uav21/control_adaptation
/uav21/control_tracking_debug
/uav21/iapf_debug
/uav21/odom
/uav21/startup_event
/uav21/status
/uav21/swarm_state
/uav21/trajectory_metrics
/uav22/control_adaptation
/uav22/control_tracking_debug
/uav22/iapf_debug
/uav22/odom
/uav22/startup_event
/uav22/status
/uav22/swarm_state
/uav22/trajectory_metrics
/uav23/execution_command
/uav23/swarm_command
/uav25/execution_command
/uav25/swarm_command
/uav27/control_adaptation
/uav27/control_tracking_debug
/uav27/execution_command
/uav27/iapf_debug
/uav27/odom
/uav27/startup_event
/uav27/status
/uav27/swarm_command
/uav27/swarm_state
/uav27/trajectory_metrics
/uav28/execution_command
/uav28/swarm_command
/uav3/control_adaptation
/uav3/control_tracking_debug
/uav3/execution_command
/uav3/iapf_debug
/uav3/odom
/uav3/startup_event
/uav3/status
/uav3/swarm_command
/uav3/swarm_state
/uav3/trajectory_metrics
/uav4/control_adaptation
/uav4/control_tracking_debug
/uav4/execution_command
/uav4/iapf_debug
/uav4/odom
/uav4/startup_event
/uav4/status
/uav4/swarm_command
/uav4/swarm_state
/uav4/trajectory_metrics
/uav5/execution_command
/uav5/swarm_command
/uav6/execution_command
/uav6/swarm_command
/uav7/control_adaptation
/uav7/control_tracking_debug
/uav7/execution_command
/uav7/iapf_debug
/uav7/odom
/uav7/startup_event
/uav7/status
/uav7/swarm_command
/uav7/swarm_state
/uav7/trajectory_metrics
/uav8/control_adaptation
/uav8/control_tracking_debug
/uav8/execution_command
/uav8/iapf_debug
/uav8/odom
/uav8/startup_event
/uav8/status
/uav8/swarm_command
/uav8/swarm_state
/uav8/trajectory_metrics
/uav9/execution_command
/uav9/swarm_command
