[INFO] [1785138324.821068663] [rosbag2_recorder]: Press SPACE for pausing/resuming
[INFO] [1785138324.822659178] [rosbag2_storage]: Opened database '/tmp/experiments_06_formal_20260727/trials/five_uav_circle__linear_ladrc__r05/rosbag/rosbag_0.db3' for READ_WRITE.
[INFO] [1785138324.823380796] [rosbag2_recorder]: Listening for topics...
[INFO] [1785138324.823404901] [rosbag2_recorder]: Event publisher thread: Starting
[INFO] [1785138324.826466906] [rosbag2_recorder]: Subscribed to topic '/uav5/status'
[INFO] [1785138324.827424000] [rosbag2_recorder]: Subscribed to topic '/uav1/odom'
[INFO] [1785138324.828313586] [rosbag2_recorder]: Subscribed to topic '/uav2/trajectory_metrics'
[INFO] [1785138324.828865723] [rosbag2_recorder]: Subscribed to topic '/uav1/status'
[INFO] [1785138324.829588814] [rosbag2_recorder]: Subscribed to topic '/uav5/odom'
[INFO] [1785138324.830342162] [rosbag2_recorder]: Subscribed to topic '/uav2/odom'
[INFO] [1785138324.830947129] [rosbag2_recorder]: Subscribed to topic '/uav5/trajectory_metrics'
[INFO] [1785138324.831536195] [rosbag2_recorder]: Subscribed to topic '/uav4/status'
[INFO] [1785138324.832156751] [rosbag2_recorder]: Subscribed to topic '/uav2/status'
[INFO] [1785138324.833150796] [rosbag2_recorder]: Subscribed to topic '/uav3/status'
[INFO] [1785138324.833799997] [rosbag2_recorder]: Subscribed to topic '/uav1/trajectory_metrics'
[INFO] [1785138324.834711695] [rosbag2_recorder]: Subscribed to topic '/uav4/odom'
[INFO] [1785138324.835343102] [rosbag2_recorder]: Subscribed to topic '/uav3/odom'
[INFO] [1785138324.835920727] [rosbag2_recorder]: Subscribed to topic '/uav4/trajectory_metrics'
[INFO] [1785138324.836485688] [rosbag2_recorder]: Subscribed to topic '/uav3/trajectory_metrics'
[INFO] [1785138324.836554949] [rosbag2_recorder]: Recording...
[INFO] [1785138324.840321709] [rosbag2_recorder]: Subscribed to topic '/px4_1/fmu/out/vehicle_odometry'
[INFO] [1785138324.840780569] [rosbag2_recorder]: Subscribed to topic '/px4_4/fmu/out/vehicle_odometry'
[INFO] [1785138324.841312397] [rosbag2_recorder]: Subscribed to topic '/px4_3/fmu/out/vehicle_odometry'
[INFO] [1785138324.841799421] [rosbag2_recorder]: Subscribed to topic '/px4_2/fmu/out/vehicle_odometry'
[INFO] [1785138324.944042596] [rosbag2_recorder]: Subscribed to topic '/px4_5/fmu/out/vehicle_odometry'
[INFO] [1785138327.284351324] [rosbag2_recorder]: Subscribed to topic '/uav3/swarm_command'
[INFO] [1785138327.284752895] [rosbag2_recorder]: Subscribed to topic '/uav4/swarm_command'
[INFO] [1785138327.285135170] [rosbag2_recorder]: Subscribed to topic '/uav1/swarm_command'
[INFO] [1785138327.285556899] [rosbag2_recorder]: Subscribed to topic '/uav2/swarm_command'
[INFO] [1785138327.286056646] [rosbag2_recorder]: Subscribed to topic '/uav5/swarm_command'
[INFO] [1785138327.286068499] [rosbag2_recorder]: All requested topics are subscribed. Stopping discovery...
[INFO] [1785138358.175941671] [rosbag2_cpp]: Writing remaining messages from cache to the bag. It may take a while
[INFO] [1785138358.177674625] [rosbag2_recorder]: Event publisher thread: Exiting
[INFO] [1785138358.177721283] [rosbag2_recorder]: Recording stopped
