[INFO] [1785140509.608008937] [rosbag2_recorder]: Press SPACE for pausing/resuming
[INFO] [1785140509.609617384] [rosbag2_storage]: Opened database '/tmp/experiments_06_formal_20260727/trials/five_uav_circle__px4_step__r03/rosbag/rosbag_0.db3' for READ_WRITE.
[INFO] [1785140509.610581956] [rosbag2_recorder]: Listening for topics...
[INFO] [1785140509.610602355] [rosbag2_recorder]: Event publisher thread: Starting
[INFO] [1785140509.613653678] [rosbag2_recorder]: Subscribed to topic '/uav5/trajectory_metrics'
[INFO] [1785140509.614253851] [rosbag2_recorder]: Subscribed to topic '/uav5/status'
[INFO] [1785140509.615000451] [rosbag2_recorder]: Subscribed to topic '/uav4/odom'
[INFO] [1785140509.615775936] [rosbag2_recorder]: Subscribed to topic '/uav3/status'
[INFO] [1785140509.616298894] [rosbag2_recorder]: Subscribed to topic '/uav2/status'
[INFO] [1785140509.616844304] [rosbag2_recorder]: Subscribed to topic '/uav4/trajectory_metrics'
[INFO] [1785140509.617691013] [rosbag2_recorder]: Subscribed to topic '/uav4/status'
[INFO] [1785140509.618538995] [rosbag2_recorder]: Subscribed to topic '/uav2/odom'
[INFO] [1785140509.619020624] [rosbag2_recorder]: Subscribed to topic '/uav5/odom'
[INFO] [1785140509.619676593] [rosbag2_recorder]: Subscribed to topic '/uav1/status'
[INFO] [1785140509.620159355] [rosbag2_recorder]: Subscribed to topic '/uav1/trajectory_metrics'
[INFO] [1785140509.620577224] [rosbag2_recorder]: Subscribed to topic '/uav1/odom'
[INFO] [1785140509.620627169] [rosbag2_recorder]: Recording...
[INFO] [1785140509.621973321] [rosbag2_recorder]: Subscribed to topic '/uav3/trajectory_metrics'
[INFO] [1785140509.622346305] [rosbag2_recorder]: Subscribed to topic '/uav3/odom'
[INFO] [1785140509.622713699] [rosbag2_recorder]: Subscribed to topic '/uav2/trajectory_metrics'
[INFO] [1785140509.624118493] [rosbag2_recorder]: Subscribed to topic '/px4_2/fmu/out/vehicle_status'
[INFO] [1785140509.624596004] [rosbag2_recorder]: Subscribed to topic '/px4_2/fmu/out/vehicle_odometry'
[INFO] [1785140509.827985874] [rosbag2_recorder]: Subscribed to topic '/px4_5/fmu/out/vehicle_status'
[INFO] [1785140509.828412139] [rosbag2_recorder]: Subscribed to topic '/px4_5/fmu/out/vehicle_odometry'
[INFO] [1785140509.828785905] [rosbag2_recorder]: Subscribed to topic '/px4_3/fmu/out/vehicle_status'
[INFO] [1785140509.829122691] [rosbag2_recorder]: Subscribed to topic '/px4_3/fmu/out/vehicle_odometry'
[INFO] [1785140510.642740939] [rosbag2_recorder]: Subscribed to topic '/px4_1/fmu/out/vehicle_odometry'
[INFO] [1785140510.643283534] [rosbag2_recorder]: Subscribed to topic '/px4_4/fmu/out/vehicle_status'
[INFO] [1785140510.643719638] [rosbag2_recorder]: Subscribed to topic '/px4_4/fmu/out/vehicle_odometry'
[INFO] [1785140510.644116557] [rosbag2_recorder]: Subscribed to topic '/px4_1/fmu/out/vehicle_status'
[INFO] [1785140512.689016668] [rosbag2_recorder]: Subscribed to topic '/uav3/swarm_command'
[INFO] [1785140512.689569352] [rosbag2_recorder]: Subscribed to topic '/uav4/swarm_command'
[INFO] [1785140512.690049028] [rosbag2_recorder]: Subscribed to topic '/uav5/swarm_command'
[INFO] [1785140512.690514687] [rosbag2_recorder]: Subscribed to topic '/uav2/swarm_command'
[INFO] [1785140512.690969316] [rosbag2_recorder]: Subscribed to topic '/uav1/swarm_command'
[INFO] [1785140512.690981339] [rosbag2_recorder]: All requested topics are subscribed. Stopping discovery...
[INFO] [1785140526.542738685] [rosbag2_cpp]: Writing remaining messages from cache to the bag. It may take a while
[INFO] [1785140526.544510532] [rosbag2_recorder]: Event publisher thread: Exiting
[INFO] [1785140526.544565596] [rosbag2_recorder]: Recording stopped
