[INFO] [1785139124.927343465] [rosbag2_recorder]: Press SPACE for pausing/resuming
[INFO] [1785139124.929047265] [rosbag2_storage]: Opened database '/tmp/experiments_06_formal_20260727/trials/five_uav_circle__minimum_jerk_ladrc__r04/rosbag/rosbag_0.db3' for READ_WRITE.
[INFO] [1785139124.929833301] [rosbag2_recorder]: Listening for topics...
[INFO] [1785139124.929851004] [rosbag2_recorder]: Event publisher thread: Starting
[INFO] [1785139124.932620308] [rosbag2_recorder]: Subscribed to topic '/uav4/trajectory_metrics'
[INFO] [1785139124.933741247] [rosbag2_recorder]: Subscribed to topic '/uav4/status'
[INFO] [1785139124.934456479] [rosbag2_recorder]: Subscribed to topic '/uav3/trajectory_metrics'
[INFO] [1785139124.935308720] [rosbag2_recorder]: Subscribed to topic '/uav4/odom'
[INFO] [1785139124.936087061] [rosbag2_recorder]: Subscribed to topic '/uav3/status'
[INFO] [1785139124.936687746] [rosbag2_recorder]: Subscribed to topic '/uav3/odom'
[INFO] [1785139124.937343786] [rosbag2_recorder]: Subscribed to topic '/uav1/status'
[INFO] [1785139124.938123259] [rosbag2_recorder]: Subscribed to topic '/uav1/odom'
[INFO] [1785139124.938211246] [rosbag2_recorder]: Recording...
[INFO] [1785139124.939915617] [rosbag2_recorder]: Subscribed to topic '/uav5/trajectory_metrics'
[INFO] [1785139124.940495613] [rosbag2_recorder]: Subscribed to topic '/uav1/trajectory_metrics'
[INFO] [1785139124.941059589] [rosbag2_recorder]: Subscribed to topic '/uav5/odom'
[INFO] [1785139124.943415091] [rosbag2_recorder]: Subscribed to topic '/px4_1/fmu/out/vehicle_odometry'
[INFO] [1785139124.944400774] [rosbag2_recorder]: Subscribed to topic '/uav5/status'
[INFO] [1785139124.944981492] [rosbag2_recorder]: Subscribed to topic '/px4_4/fmu/out/vehicle_odometry'
[INFO] [1785139124.945687827] [rosbag2_recorder]: Subscribed to topic '/px4_3/fmu/out/vehicle_odometry'
[INFO] [1785139125.047902008] [rosbag2_recorder]: Subscribed to topic '/px4_5/fmu/out/vehicle_odometry'
[INFO] [1785139125.048284891] [rosbag2_recorder]: Subscribed to topic '/px4_2/fmu/out/vehicle_odometry'
[INFO] [1785139125.657904518] [rosbag2_recorder]: Subscribed to topic '/uav2/odom'
[INFO] [1785139125.658451481] [rosbag2_recorder]: Subscribed to topic '/uav2/trajectory_metrics'
[INFO] [1785139125.658981814] [rosbag2_recorder]: Subscribed to topic '/uav2/status'
[INFO] [1785139128.512833065] [rosbag2_recorder]: Subscribed to topic '/uav3/swarm_command'
[INFO] [1785139128.513564237] [rosbag2_recorder]: Subscribed to topic '/uav4/swarm_command'
[INFO] [1785139128.514051868] [rosbag2_recorder]: Subscribed to topic '/uav1/swarm_command'
[INFO] [1785139128.514534761] [rosbag2_recorder]: Subscribed to topic '/uav2/swarm_command'
[INFO] [1785139128.515018876] [rosbag2_recorder]: Subscribed to topic '/uav5/swarm_command'
[INFO] [1785139128.515030658] [rosbag2_recorder]: All requested topics are subscribed. Stopping discovery...
[INFO] [1785139158.835899233] [rosbag2_cpp]: Writing remaining messages from cache to the bag. It may take a while
[INFO] [1785139158.837471354] [rosbag2_recorder]: Event publisher thread: Exiting
[INFO] [1785139158.837509456] [rosbag2_recorder]: Recording stopped
