[INFO] [launch]: All log files can be found below /home/yihuang/.ros/log/2026-07-28-15-38-11-271345-JIAOLONG-Series-307215
[INFO] [launch]: Default logging verbosity is set to INFO
[INFO] [ladrc_position_controller_node-1]: process started with pid [307243]
[INFO] [ladrc_position_controller_node-2]: process started with pid [307245]
[INFO] [ladrc_position_controller_node-3]: process started with pid [307247]
[INFO] [ladrc_position_controller_node-4]: process started with pid [307249]
[INFO] [ladrc_position_controller_node-5]: process started with pid [307251]
[INFO] [ladrc_position_controller_node-6]: process started with pid [307253]
[INFO] [ladrc_position_controller_node-7]: process started with pid [307255]
[INFO] [ladrc_position_controller_node-8]: process started with pid [307257]
[ladrc_position_controller_node-1] [0m[INFO] [1785224291.342376327] [uav1.ladrc_position_controller]: 已创建 7 个邻居 Odom 订阅[0m
[ladrc_position_controller_node-6] [0m[INFO] [1785224291.344129832] [uav6.ladrc_position_controller]: 已创建 7 个邻居 Odom 订阅[0m
[ladrc_position_controller_node-2] [0m[INFO] [1785224291.345399711] [uav2.ladrc_position_controller]: 已创建 7 个邻居 Odom 订阅[0m
[ladrc_position_controller_node-1] [0m[INFO] [1785224291.345503415] [uav1.ladrc_position_controller]: LADRC 集群执行节点已初始化 (命名空间: /uav1), ENU偏移=[0.0, 3.0, 0.0][0m
[ladrc_position_controller_node-1] [0m[INFO] [1785224291.345534103] [uav1.ladrc_position_controller]: 等待 swarm_command 和 vehicle_odometry 消息...[0m
[ladrc_position_controller_node-4] [0m[INFO] [1785224291.345895911] [uav4.ladrc_position_controller]: 已创建 7 个邻居 Odom 订阅[0m
[ladrc_position_controller_node-3] [0m[INFO] [1785224291.347356848] [uav3.ladrc_position_controller]: 已创建 7 个邻居 Odom 订阅[0m
[ladrc_position_controller_node-6] [0m[INFO] [1785224291.347534741] [uav6.ladrc_position_controller]: LADRC 集群执行节点已初始化 (命名空间: /uav6), ENU偏移=[0.0, 18.0, 0.0][0m
[ladrc_position_controller_node-6] [0m[INFO] [1785224291.347567743] [uav6.ladrc_position_controller]: 等待 swarm_command 和 vehicle_odometry 消息...[0m
[ladrc_position_controller_node-8] [0m[INFO] [1785224291.347784970] [uav8.ladrc_position_controller]: 已创建 7 个邻居 Odom 订阅[0m
[ladrc_position_controller_node-7] [0m[INFO] [1785224291.348272493] [uav7.ladrc_position_controller]: 已创建 7 个邻居 Odom 订阅[0m
[ladrc_position_controller_node-2] [0m[INFO] [1785224291.348778732] [uav2.ladrc_position_controller]: LADRC 集群执行节点已初始化 (命名空间: /uav2), ENU偏移=[0.0, 6.0, 0.0][0m
[ladrc_position_controller_node-2] [0m[INFO] [1785224291.348800212] [uav2.ladrc_position_controller]: 等待 swarm_command 和 vehicle_odometry 消息...[0m
[ladrc_position_controller_node-4] [0m[INFO] [1785224291.348781327] [uav4.ladrc_position_controller]: LADRC 集群执行节点已初始化 (命名空间: /uav4), ENU偏移=[0.0, 12.0, 0.0][0m
[ladrc_position_controller_node-4] [0m[INFO] [1785224291.348808818] [uav4.ladrc_position_controller]: 等待 swarm_command 和 vehicle_odometry 消息...[0m
[ladrc_position_controller_node-5] [0m[INFO] [1785224291.349613656] [uav5.ladrc_position_controller]: 已创建 7 个邻居 Odom 订阅[0m
[ladrc_position_controller_node-3] [0m[INFO] [1785224291.351056049] [uav3.ladrc_position_controller]: LADRC 集群执行节点已初始化 (命名空间: /uav3), ENU偏移=[0.0, 9.0, 0.0][0m
[ladrc_position_controller_node-3] [0m[INFO] [1785224291.351082789] [uav3.ladrc_position_controller]: 等待 swarm_command 和 vehicle_odometry 消息...[0m
[ladrc_position_controller_node-8] [0m[INFO] [1785224291.351241105] [uav8.ladrc_position_controller]: LADRC 集群执行节点已初始化 (命名空间: /uav8), ENU偏移=[0.0, 24.0, 0.0][0m
[ladrc_position_controller_node-8] [0m[INFO] [1785224291.351271031] [uav8.ladrc_position_controller]: 等待 swarm_command 和 vehicle_odometry 消息...[0m
[ladrc_position_controller_node-7] [0m[INFO] [1785224291.351538222] [uav7.ladrc_position_controller]: LADRC 集群执行节点已初始化 (命名空间: /uav7), ENU偏移=[0.0, 21.0, 0.0][0m
[ladrc_position_controller_node-7] [0m[INFO] [1785224291.351569901] [uav7.ladrc_position_controller]: 等待 swarm_command 和 vehicle_odometry 消息...[0m
[ladrc_position_controller_node-5] [0m[INFO] [1785224291.352821867] [uav5.ladrc_position_controller]: LADRC 集群执行节点已初始化 (命名空间: /uav5), ENU偏移=[0.0, 15.0, 0.0][0m
[ladrc_position_controller_node-5] [0m[INFO] [1785224291.352849869] [uav5.ladrc_position_controller]: 等待 swarm_command 和 vehicle_odometry 消息...[0m
[ladrc_position_controller_node-1] [33m[WARN] [1785224291.365596250] [uav1.ladrc_position_controller]: 等待状态机进入 RUNNING_TRAJECTORY... (当前: 0)[0m
[ladrc_position_controller_node-6] [33m[WARN] [1785224291.367619250] [uav6.ladrc_position_controller]: 等待状态机进入 RUNNING_TRAJECTORY... (当前: 0)[0m
[ladrc_position_controller_node-2] [33m[WARN] [1785224291.368876316] [uav2.ladrc_position_controller]: 等待状态机进入 RUNNING_TRAJECTORY... (当前: 0)[0m
[ladrc_position_controller_node-4] [33m[WARN] [1785224291.368876205] [uav4.ladrc_position_controller]: 等待状态机进入 RUNNING_TRAJECTORY... (当前: 0)[0m
[ladrc_position_controller_node-3] [33m[WARN] [1785224291.371160826] [uav3.ladrc_position_controller]: 等待状态机进入 RUNNING_TRAJECTORY... (当前: 0)[0m
[ladrc_position_controller_node-8] [33m[WARN] [1785224291.371315305] [uav8.ladrc_position_controller]: 等待状态机进入 RUNNING_TRAJECTORY... (当前: 0)[0m
[ladrc_position_controller_node-7] [33m[WARN] [1785224291.371610188] [uav7.ladrc_position_controller]: 等待状态机进入 RUNNING_TRAJECTORY... (当前: 0)[0m
[ladrc_position_controller_node-5] [33m[WARN] [1785224291.372913119] [uav5.ladrc_position_controller]: 等待状态机进入 RUNNING_TRAJECTORY... (当前: 0)[0m
[ladrc_position_controller_node-5] [0m[INFO] [1785224291.461793751] [uav5.ladrc_position_controller]: 已接收到 vehicle_odometry 消息[0m
[ladrc_position_controller_node-2] [0m[INFO] [1785224291.665440644] [uav2.ladrc_position_controller]: 已接收到 vehicle_odometry 消息[0m
[ladrc_position_controller_node-4] [0m[INFO] [1785224294.635400901] [uav4.ladrc_position_controller]: 已接收到 vehicle_odometry 消息[0m
[ladrc_position_controller_node-8] [0m[INFO] [1785224294.638987521] [uav8.ladrc_position_controller]: 已接收到 vehicle_odometry 消息[0m
[ladrc_position_controller_node-1] [0m[INFO] [1785224294.873974470] [uav1.ladrc_position_controller]: 已接收到 vehicle_odometry 消息[0m
[ladrc_position_controller_node-6] [0m[INFO] [1785224294.941767464] [uav6.ladrc_position_controller]: 已接收到 vehicle_odometry 消息[0m
[ladrc_position_controller_node-3] [0m[INFO] [1785224295.011279688] [uav3.ladrc_position_controller]: 已接收到 vehicle_odometry 消息[0m
[ladrc_position_controller_node-7] [0m[INFO] [1785224295.031093350] [uav7.ladrc_position_controller]: 已接收到 vehicle_odometry 消息[0m
[ladrc_position_controller_node-7] [33m[WARN] [1785224296.371613206] [uav7.ladrc_position_controller]: 等待状态机进入 RUNNING_TRAJECTORY... (当前: 0)[0m
[ladrc_position_controller_node-1] [33m[WARN] [1785224296.385571107] [uav1.ladrc_position_controller]: 等待状态机进入 RUNNING_TRAJECTORY... (当前: 0)[0m
[ladrc_position_controller_node-6] [33m[WARN] [1785224296.387595349] [uav6.ladrc_position_controller]: 等待状态机进入 RUNNING_TRAJECTORY... (当前: 0)[0m
[ladrc_position_controller_node-2] [33m[WARN] [1785224296.388856933] [uav2.ladrc_position_controller]: 等待状态机进入 RUNNING_TRAJECTORY... (当前: 0)[0m
[ladrc_position_controller_node-4] [33m[WARN] [1785224296.388865770] [uav4.ladrc_position_controller]: 等待状态机进入 RUNNING_TRAJECTORY... (当前: 0)[0m
[ladrc_position_controller_node-3] [33m[WARN] [1785224296.391144158] [uav3.ladrc_position_controller]: 等待状态机进入 RUNNING_TRAJECTORY... (当前: 0)[0m
[ladrc_position_controller_node-8] [33m[WARN] [1785224296.391335397] [uav8.ladrc_position_controller]: 等待状态机进入 RUNNING_TRAJECTORY... (当前: 0)[0m
[ladrc_position_controller_node-5] [33m[WARN] [1785224296.392914545] [uav5.ladrc_position_controller]: 等待状态机进入 RUNNING_TRAJECTORY... (当前: 0)[0m
[ladrc_position_controller_node-7] [33m[WARN] [1785224301.371620443] [uav7.ladrc_position_controller]: 等待状态机进入 RUNNING_TRAJECTORY... (当前: 0)[0m
[ladrc_position_controller_node-1] [33m[WARN] [1785224301.385577562] [uav1.ladrc_position_controller]: 等待状态机进入 RUNNING_TRAJECTORY... (当前: 0)[0m
[ladrc_position_controller_node-6] [33m[WARN] [1785224301.387596014] [uav6.ladrc_position_controller]: 等待状态机进入 RUNNING_TRAJECTORY... (当前: 0)[0m
[ladrc_position_controller_node-2] [33m[WARN] [1785224301.388864440] [uav2.ladrc_position_controller]: 等待状态机进入 RUNNING_TRAJECTORY... (当前: 0)[0m
[ladrc_position_controller_node-4] [33m[WARN] [1785224301.408849082] [uav4.ladrc_position_controller]: 等待状态机进入 RUNNING_TRAJECTORY... (当前: 0)[0m
[ladrc_position_controller_node-3] [33m[WARN] [1785224301.411141747] [uav3.ladrc_position_controller]: 等待状态机进入 RUNNING_TRAJECTORY... (当前: 0)[0m
[ladrc_position_controller_node-8] [33m[WARN] [1785224301.411325953] [uav8.ladrc_position_controller]: 等待状态机进入 RUNNING_TRAJECTORY... (当前: 0)[0m
[ladrc_position_controller_node-5] [33m[WARN] [1785224301.412888771] [uav5.ladrc_position_controller]: 等待状态机进入 RUNNING_TRAJECTORY... (当前: 0)[0m
[ladrc_position_controller_node-1] [0m[INFO] [1785224301.445594837] [uav1.ladrc_position_controller]: 系统稳定，开始解锁 (Arming)...[0m
[ladrc_position_controller_node-6] [0m[INFO] [1785224301.447600174] [uav6.ladrc_position_controller]: 系统稳定，开始解锁 (Arming)...[0m
[ladrc_position_controller_node-4] [0m[INFO] [1785224301.448852791] [uav4.ladrc_position_controller]: 系统稳定，开始解锁 (Arming)...[0m
[ladrc_position_controller_node-7] [0m[INFO] [1785224301.451620646] [uav7.ladrc_position_controller]: 系统稳定，开始解锁 (Arming)...[0m
[ladrc_position_controller_node-8] [0m[INFO] [1785224302.251306178] [uav8.ladrc_position_controller]: 系统稳定，开始解锁 (Arming)...[0m
[ladrc_position_controller_node-2] [0m[INFO] [1785224302.348862734] [uav2.ladrc_position_controller]: 系统稳定，开始解锁 (Arming)...[0m
[ladrc_position_controller_node-5] [0m[INFO] [1785224302.552913611] [uav5.ladrc_position_controller]: 系统稳定，开始解锁 (Arming)...[0m
[ladrc_position_controller_node-1] [0m[INFO] [1785224303.545570762] [uav1.ladrc_position_controller]: 解锁成功。切换到 Offboard 模式...[0m
[ladrc_position_controller_node-4] [0m[INFO] [1785224303.548873900] [uav4.ladrc_position_controller]: 解锁成功。切换到 Offboard 模式...[0m
[ladrc_position_controller_node-3] [0m[INFO] [1785224303.550435757] [uav3.ladrc_position_controller]: 系统稳定，开始解锁 (Arming)...[0m
[ladrc_position_controller_node-6] [0m[INFO] [1785224304.047606504] [uav6.ladrc_position_controller]: 解锁成功。切换到 Offboard 模式...[0m
[ladrc_position_controller_node-7] [0m[INFO] [1785224304.051601229] [uav7.ladrc_position_controller]: 解锁成功。切换到 Offboard 模式...[0m
[ladrc_position_controller_node-8] [0m[INFO] [1785224304.351313821] [uav8.ladrc_position_controller]: 解锁成功。切换到 Offboard 模式...[0m
[ladrc_position_controller_node-2] [0m[INFO] [1785224304.448979441] [uav2.ladrc_position_controller]: 解锁成功。切换到 Offboard 模式...[0m
[ladrc_position_controller_node-1] [0m[INFO] [1785224304.645588425] [uav1.ladrc_position_controller]: Offboard 模式已激活。LADRC 控制器接管。[0m
[ladrc_position_controller_node-4] [0m[INFO] [1785224304.648853743] [uav4.ladrc_position_controller]: Offboard 模式已激活。LADRC 控制器接管。[0m
[ladrc_position_controller_node-1] [0m[INFO] [1785224304.665602021] [uav1.ladrc_position_controller]: UAV1 悬停保持锁定: [0.02, 0.02, -0.11][0m
[ladrc_position_controller_node-1] [0m[INFO] [1785224304.665647507] [uav1.ladrc_position_controller]: UAV1 悬停保持 Pos[0.02,0.02,-0.11][0m
[ladrc_position_controller_node-4] [0m[INFO] [1785224304.668852271] [uav4.ladrc_position_controller]: UAV4 悬停保持锁定: [0.01, 0.01, -0.10][0m
[ladrc_position_controller_node-4] [0m[INFO] [1785224304.668894690] [uav4.ladrc_position_controller]: UAV4 悬停保持 Pos[0.01,0.01,-0.10][0m
[ladrc_position_controller_node-6] [0m[INFO] [1785224305.147611894] [uav6.ladrc_position_controller]: Offboard 模式已激活。LADRC 控制器接管。[0m
[ladrc_position_controller_node-7] [0m[INFO] [1785224305.151603452] [uav7.ladrc_position_controller]: Offboard 模式已激活。LADRC 控制器接管。[0m
[ladrc_position_controller_node-6] [0m[INFO] [1785224305.167609961] [uav6.ladrc_position_controller]: UAV6 悬停保持锁定: [0.01, -0.01, 0.00][0m
[ladrc_position_controller_node-6] [0m[INFO] [1785224305.167669312] [uav6.ladrc_position_controller]: UAV6 悬停保持 Pos[0.01,-0.01,0.00][0m
[ladrc_position_controller_node-7] [0m[INFO] [1785224305.171601640] [uav7.ladrc_position_controller]: UAV7 悬停保持锁定: [-0.00, 0.01, -0.08][0m
[ladrc_position_controller_node-7] [0m[INFO] [1785224305.171643217] [uav7.ladrc_position_controller]: UAV7 悬停保持 Pos[-0.00,0.01,-0.08][0m
[ladrc_position_controller_node-8] [0m[INFO] [1785224305.451316956] [uav8.ladrc_position_controller]: Offboard 模式已激活。LADRC 控制器接管。[0m
[ladrc_position_controller_node-5] [0m[INFO] [1785224305.452897247] [uav5.ladrc_position_controller]: 解锁成功。切换到 Offboard 模式...[0m
[ladrc_position_controller_node-8] [0m[INFO] [1785224305.471322156] [uav8.ladrc_position_controller]: UAV8 悬停保持锁定: [0.00, 0.01, -0.07][0m
[ladrc_position_controller_node-8] [0m[INFO] [1785224305.471395394] [uav8.ladrc_position_controller]: UAV8 悬停保持 Pos[0.00,0.01,-0.07][0m
[ladrc_position_controller_node-2] [0m[INFO] [1785224305.548849456] [uav2.ladrc_position_controller]: Offboard 模式已激活。LADRC 控制器接管。[0m
[ladrc_position_controller_node-3] [0m[INFO] [1785224305.551262547] [uav3.ladrc_position_controller]: 解锁成功。切换到 Offboard 模式...[0m
[ladrc_position_controller_node-2] [0m[INFO] [1785224305.568855909] [uav2.ladrc_position_controller]: UAV2 悬停保持锁定: [0.00, 0.01, -0.13][0m
[ladrc_position_controller_node-2] [0m[INFO] [1785224305.568904791] [uav2.ladrc_position_controller]: UAV2 悬停保持 Pos[0.00,0.01,-0.13][0m
[ladrc_position_controller_node-5] [33m[WARN] [1785224306.412890587] [uav5.ladrc_position_controller]: 等待状态机进入 RUNNING_TRAJECTORY... (当前: 2)[0m
[ladrc_position_controller_node-5] [0m[INFO] [1785224306.552895010] [uav5.ladrc_position_controller]: Offboard 模式已激活。LADRC 控制器接管。[0m
[ladrc_position_controller_node-5] [0m[INFO] [1785224306.572892496] [uav5.ladrc_position_controller]: UAV5 悬停保持锁定: [0.02, 0.01, -0.10][0m
[ladrc_position_controller_node-5] [0m[INFO] [1785224306.572934555] [uav5.ladrc_position_controller]: UAV5 悬停保持 Pos[0.02,0.01,-0.10][0m
[ladrc_position_controller_node-3] [33m[WARN] [1785224306.910754402] [uav3.ladrc_position_controller]: 等待状态机进入 RUNNING_TRAJECTORY... (当前: 2)[0m
[ladrc_position_controller_node-3] [0m[INFO] [1785224307.951129458] [uav3.ladrc_position_controller]: Offboard 模式已激活。LADRC 控制器接管。[0m
[ladrc_position_controller_node-3] [0m[INFO] [1785224307.971138105] [uav3.ladrc_position_controller]: UAV3 悬停保持锁定: [0.00, 0.00, -0.18][0m
[ladrc_position_controller_node-3] [0m[INFO] [1785224307.971190383] [uav3.ladrc_position_controller]: UAV3 悬停保持 Pos[0.00,0.00,-0.18][0m
[WARNING] [launch]: user interrupted with ctrl-c (SIGINT)
[ladrc_position_controller_node-6] [0m[INFO] [1785224310.062291345] [rclcpp]: signal_handler(signum=2)[0m
[ladrc_position_controller_node-3] [0m[INFO] [1785224310.062294040] [rclcpp]: signal_handler(signum=2)[0m
[ladrc_position_controller_node-1] [0m[INFO] [1785224310.062298057] [rclcpp]: signal_handler(signum=2)[0m
[ladrc_position_controller_node-2] [0m[INFO] [1785224310.062297767] [rclcpp]: signal_handler(signum=2)[0m
[ladrc_position_controller_node-7] [0m[INFO] [1785224310.062282729] [rclcpp]: signal_handler(signum=2)[0m
[ladrc_position_controller_node-8] [0m[INFO] [1785224310.062282228] [rclcpp]: signal_handler(signum=2)[0m
[ladrc_position_controller_node-5] [0m[INFO] [1785224310.062290593] [rclcpp]: signal_handler(signum=2)[0m
[ladrc_position_controller_node-4] [0m[INFO] [1785224310.062294661] [rclcpp]: signal_handler(signum=2)[0m
[INFO] [ladrc_position_controller_node-8]: sending signal 'SIGINT' to process[ladrc_position_controller_node-8]
[INFO] [ladrc_position_controller_node-7]: sending signal 'SIGINT' to process[ladrc_position_controller_node-7]
[INFO] [ladrc_position_controller_node-6]: sending signal 'SIGINT' to process[ladrc_position_controller_node-6]
[INFO] [ladrc_position_controller_node-5]: sending signal 'SIGINT' to process[ladrc_position_controller_node-5]
[INFO] [ladrc_position_controller_node-4]: sending signal 'SIGINT' to process[ladrc_position_controller_node-4]
[INFO] [ladrc_position_controller_node-3]: sending signal 'SIGINT' to process[ladrc_position_controller_node-3]
[INFO] [ladrc_position_controller_node-2]: sending signal 'SIGINT' to process[ladrc_position_controller_node-2]
[INFO] [ladrc_position_controller_node-1]: sending signal 'SIGINT' to process[ladrc_position_controller_node-1]
[ladrc_position_controller_node-8] [0m[INFO] [1785224310.066786156] [rclcpp]: signal_handler(signum=2)[0m
[ladrc_position_controller_node-7] [0m[INFO] [1785224310.067354190] [rclcpp]: signal_handler(signum=2)[0m
[ladrc_position_controller_node-6] [0m[INFO] [1785224310.067824171] [rclcpp]: signal_handler(signum=2)[0m
[ladrc_position_controller_node-5] [0m[INFO] [1785224310.068195657] [rclcpp]: signal_handler(signum=2)[0m
[ladrc_position_controller_node-4] [0m[INFO] [1785224310.068594794] [rclcpp]: signal_handler(signum=2)[0m
[ladrc_position_controller_node-3] [0m[INFO] [1785224310.068924061] [rclcpp]: signal_handler(signum=2)[0m
[ladrc_position_controller_node-2] [0m[INFO] [1785224310.069253338] [rclcpp]: signal_handler(signum=2)[0m
[ladrc_position_controller_node-1] [0m[INFO] [1785224310.069579780] [rclcpp]: signal_handler(signum=2)[0m
[ERROR] [ladrc_position_controller_node-8]: process[ladrc_position_controller_node-8] failed to terminate '5' seconds after receiving 'SIGINT', escalating to 'SIGTERM'
[ERROR] [ladrc_position_controller_node-7]: process[ladrc_position_controller_node-7] failed to terminate '5' seconds after receiving 'SIGINT', escalating to 'SIGTERM'
[ERROR] [ladrc_position_controller_node-6]: process[ladrc_position_controller_node-6] failed to terminate '5' seconds after receiving 'SIGINT', escalating to 'SIGTERM'
[ERROR] [ladrc_position_controller_node-5]: process[ladrc_position_controller_node-5] failed to terminate '5' seconds after receiving 'SIGINT', escalating to 'SIGTERM'
[ERROR] [ladrc_position_controller_node-4]: process[ladrc_position_controller_node-4] failed to terminate '5' seconds after receiving 'SIGINT', escalating to 'SIGTERM'
[ERROR] [ladrc_position_controller_node-3]: process[ladrc_position_controller_node-3] failed to terminate '5' seconds after receiving 'SIGINT', escalating to 'SIGTERM'
[ERROR] [ladrc_position_controller_node-2]: process[ladrc_position_controller_node-2] failed to terminate '5' seconds after receiving 'SIGINT', escalating to 'SIGTERM'
[ERROR] [ladrc_position_controller_node-1]: process[ladrc_position_controller_node-1] failed to terminate '5' seconds after receiving 'SIGINT', escalating to 'SIGTERM'
[INFO] [ladrc_position_controller_node-8]: sending signal 'SIGTERM' to process[ladrc_position_controller_node-8]
[INFO] [ladrc_position_controller_node-7]: sending signal 'SIGTERM' to process[ladrc_position_controller_node-7]
[INFO] [ladrc_position_controller_node-6]: sending signal 'SIGTERM' to process[ladrc_position_controller_node-6]
[INFO] [ladrc_position_controller_node-5]: sending signal 'SIGTERM' to process[ladrc_position_controller_node-5]
[INFO] [ladrc_position_controller_node-4]: sending signal 'SIGTERM' to process[ladrc_position_controller_node-4]
[INFO] [ladrc_position_controller_node-3]: sending signal 'SIGTERM' to process[ladrc_position_controller_node-3]
[INFO] [ladrc_position_controller_node-2]: sending signal 'SIGTERM' to process[ladrc_position_controller_node-2]
[INFO] [ladrc_position_controller_node-1]: sending signal 'SIGTERM' to process[ladrc_position_controller_node-1]
[ladrc_position_controller_node-8] [0m[INFO] [1785224315.072334865] [rclcpp]: signal_handler(signum=15)[0m
[ladrc_position_controller_node-7] [0m[INFO] [1785224315.072732980] [rclcpp]: signal_handler(signum=15)[0m
[ladrc_position_controller_node-6] [0m[INFO] [1785224315.073145533] [rclcpp]: signal_handler(signum=15)[0m
[ladrc_position_controller_node-5] [0m[INFO] [1785224315.073647233] [rclcpp]: signal_handler(signum=15)[0m
[ladrc_position_controller_node-4] [0m[INFO] [1785224315.074071638] [rclcpp]: signal_handler(signum=15)[0m
[ladrc_position_controller_node-3] [0m[INFO] [1785224315.074754147] [rclcpp]: signal_handler(signum=15)[0m
[ladrc_position_controller_node-2] [0m[INFO] [1785224315.075126565] [rclcpp]: signal_handler(signum=15)[0m
[ladrc_position_controller_node-1] [0m[INFO] [1785224315.075478284] [rclcpp]: signal_handler(signum=15)[0m
[INFO] [ladrc_position_controller_node-7]: process has finished cleanly [pid 307255]
[INFO] [ladrc_position_controller_node-5]: process has finished cleanly [pid 307251]
[INFO] [ladrc_position_controller_node-4]: process has finished cleanly [pid 307249]
[INFO] [ladrc_position_controller_node-3]: process has finished cleanly [pid 307247]
[INFO] [ladrc_position_controller_node-1]: process has finished cleanly [pid 307243]
[INFO] [ladrc_position_controller_node-6]: process has finished cleanly [pid 307253]
[INFO] [ladrc_position_controller_node-8]: process has finished cleanly [pid 307257]
[INFO] [ladrc_position_controller_node-2]: process has finished cleanly [pid 307245]
