[INFO] [1785143218.525551501] [rosbag2_recorder]: Press SPACE for pausing/resuming
[INFO] [1785143218.527438190] [rosbag2_storage]: Opened database '/tmp/experiments_06_formal_20260727/trials/eight_uav_line_to_circle__px4_step__r04/rosbag/rosbag_0.db3' for READ_WRITE.
[INFO] [1785143218.528585281] [rosbag2_recorder]: Listening for topics...
[INFO] [1785143218.528612419] [rosbag2_recorder]: Event publisher thread: Starting
[INFO] [1785143218.528764977] [rosbag2_recorder]: Recording...
[INFO] [1785143218.631303016] [rosbag2_recorder]: Subscribed to topic '/px4_8/fmu/out/vehicle_odometry'
[INFO] [1785143218.632665399] [rosbag2_recorder]: Subscribed to topic '/uav7/trajectory_metrics'
[INFO] [1785143218.633298347] [rosbag2_recorder]: Subscribed to topic '/px4_8/fmu/out/vehicle_status'
[INFO] [1785143218.633871156] [rosbag2_recorder]: Subscribed to topic '/uav6/odom'
[INFO] [1785143218.634383064] [rosbag2_recorder]: Subscribed to topic '/uav6/status'
[INFO] [1785143218.634835104] [rosbag2_recorder]: Subscribed to topic '/uav6/trajectory_metrics'
[INFO] [1785143218.635352946] [rosbag2_recorder]: Subscribed to topic '/uav7/odom'
[INFO] [1785143218.635848699] [rosbag2_recorder]: Subscribed to topic '/uav7/status'
[INFO] [1785143218.739877818] [rosbag2_recorder]: Subscribed to topic '/uav5/trajectory_metrics'
[INFO] [1785143218.740699571] [rosbag2_recorder]: Subscribed to topic '/px4_5/fmu/out/vehicle_status'
[INFO] [1785143218.741557111] [rosbag2_recorder]: Subscribed to topic '/px4_2/fmu/out/vehicle_status'
[INFO] [1785143218.742256883] [rosbag2_recorder]: Subscribed to topic '/uav5/odom'
[INFO] [1785143218.742912209] [rosbag2_recorder]: Subscribed to topic '/px4_5/fmu/out/vehicle_odometry'
[INFO] [1785143218.743489868] [rosbag2_recorder]: Subscribed to topic '/px4_4/fmu/out/vehicle_status'
[INFO] [1785143218.744166149] [rosbag2_recorder]: Subscribed to topic '/px4_4/fmu/out/vehicle_odometry'
[INFO] [1785143218.744817056] [rosbag2_recorder]: Subscribed to topic '/px4_2/fmu/out/vehicle_odometry'
[INFO] [1785143218.745350230] [rosbag2_recorder]: Subscribed to topic '/px4_1/fmu/out/vehicle_status'
[INFO] [1785143218.745840462] [rosbag2_recorder]: Subscribed to topic '/uav5/status'
[INFO] [1785143218.746351509] [rosbag2_recorder]: Subscribed to topic '/px4_1/fmu/out/vehicle_odometry'
[INFO] [1785143218.849003011] [rosbag2_recorder]: Subscribed to topic '/px4_6/fmu/out/vehicle_status'
[INFO] [1785143218.849622139] [rosbag2_recorder]: Subscribed to topic '/px4_6/fmu/out/vehicle_odometry'
[INFO] [1785143219.054484623] [rosbag2_recorder]: Subscribed to topic '/px4_3/fmu/out/vehicle_status'
[INFO] [1785143219.054924806] [rosbag2_recorder]: Subscribed to topic '/px4_3/fmu/out/vehicle_odometry'
[INFO] [1785143219.158084745] [rosbag2_recorder]: Subscribed to topic '/uav3/odom'
[INFO] [1785143219.158555755] [rosbag2_recorder]: Subscribed to topic '/uav8/status'
[INFO] [1785143219.158973871] [rosbag2_recorder]: Subscribed to topic '/uav3/trajectory_metrics'
[INFO] [1785143219.159429838] [rosbag2_recorder]: Subscribed to topic '/uav4/status'
[INFO] [1785143219.159963001] [rosbag2_recorder]: Subscribed to topic '/uav4/trajectory_metrics'
[INFO] [1785143219.160421794] [rosbag2_recorder]: Subscribed to topic '/uav2/odom'
[INFO] [1785143219.160933992] [rosbag2_recorder]: Subscribed to topic '/uav4/odom'
[INFO] [1785143219.161409020] [rosbag2_recorder]: Subscribed to topic '/uav3/status'
[INFO] [1785143219.161897287] [rosbag2_recorder]: Subscribed to topic '/uav2/status'
[INFO] [1785143219.162401758] [rosbag2_recorder]: Subscribed to topic '/uav2/trajectory_metrics'
[INFO] [1785143219.162882308] [rosbag2_recorder]: Subscribed to topic '/uav8/odom'
[INFO] [1785143219.163360072] [rosbag2_recorder]: Subscribed to topic '/uav8/trajectory_metrics'
[INFO] [1785143219.267036878] [rosbag2_recorder]: Subscribed to topic '/uav1/status'
[INFO] [1785143219.267508209] [rosbag2_recorder]: Subscribed to topic '/uav1/odom'
[INFO] [1785143219.267934833] [rosbag2_recorder]: Subscribed to topic '/uav1/trajectory_metrics'
[INFO] [1785143219.474498423] [rosbag2_recorder]: Subscribed to topic '/px4_7/fmu/out/vehicle_odometry'
[INFO] [1785143219.474989566] [rosbag2_recorder]: Subscribed to topic '/px4_7/fmu/out/vehicle_status'
[INFO] [1785143220.823587336] [rosbag2_recorder]: Subscribed to topic '/uav3/swarm_command'
[INFO] [1785143220.824299430] [rosbag2_recorder]: Subscribed to topic '/uav1/swarm_command'
[INFO] [1785143220.824949141] [rosbag2_recorder]: Subscribed to topic '/uav2/swarm_command'
[INFO] [1785143220.825638908] [rosbag2_recorder]: Subscribed to topic '/uav5/swarm_command'
[INFO] [1785143220.826372218] [rosbag2_recorder]: Subscribed to topic '/uav7/swarm_command'
[INFO] [1785143220.827085495] [rosbag2_recorder]: Subscribed to topic '/uav4/swarm_command'
[INFO] [1785143220.827826151] [rosbag2_recorder]: Subscribed to topic '/uav6/swarm_command'
[INFO] [1785143220.828664436] [rosbag2_recorder]: Subscribed to topic '/uav8/swarm_command'
[INFO] [1785143220.828687746] [rosbag2_recorder]: All requested topics are subscribed. Stopping discovery...
[INFO] [1785143255.334248813] [rosbag2_cpp]: Writing remaining messages from cache to the bag. It may take a while
[INFO] [1785143255.337692899] [rosbag2_recorder]: Event publisher thread: Exiting
[INFO] [1785143255.337755048] [rosbag2_recorder]: Recording stopped
