[INFO] [1785140645.475080405] [rosbag2_recorder]: Press SPACE for pausing/resuming
[INFO] [1785140645.476565580] [rosbag2_storage]: Opened database '/tmp/experiments_06_formal_20260727/trials/eight_uav_line_to_circle__linear_ladrc__r04/rosbag/rosbag_0.db3' for READ_WRITE.
[INFO] [1785140645.477204787] [rosbag2_recorder]: Listening for topics...
[INFO] [1785140645.477225155] [rosbag2_recorder]: Event publisher thread: Starting
[INFO] [1785140645.479007031] [rosbag2_recorder]: Subscribed to topic '/px4_1/fmu/out/vehicle_status'
[INFO] [1785140645.479433186] [rosbag2_recorder]: Subscribed to topic '/px4_1/fmu/out/vehicle_odometry'
[INFO] [1785140645.479484282] [rosbag2_recorder]: Recording...
[INFO] [1785140645.582999006] [rosbag2_recorder]: Subscribed to topic '/px4_8/fmu/out/vehicle_status'
[INFO] [1785140645.583534177] [rosbag2_recorder]: Subscribed to topic '/px4_3/fmu/out/vehicle_status'
[INFO] [1785140645.584137837] [rosbag2_recorder]: Subscribed to topic '/px4_7/fmu/out/vehicle_odometry'
[INFO] [1785140645.584738672] [rosbag2_recorder]: Subscribed to topic '/px4_8/fmu/out/vehicle_odometry'
[INFO] [1785140645.585461918] [rosbag2_recorder]: Subscribed to topic '/px4_6/fmu/out/vehicle_status'
[INFO] [1785140645.586089072] [rosbag2_recorder]: Subscribed to topic '/px4_2/fmu/out/vehicle_odometry'
[INFO] [1785140645.586653949] [rosbag2_recorder]: Subscribed to topic '/px4_7/fmu/out/vehicle_status'
[INFO] [1785140645.587212184] [rosbag2_recorder]: Subscribed to topic '/px4_6/fmu/out/vehicle_odometry'
[INFO] [1785140645.587792960] [rosbag2_recorder]: Subscribed to topic '/px4_3/fmu/out/vehicle_odometry'
[INFO] [1785140645.588561833] [rosbag2_recorder]: Subscribed to topic '/px4_4/fmu/out/vehicle_odometry'
[INFO] [1785140645.589413982] [rosbag2_recorder]: Subscribed to topic '/px4_4/fmu/out/vehicle_status'
[INFO] [1785140645.590058940] [rosbag2_recorder]: Subscribed to topic '/px4_5/fmu/out/vehicle_odometry'
[INFO] [1785140645.590616443] [rosbag2_recorder]: Subscribed to topic '/px4_2/fmu/out/vehicle_status'
[INFO] [1785140645.591160841] [rosbag2_recorder]: Subscribed to topic '/px4_5/fmu/out/vehicle_status'
[INFO] [1785140645.694943692] [rosbag2_recorder]: Subscribed to topic '/uav3/status'
[INFO] [1785140645.695313440] [rosbag2_recorder]: Subscribed to topic '/uav5/status'
[INFO] [1785140645.695803486] [rosbag2_recorder]: Subscribed to topic '/uav3/trajectory_metrics'
[INFO] [1785140645.696400493] [rosbag2_recorder]: Subscribed to topic '/uav5/odom'
[INFO] [1785140645.696826197] [rosbag2_recorder]: Subscribed to topic '/uav3/odom'
[INFO] [1785140645.697244568] [rosbag2_recorder]: Subscribed to topic '/uav5/trajectory_metrics'
[INFO] [1785140645.801224220] [rosbag2_recorder]: Subscribed to topic '/uav2/status'
[INFO] [1785140645.801686022] [rosbag2_recorder]: Subscribed to topic '/uav8/status'
[INFO] [1785140645.802111856] [rosbag2_recorder]: Subscribed to topic '/uav2/odom'
[INFO] [1785140645.802645875] [rosbag2_recorder]: Subscribed to topic '/uav8/trajectory_metrics'
[INFO] [1785140645.803187558] [rosbag2_recorder]: Subscribed to topic '/uav2/trajectory_metrics'
[INFO] [1785140645.803610797] [rosbag2_recorder]: Subscribed to topic '/uav8/odom'
[INFO] [1785140645.907241040] [rosbag2_recorder]: Subscribed to topic '/uav4/status'
[INFO] [1785140645.907711508] [rosbag2_recorder]: Subscribed to topic '/uav4/trajectory_metrics'
[INFO] [1785140645.908217123] [rosbag2_recorder]: Subscribed to topic '/uav6/odom'
[INFO] [1785140645.908696379] [rosbag2_recorder]: Subscribed to topic '/uav1/odom'
[INFO] [1785140645.909202214] [rosbag2_recorder]: Subscribed to topic '/uav7/odom'
[INFO] [1785140645.909718208] [rosbag2_recorder]: Subscribed to topic '/uav1/trajectory_metrics'
[INFO] [1785140645.910217241] [rosbag2_recorder]: Subscribed to topic '/uav1/status'
[INFO] [1785140645.910661770] [rosbag2_recorder]: Subscribed to topic '/uav6/status'
[INFO] [1785140645.911094127] [rosbag2_recorder]: Subscribed to topic '/uav6/trajectory_metrics'
[INFO] [1785140645.911550299] [rosbag2_recorder]: Subscribed to topic '/uav7/status'
[INFO] [1785140645.912064279] [rosbag2_recorder]: Subscribed to topic '/uav4/odom'
[INFO] [1785140645.912617484] [rosbag2_recorder]: Subscribed to topic '/uav7/trajectory_metrics'
[INFO] [1785140647.989868348] [rosbag2_recorder]: Subscribed to topic '/uav3/swarm_command'
[INFO] [1785140647.990796581] [rosbag2_recorder]: Subscribed to topic '/uav1/swarm_command'
[INFO] [1785140647.991514407] [rosbag2_recorder]: Subscribed to topic '/uav2/swarm_command'
[INFO] [1785140647.992321551] [rosbag2_recorder]: Subscribed to topic '/uav5/swarm_command'
[INFO] [1785140647.992955509] [rosbag2_recorder]: Subscribed to topic '/uav7/swarm_command'
[INFO] [1785140647.993574918] [rosbag2_recorder]: Subscribed to topic '/uav4/swarm_command'
[INFO] [1785140647.994269350] [rosbag2_recorder]: Subscribed to topic '/uav6/swarm_command'
[INFO] [1785140647.994958351] [rosbag2_recorder]: Subscribed to topic '/uav8/swarm_command'
[INFO] [1785140647.994977988] [rosbag2_recorder]: All requested topics are subscribed. Stopping discovery...
[INFO] [1785140683.031309429] [rosbag2_cpp]: Writing remaining messages from cache to the bag. It may take a while
[INFO] [1785140683.034058040] [rosbag2_recorder]: Event publisher thread: Exiting
[INFO] [1785140683.034099959] [rosbag2_recorder]: Recording stopped
