[35m[1785139827.658788][m info     | [34mUDPv4AgentLinux.cpp[m | [37minit                    [m | [32mrunning...[m             | port: 8888
[35m[1785139827.658987][m info     | [34mRoot.cpp          [m | [37mset_verbose_level       [m | [32mlogger setup[m           | verbose_level: 4
[35m[1785139833.653958][m info     | [34mRoot.cpp          [m | [37mcreate_client           [m | [32mcreate[m                 | client_key: 0x00000001, session_id: 0x81
[35m[1785139833.653997][m info     | [34mSessionManager.hpp[m | [37mestablish_session       [m | [32msession established[m    | client_key: 0x00000001, address: 127.0.0.1:3786
[35m[1785139833.656737][m info     | [34mProxyClient.cpp   [m | [37mcreate_participant      [m | [32mparticipant created[m    | client_key: 0x00000001, participant_id: 0x001(1)
[35m[1785139833.656873][m info     | [34mProxyClient.cpp   [m | [37mcreate_topic            [m | [32mtopic created[m          | client_key: 0x00000001, topic_id: 0x800(2), participant_id: 0x001(1)
[35m[1785139833.656911][m info     | [34mProxyClient.cpp   [m | [37mcreate_subscriber       [m | [32msubscriber created[m     | client_key: 0x00000001, subscriber_id: 0x800(4), participant_id: 0x001(1)
[35m[1785139833.658074][m info     | [34mProxyClient.cpp   [m | [37mcreate_datareader       [m | [32mdatareader created[m     | client_key: 0x00000001, datareader_id: 0x800(6), subscriber_id: 0x800(4)
[35m[1785139833.658194][m info     | [34mProxyClient.cpp   [m | [37mcreate_topic            [m | [32mtopic created[m          | client_key: 0x00000001, topic_id: 0x801(2), participant_id: 0x001(1)
[35m[1785139833.658209][m info     | [34mProxyClient.cpp   [m | [37mcreate_subscriber       [m | [32msubscriber created[m     | client_key: 0x00000001, subscriber_id: 0x801(4), participant_id: 0x001(1)
[35m[1785139833.658422][m info     | [34mProxyClient.cpp   [m | [37mcreate_datareader       [m | [32mdatareader created[m     | client_key: 0x00000001, datareader_id: 0x801(6), subscriber_id: 0x801(4)
[35m[1785139833.658517][m info     | [34mProxyClient.cpp   [m | [37mcreate_topic            [m | [32mtopic created[m          | client_key: 0x00000001, topic_id: 0x802(2), participant_id: 0x001(1)
[35m[1785139833.658538][m info     | [34mProxyClient.cpp   [m | [37mcreate_subscriber       [m | [32msubscriber created[m     | client_key: 0x00000001, subscriber_id: 0x802(4), participant_id: 0x001(1)
[35m[1785139833.658756][m info     | [34mProxyClient.cpp   [m | [37mcreate_datareader       [m | [32mdatareader created[m     | client_key: 0x00000001, datareader_id: 0x802(6), subscriber_id: 0x802(4)
[35m[1785139833.658840][m info     | [34mProxyClient.cpp   [m | [37mcreate_topic            [m | [32mtopic created[m          | client_key: 0x00000001, topic_id: 0x803(2), participant_id: 0x001(1)
[35m[1785139833.658855][m info     | [34mProxyClient.cpp   [m | [37mcreate_subscriber       [m | [32msubscriber created[m     | client_key: 0x00000001, subscriber_id: 0x803(4), participant_id: 0x001(1)
[35m[1785139833.659059][m info     | [34mProxyClient.cpp   [m | [37mcreate_datareader       [m | [32mdatareader created[m     | client_key: 0x00000001, datareader_id: 0x803(6), subscriber_id: 0x803(4)
[35m[1785139833.659138][m info     | [34mProxyClient.cpp   [m | [37mcreate_topic            [m | [32mtopic created[m          | client_key: 0x00000001, topic_id: 0x804(2), participant_id: 0x001(1)
[35m[1785139833.659160][m info     | [34mProxyClient.cpp   [m | [37mcreate_subscriber       [m | [32msubscriber created[m     | client_key: 0x00000001, subscriber_id: 0x804(4), participant_id: 0x001(1)
[35m[1785139833.659370][m info     | [34mProxyClient.cpp   [m | [37mcreate_datareader       [m | [32mdatareader created[m     | client_key: 0x00000001, datareader_id: 0x804(6), subscriber_id: 0x804(4)
[35m[1785139833.659449][m info     | [34mProxyClient.cpp   [m | [37mcreate_topic            [m | [32mtopic created[m          | client_key: 0x00000001, topic_id: 0x805(2), participant_id: 0x001(1)
[35m[1785139833.659469][m info     | [34mProxyClient.cpp   [m | [37mcreate_subscriber       [m | [32msubscriber created[m     | client_key: 0x00000001, subscriber_id: 0x805(4), participant_id: 0x001(1)
[35m[1785139833.659672][m info     | [34mProxyClient.cpp   [m | [37mcreate_datareader       [m | [32mdatareader created[m     | client_key: 0x00000001, datareader_id: 0x805(6), subscriber_id: 0x805(4)
[35m[1785139833.659742][m info     | [34mProxyClient.cpp   [m | [37mcreate_topic            [m | [32mtopic created[m          | client_key: 0x00000001, topic_id: 0x806(2), participant_id: 0x001(1)
[35m[1785139833.659759][m info     | [34mProxyClient.cpp   [m | [37mcreate_subscriber       [m | [32msubscriber created[m     | client_key: 0x00000001, subscriber_id: 0x806(4), participant_id: 0x001(1)
[35m[1785139833.659966][m info     | [34mProxyClient.cpp   [m | [37mcreate_datareader       [m | [32mdatareader created[m     | client_key: 0x00000001, datareader_id: 0x806(6), subscriber_id: 0x806(4)
[35m[1785139833.660055][m info     | [34mProxyClient.cpp   [m | [37mcreate_topic            [m | [32mtopic created[m          | client_key: 0x00000001, topic_id: 0x807(2), participant_id: 0x001(1)
[35m[1785139833.660070][m info     | [34mProxyClient.cpp   [m | [37mcreate_subscriber       [m | [32msubscriber created[m     | client_key: 0x00000001, subscriber_id: 0x807(4), participant_id: 0x001(1)
[35m[1785139833.660283][m info     | [34mProxyClient.cpp   [m | [37mcreate_datareader       [m | [32mdatareader created[m     | client_key: 0x00000001, datareader_id: 0x807(6), subscriber_id: 0x807(4)
[35m[1785139833.660363][m info     | [34mProxyClient.cpp   [m | [37mcreate_topic            [m | [32mtopic created[m          | client_key: 0x00000001, topic_id: 0x808(2), participant_id: 0x001(1)
[35m[1785139833.660374][m info     | [34mProxyClient.cpp   [m | [37mcreate_subscriber       [m | [32msubscriber created[m     | client_key: 0x00000001, subscriber_id: 0x808(4), participant_id: 0x001(1)
[35m[1785139833.660592][m info     | [34mProxyClient.cpp   [m | [37mcreate_datareader       [m | [32mdatareader created[m     | client_key: 0x00000001, datareader_id: 0x808(6), subscriber_id: 0x808(4)
[35m[1785139833.660677][m info     | [34mProxyClient.cpp   [m | [37mcreate_topic            [m | [32mtopic created[m          | client_key: 0x00000001, topic_id: 0x809(2), participant_id: 0x001(1)
[35m[1785139833.660693][m info     | [34mProxyClient.cpp   [m | [37mcreate_subscriber       [m | [32msubscriber created[m     | client_key: 0x00000001, subscriber_id: 0x809(4), participant_id: 0x001(1)
[35m[1785139833.660922][m info     | [34mProxyClient.cpp   [m | [37mcreate_datareader       [m | [32mdatareader created[m     | client_key: 0x00000001, datareader_id: 0x809(6), subscriber_id: 0x809(4)
[35m[1785139833.661100][m info     | [34mProxyClient.cpp   [m | [37mcreate_topic            [m | [32mtopic created[m          | client_key: 0x00000001, topic_id: 0x80A(2), participant_id: 0x001(1)
[35m[1785139833.661125][m info     | [34mProxyClient.cpp   [m | [37mcreate_subscriber       [m | [32msubscriber created[m     | client_key: 0x00000001, subscriber_id: 0x80A(4), participant_id: 0x001(1)
[35m[1785139833.661376][m info     | [34mProxyClient.cpp   [m | [37mcreate_datareader       [m | [32mdatareader created[m     | client_key: 0x00000001, datareader_id: 0x80A(6), subscriber_id: 0x80A(4)
[35m[1785139833.661484][m info     | [34mProxyClient.cpp   [m | [37mcreate_topic            [m | [32mtopic created[m          | client_key: 0x00000001, topic_id: 0x80B(2), participant_id: 0x001(1)
[35m[1785139833.661505][m info     | [34mProxyClient.cpp   [m | [37mcreate_subscriber       [m | [32msubscriber created[m     | client_key: 0x00000001, subscriber_id: 0x80B(4), participant_id: 0x001(1)
[35m[1785139833.661761][m info     | [34mProxyClient.cpp   [m | [37mcreate_datareader       [m | [32mdatareader created[m     | client_key: 0x00000001, datareader_id: 0x80B(6), subscriber_id: 0x80B(4)
[35m[1785139833.661867][m info     | [34mProxyClient.cpp   [m | [37mcreate_topic            [m | [32mtopic created[m          | client_key: 0x00000001, topic_id: 0x80C(2), participant_id: 0x001(1)
[35m[1785139833.661882][m info     | [34mProxyClient.cpp   [m | [37mcreate_subscriber       [m | [32msubscriber created[m     | client_key: 0x00000001, subscriber_id: 0x80C(4), participant_id: 0x001(1)
[35m[1785139833.662097][m info     | [34mProxyClient.cpp   [m | [37mcreate_datareader       [m | [32mdatareader created[m     | client_key: 0x00000001, datareader_id: 0x80C(6), subscriber_id: 0x80C(4)
[35m[1785139833.662196][m info     | [34mProxyClient.cpp   [m | [37mcreate_topic            [m | [32mtopic created[m          | client_key: 0x00000001, topic_id: 0x80D(2), participant_id: 0x001(1)
[35m[1785139833.662211][m info     | [34mProxyClient.cpp   [m | [37mcreate_subscriber       [m | [32msubscriber created[m     | client_key: 0x00000001, subscriber_id: 0x80D(4), participant_id: 0x001(1)
[35m[1785139833.662418][m info     | [34mProxyClient.cpp   [m | [37mcreate_datareader       [m | [32mdatareader created[m     | client_key: 0x00000001, datareader_id: 0x80D(6), subscriber_id: 0x80D(4)
[35m[1785139833.662498][m info     | [34mProxyClient.cpp   [m | [37mcreate_topic            [m | [32mtopic created[m          | client_key: 0x00000001, topic_id: 0x80E(2), participant_id: 0x001(1)
[35m[1785139833.662515][m info     | [34mProxyClient.cpp   [m | [37mcreate_subscriber       [m | [32msubscriber created[m     | client_key: 0x00000001, subscriber_id: 0x80E(4), participant_id: 0x001(1)
[35m[1785139833.662708][m info     | [34mProxyClient.cpp   [m | [37mcreate_datareader       [m | [32mdatareader created[m     | client_key: 0x00000001, datareader_id: 0x80E(6), subscriber_id: 0x80E(4)
[35m[1785139833.662794][m info     | [34mProxyClient.cpp   [m | [37mcreate_topic            [m | [32mtopic created[m          | client_key: 0x00000001, topic_id: 0x80F(2), participant_id: 0x001(1)
[35m[1785139833.662810][m info     | [34mProxyClient.cpp   [m | [37mcreate_subscriber       [m | [32msubscriber created[m     | client_key: 0x00000001, subscriber_id: 0x80F(4), participant_id: 0x001(1)
[35m[1785139833.663000][m info     | [34mProxyClient.cpp   [m | [37mcreate_datareader       [m | [32mdatareader created[m     | client_key: 0x00000001, datareader_id: 0x80F(6), subscriber_id: 0x80F(4)
[35m[1785139833.663078][m info     | [34mProxyClient.cpp   [m | [37mcreate_topic            [m | [32mtopic created[m          | client_key: 0x00000001, topic_id: 0x810(2), participant_id: 0x001(1)
[35m[1785139833.663089][m info     | [34mProxyClient.cpp   [m | [37mcreate_subscriber       [m | [32msubscriber created[m     | client_key: 0x00000001, subscriber_id: 0x810(4), participant_id: 0x001(1)
[35m[1785139833.663337][m info     | [34mProxyClient.cpp   [m | [37mcreate_datareader       [m | [32mdatareader created[m     | client_key: 0x00000001, datareader_id: 0x810(6), subscriber_id: 0x810(4)
[35m[1785139833.663428][m info     | [34mProxyClient.cpp   [m | [37mcreate_topic            [m | [32mtopic created[m          | client_key: 0x00000001, topic_id: 0x811(2), participant_id: 0x001(1)
[35m[1785139833.663439][m info     | [34mProxyClient.cpp   [m | [37mcreate_subscriber       [m | [32msubscriber created[m     | client_key: 0x00000001, subscriber_id: 0x811(4), participant_id: 0x001(1)
[35m[1785139833.663646][m info     | [34mProxyClient.cpp   [m | [37mcreate_datareader       [m | [32mdatareader created[m     | client_key: 0x00000001, datareader_id: 0x811(6), subscriber_id: 0x811(4)
[35m[1785139833.663719][m info     | [34mProxyClient.cpp   [m | [37mcreate_topic            [m | [32mtopic created[m          | client_key: 0x00000001, topic_id: 0x812(2), participant_id: 0x001(1)
[35m[1785139833.663735][m info     | [34mProxyClient.cpp   [m | [37mcreate_subscriber       [m | [32msubscriber created[m     | client_key: 0x00000001, subscriber_id: 0x812(4), participant_id: 0x001(1)
[35m[1785139833.663965][m info     | [34mProxyClient.cpp   [m | [37mcreate_datareader       [m | [32mdatareader created[m     | client_key: 0x00000001, datareader_id: 0x812(6), subscriber_id: 0x812(4)
[35m[1785139833.664053][m info     | [34mProxyClient.cpp   [m | [37mcreate_topic            [m | [32mtopic created[m          | client_key: 0x00000001, topic_id: 0x813(2), participant_id: 0x001(1)
[35m[1785139833.664071][m info     | [34mProxyClient.cpp   [m | [37mcreate_subscriber       [m | [32msubscriber created[m     | client_key: 0x00000001, subscriber_id: 0x813(4), participant_id: 0x001(1)
[35m[1785139833.664283][m info     | [34mProxyClient.cpp   [m | [37mcreate_datareader       [m | [32mdatareader created[m     | client_key: 0x00000001, datareader_id: 0x813(6), subscriber_id: 0x813(4)
[35m[1785139833.664368][m info     | [34mProxyClient.cpp   [m | [37mcreate_topic            [m | [32mtopic created[m          | client_key: 0x00000001, topic_id: 0x814(2), participant_id: 0x001(1)
[35m[1785139833.664385][m info     | [34mProxyClient.cpp   [m | [37mcreate_subscriber       [m | [32msubscriber created[m     | client_key: 0x00000001, subscriber_id: 0x814(4), participant_id: 0x001(1)
[35m[1785139833.664592][m info     | [34mProxyClient.cpp   [m | [37mcreate_datareader       [m | [32mdatareader created[m     | client_key: 0x00000001, datareader_id: 0x814(6), subscriber_id: 0x814(4)
[35m[1785139833.664673][m info     | [34mProxyClient.cpp   [m | [37mcreate_topic            [m | [32mtopic created[m          | client_key: 0x00000001, topic_id: 0x815(2), participant_id: 0x001(1)
[35m[1785139833.664684][m info     | [34mProxyClient.cpp   [m | [37mcreate_subscriber       [m | [32msubscriber created[m     | client_key: 0x00000001, subscriber_id: 0x815(4), participant_id: 0x001(1)
[35m[1785139833.664937][m info     | [34mProxyClient.cpp   [m | [37mcreate_datareader       [m | [32mdatareader created[m     | client_key: 0x00000001, datareader_id: 0x815(6), subscriber_id: 0x815(4)
[35m[1785139833.665006][m info     | [34mProxyClient.cpp   [m | [37mcreate_topic            [m | [32mtopic created[m          | client_key: 0x00000001, topic_id: 0x816(2), participant_id: 0x001(1)
[35m[1785139833.665022][m info     | [34mProxyClient.cpp   [m | [37mcreate_subscriber       [m | [32msubscriber created[m     | client_key: 0x00000001, subscriber_id: 0x816(4), participant_id: 0x001(1)
[35m[1785139833.665231][m info     | [34mProxyClient.cpp   [m | [37mcreate_datareader       [m | [32mdatareader created[m     | client_key: 0x00000001, datareader_id: 0x816(6), subscriber_id: 0x816(4)
[35m[1785139833.665311][m info     | [34mProxyClient.cpp   [m | [37mcreate_topic            [m | [32mtopic created[m          | client_key: 0x00000001, topic_id: 0x817(2), participant_id: 0x001(1)
[35m[1785139833.665322][m info     | [34mProxyClient.cpp   [m | [37mcreate_subscriber       [m | [32msubscriber created[m     | client_key: 0x00000001, subscriber_id: 0x817(4), participant_id: 0x001(1)
[35m[1785139833.665527][m info     | [34mProxyClient.cpp   [m | [37mcreate_datareader       [m | [32mdatareader created[m     | client_key: 0x00000001, datareader_id: 0x817(6), subscriber_id: 0x817(4)
[35m[1785139833.665594][m info     | [34mProxyClient.cpp   [m | [37mcreate_topic            [m | [32mtopic created[m          | client_key: 0x00000001, topic_id: 0x818(2), participant_id: 0x001(1)
[35m[1785139833.665608][m info     | [34mProxyClient.cpp   [m | [37mcreate_subscriber       [m | [32msubscriber created[m     | client_key: 0x00000001, subscriber_id: 0x818(4), participant_id: 0x001(1)
[35m[1785139833.665806][m info     | [34mProxyClient.cpp   [m | [37mcreate_datareader       [m | [32mdatareader created[m     | client_key: 0x00000001, datareader_id: 0x818(6), subscriber_id: 0x818(4)
[35m[1785139833.665881][m info     | [34mProxyClient.cpp   [m | [37mcreate_topic            [m | [32mtopic created[m          | client_key: 0x00000001, topic_id: 0x819(2), participant_id: 0x001(1)
[35m[1785139833.665894][m info     | [34mProxyClient.cpp   [m | [37mcreate_subscriber       [m | [32msubscriber created[m     | client_key: 0x00000001, subscriber_id: 0x819(4), participant_id: 0x001(1)
[35m[1785139833.666090][m info     | [34mProxyClient.cpp   [m | [37mcreate_datareader       [m | [32mdatareader created[m     | client_key: 0x00000001, datareader_id: 0x819(6), subscriber_id: 0x819(4)
[35m[1785139833.666179][m info     | [34mProxyClient.cpp   [m | [37mcreate_topic            [m | [32mtopic created[m          | client_key: 0x00000001, topic_id: 0x81A(2), participant_id: 0x001(1)
[35m[1785139833.666197][m info     | [34mProxyClient.cpp   [m | [37mcreate_subscriber       [m | [32msubscriber created[m     | client_key: 0x00000001, subscriber_id: 0x81A(4), participant_id: 0x001(1)
[35m[1785139833.666405][m info     | [34mProxyClient.cpp   [m | [37mcreate_datareader       [m | [32mdatareader created[m     | client_key: 0x00000001, datareader_id: 0x81A(6), subscriber_id: 0x81A(4)
[35m[1785139833.666485][m info     | [34mProxyClient.cpp   [m | [37mcreate_topic            [m | [32mtopic created[m          | client_key: 0x00000001, topic_id: 0x81B(2), participant_id: 0x001(1)
[35m[1785139833.666496][m info     | [34mProxyClient.cpp   [m | [37mcreate_subscriber       [m | [32msubscriber created[m     | client_key: 0x00000001, subscriber_id: 0x81B(4), participant_id: 0x001(1)
[35m[1785139833.666694][m info     | [34mProxyClient.cpp   [m | [37mcreate_datareader       [m | [32mdatareader created[m     | client_key: 0x00000001, datareader_id: 0x81B(6), subscriber_id: 0x81B(4)
[35m[1785139833.666772][m info     | [34mProxyClient.cpp   [m | [37mcreate_topic            [m | [32mtopic created[m          | client_key: 0x00000001, topic_id: 0x81C(2), participant_id: 0x001(1)
[35m[1785139833.666786][m info     | [34mProxyClient.cpp   [m | [37mcreate_subscriber       [m | [32msubscriber created[m     | client_key: 0x00000001, subscriber_id: 0x81C(4), participant_id: 0x001(1)
[35m[1785139833.666986][m info     | [34mProxyClient.cpp   [m | [37mcreate_datareader       [m | [32mdatareader created[m     | client_key: 0x00000001, datareader_id: 0x81C(6), subscriber_id: 0x81C(4)
[35m[1785139833.667456][m info     | [34mProxyClient.cpp   [m | [37mcreate_replier          [m | [32mreplier created[m        | client_key: 0x00000001, requester_id: 0x800(7), participant_id: 0x001(1)
[35m[1785139839.652491][m info     | [34mProxyClient.cpp   [m | [37mcreate_topic            [m | [32mtopic created[m          | client_key: 0x00000001, topic_id: 0x013(2), participant_id: 0x001(1)
[35m[1785139839.652558][m info     | [34mProxyClient.cpp   [m | [37mcreate_publisher        [m | [32mpublisher created[m      | client_key: 0x00000001, publisher_id: 0x013(3), participant_id: 0x001(1)
[35m[1785139839.652871][m info     | [34mProxyClient.cpp   [m | [37mcreate_datawriter       [m | [32mdatawriter created[m     | client_key: 0x00000001, datawriter_id: 0x013(5), publisher_id: 0x013(3)
[35m[1785139839.652970][m info     | [34mProxyClient.cpp   [m | [37mcreate_topic            [m | [32mtopic created[m          | client_key: 0x00000001, topic_id: 0x057(2), participant_id: 0x001(1)
[35m[1785139839.652985][m info     | [34mProxyClient.cpp   [m | [37mcreate_publisher        [m | [32mpublisher created[m      | client_key: 0x00000001, publisher_id: 0x057(3), participant_id: 0x001(1)
[35m[1785139839.653128][m info     | [34mProxyClient.cpp   [m | [37mcreate_datawriter       [m | [32mdatawriter created[m     | client_key: 0x00000001, datawriter_id: 0x057(5), publisher_id: 0x057(3)
[35m[1785139839.653227][m info     | [34mProxyClient.cpp   [m | [37mcreate_topic            [m | [32mtopic created[m          | client_key: 0x00000001, topic_id: 0x05D(2), participant_id: 0x001(1)
[35m[1785139839.653256][m info     | [34mProxyClient.cpp   [m | [37mcreate_publisher        [m | [32mpublisher created[m      | client_key: 0x00000001, publisher_id: 0x05D(3), participant_id: 0x001(1)
[35m[1785139839.653377][m info     | [34mProxyClient.cpp   [m | [37mcreate_datawriter       [m | [32mdatawriter created[m     | client_key: 0x00000001, datawriter_id: 0x05D(5), publisher_id: 0x05D(3)
[35m[1785139839.653429][m info     | [34mProxyClient.cpp   [m | [37mcreate_topic            [m | [32mtopic created[m          | client_key: 0x00000001, topic_id: 0x08D(2), participant_id: 0x001(1)
[35m[1785139839.653438][m info     | [34mProxyClient.cpp   [m | [37mcreate_publisher        [m | [32mpublisher created[m      | client_key: 0x00000001, publisher_id: 0x08D(3), participant_id: 0x001(1)
[35m[1785139839.653554][m info     | [34mProxyClient.cpp   [m | [37mcreate_datawriter       [m | [32mdatawriter created[m     | client_key: 0x00000001, datawriter_id: 0x08D(5), publisher_id: 0x08D(3)
[35m[1785139839.653618][m info     | [34mProxyClient.cpp   [m | [37mcreate_topic            [m | [32mtopic created[m          | client_key: 0x00000001, topic_id: 0x0B4(2), participant_id: 0x001(1)
[35m[1785139839.653632][m info     | [34mProxyClient.cpp   [m | [37mcreate_publisher        [m | [32mpublisher created[m      | client_key: 0x00000001, publisher_id: 0x0B4(3), participant_id: 0x001(1)
[35m[1785139839.653742][m info     | [34mProxyClient.cpp   [m | [37mcreate_datawriter       [m | [32mdatawriter created[m     | client_key: 0x00000001, datawriter_id: 0x0B4(5), publisher_id: 0x0B4(3)
[35m[1785139839.653800][m info     | [34mProxyClient.cpp   [m | [37mcreate_topic            [m | [32mtopic created[m          | client_key: 0x00000001, topic_id: 0x0CB(2), participant_id: 0x001(1)
[35m[1785139839.653808][m info     | [34mProxyClient.cpp   [m | [37mcreate_publisher        [m | [32mpublisher created[m      | client_key: 0x00000001, publisher_id: 0x0CB(3), participant_id: 0x001(1)
[35m[1785139839.653915][m info     | [34mProxyClient.cpp   [m | [37mcreate_datawriter       [m | [32mdatawriter created[m     | client_key: 0x00000001, datawriter_id: 0x0CB(5), publisher_id: 0x0CB(3)
[35m[1785139839.653953][m info     | [34mProxyClient.cpp   [m | [37mcreate_topic            [m | [32mtopic created[m          | client_key: 0x00000001, topic_id: 0x0E2(2), participant_id: 0x001(1)
[35m[1785139839.653967][m info     | [34mProxyClient.cpp   [m | [37mcreate_publisher        [m | [32mpublisher created[m      | client_key: 0x00000001, publisher_id: 0x0E2(3), participant_id: 0x001(1)
[35m[1785139839.654074][m info     | [34mProxyClient.cpp   [m | [37mcreate_datawriter       [m | [32mdatawriter created[m     | client_key: 0x00000001, datawriter_id: 0x0E2(5), publisher_id: 0x0E2(3)
[35m[1785139839.654119][m info     | [34mProxyClient.cpp   [m | [37mcreate_topic            [m | [32mtopic created[m          | client_key: 0x00000001, topic_id: 0x0F2(2), participant_id: 0x001(1)
[35m[1785139839.654127][m info     | [34mProxyClient.cpp   [m | [37mcreate_publisher        [m | [32mpublisher created[m      | client_key: 0x00000001, publisher_id: 0x0F2(3), participant_id: 0x001(1)
[35m[1785139839.654246][m info     | [34mProxyClient.cpp   [m | [37mcreate_datawriter       [m | [32mdatawriter created[m     | client_key: 0x00000001, datawriter_id: 0x0F2(5), publisher_id: 0x0F2(3)
[35m[1785139839.654293][m info     | [34mProxyClient.cpp   [m | [37mcreate_topic            [m | [32mtopic created[m          | client_key: 0x00000001, topic_id: 0x0F9(2), participant_id: 0x001(1)
[35m[1785139839.654308][m info     | [34mProxyClient.cpp   [m | [37mcreate_publisher        [m | [32mpublisher created[m      | client_key: 0x00000001, publisher_id: 0x0F9(3), participant_id: 0x001(1)
[35m[1785139839.654414][m info     | [34mProxyClient.cpp   [m | [37mcreate_datawriter       [m | [32mdatawriter created[m     | client_key: 0x00000001, datawriter_id: 0x0F9(5), publisher_id: 0x0F9(3)
[35m[1785139839.654466][m info     | [34mProxyClient.cpp   [m | [37mcreate_topic            [m | [32mtopic created[m          | client_key: 0x00000001, topic_id: 0x0FA(2), participant_id: 0x001(1)
[35m[1785139839.654475][m info     | [34mProxyClient.cpp   [m | [37mcreate_publisher        [m | [32mpublisher created[m      | client_key: 0x00000001, publisher_id: 0x0FA(3), participant_id: 0x001(1)
[35m[1785139839.654586][m info     | [34mProxyClient.cpp   [m | [37mcreate_datawriter       [m | [32mdatawriter created[m     | client_key: 0x00000001, datawriter_id: 0x0FA(5), publisher_id: 0x0FA(3)
[35m[1785139839.654629][m info     | [34mProxyClient.cpp   [m | [37mcreate_topic            [m | [32mtopic created[m          | client_key: 0x00000001, topic_id: 0x0FC(2), participant_id: 0x001(1)
[35m[1785139839.654644][m info     | [34mProxyClient.cpp   [m | [37mcreate_publisher        [m | [32mpublisher created[m      | client_key: 0x00000001, publisher_id: 0x0FC(3), participant_id: 0x001(1)
[35m[1785139839.654749][m info     | [34mProxyClient.cpp   [m | [37mcreate_datawriter       [m | [32mdatawriter created[m     | client_key: 0x00000001, datawriter_id: 0x0FC(5), publisher_id: 0x0FC(3)
[35m[1785139839.654796][m info     | [34mProxyClient.cpp   [m | [37mcreate_topic            [m | [32mtopic created[m          | client_key: 0x00000001, topic_id: 0x100(2), participant_id: 0x001(1)
[35m[1785139839.654805][m info     | [34mProxyClient.cpp   [m | [37mcreate_publisher        [m | [32mpublisher created[m      | client_key: 0x00000001, publisher_id: 0x100(3), participant_id: 0x001(1)
[35m[1785139839.654916][m info     | [34mProxyClient.cpp   [m | [37mcreate_datawriter       [m | [32mdatawriter created[m     | client_key: 0x00000001, datawriter_id: 0x100(5), publisher_id: 0x100(3)
[35m[1785139839.654957][m info     | [34mProxyClient.cpp   [m | [37mcreate_topic            [m | [32mtopic created[m          | client_key: 0x00000001, topic_id: 0x105(2), participant_id: 0x001(1)
[35m[1785139839.654971][m info     | [34mProxyClient.cpp   [m | [37mcreate_publisher        [m | [32mpublisher created[m      | client_key: 0x00000001, publisher_id: 0x105(3), participant_id: 0x001(1)
[35m[1785139839.655094][m info     | [34mProxyClient.cpp   [m | [37mcreate_datawriter       [m | [32mdatawriter created[m     | client_key: 0x00000001, datawriter_id: 0x105(5), publisher_id: 0x105(3)
[35m[1785139839.655136][m info     | [34mProxyClient.cpp   [m | [37mcreate_topic            [m | [32mtopic created[m          | client_key: 0x00000001, topic_id: 0x10A(2), participant_id: 0x001(1)
[35m[1785139839.655154][m info     | [34mProxyClient.cpp   [m | [37mcreate_publisher        [m | [32mpublisher created[m      | client_key: 0x00000001, publisher_id: 0x10A(3), participant_id: 0x001(1)
[35m[1785139839.655268][m info     | [34mProxyClient.cpp   [m | [37mcreate_datawriter       [m | [32mdatawriter created[m     | client_key: 0x00000001, datawriter_id: 0x10A(5), publisher_id: 0x10A(3)
[35m[1785139851.062070][m info     | [34mProxyClient.cpp   [m | [37mcreate_topic            [m | [32mtopic created[m          | client_key: 0x00000001, topic_id: 0x0F6(2), participant_id: 0x001(1)
[35m[1785139851.062117][m info     | [34mProxyClient.cpp   [m | [37mcreate_publisher        [m | [32mpublisher created[m      | client_key: 0x00000001, publisher_id: 0x0F6(3), participant_id: 0x001(1)
[35m[1785139851.062350][m info     | [34mProxyClient.cpp   [m | [37mcreate_datawriter       [m | [32mdatawriter created[m     | client_key: 0x00000001, datawriter_id: 0x0F6(5), publisher_id: 0x0F6(3)
