[INFO] [1785137994.371750500] [rosbag2_recorder]: Press SPACE for pausing/resuming
[INFO] [1785137994.373399206] [rosbag2_storage]: Opened database '/tmp/experiments_06_formal_20260727/trials/five_uav_circle__linear_ladrc__r02/rosbag/rosbag_0.db3' for READ_WRITE.
[INFO] [1785137994.374359242] [rosbag2_recorder]: Listening for topics...
[INFO] [1785137994.374374531] [rosbag2_recorder]: Event publisher thread: Starting
[INFO] [1785137994.377507049] [rosbag2_recorder]: Subscribed to topic '/uav5/odom'
[INFO] [1785137994.378717772] [rosbag2_recorder]: Subscribed to topic '/uav5/trajectory_metrics'
[INFO] [1785137994.379345356] [rosbag2_recorder]: Subscribed to topic '/uav4/status'
[INFO] [1785137994.381093230] [rosbag2_recorder]: Subscribed to topic '/px4_2/fmu/out/vehicle_odometry'
[INFO] [1785137994.381548897] [rosbag2_recorder]: Subscribed to topic '/uav2/status'
[INFO] [1785137994.381986419] [rosbag2_recorder]: Subscribed to topic '/uav3/status'
[INFO] [1785137994.382415485] [rosbag2_recorder]: Subscribed to topic '/px4_4/fmu/out/vehicle_odometry'
[INFO] [1785137994.382796861] [rosbag2_recorder]: Subscribed to topic '/px4_5/fmu/out/vehicle_odometry'
[INFO] [1785137994.383198745] [rosbag2_recorder]: Subscribed to topic '/uav1/status'
[INFO] [1785137994.383685341] [rosbag2_recorder]: Subscribed to topic '/uav5/status'
[INFO] [1785137994.384190191] [rosbag2_recorder]: Subscribed to topic '/uav1/odom'
[INFO] [1785137994.384776947] [rosbag2_recorder]: Subscribed to topic '/uav4/odom'
[INFO] [1785137994.385307215] [rosbag2_recorder]: Subscribed to topic '/uav1/trajectory_metrics'
[INFO] [1785137994.385805924] [rosbag2_recorder]: Subscribed to topic '/uav2/trajectory_metrics'
[INFO] [1785137994.386240541] [rosbag2_recorder]: Subscribed to topic '/uav2/odom'
[INFO] [1785137994.386661111] [rosbag2_recorder]: Subscribed to topic '/uav3/odom'
[INFO] [1785137994.387080208] [rosbag2_recorder]: Subscribed to topic '/uav4/trajectory_metrics'
[INFO] [1785137994.387552686] [rosbag2_recorder]: Subscribed to topic '/uav3/trajectory_metrics'
[INFO] [1785137994.387614293] [rosbag2_recorder]: Recording...
[INFO] [1785137994.389255806] [rosbag2_recorder]: Subscribed to topic '/px4_1/fmu/out/vehicle_odometry'
[INFO] [1785137995.098567885] [rosbag2_recorder]: Subscribed to topic '/px4_3/fmu/out/vehicle_odometry'
[INFO] [1785137997.136577111] [rosbag2_recorder]: Subscribed to topic '/uav3/swarm_command'
[INFO] [1785137997.137104595] [rosbag2_recorder]: Subscribed to topic '/uav4/swarm_command'
[INFO] [1785137997.137623241] [rosbag2_recorder]: Subscribed to topic '/uav1/swarm_command'
[INFO] [1785137997.138057978] [rosbag2_recorder]: Subscribed to topic '/uav2/swarm_command'
[INFO] [1785137997.138499929] [rosbag2_recorder]: Subscribed to topic '/uav5/swarm_command'
[INFO] [1785137997.138513615] [rosbag2_recorder]: All requested topics are subscribed. Stopping discovery...
[INFO] [1785138027.344083777] [rosbag2_cpp]: Writing remaining messages from cache to the bag. It may take a while
[INFO] [1785138027.345637551] [rosbag2_recorder]: Event publisher thread: Exiting
[INFO] [1785138027.345683308] [rosbag2_recorder]: Recording stopped
