[INFO] [1785141701.221089698] [rosbag2_recorder]: Press SPACE for pausing/resuming
[INFO] [1785141701.222749813] [rosbag2_storage]: Opened database '/tmp/experiments_06_formal_20260727/trials/eight_uav_line_to_circle__px4_step__r03/rosbag/rosbag_0.db3' for READ_WRITE.
[INFO] [1785141701.223536769] [rosbag2_recorder]: Listening for topics...
[INFO] [1785141701.223554453] [rosbag2_recorder]: Event publisher thread: Starting
[INFO] [1785141701.223743239] [rosbag2_recorder]: Recording...
[INFO] [1785141701.325665710] [rosbag2_recorder]: Subscribed to topic '/uav4/odom'
[INFO] [1785141701.326395568] [rosbag2_recorder]: Subscribed to topic '/uav7/trajectory_metrics'
[INFO] [1785141701.326799591] [rosbag2_recorder]: Subscribed to topic '/uav4/status'
[INFO] [1785141701.327189999] [rosbag2_recorder]: Subscribed to topic '/uav4/trajectory_metrics'
[INFO] [1785141701.327585596] [rosbag2_recorder]: Subscribed to topic '/uav6/odom'
[INFO] [1785141701.327970182] [rosbag2_recorder]: Subscribed to topic '/uav6/status'
[INFO] [1785141701.328360339] [rosbag2_recorder]: Subscribed to topic '/uav6/trajectory_metrics'
[INFO] [1785141701.328751598] [rosbag2_recorder]: Subscribed to topic '/uav7/odom'
[INFO] [1785141701.329191489] [rosbag2_recorder]: Subscribed to topic '/uav7/status'
[INFO] [1785141701.433292052] [rosbag2_recorder]: Subscribed to topic '/px4_8/fmu/out/vehicle_odometry'
[INFO] [1785141701.434031208] [rosbag2_recorder]: Subscribed to topic '/px4_6/fmu/out/vehicle_status'
[INFO] [1785141701.434473253] [rosbag2_recorder]: Subscribed to topic '/px4_7/fmu/out/vehicle_status'
[INFO] [1785141701.434935767] [rosbag2_recorder]: Subscribed to topic '/px4_6/fmu/out/vehicle_odometry'
[INFO] [1785141701.435481798] [rosbag2_recorder]: Subscribed to topic '/uav2/trajectory_metrics'
[INFO] [1785141701.436051083] [rosbag2_recorder]: Subscribed to topic '/uav2/odom'
[INFO] [1785141701.436669231] [rosbag2_recorder]: Subscribed to topic '/px4_8/fmu/out/vehicle_status'
[INFO] [1785141701.437322544] [rosbag2_recorder]: Subscribed to topic '/px4_3/fmu/out/vehicle_status'
[INFO] [1785141701.437930803] [rosbag2_recorder]: Subscribed to topic '/px4_7/fmu/out/vehicle_odometry'
[INFO] [1785141701.438568287] [rosbag2_recorder]: Subscribed to topic '/px4_1/fmu/out/vehicle_odometry'
[INFO] [1785141701.439102336] [rosbag2_recorder]: Subscribed to topic '/px4_1/fmu/out/vehicle_status'
[INFO] [1785141701.439606297] [rosbag2_recorder]: Subscribed to topic '/px4_3/fmu/out/vehicle_odometry'
[INFO] [1785141701.440059654] [rosbag2_recorder]: Subscribed to topic '/px4_4/fmu/out/vehicle_odometry'
[INFO] [1785141701.440514432] [rosbag2_recorder]: Subscribed to topic '/px4_4/fmu/out/vehicle_status'
[INFO] [1785141701.440990061] [rosbag2_recorder]: Subscribed to topic '/px4_5/fmu/out/vehicle_odometry'
[INFO] [1785141701.441442395] [rosbag2_recorder]: Subscribed to topic '/uav2/status'
[INFO] [1785141701.441894970] [rosbag2_recorder]: Subscribed to topic '/px4_5/fmu/out/vehicle_status'
[INFO] [1785141701.544794936] [rosbag2_recorder]: Subscribed to topic '/px4_2/fmu/out/vehicle_odometry'
[INFO] [1785141701.545230900] [rosbag2_recorder]: Subscribed to topic '/px4_2/fmu/out/vehicle_status'
[INFO] [1785141702.323592460] [rosbag2_recorder]: Subscribed to topic '/uav3/status'
[INFO] [1785141702.327679048] [rosbag2_recorder]: Subscribed to topic '/uav3/odom'
[INFO] [1785141702.332129794] [rosbag2_recorder]: Subscribed to topic '/uav5/trajectory_metrics'
[INFO] [1785141702.336117665] [rosbag2_recorder]: Subscribed to topic '/uav1/odom'
[INFO] [1785141702.336915933] [rosbag2_recorder]: Subscribed to topic '/uav8/odom'
[INFO] [1785141702.337645140] [rosbag2_recorder]: Subscribed to topic '/uav1/trajectory_metrics'
[INFO] [1785141702.338248660] [rosbag2_recorder]: Subscribed to topic '/uav5/odom'
[INFO] [1785141702.338812194] [rosbag2_recorder]: Subscribed to topic '/uav8/status'
[INFO] [1785141702.339351753] [rosbag2_recorder]: Subscribed to topic '/uav1/status'
[INFO] [1785141702.339927190] [rosbag2_recorder]: Subscribed to topic '/uav3/trajectory_metrics'
[INFO] [1785141702.340509029] [rosbag2_recorder]: Subscribed to topic '/uav5/status'
[INFO] [1785141702.341149769] [rosbag2_recorder]: Subscribed to topic '/uav8/trajectory_metrics'
[INFO] [1785141703.902736455] [rosbag2_recorder]: Subscribed to topic '/uav3/swarm_command'
[INFO] [1785141703.903565190] [rosbag2_recorder]: Subscribed to topic '/uav1/swarm_command'
[INFO] [1785141703.904438019] [rosbag2_recorder]: Subscribed to topic '/uav2/swarm_command'
[INFO] [1785141703.905128352] [rosbag2_recorder]: Subscribed to topic '/uav5/swarm_command'
[INFO] [1785141703.920966615] [rosbag2_recorder]: Subscribed to topic '/uav7/swarm_command'
[INFO] [1785141703.938158423] [rosbag2_recorder]: Subscribed to topic '/uav4/swarm_command'
[INFO] [1785141703.938781680] [rosbag2_recorder]: Subscribed to topic '/uav6/swarm_command'
[INFO] [1785141703.939336698] [rosbag2_recorder]: Subscribed to topic '/uav8/swarm_command'
[INFO] [1785141703.939353560] [rosbag2_recorder]: All requested topics are subscribed. Stopping discovery...
[INFO] [1785141738.323069948] [rosbag2_cpp]: Writing remaining messages from cache to the bag. It may take a while
[INFO] [1785141738.326153542] [rosbag2_recorder]: Event publisher thread: Exiting
[INFO] [1785141738.326200731] [rosbag2_recorder]: Recording stopped
