[INFO] [1785138894.928406261] [rosbag2_recorder]: Press SPACE for pausing/resuming
[INFO] [1785138894.930154367] [rosbag2_storage]: Opened database '/tmp/experiments_06_formal_20260727/trials/eight_uav_line_to_circle__px4_step__r04/rosbag/rosbag_0.db3' for READ_WRITE.
[INFO] [1785138894.931334929] [rosbag2_recorder]: Listening for topics...
[INFO] [1785138894.931352382] [rosbag2_recorder]: Event publisher thread: Starting
[INFO] [1785138894.933857539] [rosbag2_recorder]: Subscribed to topic '/uav2/trajectory_metrics'
[INFO] [1785138894.934772108] [rosbag2_recorder]: Subscribed to topic '/uav2/status'
[INFO] [1785138894.935591548] [rosbag2_recorder]: Subscribed to topic '/uav2/odom'
[INFO] [1785138894.935663905] [rosbag2_recorder]: Recording...
[INFO] [1785138894.938120921] [rosbag2_recorder]: Subscribed to topic '/uav5/status'
[INFO] [1785138894.939005122] [rosbag2_recorder]: Subscribed to topic '/uav1/odom'
[INFO] [1785138894.939743429] [rosbag2_recorder]: Subscribed to topic '/uav8/status'
[INFO] [1785138894.940606501] [rosbag2_recorder]: Subscribed to topic '/uav1/status'
[INFO] [1785138894.942253855] [rosbag2_recorder]: Subscribed to topic '/uav5/odom'
[INFO] [1785138894.943099995] [rosbag2_recorder]: Subscribed to topic '/uav7/status'
[INFO] [1785138894.943922190] [rosbag2_recorder]: Subscribed to topic '/uav6/odom'
[INFO] [1785138894.944625781] [rosbag2_recorder]: Subscribed to topic '/uav4/trajectory_metrics'
[INFO] [1785138894.945850236] [rosbag2_recorder]: Subscribed to topic '/uav5/trajectory_metrics'
[INFO] [1785138894.946769244] [rosbag2_recorder]: Subscribed to topic '/uav4/status'
[INFO] [1785138894.947560610] [rosbag2_recorder]: Subscribed to topic '/uav7/odom'
[INFO] [1785138894.948226259] [rosbag2_recorder]: Subscribed to topic '/uav6/trajectory_metrics'
[INFO] [1785138894.948878111] [rosbag2_recorder]: Subscribed to topic '/uav3/status'
[INFO] [1785138894.949431017] [rosbag2_recorder]: Subscribed to topic '/uav4/odom'
[INFO] [1785138894.949919090] [rosbag2_recorder]: Subscribed to topic '/uav6/status'
[INFO] [1785138894.950381654] [rosbag2_recorder]: Subscribed to topic '/uav3/odom'
[INFO] [1785138895.052383429] [rosbag2_recorder]: Subscribed to topic '/uav3/trajectory_metrics'
[INFO] [1785138895.052913051] [rosbag2_recorder]: Subscribed to topic '/uav8/trajectory_metrics'
[INFO] [1785138895.053389942] [rosbag2_recorder]: Subscribed to topic '/uav7/trajectory_metrics'
[INFO] [1785138895.053852216] [rosbag2_recorder]: Subscribed to topic '/uav1/trajectory_metrics'
[INFO] [1785138895.054284654] [rosbag2_recorder]: Subscribed to topic '/uav8/odom'
[INFO] [1785138895.159210708] [rosbag2_recorder]: Subscribed to topic '/px4_7/fmu/out/vehicle_odometry'
[INFO] [1785138895.159765116] [rosbag2_recorder]: Subscribed to topic '/px4_2/fmu/out/vehicle_odometry'
[INFO] [1785138895.160266294] [rosbag2_recorder]: Subscribed to topic '/px4_8/fmu/out/vehicle_odometry'
[INFO] [1785138895.160718760] [rosbag2_recorder]: Subscribed to topic '/px4_1/fmu/out/vehicle_odometry'
[INFO] [1785138895.161116652] [rosbag2_recorder]: Subscribed to topic '/px4_3/fmu/out/vehicle_odometry'
[INFO] [1785138895.161523672] [rosbag2_recorder]: Subscribed to topic '/px4_4/fmu/out/vehicle_odometry'
[INFO] [1785138895.161905063] [rosbag2_recorder]: Subscribed to topic '/px4_5/fmu/out/vehicle_odometry'
[INFO] [1785138895.162344464] [rosbag2_recorder]: Subscribed to topic '/px4_6/fmu/out/vehicle_odometry'
[INFO] [1785138897.644502349] [rosbag2_recorder]: Subscribed to topic '/uav3/swarm_command'
[INFO] [1785138897.645193676] [rosbag2_recorder]: Subscribed to topic '/uav5/swarm_command'
[INFO] [1785138897.645770046] [rosbag2_recorder]: Subscribed to topic '/uav2/swarm_command'
[INFO] [1785138897.646310478] [rosbag2_recorder]: Subscribed to topic '/uav1/swarm_command'
[INFO] [1785138897.646815573] [rosbag2_recorder]: Subscribed to topic '/uav7/swarm_command'
[INFO] [1785138897.647531907] [rosbag2_recorder]: Subscribed to topic '/uav4/swarm_command'
[INFO] [1785138897.648300020] [rosbag2_recorder]: Subscribed to topic '/uav6/swarm_command'
[INFO] [1785138897.648969636] [rosbag2_recorder]: Subscribed to topic '/uav8/swarm_command'
[INFO] [1785138897.649007307] [rosbag2_recorder]: All requested topics are subscribed. Stopping discovery...
[INFO] [1785138932.238811164] [rosbag2_cpp]: Writing remaining messages from cache to the bag. It may take a while
[INFO] [1785138932.241676722] [rosbag2_recorder]: Event publisher thread: Exiting
[INFO] [1785138932.241724171] [rosbag2_recorder]: Recording stopped
