[INFO] [1785142324.060117133] [rosbag2_recorder]: Press SPACE for pausing/resuming
[INFO] [1785142324.061081550] [rosbag2_storage]: Opened database '/tmp/experiments_06_formal_20260727/trials/five_uav_circle__linear_ladrc__r02/rosbag/rosbag_0.db3' for READ_WRITE.
[INFO] [1785142324.061535482] [rosbag2_recorder]: Listening for topics...
[INFO] [1785142324.061551836] [rosbag2_recorder]: Event publisher thread: Starting
[INFO] [1785142324.061622289] [rosbag2_recorder]: Recording...
[INFO] [1785142324.464946980] [rosbag2_recorder]: Subscribed to topic '/px4_1/fmu/out/vehicle_odometry'
[INFO] [1785142324.465915442] [rosbag2_recorder]: Subscribed to topic '/px4_1/fmu/out/vehicle_status'
[INFO] [1785142324.466988558] [rosbag2_recorder]: Subscribed to topic '/px4_4/fmu/out/vehicle_odometry'
[INFO] [1785142324.467511601] [rosbag2_recorder]: Subscribed to topic '/px4_5/fmu/out/vehicle_odometry'
[INFO] [1785142324.569723390] [rosbag2_recorder]: Subscribed to topic '/uav2/status'
[INFO] [1785142324.570156883] [rosbag2_recorder]: Subscribed to topic '/px4_5/fmu/out/vehicle_status'
[INFO] [1785142324.570726033] [rosbag2_recorder]: Subscribed to topic '/uav2/odom'
[INFO] [1785142324.571337054] [rosbag2_recorder]: Subscribed to topic '/uav1/trajectory_metrics'
[INFO] [1785142324.571768003] [rosbag2_recorder]: Subscribed to topic '/px4_4/fmu/out/vehicle_status'
[INFO] [1785142324.572254933] [rosbag2_recorder]: Subscribed to topic '/uav4/odom'
[INFO] [1785142324.572725870] [rosbag2_recorder]: Subscribed to topic '/uav5/odom'
[INFO] [1785142324.573106426] [rosbag2_recorder]: Subscribed to topic '/uav1/status'
[INFO] [1785142324.573482885] [rosbag2_recorder]: Subscribed to topic '/uav3/odom'
[INFO] [1785142324.573848107] [rosbag2_recorder]: Subscribed to topic '/px4_3/fmu/out/vehicle_status'
[INFO] [1785142324.574234461] [rosbag2_recorder]: Subscribed to topic '/uav5/trajectory_metrics'
[INFO] [1785142324.574617159] [rosbag2_recorder]: Subscribed to topic '/uav4/status'
[INFO] [1785142324.575027909] [rosbag2_recorder]: Subscribed to topic '/uav4/trajectory_metrics'
[INFO] [1785142324.575462703] [rosbag2_recorder]: Subscribed to topic '/uav3/trajectory_metrics'
[INFO] [1785142324.575836188] [rosbag2_recorder]: Subscribed to topic '/uav3/status'
[INFO] [1785142324.576210824] [rosbag2_recorder]: Subscribed to topic '/uav2/trajectory_metrics'
[INFO] [1785142324.576592020] [rosbag2_recorder]: Subscribed to topic '/uav5/status'
[INFO] [1785142324.576944435] [rosbag2_recorder]: Subscribed to topic '/uav1/odom'
[INFO] [1785142324.577323197] [rosbag2_recorder]: Subscribed to topic '/px4_3/fmu/out/vehicle_odometry'
[INFO] [1785142325.084790487] [rosbag2_recorder]: Subscribed to topic '/px4_2/fmu/out/vehicle_status'
[INFO] [1785142325.085379307] [rosbag2_recorder]: Subscribed to topic '/px4_2/fmu/out/vehicle_odometry'
[INFO] [1785142327.127623760] [rosbag2_recorder]: Subscribed to topic '/uav3/swarm_command'
[INFO] [1785142327.128174006] [rosbag2_recorder]: Subscribed to topic '/uav4/swarm_command'
[INFO] [1785142327.128698534] [rosbag2_recorder]: Subscribed to topic '/uav5/swarm_command'
[INFO] [1785142327.129212988] [rosbag2_recorder]: Subscribed to topic '/uav2/swarm_command'
[INFO] [1785142327.129757796] [rosbag2_recorder]: Subscribed to topic '/uav1/swarm_command'
[INFO] [1785142327.129770485] [rosbag2_recorder]: All requested topics are subscribed. Stopping discovery...
[INFO] [1785142358.359132302] [rosbag2_cpp]: Writing remaining messages from cache to the bag. It may take a while
[INFO] [1785142358.361031269] [rosbag2_recorder]: Event publisher thread: Exiting
[INFO] [1785142358.361089608] [rosbag2_recorder]: Recording stopped
