[INFO] [1785137704.231514345] [rosbag2_recorder]: Press SPACE for pausing/resuming
[INFO] [1785137704.233251397] [rosbag2_storage]: Opened database '/tmp/experiments_06_formal_20260727/trials/five_uav_circle__px4_step__r05/rosbag/rosbag_0.db3' for READ_WRITE.
[INFO] [1785137704.234008795] [rosbag2_recorder]: Listening for topics...
[INFO] [1785137704.234030867] [rosbag2_recorder]: Event publisher thread: Starting
[INFO] [1785137704.236766018] [rosbag2_recorder]: Subscribed to topic '/uav3/trajectory_metrics'
[INFO] [1785137704.237395231] [rosbag2_recorder]: Subscribed to topic '/uav3/odom'
[INFO] [1785137704.237977364] [rosbag2_recorder]: Subscribed to topic '/uav4/odom'
[INFO] [1785137704.238568595] [rosbag2_recorder]: Subscribed to topic '/uav3/status'
[INFO] [1785137704.239083760] [rosbag2_recorder]: Subscribed to topic '/uav2/status'
[INFO] [1785137704.239606810] [rosbag2_recorder]: Subscribed to topic '/uav4/trajectory_metrics'
[INFO] [1785137704.240241544] [rosbag2_recorder]: Subscribed to topic '/uav4/status'
[INFO] [1785137704.241029902] [rosbag2_recorder]: Subscribed to topic '/uav2/odom'
[INFO] [1785137704.241778623] [rosbag2_recorder]: Subscribed to topic '/uav1/status'
[INFO] [1785137704.242436702] [rosbag2_recorder]: Subscribed to topic '/uav2/trajectory_metrics'
[INFO] [1785137704.242973007] [rosbag2_recorder]: Subscribed to topic '/uav1/trajectory_metrics'
[INFO] [1785137704.243810549] [rosbag2_recorder]: Subscribed to topic '/uav1/odom'
[INFO] [1785137704.243868169] [rosbag2_recorder]: Recording...
[INFO] [1785137704.246611856] [rosbag2_recorder]: Subscribed to topic '/px4_1/fmu/out/vehicle_odometry'
[INFO] [1785137704.247017551] [rosbag2_recorder]: Subscribed to topic '/px4_5/fmu/out/vehicle_odometry'
[INFO] [1785137704.247409922] [rosbag2_recorder]: Subscribed to topic '/px4_4/fmu/out/vehicle_odometry'
[INFO] [1785137704.247803264] [rosbag2_recorder]: Subscribed to topic '/px4_3/fmu/out/vehicle_odometry'
[INFO] [1785137704.248160988] [rosbag2_recorder]: Subscribed to topic '/px4_2/fmu/out/vehicle_odometry'
[INFO] [1785137705.262368553] [rosbag2_recorder]: Subscribed to topic '/uav5/status'
[INFO] [1785137705.262742348] [rosbag2_recorder]: Subscribed to topic '/uav5/trajectory_metrics'
[INFO] [1785137705.263090784] [rosbag2_recorder]: Subscribed to topic '/uav5/odom'
[INFO] [1785137706.383293973] [rosbag2_recorder]: Subscribed to topic '/uav3/swarm_command'
[INFO] [1785137706.383692525] [rosbag2_recorder]: Subscribed to topic '/uav4/swarm_command'
[INFO] [1785137706.384059637] [rosbag2_recorder]: Subscribed to topic '/uav1/swarm_command'
[INFO] [1785137706.384412802] [rosbag2_recorder]: Subscribed to topic '/uav2/swarm_command'
[INFO] [1785137706.384793059] [rosbag2_recorder]: Subscribed to topic '/uav5/swarm_command'
[INFO] [1785137706.384803970] [rosbag2_recorder]: All requested topics are subscribed. Stopping discovery...
[INFO] [1785137719.862682207] [rosbag2_cpp]: Writing remaining messages from cache to the bag. It may take a while
[INFO] [1785137719.864178778] [rosbag2_recorder]: Event publisher thread: Exiting
[INFO] [1785137719.864223934] [rosbag2_recorder]: Recording stopped
