[INFO] [1785143004.542024997] [rosbag2_recorder]: Press SPACE for pausing/resuming
[INFO] [1785143004.543775339] [rosbag2_storage]: Opened database '/tmp/experiments_06_formal_20260727/trials/eight_uav_line_to_circle__linear_ladrc__r05/rosbag/rosbag_0.db3' for READ_WRITE.
[INFO] [1785143004.545154893] [rosbag2_recorder]: Listening for topics...
[INFO] [1785143004.545333655] [rosbag2_recorder]: Recording...
[INFO] [1785143004.545397250] [rosbag2_recorder]: Event publisher thread: Starting
[INFO] [1785143004.648525153] [rosbag2_recorder]: Subscribed to topic '/uav3/trajectory_metrics'
[INFO] [1785143004.648910317] [rosbag2_recorder]: Subscribed to topic '/uav4/trajectory_metrics'
[INFO] [1785143004.649429091] [rosbag2_recorder]: Subscribed to topic '/uav3/odom'
[INFO] [1785143004.649863543] [rosbag2_recorder]: Subscribed to topic '/uav6/status'
[INFO] [1785143004.650263654] [rosbag2_recorder]: Subscribed to topic '/uav4/odom'
[INFO] [1785143004.650665708] [rosbag2_recorder]: Subscribed to topic '/uav1/trajectory_metrics'
[INFO] [1785143004.651099840] [rosbag2_recorder]: Subscribed to topic '/uav3/status'
[INFO] [1785143004.651494721] [rosbag2_recorder]: Subscribed to topic '/uav6/trajectory_metrics'
[INFO] [1785143004.651887037] [rosbag2_recorder]: Subscribed to topic '/uav2/status'
[INFO] [1785143004.652292387] [rosbag2_recorder]: Subscribed to topic '/uav7/odom'
[INFO] [1785143004.652677371] [rosbag2_recorder]: Subscribed to topic '/uav8/status'
[INFO] [1785143004.653063396] [rosbag2_recorder]: Subscribed to topic '/uav1/status'
[INFO] [1785143004.653474085] [rosbag2_recorder]: Subscribed to topic '/uav5/odom'
[INFO] [1785143004.653855172] [rosbag2_recorder]: Subscribed to topic '/uav8/odom'
[INFO] [1785143004.654249221] [rosbag2_recorder]: Subscribed to topic '/uav7/trajectory_metrics'
[INFO] [1785143004.654640676] [rosbag2_recorder]: Subscribed to topic '/uav7/status'
[INFO] [1785143004.655086389] [rosbag2_recorder]: Subscribed to topic '/uav1/odom'
[INFO] [1785143004.655496387] [rosbag2_recorder]: Subscribed to topic '/uav5/status'
[INFO] [1785143004.655880740] [rosbag2_recorder]: Subscribed to topic '/uav6/odom'
[INFO] [1785143004.656270672] [rosbag2_recorder]: Subscribed to topic '/uav2/trajectory_metrics'
[INFO] [1785143004.656650155] [rosbag2_recorder]: Subscribed to topic '/uav8/trajectory_metrics'
[INFO] [1785143004.657019060] [rosbag2_recorder]: Subscribed to topic '/uav2/odom'
[INFO] [1785143004.657408531] [rosbag2_recorder]: Subscribed to topic '/uav4/status'
[INFO] [1785143004.657784819] [rosbag2_recorder]: Subscribed to topic '/uav5/trajectory_metrics'
[INFO] [1785143004.761096222] [rosbag2_recorder]: Subscribed to topic '/px4_5/fmu/out/vehicle_status'
[INFO] [1785143004.761605730] [rosbag2_recorder]: Subscribed to topic '/px4_5/fmu/out/vehicle_odometry'
[INFO] [1785143004.762125305] [rosbag2_recorder]: Subscribed to topic '/px4_3/fmu/out/vehicle_status'
[INFO] [1785143004.762595803] [rosbag2_recorder]: Subscribed to topic '/px4_3/fmu/out/vehicle_odometry'
[INFO] [1785143004.865245254] [rosbag2_recorder]: Subscribed to topic '/px4_4/fmu/out/vehicle_odometry'
[INFO] [1785143004.865727743] [rosbag2_recorder]: Subscribed to topic '/px4_4/fmu/out/vehicle_status'
[INFO] [1785143005.179455902] [rosbag2_recorder]: Subscribed to topic '/px4_8/fmu/out/vehicle_odometry'
[INFO] [1785143005.182605283] [rosbag2_recorder]: Subscribed to topic '/px4_8/fmu/out/vehicle_status'
[INFO] [1785143005.286313892] [rosbag2_recorder]: Subscribed to topic '/px4_1/fmu/out/vehicle_status'
[INFO] [1785143005.286864944] [rosbag2_recorder]: Subscribed to topic '/px4_6/fmu/out/vehicle_odometry'
[INFO] [1785143005.287430322] [rosbag2_recorder]: Subscribed to topic '/px4_1/fmu/out/vehicle_odometry'
[INFO] [1785143005.288110467] [rosbag2_recorder]: Subscribed to topic '/px4_6/fmu/out/vehicle_status'
[INFO] [1785143005.391926409] [rosbag2_recorder]: Subscribed to topic '/px4_7/fmu/out/vehicle_odometry'
[INFO] [1785143005.392462114] [rosbag2_recorder]: Subscribed to topic '/px4_7/fmu/out/vehicle_status'
[INFO] [1785143005.392992609] [rosbag2_recorder]: Subscribed to topic '/px4_2/fmu/out/vehicle_odometry'
[INFO] [1785143005.393533664] [rosbag2_recorder]: Subscribed to topic '/px4_2/fmu/out/vehicle_status'
[INFO] [1785143007.579534003] [rosbag2_recorder]: Subscribed to topic '/uav3/swarm_command'
[INFO] [1785143007.580253258] [rosbag2_recorder]: Subscribed to topic '/uav1/swarm_command'
[INFO] [1785143007.580886418] [rosbag2_recorder]: Subscribed to topic '/uav2/swarm_command'
[INFO] [1785143007.581509520] [rosbag2_recorder]: Subscribed to topic '/uav5/swarm_command'
[INFO] [1785143007.582109921] [rosbag2_recorder]: Subscribed to topic '/uav7/swarm_command'
[INFO] [1785143007.582742450] [rosbag2_recorder]: Subscribed to topic '/uav4/swarm_command'
[INFO] [1785143007.583482963] [rosbag2_recorder]: Subscribed to topic '/uav6/swarm_command'
[INFO] [1785143007.592685991] [rosbag2_recorder]: Subscribed to topic '/uav8/swarm_command'
[INFO] [1785143007.592715945] [rosbag2_recorder]: All requested topics are subscribed. Stopping discovery...
[INFO] [1785143042.606234544] [rosbag2_cpp]: Writing remaining messages from cache to the bag. It may take a while
[INFO] [1785143042.609196199] [rosbag2_recorder]: Event publisher thread: Exiting
[INFO] [1785143042.609243674] [rosbag2_recorder]: Recording stopped
