[INFO] [launch]: All log files can be found below /home/yihuang/.ros/log/2026-07-27-15-59-45-325216-JIAOLONG-Series-445644
[INFO] [launch]: Default logging verbosity is set to INFO
[INFO] [ladrc_position_controller_node-1]: process started with pid [445680]
[INFO] [ladrc_position_controller_node-2]: process started with pid [445682]
[INFO] [ladrc_position_controller_node-3]: process started with pid [445684]
[INFO] [ladrc_position_controller_node-4]: process started with pid [445686]
[INFO] [ladrc_position_controller_node-5]: process started with pid [445688]
[INFO] [ladrc_position_controller_node-6]: process started with pid [445690]
[INFO] [ladrc_position_controller_node-7]: process started with pid [445692]
[INFO] [ladrc_position_controller_node-8]: process started with pid [445694]
[ladrc_position_controller_node-2] [0m[INFO] [1785139185.428184614] [uav2.ladrc_position_controller]: 已创建 7 个邻居 Odom 订阅[0m
[ladrc_position_controller_node-8] [0m[INFO] [1785139185.430731367] [uav8.ladrc_position_controller]: 已创建 7 个邻居 Odom 订阅[0m
[ladrc_position_controller_node-2] [0m[INFO] [1785139185.432007388] [uav2.ladrc_position_controller]: LADRC 集群执行节点已初始化 (命名空间: /uav2), ENU偏移=[0.0, 6.0, 0.0][0m
[ladrc_position_controller_node-2] [0m[INFO] [1785139185.432042354] [uav2.ladrc_position_controller]: 等待 swarm_command 和 vehicle_odometry 消息...[0m
[ladrc_position_controller_node-7] [0m[INFO] [1785139185.436026303] [uav7.ladrc_position_controller]: 已创建 7 个邻居 Odom 订阅[0m
[ladrc_position_controller_node-4] [0m[INFO] [1785139185.436785619] [uav4.ladrc_position_controller]: 已创建 7 个邻居 Odom 订阅[0m
[ladrc_position_controller_node-6] [0m[INFO] [1785139185.437892380] [uav6.ladrc_position_controller]: 已创建 7 个邻居 Odom 订阅[0m
[ladrc_position_controller_node-3] [0m[INFO] [1785139185.440711418] [uav3.ladrc_position_controller]: 已创建 7 个邻居 Odom 订阅[0m
[ladrc_position_controller_node-7] [0m[INFO] [1785139185.440845471] [uav7.ladrc_position_controller]: LADRC 集群执行节点已初始化 (命名空间: /uav7), ENU偏移=[0.0, 21.0, 0.0][0m
[ladrc_position_controller_node-7] [0m[INFO] [1785139185.440885397] [uav7.ladrc_position_controller]: 等待 swarm_command 和 vehicle_odometry 消息...[0m
[ladrc_position_controller_node-8] [0m[INFO] [1785139185.441298167] [uav8.ladrc_position_controller]: LADRC 集群执行节点已初始化 (命名空间: /uav8), ENU偏移=[0.0, 24.0, 0.0][0m
[ladrc_position_controller_node-8] [0m[INFO] [1785139185.441335137] [uav8.ladrc_position_controller]: 等待 swarm_command 和 vehicle_odometry 消息...[0m
[ladrc_position_controller_node-4] [0m[INFO] [1785139185.442695999] [uav4.ladrc_position_controller]: LADRC 集群执行节点已初始化 (命名空间: /uav4), ENU偏移=[0.0, 12.0, 0.0][0m
[ladrc_position_controller_node-4] [0m[INFO] [1785139185.442735062] [uav4.ladrc_position_controller]: 等待 swarm_command 和 vehicle_odometry 消息...[0m
[ladrc_position_controller_node-6] [0m[INFO] [1785139185.442700517] [uav6.ladrc_position_controller]: LADRC 集群执行节点已初始化 (命名空间: /uav6), ENU偏移=[0.0, 18.0, 0.0][0m
[ladrc_position_controller_node-6] [0m[INFO] [1785139185.442758026] [uav6.ladrc_position_controller]: 等待 swarm_command 和 vehicle_odometry 消息...[0m
[ladrc_position_controller_node-5] [0m[INFO] [1785139185.445089542] [uav5.ladrc_position_controller]: 已创建 7 个邻居 Odom 订阅[0m
[ladrc_position_controller_node-3] [0m[INFO] [1785139185.445402413] [uav3.ladrc_position_controller]: LADRC 集群执行节点已初始化 (命名空间: /uav3), ENU偏移=[0.0, 9.0, 0.0][0m
[ladrc_position_controller_node-3] [0m[INFO] [1785139185.445499537] [uav3.ladrc_position_controller]: 等待 swarm_command 和 vehicle_odometry 消息...[0m
[ladrc_position_controller_node-1] [0m[INFO] [1785139185.449705235] [uav1.ladrc_position_controller]: 已创建 7 个邻居 Odom 订阅[0m
[ladrc_position_controller_node-5] [0m[INFO] [1785139185.450956911] [uav5.ladrc_position_controller]: LADRC 集群执行节点已初始化 (命名空间: /uav5), ENU偏移=[0.0, 15.0, 0.0][0m
[ladrc_position_controller_node-5] [0m[INFO] [1785139185.450993901] [uav5.ladrc_position_controller]: 等待 swarm_command 和 vehicle_odometry 消息...[0m
[ladrc_position_controller_node-2] [33m[WARN] [1785139185.452357378] [uav2.ladrc_position_controller]: 等待状态机进入 RUNNING_TRAJECTORY... (当前: 0)[0m
[ladrc_position_controller_node-1] [0m[INFO] [1785139185.455706267] [uav1.ladrc_position_controller]: LADRC 集群执行节点已初始化 (命名空间: /uav1), ENU偏移=[0.0, 3.0, 0.0][0m
[ladrc_position_controller_node-1] [0m[INFO] [1785139185.455734239] [uav1.ladrc_position_controller]: 等待 swarm_command 和 vehicle_odometry 消息...[0m
[ladrc_position_controller_node-7] [33m[WARN] [1785139185.460935419] [uav7.ladrc_position_controller]: 等待状态机进入 RUNNING_TRAJECTORY... (当前: 0)[0m
[ladrc_position_controller_node-8] [33m[WARN] [1785139185.461398053] [uav8.ladrc_position_controller]: 等待状态机进入 RUNNING_TRAJECTORY... (当前: 0)[0m
[ladrc_position_controller_node-6] [33m[WARN] [1785139185.462796917] [uav6.ladrc_position_controller]: 等待状态机进入 RUNNING_TRAJECTORY... (当前: 0)[0m
[ladrc_position_controller_node-4] [33m[WARN] [1785139185.462804672] [uav4.ladrc_position_controller]: 等待状态机进入 RUNNING_TRAJECTORY... (当前: 0)[0m
[ladrc_position_controller_node-3] [33m[WARN] [1785139185.465546824] [uav3.ladrc_position_controller]: 等待状态机进入 RUNNING_TRAJECTORY... (当前: 0)[0m
[ladrc_position_controller_node-5] [33m[WARN] [1785139185.471067037] [uav5.ladrc_position_controller]: 等待状态机进入 RUNNING_TRAJECTORY... (当前: 0)[0m
[ladrc_position_controller_node-1] [33m[WARN] [1785139185.475800202] [uav1.ladrc_position_controller]: 等待状态机进入 RUNNING_TRAJECTORY... (当前: 0)[0m
[ladrc_position_controller_node-2] [0m[INFO] [1785139185.476047900] [uav2.ladrc_position_controller]: 已接收到 vehicle_odometry 消息[0m
[ladrc_position_controller_node-7] [0m[INFO] [1785139185.528275445] [uav7.ladrc_position_controller]: 已接收到 vehicle_odometry 消息[0m
[ladrc_position_controller_node-3] [0m[INFO] [1785139185.535482856] [uav3.ladrc_position_controller]: 已接收到 vehicle_odometry 消息[0m
[ladrc_position_controller_node-5] [0m[INFO] [1785139185.641902358] [uav5.ladrc_position_controller]: 已接收到 vehicle_odometry 消息[0m
[ladrc_position_controller_node-1] [0m[INFO] [1785139185.642062420] [uav1.ladrc_position_controller]: 已接收到 vehicle_odometry 消息[0m
[ladrc_position_controller_node-4] [0m[INFO] [1785139185.689137216] [uav4.ladrc_position_controller]: 已接收到 vehicle_odometry 消息[0m
[ladrc_position_controller_node-6] [0m[INFO] [1785139185.689465557] [uav6.ladrc_position_controller]: 已接收到 vehicle_odometry 消息[0m
[ladrc_position_controller_node-8] [0m[INFO] [1785139185.753237539] [uav8.ladrc_position_controller]: 已接收到 vehicle_odometry 消息[0m
[ladrc_position_controller_node-7] [33m[WARN] [1785139190.460984085] [uav7.ladrc_position_controller]: 等待状态机进入 RUNNING_TRAJECTORY... (当前: 0)[0m
[ladrc_position_controller_node-8] [33m[WARN] [1785139190.461439225] [uav8.ladrc_position_controller]: 等待状态机进入 RUNNING_TRAJECTORY... (当前: 0)[0m
[ladrc_position_controller_node-4] [33m[WARN] [1785139190.462845983] [uav4.ladrc_position_controller]: 等待状态机进入 RUNNING_TRAJECTORY... (当前: 0)[0m
[ladrc_position_controller_node-6] [33m[WARN] [1785139190.462849089] [uav6.ladrc_position_controller]: 等待状态机进入 RUNNING_TRAJECTORY... (当前: 0)[0m
[ladrc_position_controller_node-5] [33m[WARN] [1785139190.471096797] [uav5.ladrc_position_controller]: 等待状态机进入 RUNNING_TRAJECTORY... (当前: 0)[0m
[ladrc_position_controller_node-2] [33m[WARN] [1785139190.472161178] [uav2.ladrc_position_controller]: 等待状态机进入 RUNNING_TRAJECTORY... (当前: 0)[0m
[ladrc_position_controller_node-1] [33m[WARN] [1785139190.475859978] [uav1.ladrc_position_controller]: 等待状态机进入 RUNNING_TRAJECTORY... (当前: 0)[0m
[ladrc_position_controller_node-3] [33m[WARN] [1785139190.485534973] [uav3.ladrc_position_controller]: 等待状态机进入 RUNNING_TRAJECTORY... (当前: 0)[0m
[ladrc_position_controller_node-7] [33m[WARN] [1785139195.461069156] [uav7.ladrc_position_controller]: 等待状态机进入 RUNNING_TRAJECTORY... (当前: 0)[0m
[ladrc_position_controller_node-8] [33m[WARN] [1785139195.461532341] [uav8.ladrc_position_controller]: 等待状态机进入 RUNNING_TRAJECTORY... (当前: 0)[0m
[ladrc_position_controller_node-4] [33m[WARN] [1785139195.462901208] [uav4.ladrc_position_controller]: 等待状态机进入 RUNNING_TRAJECTORY... (当前: 0)[0m
[ladrc_position_controller_node-6] [33m[WARN] [1785139195.462933459] [uav6.ladrc_position_controller]: 等待状态机进入 RUNNING_TRAJECTORY... (当前: 0)[0m
[ladrc_position_controller_node-5] [33m[WARN] [1785139195.471194972] [uav5.ladrc_position_controller]: 等待状态机进入 RUNNING_TRAJECTORY... (当前: 0)[0m
[ladrc_position_controller_node-2] [33m[WARN] [1785139195.472246099] [uav2.ladrc_position_controller]: 等待状态机进入 RUNNING_TRAJECTORY... (当前: 0)[0m
[ladrc_position_controller_node-1] [33m[WARN] [1785139195.475910614] [uav1.ladrc_position_controller]: 等待状态机进入 RUNNING_TRAJECTORY... (当前: 0)[0m
[ladrc_position_controller_node-3] [33m[WARN] [1785139195.485626356] [uav3.ladrc_position_controller]: 等待状态机进入 RUNNING_TRAJECTORY... (当前: 0)[0m
[ladrc_position_controller_node-2] [0m[INFO] [1785139195.532229700] [uav2.ladrc_position_controller]: 系统稳定，开始解锁 (Arming)...[0m
[ladrc_position_controller_node-7] [0m[INFO] [1785139195.541055580] [uav7.ladrc_position_controller]: 系统稳定，开始解锁 (Arming)...[0m
[ladrc_position_controller_node-8] [0m[INFO] [1785139195.541507474] [uav8.ladrc_position_controller]: 系统稳定，开始解锁 (Arming)...[0m
[ladrc_position_controller_node-4] [0m[INFO] [1785139195.542900787] [uav4.ladrc_position_controller]: 系统稳定，开始解锁 (Arming)...[0m
[ladrc_position_controller_node-6] [0m[INFO] [1785139195.542908501] [uav6.ladrc_position_controller]: 系统稳定，开始解锁 (Arming)...[0m
[ladrc_position_controller_node-3] [0m[INFO] [1785139195.545608965] [uav3.ladrc_position_controller]: 系统稳定，开始解锁 (Arming)...[0m
[ladrc_position_controller_node-5] [0m[INFO] [1785139195.551168792] [uav5.ladrc_position_controller]: 系统稳定，开始解锁 (Arming)...[0m
[ladrc_position_controller_node-1] [0m[INFO] [1785139195.555930361] [uav1.ladrc_position_controller]: 系统稳定，开始解锁 (Arming)...[0m
[ladrc_position_controller_node-2] [0m[INFO] [1785139197.632248416] [uav2.ladrc_position_controller]: 解锁成功。切换到 Offboard 模式...[0m
[ladrc_position_controller_node-7] [0m[INFO] [1785139197.641109001] [uav7.ladrc_position_controller]: 解锁成功。切换到 Offboard 模式...[0m
[ladrc_position_controller_node-8] [0m[INFO] [1785139197.641546378] [uav8.ladrc_position_controller]: 解锁成功。切换到 Offboard 模式...[0m
[ladrc_position_controller_node-4] [0m[INFO] [1785139197.642942817] [uav4.ladrc_position_controller]: 解锁成功。切换到 Offboard 模式...[0m
[ladrc_position_controller_node-6] [0m[INFO] [1785139197.642956332] [uav6.ladrc_position_controller]: 解锁成功。切换到 Offboard 模式...[0m
[ladrc_position_controller_node-3] [0m[INFO] [1785139197.645601622] [uav3.ladrc_position_controller]: 解锁成功。切换到 Offboard 模式...[0m
[ladrc_position_controller_node-5] [0m[INFO] [1785139197.651173802] [uav5.ladrc_position_controller]: 解锁成功。切换到 Offboard 模式...[0m
[ladrc_position_controller_node-1] [0m[INFO] [1785139197.655966149] [uav1.ladrc_position_controller]: 解锁成功。切换到 Offboard 模式...[0m
[ladrc_position_controller_node-2] [0m[INFO] [1785139198.732264536] [uav2.ladrc_position_controller]: Offboard 模式已激活。LADRC 控制器接管。[0m
[ladrc_position_controller_node-7] [0m[INFO] [1785139198.741097398] [uav7.ladrc_position_controller]: Offboard 模式已激活。LADRC 控制器接管。[0m
[ladrc_position_controller_node-8] [0m[INFO] [1785139198.741607913] [uav8.ladrc_position_controller]: Offboard 模式已激活。LADRC 控制器接管。[0m
[ladrc_position_controller_node-4] [0m[INFO] [1785139198.742945742] [uav4.ladrc_position_controller]: Offboard 模式已激活。LADRC 控制器接管。[0m
[ladrc_position_controller_node-6] [0m[INFO] [1785139198.742964978] [uav6.ladrc_position_controller]: Offboard 模式已激活。LADRC 控制器接管。[0m
[ladrc_position_controller_node-3] [0m[INFO] [1785139198.745610197] [uav3.ladrc_position_controller]: Offboard 模式已激活。LADRC 控制器接管。[0m
[ladrc_position_controller_node-5] [0m[INFO] [1785139198.751169894] [uav5.ladrc_position_controller]: Offboard 模式已激活。LADRC 控制器接管。[0m
[ladrc_position_controller_node-2] [0m[INFO] [1785139198.752270614] [uav2.ladrc_position_controller]: UAV2 悬停保持锁定: [0.00, 0.01, -0.13][0m
[ladrc_position_controller_node-2] [0m[INFO] [1785139198.752321721] [uav2.ladrc_position_controller]: UAV2 悬停保持 Pos[0.00,0.01,-0.13][0m
[ladrc_position_controller_node-1] [0m[INFO] [1785139198.755970767] [uav1.ladrc_position_controller]: Offboard 模式已激活。LADRC 控制器接管。[0m
[ladrc_position_controller_node-7] [0m[INFO] [1785139198.761097296] [uav7.ladrc_position_controller]: UAV7 悬停保持锁定: [-0.00, 0.01, -0.08][0m
[ladrc_position_controller_node-7] [0m[INFO] [1785139198.761131320] [uav7.ladrc_position_controller]: UAV7 悬停保持 Pos[-0.00,0.01,-0.08][0m
[ladrc_position_controller_node-8] [0m[INFO] [1785139198.761508893] [uav8.ladrc_position_controller]: UAV8 悬停保持锁定: [0.00, 0.02, -0.07][0m
[ladrc_position_controller_node-8] [0m[INFO] [1785139198.761546605] [uav8.ladrc_position_controller]: UAV8 悬停保持 Pos[0.00,0.02,-0.07][0m
[ladrc_position_controller_node-4] [0m[INFO] [1785139198.762959605] [uav4.ladrc_position_controller]: UAV4 悬停保持锁定: [0.03, 0.02, -0.11][0m
[ladrc_position_controller_node-6] [0m[INFO] [1785139198.762962310] [uav6.ladrc_position_controller]: UAV6 悬停保持锁定: [0.00, 0.02, -0.08][0m
[ladrc_position_controller_node-4] [0m[INFO] [1785139198.763008978] [uav4.ladrc_position_controller]: UAV4 悬停保持 Pos[0.03,0.02,-0.11][0m
[ladrc_position_controller_node-6] [0m[INFO] [1785139198.763011844] [uav6.ladrc_position_controller]: UAV6 悬停保持 Pos[0.00,0.02,-0.08][0m
[ladrc_position_controller_node-3] [0m[INFO] [1785139198.765636023] [uav3.ladrc_position_controller]: UAV3 悬停保持锁定: [0.03, 0.01, -0.12][0m
[ladrc_position_controller_node-3] [0m[INFO] [1785139198.765682862] [uav3.ladrc_position_controller]: UAV3 悬停保持 Pos[0.03,0.01,-0.12][0m
[ladrc_position_controller_node-5] [0m[INFO] [1785139198.771169481] [uav5.ladrc_position_controller]: UAV5 悬停保持锁定: [0.02, 0.01, -0.09][0m
[ladrc_position_controller_node-5] [0m[INFO] [1785139198.771204347] [uav5.ladrc_position_controller]: UAV5 悬停保持 Pos[0.02,0.01,-0.09][0m
[ladrc_position_controller_node-1] [0m[INFO] [1785139198.775966416] [uav1.ladrc_position_controller]: UAV1 悬停保持锁定: [0.00, 0.01, -0.13][0m
[ladrc_position_controller_node-1] [0m[INFO] [1785139198.776013014] [uav1.ladrc_position_controller]: UAV1 悬停保持 Pos[0.00,0.01,-0.13][0m
