[INFO] [1785139203.906239519] [rosbag2_recorder]: Press SPACE for pausing/resuming
[INFO] [1785139203.907981201] [rosbag2_storage]: Opened database '/tmp/experiments_06_formal_20260727/trials/eight_uav_line_to_circle__px4_step__r05/rosbag/rosbag_0.db3' for READ_WRITE.
[INFO] [1785139203.909199453] [rosbag2_recorder]: Listening for topics...
[INFO] [1785139203.910796000] [rosbag2_recorder]: Event publisher thread: Starting
[INFO] [1785139203.912113460] [rosbag2_recorder]: Subscribed to topic '/uav8/status'
[INFO] [1785139203.913001859] [rosbag2_recorder]: Subscribed to topic '/uav7/status'
[INFO] [1785139203.913727731] [rosbag2_recorder]: Subscribed to topic '/uav3/status'
[INFO] [1785139203.914455486] [rosbag2_recorder]: Subscribed to topic '/uav2/status'
[INFO] [1785139203.914535257] [rosbag2_recorder]: Recording...
[INFO] [1785139203.916603626] [rosbag2_recorder]: Subscribed to topic '/uav7/trajectory_metrics'
[INFO] [1785139203.917674489] [rosbag2_recorder]: Subscribed to topic '/uav7/odom'
[INFO] [1785139203.918990096] [rosbag2_recorder]: Subscribed to topic '/uav8/odom'
[INFO] [1785139204.021407810] [rosbag2_recorder]: Subscribed to topic '/uav5/trajectory_metrics'
[INFO] [1785139204.021876145] [rosbag2_recorder]: Subscribed to topic '/uav4/status'
[INFO] [1785139204.022354699] [rosbag2_recorder]: Subscribed to topic '/uav6/status'
[INFO] [1785139204.023982375] [rosbag2_recorder]: Subscribed to topic '/px4_6/fmu/out/vehicle_odometry'
[INFO] [1785139204.024578893] [rosbag2_recorder]: Subscribed to topic '/uav6/odom'
[INFO] [1785139204.025291640] [rosbag2_recorder]: Subscribed to topic '/px4_4/fmu/out/vehicle_odometry'
[INFO] [1785139204.025821661] [rosbag2_recorder]: Subscribed to topic '/px4_5/fmu/out/vehicle_odometry'
[INFO] [1785139204.026443727] [rosbag2_recorder]: Subscribed to topic '/uav5/odom'
[INFO] [1785139204.027109204] [rosbag2_recorder]: Subscribed to topic '/uav2/odom'
[INFO] [1785139204.027699450] [rosbag2_recorder]: Subscribed to topic '/uav4/trajectory_metrics'
[INFO] [1785139204.028251724] [rosbag2_recorder]: Subscribed to topic '/uav6/trajectory_metrics'
[INFO] [1785139204.028788418] [rosbag2_recorder]: Subscribed to topic '/uav4/odom'
[INFO] [1785139204.029285307] [rosbag2_recorder]: Subscribed to topic '/uav8/trajectory_metrics'
[INFO] [1785139204.029782416] [rosbag2_recorder]: Subscribed to topic '/uav2/trajectory_metrics'
[INFO] [1785139204.030343687] [rosbag2_recorder]: Subscribed to topic '/uav5/status'
[INFO] [1785139204.132802479] [rosbag2_recorder]: Subscribed to topic '/px4_2/fmu/out/vehicle_odometry'
[INFO] [1785139204.133232131] [rosbag2_recorder]: Subscribed to topic '/px4_1/fmu/out/vehicle_odometry'
[INFO] [1785139204.950927560] [rosbag2_recorder]: Subscribed to topic '/px4_3/fmu/out/vehicle_odometry'
[INFO] [1785139204.951662359] [rosbag2_recorder]: Subscribed to topic '/uav3/trajectory_metrics'
[INFO] [1785139204.952136374] [rosbag2_recorder]: Subscribed to topic '/uav3/odom'
[INFO] [1785139204.952666877] [rosbag2_recorder]: Subscribed to topic '/px4_7/fmu/out/vehicle_odometry'
[INFO] [1785139204.953078776] [rosbag2_recorder]: Subscribed to topic '/px4_8/fmu/out/vehicle_odometry'
[INFO] [1785139204.953509740] [rosbag2_recorder]: Subscribed to topic '/uav1/status'
[INFO] [1785139204.953915848] [rosbag2_recorder]: Subscribed to topic '/uav1/odom'
[INFO] [1785139204.954355979] [rosbag2_recorder]: Subscribed to topic '/uav1/trajectory_metrics'
[INFO] [1785139205.989687896] [rosbag2_recorder]: Subscribed to topic '/uav3/swarm_command'
[INFO] [1785139205.990465005] [rosbag2_recorder]: Subscribed to topic '/uav5/swarm_command'
[INFO] [1785139205.991109873] [rosbag2_recorder]: Subscribed to topic '/uav2/swarm_command'
[INFO] [1785139205.991674250] [rosbag2_recorder]: Subscribed to topic '/uav1/swarm_command'
[INFO] [1785139205.992165669] [rosbag2_recorder]: Subscribed to topic '/uav7/swarm_command'
[INFO] [1785139205.992760813] [rosbag2_recorder]: Subscribed to topic '/uav4/swarm_command'
[INFO] [1785139205.993280225] [rosbag2_recorder]: Subscribed to topic '/uav6/swarm_command'
[INFO] [1785139205.993858247] [rosbag2_recorder]: Subscribed to topic '/uav8/swarm_command'
[INFO] [1785139205.993898203] [rosbag2_recorder]: All requested topics are subscribed. Stopping discovery...
[INFO] [1785139206.316618724] [rosbag2_cpp]: Writing remaining messages from cache to the bag. It may take a while
[INFO] [1785139206.318612351] [rosbag2_recorder]: Event publisher thread: Exiting
[INFO] [1785139206.318655653] [rosbag2_recorder]: Recording stopped
