[INFO] [launch]: All log files can be found below /home/yihuang/.ros/log/2026-07-28-15-39-41-831009-JIAOLONG-Series-311759
[INFO] [launch]: Default logging verbosity is set to INFO
[INFO] [ladrc_position_controller_node-1]: process started with pid [311790]
[INFO] [ladrc_position_controller_node-2]: process started with pid [311792]
[INFO] [ladrc_position_controller_node-3]: process started with pid [311794]
[INFO] [ladrc_position_controller_node-4]: process started with pid [311796]
[INFO] [ladrc_position_controller_node-5]: process started with pid [311798]
[INFO] [ladrc_position_controller_node-6]: process started with pid [311800]
[INFO] [ladrc_position_controller_node-7]: process started with pid [311802]
[INFO] [ladrc_position_controller_node-8]: process started with pid [311804]
[ladrc_position_controller_node-3] [0m[INFO] [1785224381.902645135] [uav3.ladrc_position_controller]: 已创建 7 个邻居 Odom 订阅[0m
[ladrc_position_controller_node-2] [0m[INFO] [1785224381.903002785] [uav2.ladrc_position_controller]: 已创建 7 个邻居 Odom 订阅[0m
[ladrc_position_controller_node-6] [0m[INFO] [1785224381.906374412] [uav6.ladrc_position_controller]: 已创建 7 个邻居 Odom 订阅[0m
[ladrc_position_controller_node-4] [0m[INFO] [1785224381.906947395] [uav4.ladrc_position_controller]: 已创建 7 个邻居 Odom 订阅[0m
[ladrc_position_controller_node-8] [0m[INFO] [1785224381.907290588] [uav8.ladrc_position_controller]: 已创建 7 个邻居 Odom 订阅[0m
[ladrc_position_controller_node-2] [0m[INFO] [1785224381.907798881] [uav2.ladrc_position_controller]: LADRC 集群执行节点已初始化 (命名空间: /uav2), ENU偏移=[0.0, 6.0, 0.0][0m
[ladrc_position_controller_node-2] [0m[INFO] [1785224381.907831121] [uav2.ladrc_position_controller]: 等待 swarm_command 和 vehicle_odometry 消息...[0m
[ladrc_position_controller_node-3] [0m[INFO] [1785224381.907800003] [uav3.ladrc_position_controller]: LADRC 集群执行节点已初始化 (命名空间: /uav3), ENU偏移=[0.0, 9.0, 0.0][0m
[ladrc_position_controller_node-3] [0m[INFO] [1785224381.907830450] [uav3.ladrc_position_controller]: 等待 swarm_command 和 vehicle_odometry 消息...[0m
[ladrc_position_controller_node-1] [0m[INFO] [1785224381.908008463] [uav1.ladrc_position_controller]: 已创建 7 个邻居 Odom 订阅[0m
[ladrc_position_controller_node-7] [0m[INFO] [1785224381.909447239] [uav7.ladrc_position_controller]: 已创建 7 个邻居 Odom 订阅[0m
[ladrc_position_controller_node-6] [0m[INFO] [1785224381.909753943] [uav6.ladrc_position_controller]: LADRC 集群执行节点已初始化 (命名空间: /uav6), ENU偏移=[0.0, 18.0, 0.0][0m
[ladrc_position_controller_node-6] [0m[INFO] [1785224381.909787005] [uav6.ladrc_position_controller]: 等待 swarm_command 和 vehicle_odometry 消息...[0m
[ladrc_position_controller_node-4] [0m[INFO] [1785224381.910449366] [uav4.ladrc_position_controller]: LADRC 集群执行节点已初始化 (命名空间: /uav4), ENU偏移=[0.0, 12.0, 0.0][0m
[ladrc_position_controller_node-4] [0m[INFO] [1785224381.910481797] [uav4.ladrc_position_controller]: 等待 swarm_command 和 vehicle_odometry 消息...[0m
[ladrc_position_controller_node-8] [0m[INFO] [1785224381.911130412] [uav8.ladrc_position_controller]: LADRC 集群执行节点已初始化 (命名空间: /uav8), ENU偏移=[0.0, 24.0, 0.0][0m
[ladrc_position_controller_node-8] [0m[INFO] [1785224381.911164867] [uav8.ladrc_position_controller]: 等待 swarm_command 和 vehicle_odometry 消息...[0m
[ladrc_position_controller_node-1] [0m[INFO] [1785224381.911855561] [uav1.ladrc_position_controller]: LADRC 集群执行节点已初始化 (命名空间: /uav1), ENU偏移=[0.0, 3.0, 0.0][0m
[ladrc_position_controller_node-1] [0m[INFO] [1785224381.911882110] [uav1.ladrc_position_controller]: 等待 swarm_command 和 vehicle_odometry 消息...[0m
[ladrc_position_controller_node-7] [0m[INFO] [1785224381.912440276] [uav7.ladrc_position_controller]: LADRC 集群执行节点已初始化 (命名空间: /uav7), ENU偏移=[0.0, 21.0, 0.0][0m
[ladrc_position_controller_node-7] [0m[INFO] [1785224381.912464882] [uav7.ladrc_position_controller]: 等待 swarm_command 和 vehicle_odometry 消息...[0m
[ladrc_position_controller_node-3] [33m[WARN] [1785224381.927876205] [uav3.ladrc_position_controller]: 等待状态机进入 RUNNING_TRAJECTORY... (当前: 0)[0m
[ladrc_position_controller_node-2] [33m[WARN] [1785224381.927876475] [uav2.ladrc_position_controller]: 等待状态机进入 RUNNING_TRAJECTORY... (当前: 0)[0m
[ladrc_position_controller_node-6] [33m[WARN] [1785224381.929845644] [uav6.ladrc_position_controller]: 等待状态机进入 RUNNING_TRAJECTORY... (当前: 0)[0m
[ladrc_position_controller_node-4] [33m[WARN] [1785224381.930531149] [uav4.ladrc_position_controller]: 等待状态机进入 RUNNING_TRAJECTORY... (当前: 0)[0m
[ladrc_position_controller_node-8] [33m[WARN] [1785224381.931214449] [uav8.ladrc_position_controller]: 等待状态机进入 RUNNING_TRAJECTORY... (当前: 0)[0m
[ladrc_position_controller_node-1] [33m[WARN] [1785224381.931939106] [uav1.ladrc_position_controller]: 等待状态机进入 RUNNING_TRAJECTORY... (当前: 0)[0m
[ladrc_position_controller_node-7] [33m[WARN] [1785224381.932525525] [uav7.ladrc_position_controller]: 等待状态机进入 RUNNING_TRAJECTORY... (当前: 0)[0m
[ladrc_position_controller_node-5] [0m[INFO] [1785224382.235708954] [uav5.ladrc_position_controller]: 已创建 7 个邻居 Odom 订阅[0m
[ladrc_position_controller_node-5] [0m[INFO] [1785224382.238436554] [uav5.ladrc_position_controller]: LADRC 集群执行节点已初始化 (命名空间: /uav5), ENU偏移=[0.0, 15.0, 0.0][0m
[ladrc_position_controller_node-5] [0m[INFO] [1785224382.238462693] [uav5.ladrc_position_controller]: 等待 swarm_command 和 vehicle_odometry 消息...[0m
[ladrc_position_controller_node-5] [33m[WARN] [1785224382.258528175] [uav5.ladrc_position_controller]: 等待状态机进入 RUNNING_TRAJECTORY... (当前: 0)[0m
[ladrc_position_controller_node-2] [0m[INFO] [1785224382.671503023] [uav2.ladrc_position_controller]: 已接收到 vehicle_odometry 消息[0m
[ladrc_position_controller_node-3] [0m[INFO] [1785224382.807031218] [uav3.ladrc_position_controller]: 已接收到 vehicle_odometry 消息[0m
[ladrc_position_controller_node-8] [0m[INFO] [1785224383.085288309] [uav8.ladrc_position_controller]: 已接收到 vehicle_odometry 消息[0m
[ladrc_position_controller_node-5] [0m[INFO] [1785224383.211954713] [uav5.ladrc_position_controller]: 已接收到 vehicle_odometry 消息[0m
[ladrc_position_controller_node-7] [0m[INFO] [1785224383.432316409] [uav7.ladrc_position_controller]: 已接收到 vehicle_odometry 消息[0m
[ladrc_position_controller_node-6] [0m[INFO] [1785224383.452000647] [uav6.ladrc_position_controller]: 已接收到 vehicle_odometry 消息[0m
[ladrc_position_controller_node-1] [0m[INFO] [1785224383.912661482] [uav1.ladrc_position_controller]: 已接收到 vehicle_odometry 消息[0m
[ladrc_position_controller_node-4] [0m[INFO] [1785224383.920120866] [uav4.ladrc_position_controller]: 已接收到 vehicle_odometry 消息[0m
[ladrc_position_controller_node-2] [33m[WARN] [1785224386.927881009] [uav2.ladrc_position_controller]: 等待状态机进入 RUNNING_TRAJECTORY... (当前: 0)[0m
[ladrc_position_controller_node-7] [33m[WARN] [1785224386.932570995] [uav7.ladrc_position_controller]: 等待状态机进入 RUNNING_TRAJECTORY... (当前: 0)[0m
[ladrc_position_controller_node-3] [33m[WARN] [1785224386.947881919] [uav3.ladrc_position_controller]: 等待状态机进入 RUNNING_TRAJECTORY... (当前: 0)[0m
[ladrc_position_controller_node-6] [33m[WARN] [1785224386.949822014] [uav6.ladrc_position_controller]: 等待状态机进入 RUNNING_TRAJECTORY... (当前: 0)[0m
[ladrc_position_controller_node-4] [33m[WARN] [1785224386.950524871] [uav4.ladrc_position_controller]: 等待状态机进入 RUNNING_TRAJECTORY... (当前: 0)[0m
[ladrc_position_controller_node-8] [33m[WARN] [1785224386.951203532] [uav8.ladrc_position_controller]: 等待状态机进入 RUNNING_TRAJECTORY... (当前: 0)[0m
[ladrc_position_controller_node-1] [33m[WARN] [1785224386.951964788] [uav1.ladrc_position_controller]: 等待状态机进入 RUNNING_TRAJECTORY... (当前: 0)[0m
[ladrc_position_controller_node-5] [33m[WARN] [1785224387.278513750] [uav5.ladrc_position_controller]: 等待状态机进入 RUNNING_TRAJECTORY... (当前: 0)[0m
[ladrc_position_controller_node-2] [33m[WARN] [1785224391.947873383] [uav2.ladrc_position_controller]: 等待状态机进入 RUNNING_TRAJECTORY... (当前: 0)[0m
[ladrc_position_controller_node-6] [33m[WARN] [1785224391.949822485] [uav6.ladrc_position_controller]: 等待状态机进入 RUNNING_TRAJECTORY... (当前: 0)[0m
[ladrc_position_controller_node-4] [33m[WARN] [1785224391.950525552] [uav4.ladrc_position_controller]: 等待状态机进入 RUNNING_TRAJECTORY... (当前: 0)[0m
[ladrc_position_controller_node-7] [33m[WARN] [1785224391.952530999] [uav7.ladrc_position_controller]: 等待状态机进入 RUNNING_TRAJECTORY... (当前: 0)[0m
[ladrc_position_controller_node-3] [33m[WARN] [1785224391.967880005] [uav3.ladrc_position_controller]: 等待状态机进入 RUNNING_TRAJECTORY... (当前: 0)[0m
[ladrc_position_controller_node-8] [33m[WARN] [1785224391.971192520] [uav8.ladrc_position_controller]: 等待状态机进入 RUNNING_TRAJECTORY... (当前: 0)[0m
[ladrc_position_controller_node-1] [33m[WARN] [1785224391.971928980] [uav1.ladrc_position_controller]: 等待状态机进入 RUNNING_TRAJECTORY... (当前: 0)[0m
[ladrc_position_controller_node-4] [0m[INFO] [1785224392.010519608] [uav4.ladrc_position_controller]: 系统稳定，开始解锁 (Arming)...[0m
[ladrc_position_controller_node-1] [0m[INFO] [1785224392.011925962] [uav1.ladrc_position_controller]: 系统稳定，开始解锁 (Arming)...[0m
[ladrc_position_controller_node-2] [0m[INFO] [1785224392.107874636] [uav2.ladrc_position_controller]: 系统稳定，开始解锁 (Arming)...[0m
[ladrc_position_controller_node-6] [0m[INFO] [1785224392.109820802] [uav6.ladrc_position_controller]: 系统稳定，开始解锁 (Arming)...[0m
[ladrc_position_controller_node-3] [0m[INFO] [1785224392.207873819] [uav3.ladrc_position_controller]: 系统稳定，开始解锁 (Arming)...[0m
[ladrc_position_controller_node-8] [0m[INFO] [1785224392.211201593] [uav8.ladrc_position_controller]: 系统稳定，开始解锁 (Arming)...[0m
[ladrc_position_controller_node-5] [33m[WARN] [1785224392.298504079] [uav5.ladrc_position_controller]: 等待状态机进入 RUNNING_TRAJECTORY... (当前: 0)[0m
[ladrc_position_controller_node-7] [0m[INFO] [1785224392.312524937] [uav7.ladrc_position_controller]: 系统稳定，开始解锁 (Arming)...[0m
[ladrc_position_controller_node-5] [0m[INFO] [1785224392.338511671] [uav5.ladrc_position_controller]: 系统稳定，开始解锁 (Arming)...[0m
[ladrc_position_controller_node-4] [0m[INFO] [1785224394.110523680] [uav4.ladrc_position_controller]: 解锁成功。切换到 Offboard 模式...[0m
[ladrc_position_controller_node-1] [0m[INFO] [1785224394.111942017] [uav1.ladrc_position_controller]: 解锁成功。切换到 Offboard 模式...[0m
[ladrc_position_controller_node-2] [0m[INFO] [1785224394.207874351] [uav2.ladrc_position_controller]: 解锁成功。切换到 Offboard 模式...[0m
[ladrc_position_controller_node-6] [0m[INFO] [1785224394.209833170] [uav6.ladrc_position_controller]: 解锁成功。切换到 Offboard 模式...[0m
[ladrc_position_controller_node-3] [0m[INFO] [1785224394.307867542] [uav3.ladrc_position_controller]: 解锁成功。切换到 Offboard 模式...[0m
[ladrc_position_controller_node-8] [0m[INFO] [1785224394.311199674] [uav8.ladrc_position_controller]: 解锁成功。切换到 Offboard 模式...[0m
[ladrc_position_controller_node-7] [0m[INFO] [1785224394.412525542] [uav7.ladrc_position_controller]: 解锁成功。切换到 Offboard 模式...[0m
[ladrc_position_controller_node-5] [0m[INFO] [1785224394.438517657] [uav5.ladrc_position_controller]: 解锁成功。切换到 Offboard 模式...[0m
[ladrc_position_controller_node-4] [0m[INFO] [1785224395.210551665] [uav4.ladrc_position_controller]: Offboard 模式已激活。LADRC 控制器接管。[0m
[ladrc_position_controller_node-1] [0m[INFO] [1785224395.211949063] [uav1.ladrc_position_controller]: Offboard 模式已激活。LADRC 控制器接管。[0m
[ladrc_position_controller_node-4] [0m[INFO] [1785224395.230517390] [uav4.ladrc_position_controller]: UAV4 悬停保持锁定: [-0.00, 0.01, -0.10][0m
[ladrc_position_controller_node-4] [0m[INFO] [1785224395.230576110] [uav4.ladrc_position_controller]: UAV4 悬停保持 Pos[-0.00,0.01,-0.10][0m
[ladrc_position_controller_node-1] [0m[INFO] [1785224395.231934124] [uav1.ladrc_position_controller]: UAV1 悬停保持锁定: [0.02, 0.02, -0.12][0m
[ladrc_position_controller_node-1] [0m[INFO] [1785224395.231985300] [uav1.ladrc_position_controller]: UAV1 悬停保持 Pos[0.02,0.02,-0.12][0m
[ladrc_position_controller_node-2] [0m[INFO] [1785224395.307876617] [uav2.ladrc_position_controller]: Offboard 模式已激活。LADRC 控制器接管。[0m
[ladrc_position_controller_node-6] [0m[INFO] [1785224395.309817604] [uav6.ladrc_position_controller]: Offboard 模式已激活。LADRC 控制器接管。[0m
[ladrc_position_controller_node-2] [0m[INFO] [1785224395.327871056] [uav2.ladrc_position_controller]: UAV2 悬停保持锁定: [0.01, 0.02, -0.11][0m
[ladrc_position_controller_node-2] [0m[INFO] [1785224395.327939294] [uav2.ladrc_position_controller]: UAV2 悬停保持 Pos[0.01,0.02,-0.11][0m
[ladrc_position_controller_node-6] [0m[INFO] [1785224395.329823884] [uav6.ladrc_position_controller]: UAV6 悬停保持锁定: [0.00, 0.01, -0.08][0m
[ladrc_position_controller_node-6] [0m[INFO] [1785224395.329879749] [uav6.ladrc_position_controller]: UAV6 悬停保持 Pos[0.00,0.01,-0.08][0m
[ladrc_position_controller_node-3] [0m[INFO] [1785224395.407865220] [uav3.ladrc_position_controller]: Offboard 模式已激活。LADRC 控制器接管。[0m
[ladrc_position_controller_node-8] [0m[INFO] [1785224395.411199617] [uav8.ladrc_position_controller]: Offboard 模式已激活。LADRC 控制器接管。[0m
[ladrc_position_controller_node-3] [0m[INFO] [1785224395.427861482] [uav3.ladrc_position_controller]: UAV3 悬停保持锁定: [0.02, -0.00, -0.11][0m
[ladrc_position_controller_node-3] [0m[INFO] [1785224395.427920362] [uav3.ladrc_position_controller]: UAV3 悬停保持 Pos[0.02,-0.00,-0.11][0m
[ladrc_position_controller_node-8] [0m[INFO] [1785224395.431201218] [uav8.ladrc_position_controller]: UAV8 悬停保持锁定: [-0.00, 0.01, -0.07][0m
[ladrc_position_controller_node-8] [0m[INFO] [1785224395.431255520] [uav8.ladrc_position_controller]: UAV8 悬停保持 Pos[-0.00,0.01,-0.07][0m
[ladrc_position_controller_node-7] [0m[INFO] [1785224395.512528780] [uav7.ladrc_position_controller]: Offboard 模式已激活。LADRC 控制器接管。[0m
[ladrc_position_controller_node-7] [0m[INFO] [1785224395.532531114] [uav7.ladrc_position_controller]: UAV7 悬停保持锁定: [0.01, 0.01, -0.08][0m
[ladrc_position_controller_node-7] [0m[INFO] [1785224395.532606495] [uav7.ladrc_position_controller]: UAV7 悬停保持 Pos[0.01,0.01,-0.08][0m
[ladrc_position_controller_node-5] [0m[INFO] [1785224395.538502350] [uav5.ladrc_position_controller]: Offboard 模式已激活。LADRC 控制器接管。[0m
[ladrc_position_controller_node-5] [0m[INFO] [1785224395.558515183] [uav5.ladrc_position_controller]: UAV5 悬停保持锁定: [-0.00, -0.00, -0.09][0m
[ladrc_position_controller_node-5] [0m[INFO] [1785224395.558571338] [uav5.ladrc_position_controller]: UAV5 悬停保持 Pos[-0.00,-0.00,-0.09][0m
[WARNING] [launch]: user interrupted with ctrl-c (SIGINT)
[ladrc_position_controller_node-6] [0m[INFO] [1785224404.572361315] [rclcpp]: signal_handler(signum=2)[0m
[ladrc_position_controller_node-8] [0m[INFO] [1785224404.572359892] [rclcpp]: signal_handler(signum=2)[0m
[ladrc_position_controller_node-5] [0m[INFO] [1785224404.572365974] [rclcpp]: signal_handler(signum=2)[0m
[ladrc_position_controller_node-7] [0m[INFO] [1785224404.572359982] [rclcpp]: signal_handler(signum=2)[0m
[ladrc_position_controller_node-3] [0m[INFO] [1785224404.572367587] [rclcpp]: signal_handler(signum=2)[0m
[ladrc_position_controller_node-2] [0m[INFO] [1785224404.572367536] [rclcpp]: signal_handler(signum=2)[0m
[ladrc_position_controller_node-1] [0m[INFO] [1785224404.572369811] [rclcpp]: signal_handler(signum=2)[0m
[ladrc_position_controller_node-4] [0m[INFO] [1785224404.572365703] [rclcpp]: signal_handler(signum=2)[0m
[INFO] [ladrc_position_controller_node-8]: sending signal 'SIGINT' to process[ladrc_position_controller_node-8]
[INFO] [ladrc_position_controller_node-7]: sending signal 'SIGINT' to process[ladrc_position_controller_node-7]
[INFO] [ladrc_position_controller_node-6]: sending signal 'SIGINT' to process[ladrc_position_controller_node-6]
[INFO] [ladrc_position_controller_node-5]: sending signal 'SIGINT' to process[ladrc_position_controller_node-5]
[INFO] [ladrc_position_controller_node-4]: sending signal 'SIGINT' to process[ladrc_position_controller_node-4]
[INFO] [ladrc_position_controller_node-3]: sending signal 'SIGINT' to process[ladrc_position_controller_node-3]
[INFO] [ladrc_position_controller_node-2]: sending signal 'SIGINT' to process[ladrc_position_controller_node-2]
[INFO] [ladrc_position_controller_node-1]: sending signal 'SIGINT' to process[ladrc_position_controller_node-1]
[ladrc_position_controller_node-8] [0m[INFO] [1785224404.577424390] [rclcpp]: signal_handler(signum=2)[0m
[ladrc_position_controller_node-7] [0m[INFO] [1785224404.578126325] [rclcpp]: signal_handler(signum=2)[0m
[ladrc_position_controller_node-6] [0m[INFO] [1785224404.578936303] [rclcpp]: signal_handler(signum=2)[0m
[ladrc_position_controller_node-5] [0m[INFO] [1785224404.579388209] [rclcpp]: signal_handler(signum=2)[0m
[ladrc_position_controller_node-4] [0m[INFO] [1785224404.580151098] [rclcpp]: signal_handler(signum=2)[0m
[ladrc_position_controller_node-3] [0m[INFO] [1785224404.581277459] [rclcpp]: signal_handler(signum=2)[0m
[ladrc_position_controller_node-2] [0m[INFO] [1785224404.581949267] [rclcpp]: signal_handler(signum=2)[0m
[ladrc_position_controller_node-1] [0m[INFO] [1785224404.582607771] [rclcpp]: signal_handler(signum=2)[0m
[INFO] [ladrc_position_controller_node-1]: process has finished cleanly [pid 311790]
[INFO] [ladrc_position_controller_node-4]: process has finished cleanly [pid 311796]
[INFO] [ladrc_position_controller_node-6]: process has finished cleanly [pid 311800]
[INFO] [ladrc_position_controller_node-2]: process has finished cleanly [pid 311792]
[INFO] [ladrc_position_controller_node-3]: process has finished cleanly [pid 311794]
[INFO] [ladrc_position_controller_node-7]: process has finished cleanly [pid 311802]
[INFO] [ladrc_position_controller_node-5]: process has finished cleanly [pid 311798]
[INFO] [ladrc_position_controller_node-8]: process has finished cleanly [pid 311804]
