Gazebo multi-robot simulator, version 11.10.2
Copyright (C) 2012 Open Source Robotics Foundation.
Released under the Apache 2 License.
http://gazebosim.org

[1;33m[Wrn] [gazebo_ros_init.cpp:178] [0m[1;33m
#     # ####### ####### ###  #####  #######
##    # #     #    #     #  #     # #
# #   # #     #    #     #  #       #
#  #  # #     #    #     #  #       #####
#   # # #     #    #     #  #       #
#    ## #     #    #     #  #     # #
#     # #######    #    ###  #####  #######

This version of Gazebo, now called Gazebo classic, reaches end-of-life
in January 2025. Users are highly encouraged to migrate to the new Gazebo
using our migration guides (https://gazebosim.org/docs/latest/gazebo_classic_migration?utm_source=gazebo_ros_pkgs&utm_medium=cli)

[0m[1;33m
[0m[1;33m[0m[1;33m[0m[1;32m[Msg] [0m[1;32mWaiting for master.[0m[1;32m
[0m[1;32m[0m[1;32m[0m[1;32m[Msg] [0m[1;32mConnected to gazebo master @ [0m[1;32mhttp://127.0.0.1:11345[0m[1;32m
[0m[1;32m[0m[1;32m[0m[1;32m[Msg] [0m[1;32mPublicized address: [0m[1;32m192.168.208.4[0m[1;32m
[0m[1;32m[0m[1;32m[0m[1;32m[Msg] [0m[1;32mLoading world file [[0m[1;32m/home/yihuang/PX4-Autopilot/Tools/simulation/gazebo-classic/sitl_gazebo-classic/worlds/empty.world[0m[1;32m][0m[1;32m
[0m[1;32m[0m[1;32m[0m[1;33m[Wrn] [gazebo_gps_plugin.cpp:77] [0m[1;33m[gazebo_gps_plugin]: iris_1::gps0 using gps topic "[0m[1;33mgps0[0m[1;33m"
[0m[1;33m[Wrn] [gazebo_gps_plugin.cpp:202] [0m[1;33m[gazebo_gps_plugin] Using default update rate of [0m[1;33m5[0m[1;33mhz 
[0m[1;32m[Msg] [0m[1;32mConnecting to PX4 SITL using [0m[1;32mTCP[0m[1;32m
[0m[1;32m[Msg] [0m[1;32mLockstep is [0m[1;32menabled[0m[1;32m
[0m[1;32m[Msg] [0m[1;32mSpeed factor set to: [0m[1;32m1[0m[1;32m
[0m[1;32m[Msg] [0m[1;32mUsing MAVLink protocol v2.0
[0m[1;33m[Wrn] [gazebo_gps_plugin.cpp:77] [0m[1;33m[gazebo_gps_plugin]: iris_2::gps0 using gps topic "[0m[1;33mgps0[0m[1;33m"
[0m[1;33m[Wrn] [gazebo_gps_plugin.cpp:202] [0m[1;33m[gazebo_gps_plugin] Using default update rate of [0m[1;33m5[0m[1;33mhz 
[0m[1;32m[Msg] [0m[1;32mConnecting to PX4 SITL using [0m[1;32mTCP[0m[1;32m
[0m[1;32m[Msg] [0m[1;32mLockstep is [0m[1;32menabled[0m[1;32m
[0m[1;32m[Msg] [0m[1;32mSpeed factor set to: [0m[1;32m1[0m[1;32m
[0m[1;32m[Msg] [0m[1;32mUsing MAVLink protocol v2.0
[0m[1;33m[Wrn] [gazebo_gps_plugin.cpp:77] [0m[1;33m[gazebo_gps_plugin]: iris_3::gps0 using gps topic "[0m[1;33mgps0[0m[1;33m"
[0m[1;33m[Wrn] [gazebo_gps_plugin.cpp:202] [0m[1;33m[gazebo_gps_plugin] Using default update rate of [0m[1;33m5[0m[1;33mhz 
[0m[1;32m[Msg] [0m[1;32mConnecting to PX4 SITL using [0m[1;32mTCP[0m[1;32m
[0m[1;32m[Msg] [0m[1;32mLockstep is [0m[1;32menabled[0m[1;32m
[0m[1;32m[Msg] [0m[1;32mSpeed factor set to: [0m[1;32m1[0m[1;32m
[0m[1;32m[Msg] [0m[1;32mUsing MAVLink protocol v2.0
[0m[1;33m[Wrn] [gazebo_gps_plugin.cpp:77] [0m[1;33m[gazebo_gps_plugin]: iris_4::gps0 using gps topic "[0m[1;33mgps0[0m[1;33m"
[0m[1;33m[Wrn] [gazebo_gps_plugin.cpp:202] [0m[1;33m[gazebo_gps_plugin] Using default update rate of [0m[1;33m5[0m[1;33mhz 
[0m[1;32m[Msg] [0m[1;32mConnecting to PX4 SITL using [0m[1;32mTCP[0m[1;32m
[0m[1;32m[Msg] [0m[1;32mLockstep is [0m[1;32menabled[0m[1;32m
[0m[1;32m[Msg] [0m[1;32mSpeed factor set to: [0m[1;32m1[0m[1;32m
[0m[1;32m[Msg] [0m[1;32mUsing MAVLink protocol v2.0
[0m[1;33m[Wrn] [gazebo_gps_plugin.cpp:77] [0m[1;33m[gazebo_gps_plugin]: iris_5::gps0 using gps topic "[0m[1;33mgps0[0m[1;33m"
[0m[1;33m[Wrn] [gazebo_gps_plugin.cpp:202] [0m[1;33m[gazebo_gps_plugin] Using default update rate of [0m[1;33m5[0m[1;33mhz 
[0m[1;32m[Msg] [0m[1;32mConnecting to PX4 SITL using [0m[1;32mTCP[0m[1;32m
[0m[1;32m[Msg] [0m[1;32mLockstep is [0m[1;32menabled[0m[1;32m
[0m[1;32m[Msg] [0m[1;32mSpeed factor set to: [0m[1;32m1[0m[1;32m
[0m[1;32m[Msg] [0m[1;32mUsing MAVLink protocol v2.0
[0m[1;33m[Wrn] [gazebo_gps_plugin.cpp:77] [0m[1;33m[gazebo_gps_plugin]: iris_6::gps0 using gps topic "[0m[1;33mgps0[0m[1;33m"
[0m[1;33m[Wrn] [gazebo_gps_plugin.cpp:202] [0m[1;33m[gazebo_gps_plugin] Using default update rate of [0m[1;33m5[0m[1;33mhz 
[0m[1;32m[Msg] [0m[1;32mConnecting to PX4 SITL using [0m[1;32mTCP[0m[1;32m
[0m[1;32m[Msg] [0m[1;32mLockstep is [0m[1;32menabled[0m[1;32m
[0m[1;32m[Msg] [0m[1;32mSpeed factor set to: [0m[1;32m1[0m[1;32m
[0m[1;32m[Msg] [0m[1;32mUsing MAVLink protocol v2.0
[0m[1;33m[Wrn] [gazebo_gps_plugin.cpp:77] [0m[1;33m[gazebo_gps_plugin]: iris_7::gps0 using gps topic "[0m[1;33mgps0[0m[1;33m"
[0m[1;33m[Wrn] [gazebo_gps_plugin.cpp:202] [0m[1;33m[gazebo_gps_plugin] Using default update rate of [0m[1;33m5[0m[1;33mhz 
[0m[1;32m[Msg] [0m[1;32mConnecting to PX4 SITL using [0m[1;32mTCP[0m[1;32m
[0m[1;32m[Msg] [0m[1;32mLockstep is [0m[1;32menabled[0m[1;32m
[0m[1;32m[Msg] [0m[1;32mSpeed factor set to: [0m[1;32m1[0m[1;32m
[0m[1;32m[Msg] [0m[1;32mUsing MAVLink protocol v2.0
[0m[1;33m[Wrn] [gazebo_gps_plugin.cpp:77] [0m[1;33m[gazebo_gps_plugin]: iris_8::gps0 using gps topic "[0m[1;33mgps0[0m[1;33m"
[0m[1;33m[Wrn] [gazebo_gps_plugin.cpp:202] [0m[1;33m[gazebo_gps_plugin] Using default update rate of [0m[1;33m5[0m[1;33mhz 
[0m[1;32m[Msg] [0m[1;32mConnecting to PX4 SITL using [0m[1;32mTCP[0m[1;32m
[0m[1;32m[Msg] [0m[1;32mLockstep is [0m[1;32menabled[0m[1;32m
[0m[1;32m[Msg] [0m[1;32mSpeed factor set to: [0m[1;32m1[0m[1;32m
[0m[1;32m[Msg] [0m[1;32mUsing MAVLink protocol v2.0
[0m[1;33m[Wrn] [gazebo_gps_plugin.cpp:77] [0m[1;33m[gazebo_gps_plugin]: iris_9::gps0 using gps topic "[0m[1;33mgps0[0m[1;33m"
[0m[1;33m[Wrn] [gazebo_gps_plugin.cpp:202] [0m[1;33m[gazebo_gps_plugin] Using default update rate of [0m[1;33m5[0m[1;33mhz 
[0m[1;32m[Msg] [0m[1;32mConnecting to PX4 SITL using [0m[1;32mTCP[0m[1;32m
[0m[1;32m[Msg] [0m[1;32mLockstep is [0m[1;32menabled[0m[1;32m
[0m[1;32m[Msg] [0m[1;32mSpeed factor set to: [0m[1;32m1[0m[1;32m
[0m[1;32m[Msg] [0m[1;32mUsing MAVLink protocol v2.0
[0m[1;33m[Wrn] [gazebo_gps_plugin.cpp:77] [0m[1;33m[gazebo_gps_plugin]: iris_10::gps0 using gps topic "[0m[1;33mgps0[0m[1;33m"
[0m[1;33m[Wrn] [gazebo_gps_plugin.cpp:202] [0m[1;33m[gazebo_gps_plugin] Using default update rate of [0m[1;33m5[0m[1;33mhz 
[0m[1;32m[Msg] [0m[1;32mConnecting to PX4 SITL using [0m[1;32mTCP[0m[1;32m
[0m[1;32m[Msg] [0m[1;32mLockstep is [0m[1;32menabled[0m[1;32m
[0m[1;32m[Msg] [0m[1;32mSpeed factor set to: [0m[1;32m1[0m[1;32m
[0m[1;32m[Msg] [0m[1;32mUsing MAVLink protocol v2.0
[0m[1;33m[Wrn] [gazebo_gps_plugin.cpp:77] [0m[1;33m[gazebo_gps_plugin]: iris_11::gps0 using gps topic "[0m[1;33mgps0[0m[1;33m"
[0m[1;33m[Wrn] [gazebo_gps_plugin.cpp:202] [0m[1;33m[gazebo_gps_plugin] Using default update rate of [0m[1;33m5[0m[1;33mhz 
[0m[1;32m[Msg] [0m[1;32mConnecting to PX4 SITL using [0m[1;32mTCP[0m[1;32m
[0m[1;32m[Msg] [0m[1;32mLockstep is [0m[1;32menabled[0m[1;32m
[0m[1;32m[Msg] [0m[1;32mSpeed factor set to: [0m[1;32m1[0m[1;32m
[0m[1;32m[Msg] [0m[1;32mUsing MAVLink protocol v2.0
[0m[1;33m[Wrn] [gazebo_gps_plugin.cpp:77] [0m[1;33m[gazebo_gps_plugin]: iris_12::gps0 using gps topic "[0m[1;33mgps0[0m[1;33m"
[0m[1;33m[Wrn] [gazebo_gps_plugin.cpp:202] [0m[1;33m[gazebo_gps_plugin] Using default update rate of [0m[1;33m5[0m[1;33mhz 
[0m[1;32m[Msg] [0m[1;32mConnecting to PX4 SITL using [0m[1;32mTCP[0m[1;32m
[0m[1;32m[Msg] [0m[1;32mLockstep is [0m[1;32menabled[0m[1;32m
[0m[1;32m[Msg] [0m[1;32mSpeed factor set to: [0m[1;32m1[0m[1;32m
[0m[1;32m[Msg] [0m[1;32mUsing MAVLink protocol v2.0
[0m[1;33m[Wrn] [gazebo_gps_plugin.cpp:77] [0m[1;33m[gazebo_gps_plugin]: iris_13::gps0 using gps topic "[0m[1;33mgps0[0m[1;33m"
[0m[1;33m[Wrn] [gazebo_gps_plugin.cpp:202] [0m[1;33m[gazebo_gps_plugin] Using default update rate of [0m[1;33m5[0m[1;33mhz 
[0m[1;32m[Msg] [0m[1;32mConnecting to PX4 SITL using [0m[1;32mTCP[0m[1;32m
[0m[1;32m[Msg] [0m[1;32mLockstep is [0m[1;32menabled[0m[1;32m
[0m[1;32m[Msg] [0m[1;32mSpeed factor set to: [0m[1;32m1[0m[1;32m
[0m[1;32m[Msg] [0m[1;32mUsing MAVLink protocol v2.0
[0m[1;33m[Wrn] [gazebo_gps_plugin.cpp:77] [0m[1;33m[gazebo_gps_plugin]: iris_14::gps0 using gps topic "[0m[1;33mgps0[0m[1;33m"
[0m[1;33m[Wrn] [gazebo_gps_plugin.cpp:202] [0m[1;33m[gazebo_gps_plugin] Using default update rate of [0m[1;33m5[0m[1;33mhz 
[0m[1;32m[Msg] [0m[1;32mConnecting to PX4 SITL using [0m[1;32mTCP[0m[1;32m
[0m[1;32m[Msg] [0m[1;32mLockstep is [0m[1;32menabled[0m[1;32m
[0m[1;32m[Msg] [0m[1;32mSpeed factor set to: [0m[1;32m1[0m[1;32m
[0m[1;32m[Msg] [0m[1;32mUsing MAVLink protocol v2.0
[0m[1;33m[Wrn] [gazebo_gps_plugin.cpp:77] [0m[1;33m[gazebo_gps_plugin]: iris_15::gps0 using gps topic "[0m[1;33mgps0[0m[1;33m"
[0m[1;33m[Wrn] [gazebo_gps_plugin.cpp:202] [0m[1;33m[gazebo_gps_plugin] Using default update rate of [0m[1;33m5[0m[1;33mhz 
[0m[1;32m[Msg] [0m[1;32mConnecting to PX4 SITL using [0m[1;32mTCP[0m[1;32m
[0m[1;32m[Msg] [0m[1;32mLockstep is [0m[1;32menabled[0m[1;32m
[0m[1;32m[Msg] [0m[1;32mSpeed factor set to: [0m[1;32m1[0m[1;32m
[0m[1;32m[Msg] [0m[1;32mUsing MAVLink protocol v2.0
[0m[1;33m[Wrn] [gazebo_gps_plugin.cpp:77] [0m[1;33m[gazebo_gps_plugin]: iris_16::gps0 using gps topic "[0m[1;33mgps0[0m[1;33m"
[0m[1;33m[Wrn] [gazebo_gps_plugin.cpp:202] [0m[1;33m[gazebo_gps_plugin] Using default update rate of [0m[1;33m5[0m[1;33mhz 
[0m[1;32m[Msg] [0m[1;32mConnecting to PX4 SITL using [0m[1;32mTCP[0m[1;32m
[0m[1;32m[Msg] [0m[1;32mLockstep is [0m[1;32menabled[0m[1;32m
[0m[1;32m[Msg] [0m[1;32mSpeed factor set to: [0m[1;32m1[0m[1;32m
[0m[1;32m[Msg] [0m[1;32mUsing MAVLink protocol v2.0
[0m[1;33m[Wrn] [gazebo_gps_plugin.cpp:77] [0m[1;33m[gazebo_gps_plugin]: iris_17::gps0 using gps topic "[0m[1;33mgps0[0m[1;33m"
[0m[1;33m[Wrn] [gazebo_gps_plugin.cpp:202] [0m[1;33m[gazebo_gps_plugin] Using default update rate of [0m[1;33m5[0m[1;33mhz 
[0m[1;32m[Msg] [0m[1;32mConnecting to PX4 SITL using [0m[1;32mTCP[0m[1;32m
[0m[1;32m[Msg] [0m[1;32mLockstep is [0m[1;32menabled[0m[1;32m
[0m[1;32m[Msg] [0m[1;32mSpeed factor set to: [0m[1;32m1[0m[1;32m
[0m[1;32m[Msg] [0m[1;32mUsing MAVLink protocol v2.0
[0m[1;33m[Wrn] [gazebo_gps_plugin.cpp:77] [0m[1;33m[gazebo_gps_plugin]: iris_18::gps0 using gps topic "[0m[1;33mgps0[0m[1;33m"
[0m[1;33m[Wrn] [gazebo_gps_plugin.cpp:202] [0m[1;33m[gazebo_gps_plugin] Using default update rate of [0m[1;33m5[0m[1;33mhz 
[0m[1;32m[Msg] [0m[1;32mConnecting to PX4 SITL using [0m[1;32mTCP[0m[1;32m
[0m[1;32m[Msg] [0m[1;32mLockstep is [0m[1;32menabled[0m[1;32m
[0m[1;32m[Msg] [0m[1;32mSpeed factor set to: [0m[1;32m1[0m[1;32m
[0m[1;32m[Msg] [0m[1;32mUsing MAVLink protocol v2.0
[0m[1;33m[Wrn] [gazebo_gps_plugin.cpp:77] [0m[1;33m[gazebo_gps_plugin]: iris_19::gps0 using gps topic "[0m[1;33mgps0[0m[1;33m"
[0m[1;33m[Wrn] [gazebo_gps_plugin.cpp:202] [0m[1;33m[gazebo_gps_plugin] Using default update rate of [0m[1;33m5[0m[1;33mhz 
[0m[1;32m[Msg] [0m[1;32mConnecting to PX4 SITL using [0m[1;32mTCP[0m[1;32m
[0m[1;32m[Msg] [0m[1;32mLockstep is [0m[1;32menabled[0m[1;32m
[0m[1;32m[Msg] [0m[1;32mSpeed factor set to: [0m[1;32m1[0m[1;32m
[0m[1;32m[Msg] [0m[1;32mUsing MAVLink protocol v2.0
[0m[1;33m[Wrn] [gazebo_gps_plugin.cpp:77] [0m[1;33m[gazebo_gps_plugin]: iris_20::gps0 using gps topic "[0m[1;33mgps0[0m[1;33m"
[0m[1;33m[Wrn] [gazebo_gps_plugin.cpp:202] [0m[1;33m[gazebo_gps_plugin] Using default update rate of [0m[1;33m5[0m[1;33mhz 
[0m[1;32m[Msg] [0m[1;32mConnecting to PX4 SITL using [0m[1;32mTCP[0m[1;32m
[0m[1;32m[Msg] [0m[1;32mLockstep is [0m[1;32menabled[0m[1;32m
[0m[1;32m[Msg] [0m[1;32mSpeed factor set to: [0m[1;32m1[0m[1;32m
[0m[1;32m[Msg] [0m[1;32mUsing MAVLink protocol v2.0
[0m[1;33m[Wrn] [gazebo_gps_plugin.cpp:77] [0m[1;33m[gazebo_gps_plugin]: iris_21::gps0 using gps topic "[0m[1;33mgps0[0m[1;33m"
[0m[1;33m[Wrn] [gazebo_gps_plugin.cpp:202] [0m[1;33m[gazebo_gps_plugin] Using default update rate of [0m[1;33m5[0m[1;33mhz 
[0m[1;32m[Msg] [0m[1;32mConnecting to PX4 SITL using [0m[1;32mTCP[0m[1;32m
[0m[1;32m[Msg] [0m[1;32mLockstep is [0m[1;32menabled[0m[1;32m
[0m[1;32m[Msg] [0m[1;32mSpeed factor set to: [0m[1;32m1[0m[1;32m
[0m[1;32m[Msg] [0m[1;32mUsing MAVLink protocol v2.0
[0m[1;33m[Wrn] [gazebo_gps_plugin.cpp:77] [0m[1;33m[gazebo_gps_plugin]: iris_22::gps0 using gps topic "[0m[1;33mgps0[0m[1;33m"
[0m[1;33m[Wrn] [gazebo_gps_plugin.cpp:202] [0m[1;33m[gazebo_gps_plugin] Using default update rate of [0m[1;33m5[0m[1;33mhz 
[0m[1;32m[Msg] [0m[1;32mConnecting to PX4 SITL using [0m[1;32mTCP[0m[1;32m
[0m[1;32m[Msg] [0m[1;32mLockstep is [0m[1;32menabled[0m[1;32m
[0m[1;32m[Msg] [0m[1;32mSpeed factor set to: [0m[1;32m1[0m[1;32m
[0m[1;32m[Msg] [0m[1;32mUsing MAVLink protocol v2.0
[0m[1;33m[Wrn] [gazebo_gps_plugin.cpp:77] [0m[1;33m[gazebo_gps_plugin]: iris_23::gps0 using gps topic "[0m[1;33mgps0[0m[1;33m"
[0m[1;33m[Wrn] [gazebo_gps_plugin.cpp:202] [0m[1;33m[gazebo_gps_plugin] Using default update rate of [0m[1;33m5[0m[1;33mhz 
[0m[1;32m[Msg] [0m[1;32mConnecting to PX4 SITL using [0m[1;32mTCP[0m[1;32m
[0m[1;32m[Msg] [0m[1;32mLockstep is [0m[1;32menabled[0m[1;32m
[0m[1;32m[Msg] [0m[1;32mSpeed factor set to: [0m[1;32m1[0m[1;32m
[0m[1;32m[Msg] [0m[1;32mUsing MAVLink protocol v2.0
[0m[1;33m[Wrn] [gazebo_gps_plugin.cpp:77] [0m[1;33m[gazebo_gps_plugin]: iris_24::gps0 using gps topic "[0m[1;33mgps0[0m[1;33m"
[0m[1;33m[Wrn] [gazebo_gps_plugin.cpp:202] [0m[1;33m[gazebo_gps_plugin] Using default update rate of [0m[1;33m5[0m[1;33mhz 
[0m[1;32m[Msg] [0m[1;32mConnecting to PX4 SITL using [0m[1;32mTCP[0m[1;32m
[0m[1;32m[Msg] [0m[1;32mLockstep is [0m[1;32menabled[0m[1;32m
[0m[1;32m[Msg] [0m[1;32mSpeed factor set to: [0m[1;32m1[0m[1;32m
[0m[1;32m[Msg] [0m[1;32mUsing MAVLink protocol v2.0
[0mFailed sending mavlink message: Broken pipe
Closing connection.
recvfrom error: Connection reset by peer
Connection closed by client.
Failed sending mavlink message: Broken pipe
Closing connection.
Failed sending mavlink message: Broken pipe
Closing connection.
Failed sending mavlink message: Broken pipe
Closing connection.
recvfrom error: Connection reset by peer
Connection closed by client.
Connection closed by client.
Connection closed by client.
Failed sending mavlink message: Broken pipe
Closing connection.
Connection closed by client.
Connection closed by client.
Connection closed by client.
Connection closed by client.
Connection closed by client.
Connection closed by client.
Failed sending mavlink message: Broken pipe
Closing connection.
recvfrom error: Connection reset by peer
Connection closed by client.
Connection closed by client.
Connection closed by client.
Connection closed by client.
Connection closed by client.
Connection closed by client.
Connection closed by client.
Connection closed by client.
Failed sending mavlink message: Broken pipe
Closing connection.
Failed sending mavlink message: Broken pipe
Closing connection.
Failed sending mavlink message: Broken pipe
Closing connection.
recvfrom error: Connection reset by peer
Connection closed by client.
Connection closed by client.
Connection closed by client.
Connection closed by client.
Connection closed by client.
Connection closed by client.
Connection closed by client.
Connection closed by client.
Connection closed by client.
Connection closed by client.
Failed sending mavlink message: Broken pipe
Closing connection.
Failed sending mavlink message: Broken pipe
Closing connection.
Failed sending mavlink message: Broken pipe
Closing connection.
Connection closed by client.
Connection closed by client.
Connection closed by client.
Connection closed by client.
Connection closed by client.
Connection closed by client.
Connection closed by client.
Connection closed by client.
Connection closed by client.
Connection closed by client.
Connection closed by client.
Connection closed by client.
Connection closed by client.
Failed sending mavlink message: Broken pipe
Closing connection.
Failed sending mavlink message: Broken pipe
Closing connection.
Failed sending mavlink message: Broken pipe
Closing connection.
recvfrom error: Connection reset by peer
Connection closed by client.
Connection closed by client.
Connection closed by client.
Connection closed by client.
Connection closed by client.
Connection closed by client.
Connection closed by client.
Connection closed by client.
Connection closed by client.
Connection closed by client.
Connection closed by client.
Connection closed by client.
Connection closed by client.
Connection closed by client.
Connection closed by client.
Connection closed by client.
Connection closed by client.
Failed sending mavlink message: Broken pipe
Closing connection.
Connection closed by client.
Connection closed by client.
Connection closed by client.
Connection closed by client.
Connection closed by client.
Connection closed by client.
Connection closed by client.
Connection closed by client.
Connection closed by client.
Connection closed by client.
Connection closed by client.
Connection closed by client.
Connection closed by client.
Connection closed by client.
Connection closed by client.
Connection closed by client.
Connection closed by client.
Connection closed by client.
Connection closed by client.
Connection closed by client.
[1;33m[0m[1;36m[0m[1;31m[0m[1;32m[0m