[INFO] [1785139534.690719552] [rosbag2_recorder]: Press SPACE for pausing/resuming
[INFO] [1785139534.693453056] [rosbag2_storage]: Opened database '/tmp/experiments_06_formal_20260727/trials/eight_uav_line_to_circle__minimum_jerk_ladrc__r01/rosbag/rosbag_0.db3' for READ_WRITE.
[INFO] [1785139535.026183226] [rosbag2_recorder]: Listening for topics...
[INFO] [1785139535.026201260] [rosbag2_recorder]: Event publisher thread: Starting
[INFO] [1785139535.028627103] [rosbag2_recorder]: Subscribed to topic '/uav8/status'
[INFO] [1785139535.029853861] [rosbag2_recorder]: Subscribed to topic '/uav8/odom'
[INFO] [1785139535.029921709] [rosbag2_recorder]: Recording...
[INFO] [1785139535.031323397] [rosbag2_recorder]: Subscribed to topic '/uav1/odom'
[INFO] [1785139535.032577857] [rosbag2_recorder]: Subscribed to topic '/uav1/trajectory_metrics'
[INFO] [1785139535.033576834] [rosbag2_recorder]: Subscribed to topic '/uav7/odom'
[INFO] [1785139535.034528342] [rosbag2_recorder]: Subscribed to topic '/uav1/status'
[INFO] [1785139535.035411330] [rosbag2_recorder]: Subscribed to topic '/uav7/status'
[INFO] [1785139535.138780991] [rosbag2_recorder]: Subscribed to topic '/px4_7/fmu/out/vehicle_status'
[INFO] [1785139535.139209300] [rosbag2_recorder]: Subscribed to topic '/uav4/trajectory_metrics'
[INFO] [1785139535.139591833] [rosbag2_recorder]: Subscribed to topic '/uav4/status'
[INFO] [1785139535.139950140] [rosbag2_recorder]: Subscribed to topic '/uav7/trajectory_metrics'
[INFO] [1785139535.140391774] [rosbag2_recorder]: Subscribed to topic '/uav4/odom'
[INFO] [1785139535.140832687] [rosbag2_recorder]: Subscribed to topic '/px4_5/fmu/out/vehicle_status'
[INFO] [1785139535.141520607] [rosbag2_recorder]: Subscribed to topic '/px4_7/fmu/out/vehicle_odometry'
[INFO] [1785139535.142133896] [rosbag2_recorder]: Subscribed to topic '/px4_5/fmu/out/vehicle_odometry'
[INFO] [1785139535.753149395] [rosbag2_recorder]: Subscribed to topic '/uav6/odom'
[INFO] [1785139535.753657795] [rosbag2_recorder]: Subscribed to topic '/px4_3/fmu/out/vehicle_odometry'
[INFO] [1785139535.754132031] [rosbag2_recorder]: Subscribed to topic '/uav3/trajectory_metrics'
[INFO] [1785139535.754591278] [rosbag2_recorder]: Subscribed to topic '/uav2/odom'
[INFO] [1785139535.755093287] [rosbag2_recorder]: Subscribed to topic '/px4_8/fmu/out/vehicle_status'
[INFO] [1785139535.755836902] [rosbag2_recorder]: Subscribed to topic '/uav2/trajectory_metrics'
[INFO] [1785139535.756442927] [rosbag2_recorder]: Subscribed to topic '/uav8/trajectory_metrics'
[INFO] [1785139535.756932211] [rosbag2_recorder]: Subscribed to topic '/px4_1/fmu/out/vehicle_status'
[INFO] [1785139535.757410084] [rosbag2_recorder]: Subscribed to topic '/uav3/status'
[INFO] [1785139535.757892525] [rosbag2_recorder]: Subscribed to topic '/uav6/trajectory_metrics'
[INFO] [1785139535.758369046] [rosbag2_recorder]: Subscribed to topic '/uav3/odom'
[INFO] [1785139535.758836679] [rosbag2_recorder]: Subscribed to topic '/uav6/status'
[INFO] [1785139535.759375056] [rosbag2_recorder]: Subscribed to topic '/px4_6/fmu/out/vehicle_odometry'
[INFO] [1785139535.759841377] [rosbag2_recorder]: Subscribed to topic '/px4_2/fmu/out/vehicle_odometry'
[INFO] [1785139535.760421413] [rosbag2_recorder]: Subscribed to topic '/px4_6/fmu/out/vehicle_status'
[INFO] [1785139535.760953609] [rosbag2_recorder]: Subscribed to topic '/px4_2/fmu/out/vehicle_status'
[INFO] [1785139535.761469964] [rosbag2_recorder]: Subscribed to topic '/uav2/status'
[INFO] [1785139535.761923701] [rosbag2_recorder]: Subscribed to topic '/px4_8/fmu/out/vehicle_odometry'
[INFO] [1785139535.762384933] [rosbag2_recorder]: Subscribed to topic '/px4_3/fmu/out/vehicle_status'
[INFO] [1785139535.762856544] [rosbag2_recorder]: Subscribed to topic '/px4_4/fmu/out/vehicle_status'
[INFO] [1785139535.763353933] [rosbag2_recorder]: Subscribed to topic '/px4_4/fmu/out/vehicle_odometry'
[INFO] [1785139535.763834621] [rosbag2_recorder]: Subscribed to topic '/px4_1/fmu/out/vehicle_odometry'
[INFO] [1785139536.700429169] [rosbag2_recorder]: Subscribed to topic '/uav5/odom'
[INFO] [1785139536.701197630] [rosbag2_recorder]: Subscribed to topic '/uav5/trajectory_metrics'
[INFO] [1785139536.701852197] [rosbag2_recorder]: Subscribed to topic '/uav5/status'
[INFO] [1785139536.806524699] [rosbag2_recorder]: Subscribed to topic '/uav3/swarm_command'
[INFO] [1785139536.807081751] [rosbag2_recorder]: Subscribed to topic '/uav1/swarm_command'
[INFO] [1785139536.807636610] [rosbag2_recorder]: Subscribed to topic '/uav2/swarm_command'
[INFO] [1785139536.808212969] [rosbag2_recorder]: Subscribed to topic '/uav5/swarm_command'
[INFO] [1785139536.808719846] [rosbag2_recorder]: Subscribed to topic '/uav7/swarm_command'
[INFO] [1785139536.809197829] [rosbag2_recorder]: Subscribed to topic '/uav4/swarm_command'
[INFO] [1785139536.809659812] [rosbag2_recorder]: Subscribed to topic '/uav6/swarm_command'
[INFO] [1785139536.810217726] [rosbag2_recorder]: Subscribed to topic '/uav8/swarm_command'
[INFO] [1785139536.810234027] [rosbag2_recorder]: All requested topics are subscribed. Stopping discovery...
[INFO] [1785139571.439893358] [rosbag2_cpp]: Writing remaining messages from cache to the bag. It may take a while
[INFO] [1785139571.442582298] [rosbag2_recorder]: Event publisher thread: Exiting
[INFO] [1785139571.442625871] [rosbag2_recorder]: Recording stopped
