[INFO] [launch]: All log files can be found below /home/yihuang/.ros/log/2026-07-28-15-42-19-674608-JIAOLONG-Series-317192
[INFO] [launch]: Default logging verbosity is set to INFO
[INFO] [ladrc_position_controller_node-1]: process started with pid [317209]
[INFO] [ladrc_position_controller_node-2]: process started with pid [317211]
[INFO] [ladrc_position_controller_node-3]: process started with pid [317213]
[INFO] [ladrc_position_controller_node-4]: process started with pid [317215]
[INFO] [ladrc_position_controller_node-5]: process started with pid [317217]
[INFO] [ladrc_position_controller_node-6]: process started with pid [317219]
[INFO] [ladrc_position_controller_node-7]: process started with pid [317221]
[INFO] [ladrc_position_controller_node-8]: process started with pid [317223]
[ladrc_position_controller_node-1] [0m[INFO] [1785224539.751585591] [uav1.ladrc_position_controller]: 已创建 7 个邻居 Odom 订阅[0m
[ladrc_position_controller_node-2] [0m[INFO] [1785224539.752884835] [uav2.ladrc_position_controller]: 已创建 7 个邻居 Odom 订阅[0m
[ladrc_position_controller_node-5] [0m[INFO] [1785224539.753106580] [uav5.ladrc_position_controller]: 已创建 7 个邻居 Odom 订阅[0m
[ladrc_position_controller_node-1] [0m[INFO] [1785224539.755750162] [uav1.ladrc_position_controller]: LADRC 集群执行节点已初始化 (命名空间: /uav1), ENU偏移=[0.0, 3.0, 0.0][0m
[ladrc_position_controller_node-1] [0m[INFO] [1785224539.755786591] [uav1.ladrc_position_controller]: 等待 swarm_command 和 vehicle_odometry 消息...[0m
[ladrc_position_controller_node-6] [0m[INFO] [1785224539.755798934] [uav6.ladrc_position_controller]: 已创建 7 个邻居 Odom 订阅[0m
[ladrc_position_controller_node-2] [0m[INFO] [1785224539.756727092] [uav2.ladrc_position_controller]: LADRC 集群执行节点已初始化 (命名空间: /uav2), ENU偏移=[0.0, 6.0, 0.0][0m
[ladrc_position_controller_node-2] [0m[INFO] [1785224539.756757089] [uav2.ladrc_position_controller]: 等待 swarm_command 和 vehicle_odometry 消息...[0m
[ladrc_position_controller_node-4] [0m[INFO] [1785224539.757017026] [uav4.ladrc_position_controller]: 已创建 7 个邻居 Odom 订阅[0m
[ladrc_position_controller_node-5] [0m[INFO] [1785224539.757209666] [uav5.ladrc_position_controller]: LADRC 集群执行节点已初始化 (命名空间: /uav5), ENU偏移=[0.0, 15.0, 0.0][0m
[ladrc_position_controller_node-5] [0m[INFO] [1785224539.757241145] [uav5.ladrc_position_controller]: 等待 swarm_command 和 vehicle_odometry 消息...[0m
[ladrc_position_controller_node-8] [0m[INFO] [1785224539.757346593] [uav8.ladrc_position_controller]: 已创建 7 个邻居 Odom 订阅[0m
[ladrc_position_controller_node-6] [0m[INFO] [1785224539.759463549] [uav6.ladrc_position_controller]: LADRC 集群执行节点已初始化 (命名空间: /uav6), ENU偏移=[0.0, 18.0, 0.0][0m
[ladrc_position_controller_node-6] [0m[INFO] [1785224539.759497051] [uav6.ladrc_position_controller]: 等待 swarm_command 和 vehicle_odometry 消息...[0m
[ladrc_position_controller_node-4] [0m[INFO] [1785224539.760066849] [uav4.ladrc_position_controller]: LADRC 集群执行节点已初始化 (命名空间: /uav4), ENU偏移=[0.0, 12.0, 0.0][0m
[ladrc_position_controller_node-4] [0m[INFO] [1785224539.760092337] [uav4.ladrc_position_controller]: 等待 swarm_command 和 vehicle_odometry 消息...[0m
[ladrc_position_controller_node-8] [0m[INFO] [1785224539.760234403] [uav8.ladrc_position_controller]: LADRC 集群执行节点已初始化 (命名空间: /uav8), ENU偏移=[0.0, 24.0, 0.0][0m
[ladrc_position_controller_node-8] [0m[INFO] [1785224539.760255733] [uav8.ladrc_position_controller]: 等待 swarm_command 和 vehicle_odometry 消息...[0m
[ladrc_position_controller_node-7] [0m[INFO] [1785224539.760668276] [uav7.ladrc_position_controller]: 已创建 7 个邻居 Odom 订阅[0m
[ladrc_position_controller_node-7] [0m[INFO] [1785224539.764200102] [uav7.ladrc_position_controller]: LADRC 集群执行节点已初始化 (命名空间: /uav7), ENU偏移=[0.0, 21.0, 0.0][0m
[ladrc_position_controller_node-7] [0m[INFO] [1785224539.764231130] [uav7.ladrc_position_controller]: 等待 swarm_command 和 vehicle_odometry 消息...[0m
[ladrc_position_controller_node-1] [33m[WARN] [1785224539.775842512] [uav1.ladrc_position_controller]: 等待状态机进入 RUNNING_TRAJECTORY... (当前: 0)[0m
[ladrc_position_controller_node-2] [33m[WARN] [1785224539.776841874] [uav2.ladrc_position_controller]: 等待状态机进入 RUNNING_TRAJECTORY... (当前: 0)[0m
[ladrc_position_controller_node-5] [33m[WARN] [1785224539.777379110] [uav5.ladrc_position_controller]: 等待状态机进入 RUNNING_TRAJECTORY... (当前: 0)[0m
[ladrc_position_controller_node-6] [33m[WARN] [1785224539.779583500] [uav6.ladrc_position_controller]: 等待状态机进入 RUNNING_TRAJECTORY... (当前: 0)[0m
[ladrc_position_controller_node-4] [33m[WARN] [1785224539.780187261] [uav4.ladrc_position_controller]: 等待状态机进入 RUNNING_TRAJECTORY... (当前: 0)[0m
[ladrc_position_controller_node-8] [33m[WARN] [1785224539.780336871] [uav8.ladrc_position_controller]: 等待状态机进入 RUNNING_TRAJECTORY... (当前: 0)[0m
[ladrc_position_controller_node-7] [33m[WARN] [1785224539.784316857] [uav7.ladrc_position_controller]: 等待状态机进入 RUNNING_TRAJECTORY... (当前: 0)[0m
[ladrc_position_controller_node-3] [0m[INFO] [1785224540.078968362] [uav3.ladrc_position_controller]: 已创建 7 个邻居 Odom 订阅[0m
[ladrc_position_controller_node-3] [0m[INFO] [1785224540.081257981] [uav3.ladrc_position_controller]: LADRC 集群执行节点已初始化 (命名空间: /uav3), ENU偏移=[0.0, 9.0, 0.0][0m
[ladrc_position_controller_node-3] [0m[INFO] [1785224540.081279591] [uav3.ladrc_position_controller]: 等待 swarm_command 和 vehicle_odometry 消息...[0m
[ladrc_position_controller_node-3] [33m[WARN] [1785224540.101350540] [uav3.ladrc_position_controller]: 等待状态机进入 RUNNING_TRAJECTORY... (当前: 0)[0m
[ladrc_position_controller_node-8] [0m[INFO] [1785224540.741637188] [uav8.ladrc_position_controller]: 已接收到 vehicle_odometry 消息[0m
[ladrc_position_controller_node-2] [0m[INFO] [1785224540.994220005] [uav2.ladrc_position_controller]: 已接收到 vehicle_odometry 消息[0m
[ladrc_position_controller_node-6] [0m[INFO] [1785224541.091788351] [uav6.ladrc_position_controller]: 已接收到 vehicle_odometry 消息[0m
[ladrc_position_controller_node-7] [0m[INFO] [1785224541.243655015] [uav7.ladrc_position_controller]: 已接收到 vehicle_odometry 消息[0m
[ladrc_position_controller_node-5] [0m[INFO] [1785224541.846786089] [uav5.ladrc_position_controller]: 已接收到 vehicle_odometry 消息[0m
[ladrc_position_controller_node-1] [0m[INFO] [1785224541.847277619] [uav1.ladrc_position_controller]: 已接收到 vehicle_odometry 消息[0m
[ladrc_position_controller_node-3] [0m[INFO] [1785224541.940882511] [uav3.ladrc_position_controller]: 已接收到 vehicle_odometry 消息[0m
[ladrc_position_controller_node-4] [0m[INFO] [1785224542.221289050] [uav4.ladrc_position_controller]: 已接收到 vehicle_odometry 消息[0m
[ladrc_position_controller_node-8] [33m[WARN] [1785224544.780371599] [uav8.ladrc_position_controller]: 等待状态机进入 RUNNING_TRAJECTORY... (当前: 0)[0m
[ladrc_position_controller_node-1] [33m[WARN] [1785224544.795825118] [uav1.ladrc_position_controller]: 等待状态机进入 RUNNING_TRAJECTORY... (当前: 0)[0m
[ladrc_position_controller_node-2] [33m[WARN] [1785224544.796807719] [uav2.ladrc_position_controller]: 等待状态机进入 RUNNING_TRAJECTORY... (当前: 0)[0m
[ladrc_position_controller_node-5] [33m[WARN] [1785224544.797280094] [uav5.ladrc_position_controller]: 等待状态机进入 RUNNING_TRAJECTORY... (当前: 0)[0m
[ladrc_position_controller_node-6] [33m[WARN] [1785224544.799546089] [uav6.ladrc_position_controller]: 等待状态机进入 RUNNING_TRAJECTORY... (当前: 0)[0m
[ladrc_position_controller_node-4] [33m[WARN] [1785224544.800147125] [uav4.ladrc_position_controller]: 等待状态机进入 RUNNING_TRAJECTORY... (当前: 0)[0m
[ladrc_position_controller_node-7] [33m[WARN] [1785224544.804292701] [uav7.ladrc_position_controller]: 等待状态机进入 RUNNING_TRAJECTORY... (当前: 0)[0m
[ladrc_position_controller_node-3] [33m[WARN] [1785224545.121344778] [uav3.ladrc_position_controller]: 等待状态机进入 RUNNING_TRAJECTORY... (当前: 0)[0m
[ladrc_position_controller_node-2] [33m[WARN] [1785224549.796817802] [uav2.ladrc_position_controller]: 等待状态机进入 RUNNING_TRAJECTORY... (当前: 0)[0m
[ladrc_position_controller_node-5] [33m[WARN] [1785224549.797286631] [uav5.ladrc_position_controller]: 等待状态机进入 RUNNING_TRAJECTORY... (当前: 0)[0m
[ladrc_position_controller_node-4] [33m[WARN] [1785224549.800158069] [uav4.ladrc_position_controller]: 等待状态机进入 RUNNING_TRAJECTORY... (当前: 0)[0m
[ladrc_position_controller_node-8] [33m[WARN] [1785224549.800320464] [uav8.ladrc_position_controller]: 等待状态机进入 RUNNING_TRAJECTORY... (当前: 0)[0m
[ladrc_position_controller_node-1] [33m[WARN] [1785224549.815815771] [uav1.ladrc_position_controller]: 等待状态机进入 RUNNING_TRAJECTORY... (当前: 0)[0m
[ladrc_position_controller_node-6] [33m[WARN] [1785224549.819529659] [uav6.ladrc_position_controller]: 等待状态机进入 RUNNING_TRAJECTORY... (当前: 0)[0m
[ladrc_position_controller_node-7] [33m[WARN] [1785224549.824276260] [uav7.ladrc_position_controller]: 等待状态机进入 RUNNING_TRAJECTORY... (当前: 0)[0m
[ladrc_position_controller_node-1] [0m[INFO] [1785224549.855818118] [uav1.ladrc_position_controller]: 系统稳定，开始解锁 (Arming)...[0m
[ladrc_position_controller_node-2] [0m[INFO] [1785224549.856795319] [uav2.ladrc_position_controller]: 系统稳定，开始解锁 (Arming)...[0m
[ladrc_position_controller_node-4] [0m[INFO] [1785224549.960139975] [uav4.ladrc_position_controller]: 系统稳定，开始解锁 (Arming)...[0m
[ladrc_position_controller_node-8] [0m[INFO] [1785224550.060310976] [uav8.ladrc_position_controller]: 系统稳定，开始解锁 (Arming)...[0m
[ladrc_position_controller_node-7] [0m[INFO] [1785224550.064278889] [uav7.ladrc_position_controller]: 系统稳定，开始解锁 (Arming)...[0m
[ladrc_position_controller_node-3] [33m[WARN] [1785224550.121346454] [uav3.ladrc_position_controller]: 等待状态机进入 RUNNING_TRAJECTORY... (当前: 0)[0m
[ladrc_position_controller_node-5] [0m[INFO] [1785224550.157289647] [uav5.ladrc_position_controller]: 系统稳定，开始解锁 (Arming)...[0m
[ladrc_position_controller_node-3] [0m[INFO] [1785224550.481333089] [uav3.ladrc_position_controller]: 系统稳定，开始解锁 (Arming)...[0m
[ladrc_position_controller_node-6] [0m[INFO] [1785224550.759533524] [uav6.ladrc_position_controller]: 系统稳定，开始解锁 (Arming)...[0m
[ladrc_position_controller_node-1] [0m[INFO] [1785224551.955812531] [uav1.ladrc_position_controller]: 解锁成功。切换到 Offboard 模式...[0m
[ladrc_position_controller_node-2] [0m[INFO] [1785224551.956808086] [uav2.ladrc_position_controller]: 解锁成功。切换到 Offboard 模式...[0m
[ladrc_position_controller_node-4] [0m[INFO] [1785224552.060136792] [uav4.ladrc_position_controller]: 解锁成功。切换到 Offboard 模式...[0m
[ladrc_position_controller_node-8] [0m[INFO] [1785224552.160330535] [uav8.ladrc_position_controller]: 解锁成功。切换到 Offboard 模式...[0m
[ladrc_position_controller_node-7] [0m[INFO] [1785224552.164274213] [uav7.ladrc_position_controller]: 解锁成功。切换到 Offboard 模式...[0m
[ladrc_position_controller_node-5] [0m[INFO] [1785224552.257269672] [uav5.ladrc_position_controller]: 解锁成功。切换到 Offboard 模式...[0m
[ladrc_position_controller_node-3] [0m[INFO] [1785224552.581334785] [uav3.ladrc_position_controller]: 解锁成功。切换到 Offboard 模式...[0m
[ladrc_position_controller_node-6] [0m[INFO] [1785224552.859531512] [uav6.ladrc_position_controller]: 解锁成功。切换到 Offboard 模式...[0m
[ladrc_position_controller_node-1] [0m[INFO] [1785224553.055814250] [uav1.ladrc_position_controller]: Offboard 模式已激活。LADRC 控制器接管。[0m
[ladrc_position_controller_node-2] [0m[INFO] [1785224553.056801870] [uav2.ladrc_position_controller]: Offboard 模式已激活。LADRC 控制器接管。[0m
[ladrc_position_controller_node-1] [0m[INFO] [1785224553.075809567] [uav1.ladrc_position_controller]: UAV1 悬停保持锁定: [0.02, 0.02, -0.11][0m
[ladrc_position_controller_node-1] [0m[INFO] [1785224553.075855743] [uav1.ladrc_position_controller]: UAV1 悬停保持 Pos[0.02,0.02,-0.11][0m
[ladrc_position_controller_node-2] [0m[INFO] [1785224553.076800463] [uav2.ladrc_position_controller]: UAV2 悬停保持锁定: [0.02, 0.01, -0.10][0m
[ladrc_position_controller_node-2] [0m[INFO] [1785224553.076851929] [uav2.ladrc_position_controller]: UAV2 悬停保持 Pos[0.02,0.01,-0.10][0m
[ladrc_position_controller_node-4] [0m[INFO] [1785224553.160138420] [uav4.ladrc_position_controller]: Offboard 模式已激活。LADRC 控制器接管。[0m
[ladrc_position_controller_node-4] [0m[INFO] [1785224553.180144889] [uav4.ladrc_position_controller]: UAV4 悬停保持锁定: [0.02, 0.01, -0.09][0m
[ladrc_position_controller_node-4] [0m[INFO] [1785224553.180203328] [uav4.ladrc_position_controller]: UAV4 悬停保持 Pos[0.02,0.01,-0.09][0m
[ladrc_position_controller_node-8] [0m[INFO] [1785224553.260304652] [uav8.ladrc_position_controller]: Offboard 模式已激活。LADRC 控制器接管。[0m
[ladrc_position_controller_node-7] [0m[INFO] [1785224553.264281903] [uav7.ladrc_position_controller]: Offboard 模式已激活。LADRC 控制器接管。[0m
[ladrc_position_controller_node-8] [0m[INFO] [1785224553.280310760] [uav8.ladrc_position_controller]: UAV8 悬停保持锁定: [0.01, 0.02, -0.07][0m
[ladrc_position_controller_node-8] [0m[INFO] [1785224553.280362116] [uav8.ladrc_position_controller]: UAV8 悬停保持 Pos[0.01,0.02,-0.07][0m
[ladrc_position_controller_node-7] [0m[INFO] [1785224553.284266420] [uav7.ladrc_position_controller]: UAV7 悬停保持锁定: [0.00, 0.01, -0.07][0m
[ladrc_position_controller_node-7] [0m[INFO] [1785224553.284309350] [uav7.ladrc_position_controller]: UAV7 悬停保持 Pos[0.00,0.01,-0.07][0m
[ladrc_position_controller_node-5] [0m[INFO] [1785224553.357286449] [uav5.ladrc_position_controller]: Offboard 模式已激活。LADRC 控制器接管。[0m
[ladrc_position_controller_node-5] [0m[INFO] [1785224553.377277167] [uav5.ladrc_position_controller]: UAV5 悬停保持锁定: [0.01, 0.01, -0.10][0m
[ladrc_position_controller_node-5] [0m[INFO] [1785224553.377329826] [uav5.ladrc_position_controller]: UAV5 悬停保持 Pos[0.01,0.01,-0.10][0m
[ladrc_position_controller_node-3] [0m[INFO] [1785224553.681343246] [uav3.ladrc_position_controller]: Offboard 模式已激活。LADRC 控制器接管。[0m
[ladrc_position_controller_node-3] [0m[INFO] [1785224553.701331069] [uav3.ladrc_position_controller]: UAV3 悬停保持锁定: [0.02, 0.02, -0.12][0m
[ladrc_position_controller_node-3] [0m[INFO] [1785224553.701379620] [uav3.ladrc_position_controller]: UAV3 悬停保持 Pos[0.02,0.02,-0.12][0m
[ladrc_position_controller_node-6] [0m[INFO] [1785224553.959529553] [uav6.ladrc_position_controller]: Offboard 模式已激活。LADRC 控制器接管。[0m
[ladrc_position_controller_node-6] [0m[INFO] [1785224553.979540530] [uav6.ladrc_position_controller]: UAV6 悬停保持锁定: [0.00, 0.02, -0.09][0m
[ladrc_position_controller_node-6] [0m[INFO] [1785224553.979598909] [uav6.ladrc_position_controller]: UAV6 悬停保持 Pos[0.00,0.02,-0.09][0m
[WARNING] [launch]: user interrupted with ctrl-c (SIGINT)
[ladrc_position_controller_node-8] [0m[INFO] [1785224559.970994762] [rclcpp]: signal_handler(signum=2)[0m
[ladrc_position_controller_node-7] [0m[INFO] [1785224559.970994752] [rclcpp]: signal_handler(signum=2)[0m
[ladrc_position_controller_node-6] [0m[INFO] [1785224559.970998890] [rclcpp]: signal_handler(signum=2)[0m
[ladrc_position_controller_node-2] [0m[INFO] [1785224559.971004170] [rclcpp]: signal_handler(signum=2)[0m
[ladrc_position_controller_node-4] [0m[INFO] [1785224559.970998630] [rclcpp]: signal_handler(signum=2)[0m
[ladrc_position_controller_node-5] [0m[INFO] [1785224559.970998499] [rclcpp]: signal_handler(signum=2)[0m
[ladrc_position_controller_node-3] [0m[INFO] [1785224559.971005252] [rclcpp]: signal_handler(signum=2)[0m
[ladrc_position_controller_node-1] [0m[INFO] [1785224559.971004421] [rclcpp]: signal_handler(signum=2)[0m
[INFO] [ladrc_position_controller_node-8]: sending signal 'SIGINT' to process[ladrc_position_controller_node-8]
[INFO] [ladrc_position_controller_node-7]: sending signal 'SIGINT' to process[ladrc_position_controller_node-7]
[INFO] [ladrc_position_controller_node-6]: sending signal 'SIGINT' to process[ladrc_position_controller_node-6]
[INFO] [ladrc_position_controller_node-5]: sending signal 'SIGINT' to process[ladrc_position_controller_node-5]
[INFO] [ladrc_position_controller_node-4]: sending signal 'SIGINT' to process[ladrc_position_controller_node-4]
[INFO] [ladrc_position_controller_node-3]: sending signal 'SIGINT' to process[ladrc_position_controller_node-3]
[INFO] [ladrc_position_controller_node-2]: sending signal 'SIGINT' to process[ladrc_position_controller_node-2]
[INFO] [ladrc_position_controller_node-1]: sending signal 'SIGINT' to process[ladrc_position_controller_node-1]
[ladrc_position_controller_node-8] [0m[INFO] [1785224559.976386803] [rclcpp]: signal_handler(signum=2)[0m
[ladrc_position_controller_node-7] [0m[INFO] [1785224559.977033765] [rclcpp]: signal_handler(signum=2)[0m
[ladrc_position_controller_node-6] [0m[INFO] [1785224559.977698841] [rclcpp]: signal_handler(signum=2)[0m
[ladrc_position_controller_node-5] [0m[INFO] [1785224559.978271223] [rclcpp]: signal_handler(signum=2)[0m
[ladrc_position_controller_node-4] [0m[INFO] [1785224559.979203961] [rclcpp]: signal_handler(signum=2)[0m
[ladrc_position_controller_node-3] [0m[INFO] [1785224559.980077016] [rclcpp]: signal_handler(signum=2)[0m
[ladrc_position_controller_node-2] [0m[INFO] [1785224559.980649950] [rclcpp]: signal_handler(signum=2)[0m
[ladrc_position_controller_node-1] [0m[INFO] [1785224559.981281262] [rclcpp]: signal_handler(signum=2)[0m
[INFO] [ladrc_position_controller_node-4]: process has finished cleanly [pid 317215]
[INFO] [ladrc_position_controller_node-5]: process has finished cleanly [pid 317217]
[INFO] [ladrc_position_controller_node-1]: process has finished cleanly [pid 317209]
[INFO] [ladrc_position_controller_node-2]: process has finished cleanly [pid 317211]
[INFO] [ladrc_position_controller_node-7]: process has finished cleanly [pid 317221]
[INFO] [ladrc_position_controller_node-6]: process has finished cleanly [pid 317219]
[INFO] [ladrc_position_controller_node-3]: process has finished cleanly [pid 317213]
[INFO] [ladrc_position_controller_node-8]: process has finished cleanly [pid 317223]
