[INFO] [1785142917.878288770] [rosbag2_recorder]: Press SPACE for pausing/resuming
[INFO] [1785142917.880111666] [rosbag2_storage]: Opened database '/tmp/experiments_06_formal_20260727/trials/eight_uav_line_to_circle__minimum_jerk_ladrc__r05/rosbag/rosbag_0.db3' for READ_WRITE.
[INFO] [1785142917.880941991] [rosbag2_recorder]: Listening for topics...
[INFO] [1785142917.880967718] [rosbag2_recorder]: Event publisher thread: Starting
[INFO] [1785142917.881183081] [rosbag2_recorder]: Recording...
[INFO] [1785142918.184027657] [rosbag2_recorder]: Subscribed to topic '/px4_4/fmu/out/vehicle_odometry'
[INFO] [1785142918.184624455] [rosbag2_recorder]: Subscribed to topic '/px4_4/fmu/out/vehicle_status'
[INFO] [1785142918.185132182] [rosbag2_recorder]: Subscribed to topic '/px4_6/fmu/out/vehicle_odometry'
[INFO] [1785142918.185697693] [rosbag2_recorder]: Subscribed to topic '/px4_6/fmu/out/vehicle_status'
[INFO] [1785142918.186440839] [rosbag2_recorder]: Subscribed to topic '/px4_8/fmu/out/vehicle_odometry'
[INFO] [1785142918.186994699] [rosbag2_recorder]: Subscribed to topic '/px4_8/fmu/out/vehicle_status'
[INFO] [1785142918.188153263] [rosbag2_recorder]: Subscribed to topic '/uav8/odom'
[INFO] [1785142918.189114626] [rosbag2_recorder]: Subscribed to topic '/uav8/status'
[INFO] [1785142918.190173598] [rosbag2_recorder]: Subscribed to topic '/uav8/trajectory_metrics'
[INFO] [1785142918.292099058] [rosbag2_recorder]: Subscribed to topic '/px4_7/fmu/out/vehicle_odometry'
[INFO] [1785142918.292592728] [rosbag2_recorder]: Subscribed to topic '/px4_2/fmu/out/vehicle_odometry'
[INFO] [1785142918.293014407] [rosbag2_recorder]: Subscribed to topic '/px4_7/fmu/out/vehicle_status'
[INFO] [1785142918.293444662] [rosbag2_recorder]: Subscribed to topic '/px4_5/fmu/out/vehicle_status'
[INFO] [1785142918.293888071] [rosbag2_recorder]: Subscribed to topic '/px4_2/fmu/out/vehicle_status'
[INFO] [1785142918.294332041] [rosbag2_recorder]: Subscribed to topic '/px4_5/fmu/out/vehicle_odometry'
[INFO] [1785142918.294818318] [rosbag2_recorder]: Subscribed to topic '/px4_1/fmu/out/vehicle_status'
[INFO] [1785142918.295462583] [rosbag2_recorder]: Subscribed to topic '/px4_1/fmu/out/vehicle_odometry'
[INFO] [1785142918.398319092] [rosbag2_recorder]: Subscribed to topic '/uav1/status'
[INFO] [1785142918.398816198] [rosbag2_recorder]: Subscribed to topic '/uav1/trajectory_metrics'
[INFO] [1785142918.399306613] [rosbag2_recorder]: Subscribed to topic '/uav1/odom'
[INFO] [1785142918.502534639] [rosbag2_recorder]: Subscribed to topic '/uav6/odom'
[INFO] [1785142918.503016137] [rosbag2_recorder]: Subscribed to topic '/uav6/trajectory_metrics'
[INFO] [1785142918.503457091] [rosbag2_recorder]: Subscribed to topic '/uav6/status'
[INFO] [1785142918.503885743] [rosbag2_recorder]: Subscribed to topic '/uav2/status'
[INFO] [1785142918.504304297] [rosbag2_recorder]: Subscribed to topic '/uav4/odom'
[INFO] [1785142918.504758035] [rosbag2_recorder]: Subscribed to topic '/px4_3/fmu/out/vehicle_status'
[INFO] [1785142918.505170377] [rosbag2_recorder]: Subscribed to topic '/uav5/status'
[INFO] [1785142918.505580505] [rosbag2_recorder]: Subscribed to topic '/uav2/odom'
[INFO] [1785142918.506000291] [rosbag2_recorder]: Subscribed to topic '/uav5/trajectory_metrics'
[INFO] [1785142918.506446625] [rosbag2_recorder]: Subscribed to topic '/uav4/status'
[INFO] [1785142918.506881288] [rosbag2_recorder]: Subscribed to topic '/uav4/trajectory_metrics'
[INFO] [1785142918.507315971] [rosbag2_recorder]: Subscribed to topic '/uav2/trajectory_metrics'
[INFO] [1785142918.507746085] [rosbag2_recorder]: Subscribed to topic '/uav5/odom'
[INFO] [1785142918.508226011] [rosbag2_recorder]: Subscribed to topic '/px4_3/fmu/out/vehicle_odometry'
[INFO] [1785142918.612248145] [rosbag2_recorder]: Subscribed to topic '/uav3/odom'
[INFO] [1785142918.612742297] [rosbag2_recorder]: Subscribed to topic '/uav7/odom'
[INFO] [1785142918.613179003] [rosbag2_recorder]: Subscribed to topic '/uav3/trajectory_metrics'
[INFO] [1785142918.613604530] [rosbag2_recorder]: Subscribed to topic '/uav7/status'
[INFO] [1785142918.613999260] [rosbag2_recorder]: Subscribed to topic '/uav3/status'
[INFO] [1785142918.614476660] [rosbag2_recorder]: Subscribed to topic '/uav7/trajectory_metrics'
[INFO] [1785142922.441178122] [rosbag2_recorder]: Subscribed to topic '/uav3/swarm_command'
[INFO] [1785142922.441948637] [rosbag2_recorder]: Subscribed to topic '/uav1/swarm_command'
[INFO] [1785142922.442619449] [rosbag2_recorder]: Subscribed to topic '/uav2/swarm_command'
[INFO] [1785142922.444791989] [rosbag2_recorder]: Subscribed to topic '/uav5/swarm_command'
[INFO] [1785142922.463105119] [rosbag2_recorder]: Subscribed to topic '/uav7/swarm_command'
[INFO] [1785142922.464282976] [rosbag2_recorder]: Subscribed to topic '/uav4/swarm_command'
[INFO] [1785142922.481605489] [rosbag2_recorder]: Subscribed to topic '/uav6/swarm_command'
[INFO] [1785142922.482513825] [rosbag2_recorder]: Subscribed to topic '/uav8/swarm_command'
[INFO] [1785142922.482537719] [rosbag2_recorder]: All requested topics are subscribed. Stopping discovery...
[INFO] [1785142956.137504923] [rosbag2_cpp]: Writing remaining messages from cache to the bag. It may take a while
[INFO] [1785142956.140637969] [rosbag2_recorder]: Event publisher thread: Exiting
[INFO] [1785142956.140685245] [rosbag2_recorder]: Recording stopped
