[INFO] [1785140567.437056475] [rosbag2_recorder]: Press SPACE for pausing/resuming
[INFO] [1785140567.438387459] [rosbag2_storage]: Opened database '/tmp/experiments_06_formal_20260727/trials/five_uav_circle__linear_ladrc__r01/rosbag/rosbag_0.db3' for READ_WRITE.
[INFO] [1785140567.439098502] [rosbag2_recorder]: Listening for topics...
[INFO] [1785140567.439117548] [rosbag2_recorder]: Event publisher thread: Starting
[INFO] [1785140567.441014621] [rosbag2_recorder]: Subscribed to topic '/uav5/trajectory_metrics'
[INFO] [1785140567.441430817] [rosbag2_recorder]: Subscribed to topic '/uav5/status'
[INFO] [1785140567.441941372] [rosbag2_recorder]: Subscribed to topic '/uav5/odom'
[INFO] [1785140567.442315889] [rosbag2_recorder]: Subscribed to topic '/uav4/trajectory_metrics'
[INFO] [1785140567.442674346] [rosbag2_recorder]: Subscribed to topic '/uav4/status'
[INFO] [1785140567.443021021] [rosbag2_recorder]: Subscribed to topic '/uav4/odom'
[INFO] [1785140567.443368948] [rosbag2_recorder]: Subscribed to topic '/uav3/status'
[INFO] [1785140567.443414774] [rosbag2_recorder]: Recording...
[INFO] [1785140567.546349514] [rosbag2_recorder]: Subscribed to topic '/uav1/trajectory_metrics'
[INFO] [1785140567.547831604] [rosbag2_recorder]: Subscribed to topic '/px4_4/fmu/out/vehicle_status'
[INFO] [1785140567.548235326] [rosbag2_recorder]: Subscribed to topic '/uav1/odom'
[INFO] [1785140567.548651232] [rosbag2_recorder]: Subscribed to topic '/px4_1/fmu/out/vehicle_odometry'
[INFO] [1785140567.549025949] [rosbag2_recorder]: Subscribed to topic '/uav3/trajectory_metrics'
[INFO] [1785140567.549420625] [rosbag2_recorder]: Subscribed to topic '/uav3/odom'
[INFO] [1785140567.549781116] [rosbag2_recorder]: Subscribed to topic '/px4_3/fmu/out/vehicle_status'
[INFO] [1785140567.550151415] [rosbag2_recorder]: Subscribed to topic '/uav2/trajectory_metrics'
[INFO] [1785140567.550516595] [rosbag2_recorder]: Subscribed to topic '/uav2/odom'
[INFO] [1785140567.550873278] [rosbag2_recorder]: Subscribed to topic '/px4_1/fmu/out/vehicle_status'
[INFO] [1785140567.551241494] [rosbag2_recorder]: Subscribed to topic '/px4_2/fmu/out/vehicle_odometry'
[INFO] [1785140567.551612344] [rosbag2_recorder]: Subscribed to topic '/px4_5/fmu/out/vehicle_status'
[INFO] [1785140567.552016958] [rosbag2_recorder]: Subscribed to topic '/px4_2/fmu/out/vehicle_status'
[INFO] [1785140567.552439867] [rosbag2_recorder]: Subscribed to topic '/uav2/status'
[INFO] [1785140567.552850583] [rosbag2_recorder]: Subscribed to topic '/px4_3/fmu/out/vehicle_odometry'
[INFO] [1785140567.553277860] [rosbag2_recorder]: Subscribed to topic '/px4_4/fmu/out/vehicle_odometry'
[INFO] [1785140567.553739963] [rosbag2_recorder]: Subscribed to topic '/px4_5/fmu/out/vehicle_odometry'
[INFO] [1785140567.554386744] [rosbag2_recorder]: Subscribed to topic '/uav1/status'
[INFO] [1785140569.591489277] [rosbag2_recorder]: Subscribed to topic '/uav3/swarm_command'
[INFO] [1785140569.591936752] [rosbag2_recorder]: Subscribed to topic '/uav4/swarm_command'
[INFO] [1785140569.592331748] [rosbag2_recorder]: Subscribed to topic '/uav5/swarm_command'
[INFO] [1785140569.592708309] [rosbag2_recorder]: Subscribed to topic '/uav2/swarm_command'
[INFO] [1785140569.593068239] [rosbag2_recorder]: Subscribed to topic '/uav1/swarm_command'
[INFO] [1785140569.593079630] [rosbag2_recorder]: All requested topics are subscribed. Stopping discovery...
[INFO] [1785140600.490059449] [rosbag2_cpp]: Writing remaining messages from cache to the bag. It may take a while
[INFO] [1785140600.491849350] [rosbag2_recorder]: Event publisher thread: Exiting
[INFO] [1785140600.491898012] [rosbag2_recorder]: Recording stopped
