[INFO] [1785143301.052986566] [rosbag2_recorder]: Press SPACE for pausing/resuming
[INFO] [1785143301.054776567] [rosbag2_storage]: Opened database '/tmp/experiments_06_formal_20260727/trials/five_uav_circle__minimum_jerk_ladrc__r04/rosbag/rosbag_0.db3' for READ_WRITE.
[INFO] [1785143301.055560014] [rosbag2_recorder]: Listening for topics...
[INFO] [1785143301.055576407] [rosbag2_recorder]: Event publisher thread: Starting
[INFO] [1785143301.057325155] [rosbag2_recorder]: Subscribed to topic '/uav5/odom'
[INFO] [1785143301.058040326] [rosbag2_recorder]: Subscribed to topic '/uav4/status'
[INFO] [1785143301.058412640] [rosbag2_recorder]: Subscribed to topic '/uav5/status'
[INFO] [1785143301.058961629] [rosbag2_recorder]: Subscribed to topic '/uav3/trajectory_metrics'
[INFO] [1785143301.059329424] [rosbag2_recorder]: Subscribed to topic '/uav3/status'
[INFO] [1785143301.059688813] [rosbag2_recorder]: Subscribed to topic '/uav5/trajectory_metrics'
[INFO] [1785143301.060028433] [rosbag2_recorder]: Subscribed to topic '/uav3/odom'
[INFO] [1785143301.060080006] [rosbag2_recorder]: Recording...
[INFO] [1785143301.060921279] [rosbag2_recorder]: Subscribed to topic '/uav2/status'
[INFO] [1785143301.163148817] [rosbag2_recorder]: Subscribed to topic '/uav1/trajectory_metrics'
[INFO] [1785143301.164529479] [rosbag2_recorder]: Subscribed to topic '/px4_4/fmu/out/vehicle_status'
[INFO] [1785143301.164895972] [rosbag2_recorder]: Subscribed to topic '/uav4/odom'
[INFO] [1785143301.165253708] [rosbag2_recorder]: Subscribed to topic '/uav4/trajectory_metrics'
[INFO] [1785143301.165626393] [rosbag2_recorder]: Subscribed to topic '/uav2/odom'
[INFO] [1785143301.166031413] [rosbag2_recorder]: Subscribed to topic '/uav2/trajectory_metrics'
[INFO] [1785143301.166447375] [rosbag2_recorder]: Subscribed to topic '/px4_1/fmu/out/vehicle_status'
[INFO] [1785143301.166950793] [rosbag2_recorder]: Subscribed to topic '/px4_2/fmu/out/vehicle_odometry'
[INFO] [1785143301.167405392] [rosbag2_recorder]: Subscribed to topic '/px4_3/fmu/out/vehicle_odometry'
[INFO] [1785143301.167821715] [rosbag2_recorder]: Subscribed to topic '/px4_4/fmu/out/vehicle_odometry'
[INFO] [1785143301.168249140] [rosbag2_recorder]: Subscribed to topic '/px4_3/fmu/out/vehicle_status'
[INFO] [1785143301.168688529] [rosbag2_recorder]: Subscribed to topic '/px4_5/fmu/out/vehicle_odometry'
[INFO] [1785143301.169200643] [rosbag2_recorder]: Subscribed to topic '/uav1/status'
[INFO] [1785143301.169677948] [rosbag2_recorder]: Subscribed to topic '/px4_2/fmu/out/vehicle_status'
[INFO] [1785143301.170172567] [rosbag2_recorder]: Subscribed to topic '/px4_5/fmu/out/vehicle_status'
[INFO] [1785143301.170700383] [rosbag2_recorder]: Subscribed to topic '/uav1/odom'
[INFO] [1785143301.171197869] [rosbag2_recorder]: Subscribed to topic '/px4_1/fmu/out/vehicle_odometry'
[INFO] [1785143303.209561383] [rosbag2_recorder]: Subscribed to topic '/uav3/swarm_command'
[INFO] [1785143303.210153176] [rosbag2_recorder]: Subscribed to topic '/uav4/swarm_command'
[INFO] [1785143303.210655149] [rosbag2_recorder]: Subscribed to topic '/uav5/swarm_command'
[INFO] [1785143303.211110208] [rosbag2_recorder]: Subscribed to topic '/uav2/swarm_command'
[INFO] [1785143303.211577030] [rosbag2_recorder]: Subscribed to topic '/uav1/swarm_command'
[INFO] [1785143303.211590517] [rosbag2_recorder]: All requested topics are subscribed. Stopping discovery...
[INFO] [1785143334.205698405] [rosbag2_cpp]: Writing remaining messages from cache to the bag. It may take a while
[INFO] [1785143334.207500274] [rosbag2_recorder]: Event publisher thread: Exiting
[INFO] [1785143334.207570883] [rosbag2_recorder]: Recording stopped
