[INFO] [1785138575.662664566] [rosbag2_recorder]: Press SPACE for pausing/resuming
[INFO] [1785138575.664314760] [rosbag2_storage]: Opened database '/tmp/experiments_06_formal_20260727/trials/eight_uav_line_to_circle__linear_ladrc__r05/rosbag/rosbag_0.db3' for READ_WRITE.
[INFO] [1785138575.665102721] [rosbag2_recorder]: Listening for topics...
[INFO] [1785138575.665125194] [rosbag2_recorder]: Event publisher thread: Starting
[INFO] [1785138575.667119048] [rosbag2_recorder]: Subscribed to topic '/uav7/odom'
[INFO] [1785138575.668216706] [rosbag2_recorder]: Subscribed to topic '/uav7/status'
[INFO] [1785138575.669050113] [rosbag2_recorder]: Subscribed to topic '/uav5/status'
[INFO] [1785138575.670237721] [rosbag2_recorder]: Subscribed to topic '/uav4/status'
[INFO] [1785138575.671070778] [rosbag2_recorder]: Subscribed to topic '/uav3/odom'
[INFO] [1785138575.671986321] [rosbag2_recorder]: Subscribed to topic '/uav7/trajectory_metrics'
[INFO] [1785138575.672994339] [rosbag2_recorder]: Subscribed to topic '/uav3/status'
[INFO] [1785138575.673640011] [rosbag2_recorder]: Subscribed to topic '/uav2/status'
[INFO] [1785138575.674280313] [rosbag2_recorder]: Subscribed to topic '/uav8/status'
[INFO] [1785138575.675018581] [rosbag2_recorder]: Subscribed to topic '/uav1/status'
[INFO] [1785138575.675085507] [rosbag2_recorder]: Recording...
[INFO] [1785138575.677297735] [rosbag2_recorder]: Subscribed to topic '/uav4/trajectory_metrics'
[INFO] [1785138575.678791803] [rosbag2_recorder]: Subscribed to topic '/uav3/trajectory_metrics'
[INFO] [1785138575.679725190] [rosbag2_recorder]: Subscribed to topic '/uav5/trajectory_metrics'
[INFO] [1785138575.680397573] [rosbag2_recorder]: Subscribed to topic '/uav4/odom'
[INFO] [1785138575.681121363] [rosbag2_recorder]: Subscribed to topic '/uav5/odom'
[INFO] [1785138575.681973025] [rosbag2_recorder]: Subscribed to topic '/uav1/odom'
[INFO] [1785138575.682900140] [rosbag2_recorder]: Subscribed to topic '/uav1/trajectory_metrics'
[INFO] [1785138575.683608070] [rosbag2_recorder]: Subscribed to topic '/uav8/odom'
[INFO] [1785138575.684302825] [rosbag2_recorder]: Subscribed to topic '/uav8/trajectory_metrics'
[INFO] [1785138575.788505029] [rosbag2_recorder]: Subscribed to topic '/px4_1/fmu/out/vehicle_odometry'
[INFO] [1785138575.788914364] [rosbag2_recorder]: Subscribed to topic '/uav6/status'
[INFO] [1785138575.789297039] [rosbag2_recorder]: Subscribed to topic '/px4_6/fmu/out/vehicle_odometry'
[INFO] [1785138575.789676166] [rosbag2_recorder]: Subscribed to topic '/px4_5/fmu/out/vehicle_odometry'
[INFO] [1785138575.790070553] [rosbag2_recorder]: Subscribed to topic '/px4_4/fmu/out/vehicle_odometry'
[INFO] [1785138575.790623499] [rosbag2_recorder]: Subscribed to topic '/px4_3/fmu/out/vehicle_odometry'
[INFO] [1785138575.791108257] [rosbag2_recorder]: Subscribed to topic '/uav6/trajectory_metrics'
[INFO] [1785138575.791585550] [rosbag2_recorder]: Subscribed to topic '/px4_8/fmu/out/vehicle_odometry'
[INFO] [1785138575.792001197] [rosbag2_recorder]: Subscribed to topic '/px4_2/fmu/out/vehicle_odometry'
[INFO] [1785138575.792421192] [rosbag2_recorder]: Subscribed to topic '/uav6/odom'
[INFO] [1785138576.717010981] [rosbag2_recorder]: Subscribed to topic '/uav2/trajectory_metrics'
[INFO] [1785138576.717482123] [rosbag2_recorder]: Subscribed to topic '/px4_7/fmu/out/vehicle_odometry'
[INFO] [1785138576.717954758] [rosbag2_recorder]: Subscribed to topic '/uav2/odom'
[INFO] [1785138577.759115595] [rosbag2_recorder]: Subscribed to topic '/uav3/swarm_command'
[INFO] [1785138577.759808706] [rosbag2_recorder]: Subscribed to topic '/uav5/swarm_command'
[INFO] [1785138577.760414804] [rosbag2_recorder]: Subscribed to topic '/uav2/swarm_command'
[INFO] [1785138577.761004700] [rosbag2_recorder]: Subscribed to topic '/uav1/swarm_command'
[INFO] [1785138577.761615547] [rosbag2_recorder]: Subscribed to topic '/uav7/swarm_command'
[INFO] [1785138577.762215913] [rosbag2_recorder]: Subscribed to topic '/uav4/swarm_command'
[INFO] [1785138577.762813534] [rosbag2_recorder]: Subscribed to topic '/uav6/swarm_command'
[INFO] [1785138577.763347204] [rosbag2_recorder]: Subscribed to topic '/uav8/swarm_command'
[INFO] [1785138577.763387110] [rosbag2_recorder]: All requested topics are subscribed. Stopping discovery...
[INFO] [1785138612.924620396] [rosbag2_cpp]: Writing remaining messages from cache to the bag. It may take a while
[INFO] [1785138612.927269359] [rosbag2_recorder]: Event publisher thread: Exiting
[INFO] [1785138612.927311679] [rosbag2_recorder]: Recording stopped
