[INFO] [1785142028.921720970] [rosbag2_recorder]: Press SPACE for pausing/resuming
[INFO] [1785142028.923087100] [rosbag2_storage]: Opened database '/tmp/experiments_06_formal_20260727/trials/five_uav_circle__px4_step__r05/rosbag/rosbag_0.db3' for READ_WRITE.
[INFO] [1785142028.923692092] [rosbag2_recorder]: Listening for topics...
[INFO] [1785142028.923702231] [rosbag2_recorder]: Event publisher thread: Starting
[INFO] [1785142028.923940632] [rosbag2_recorder]: Recording...
[INFO] [1785142029.025804260] [rosbag2_recorder]: Subscribed to topic '/uav2/odom'
[INFO] [1785142029.026561010] [rosbag2_recorder]: Subscribed to topic '/uav2/status'
[INFO] [1785142029.026934024] [rosbag2_recorder]: Subscribed to topic '/uav3/status'
[INFO] [1785142029.027449257] [rosbag2_recorder]: Subscribed to topic '/uav2/trajectory_metrics'
[INFO] [1785142029.027758782] [rosbag2_recorder]: Subscribed to topic '/uav3/odom'
[INFO] [1785142029.028093564] [rosbag2_recorder]: Subscribed to topic '/uav5/trajectory_metrics'
[INFO] [1785142029.028485184] [rosbag2_recorder]: Subscribed to topic '/uav3/trajectory_metrics'
[INFO] [1785142029.028817912] [rosbag2_recorder]: Subscribed to topic '/uav5/status'
[INFO] [1785142029.029150570] [rosbag2_recorder]: Subscribed to topic '/uav5/odom'
[INFO] [1785142029.132472022] [rosbag2_recorder]: Subscribed to topic '/px4_3/fmu/out/vehicle_status'
[INFO] [1785142029.132920159] [rosbag2_recorder]: Subscribed to topic '/px4_4/fmu/out/vehicle_status'
[INFO] [1785142029.133417728] [rosbag2_recorder]: Subscribed to topic '/px4_4/fmu/out/vehicle_odometry'
[INFO] [1785142029.133931098] [rosbag2_recorder]: Subscribed to topic '/px4_3/fmu/out/vehicle_odometry'
[INFO] [1785142029.134508428] [rosbag2_recorder]: Subscribed to topic '/px4_2/fmu/out/vehicle_status'
[INFO] [1785142029.135110896] [rosbag2_recorder]: Subscribed to topic '/px4_2/fmu/out/vehicle_odometry'
[INFO] [1785142029.135631329] [rosbag2_recorder]: Subscribed to topic '/px4_1/fmu/out/vehicle_status'
[INFO] [1785142029.136212867] [rosbag2_recorder]: Subscribed to topic '/px4_1/fmu/out/vehicle_odometry'
[INFO] [1785142029.238030830] [rosbag2_recorder]: Subscribed to topic '/px4_5/fmu/out/vehicle_status'
[INFO] [1785142029.238415266] [rosbag2_recorder]: Subscribed to topic '/px4_5/fmu/out/vehicle_odometry'
[INFO] [1785142029.950730218] [rosbag2_recorder]: Subscribed to topic '/uav4/odom'
[INFO] [1785142029.951292680] [rosbag2_recorder]: Subscribed to topic '/uav1/trajectory_metrics'
[INFO] [1785142029.951804246] [rosbag2_recorder]: Subscribed to topic '/uav1/odom'
[INFO] [1785142029.952224239] [rosbag2_recorder]: Subscribed to topic '/uav1/status'
[INFO] [1785142029.952634414] [rosbag2_recorder]: Subscribed to topic '/uav4/trajectory_metrics'
[INFO] [1785142029.953014051] [rosbag2_recorder]: Subscribed to topic '/uav4/status'
[INFO] [1785142031.079174999] [rosbag2_recorder]: Subscribed to topic '/uav3/swarm_command'
[INFO] [1785142031.079630479] [rosbag2_recorder]: Subscribed to topic '/uav4/swarm_command'
[INFO] [1785142031.080037307] [rosbag2_recorder]: Subscribed to topic '/uav5/swarm_command'
[INFO] [1785142031.080454576] [rosbag2_recorder]: Subscribed to topic '/uav2/swarm_command'
[INFO] [1785142031.080845464] [rosbag2_recorder]: Subscribed to topic '/uav1/swarm_command'
[INFO] [1785142031.080856645] [rosbag2_recorder]: All requested topics are subscribed. Stopping discovery...
[INFO] [1785142044.900115308] [rosbag2_cpp]: Writing remaining messages from cache to the bag. It may take a while
[INFO] [1785142044.901946627] [rosbag2_recorder]: Event publisher thread: Exiting
[INFO] [1785142044.901985050] [rosbag2_recorder]: Recording stopped
