[INFO] [1785136946.938679100] [rosbag2_recorder]: Press SPACE for pausing/resuming
[INFO] [1785136946.940435205] [rosbag2_storage]: Opened database '/tmp/experiments_06_formal_20260727/trials/eight_uav_line_to_circle__linear_ladrc__r03/rosbag/rosbag_0.db3' for READ_WRITE.
[INFO] [1785136946.941350752] [rosbag2_recorder]: Listening for topics...
[INFO] [1785136946.941376250] [rosbag2_recorder]: Event publisher thread: Starting
[INFO] [1785136946.943427289] [rosbag2_recorder]: Subscribed to topic '/uav1/status'
[INFO] [1785136946.944598316] [rosbag2_recorder]: Subscribed to topic '/uav1/trajectory_metrics'
[INFO] [1785136946.945831910] [rosbag2_recorder]: Subscribed to topic '/uav1/odom'
[INFO] [1785136946.945911900] [rosbag2_recorder]: Recording...
[INFO] [1785136947.049523555] [rosbag2_recorder]: Subscribed to topic '/px4_1/fmu/out/vehicle_odometry'
[INFO] [1785136947.050169296] [rosbag2_recorder]: Subscribed to topic '/px4_6/fmu/out/vehicle_odometry'
[INFO] [1785136947.050663954] [rosbag2_recorder]: Subscribed to topic '/uav8/odom'
[INFO] [1785136947.051154825] [rosbag2_recorder]: Subscribed to topic '/uav8/status'
[INFO] [1785136947.051633974] [rosbag2_recorder]: Subscribed to topic '/uav8/trajectory_metrics'
[INFO] [1785136947.154213482] [rosbag2_recorder]: Subscribed to topic '/uav6/trajectory_metrics'
[INFO] [1785136947.154664428] [rosbag2_recorder]: Subscribed to topic '/uav6/odom'
[INFO] [1785136947.155054490] [rosbag2_recorder]: Subscribed to topic '/uav6/status'
[INFO] [1785136947.155521386] [rosbag2_recorder]: Subscribed to topic '/px4_3/fmu/out/vehicle_odometry'
[INFO] [1785136947.155914814] [rosbag2_recorder]: Subscribed to topic '/px4_8/fmu/out/vehicle_odometry'
[INFO] [1785136947.156296981] [rosbag2_recorder]: Subscribed to topic '/px4_2/fmu/out/vehicle_odometry'
[INFO] [1785136947.263105454] [rosbag2_recorder]: Subscribed to topic '/px4_7/fmu/out/vehicle_odometry'
[INFO] [1785136947.571015289] [rosbag2_recorder]: Subscribed to topic '/px4_4/fmu/out/vehicle_odometry'
[INFO] [1785136947.571721384] [rosbag2_recorder]: Subscribed to topic '/uav3/status'
[INFO] [1785136947.572388535] [rosbag2_recorder]: Subscribed to topic '/uav5/status'
[INFO] [1785136947.572993601] [rosbag2_recorder]: Subscribed to topic '/uav3/trajectory_metrics'
[INFO] [1785136947.573555114] [rosbag2_recorder]: Subscribed to topic '/px4_5/fmu/out/vehicle_odometry'
[INFO] [1785136947.574096119] [rosbag2_recorder]: Subscribed to topic '/uav5/odom'
[INFO] [1785136947.574626805] [rosbag2_recorder]: Subscribed to topic '/uav3/odom'
[INFO] [1785136947.575286643] [rosbag2_recorder]: Subscribed to topic '/uav5/trajectory_metrics'
[INFO] [1785136947.781587190] [rosbag2_recorder]: Subscribed to topic '/uav7/odom'
[INFO] [1785136947.782202695] [rosbag2_recorder]: Subscribed to topic '/uav7/status'
[INFO] [1785136947.782747267] [rosbag2_recorder]: Subscribed to topic '/uav7/trajectory_metrics'
[INFO] [1785136947.989895204] [rosbag2_recorder]: Subscribed to topic '/uav2/trajectory_metrics'
[INFO] [1785136947.990713891] [rosbag2_recorder]: Subscribed to topic '/uav4/odom'
[INFO] [1785136947.991590836] [rosbag2_recorder]: Subscribed to topic '/uav2/status'
[INFO] [1785136947.992266323] [rosbag2_recorder]: Subscribed to topic '/uav4/status'
[INFO] [1785136947.992821755] [rosbag2_recorder]: Subscribed to topic '/uav4/trajectory_metrics'
[INFO] [1785136947.993367399] [rosbag2_recorder]: Subscribed to topic '/uav2/odom'
[INFO] [1785136949.551703661] [rosbag2_recorder]: Subscribed to topic '/uav3/swarm_command'
[INFO] [1785136949.552671647] [rosbag2_recorder]: Subscribed to topic '/uav5/swarm_command'
[INFO] [1785136949.553649192] [rosbag2_recorder]: Subscribed to topic '/uav2/swarm_command'
[INFO] [1785136949.554510327] [rosbag2_recorder]: Subscribed to topic '/uav1/swarm_command'
[INFO] [1785136949.555181246] [rosbag2_recorder]: Subscribed to topic '/uav7/swarm_command'
[INFO] [1785136949.555842246] [rosbag2_recorder]: Subscribed to topic '/uav4/swarm_command'
[INFO] [1785136949.556536168] [rosbag2_recorder]: Subscribed to topic '/uav6/swarm_command'
[INFO] [1785136949.557113622] [rosbag2_recorder]: Subscribed to topic '/uav8/swarm_command'
[INFO] [1785136949.557155070] [rosbag2_recorder]: All requested topics are subscribed. Stopping discovery...
[INFO] [1785136984.746845523] [rosbag2_cpp]: Writing remaining messages from cache to the bag. It may take a while
[INFO] [1785136984.749049098] [rosbag2_recorder]: Event publisher thread: Exiting
[INFO] [1785136984.749095831] [rosbag2_recorder]: Recording stopped
