[INFO] [1785137919.104796810] [rosbag2_recorder]: Press SPACE for pausing/resuming
[INFO] [1785137919.106600505] [rosbag2_storage]: Opened database '/tmp/experiments_06_formal_20260727/trials/five_uav_circle__minimum_jerk_ladrc__r02/rosbag/rosbag_0.db3' for READ_WRITE.
[INFO] [1785137919.107565482] [rosbag2_recorder]: Listening for topics...
[INFO] [1785137919.107581693] [rosbag2_recorder]: Event publisher thread: Starting
[INFO] [1785137919.110174640] [rosbag2_recorder]: Subscribed to topic '/uav5/status'
[INFO] [1785137919.110907125] [rosbag2_recorder]: Subscribed to topic '/uav1/odom'
[INFO] [1785137919.111794334] [rosbag2_recorder]: Subscribed to topic '/uav2/trajectory_metrics'
[INFO] [1785137919.112388285] [rosbag2_recorder]: Subscribed to topic '/uav1/status'
[INFO] [1785137919.112977217] [rosbag2_recorder]: Subscribed to topic '/uav5/odom'
[INFO] [1785137919.113580135] [rosbag2_recorder]: Subscribed to topic '/uav2/odom'
[INFO] [1785137919.114394506] [rosbag2_recorder]: Subscribed to topic '/uav5/trajectory_metrics'
[INFO] [1785137919.114995680] [rosbag2_recorder]: Subscribed to topic '/uav4/status'
[INFO] [1785137919.115658873] [rosbag2_recorder]: Subscribed to topic '/uav2/status'
[INFO] [1785137919.116221775] [rosbag2_recorder]: Subscribed to topic '/uav3/status'
[INFO] [1785137919.116788023] [rosbag2_recorder]: Subscribed to topic '/uav1/trajectory_metrics'
[INFO] [1785137919.117328713] [rosbag2_recorder]: Subscribed to topic '/uav4/odom'
[INFO] [1785137919.117982999] [rosbag2_recorder]: Subscribed to topic '/uav3/odom'
[INFO] [1785137919.118691608] [rosbag2_recorder]: Subscribed to topic '/uav4/trajectory_metrics'
[INFO] [1785137919.119218872] [rosbag2_recorder]: Subscribed to topic '/uav3/trajectory_metrics'
[INFO] [1785137919.119289817] [rosbag2_recorder]: Recording...
[INFO] [1785137919.122224876] [rosbag2_recorder]: Subscribed to topic '/px4_5/fmu/out/vehicle_odometry'
[INFO] [1785137919.122641148] [rosbag2_recorder]: Subscribed to topic '/px4_4/fmu/out/vehicle_odometry'
[INFO] [1785137919.123024719] [rosbag2_recorder]: Subscribed to topic '/px4_3/fmu/out/vehicle_odometry'
[INFO] [1785137919.225107929] [rosbag2_recorder]: Subscribed to topic '/px4_1/fmu/out/vehicle_odometry'
[INFO] [1785137919.225479426] [rosbag2_recorder]: Subscribed to topic '/px4_2/fmu/out/vehicle_odometry'
[INFO] [1785137921.260118869] [rosbag2_recorder]: Subscribed to topic '/uav3/swarm_command'
[INFO] [1785137921.260861623] [rosbag2_recorder]: Subscribed to topic '/uav4/swarm_command'
[INFO] [1785137921.261333812] [rosbag2_recorder]: Subscribed to topic '/uav1/swarm_command'
[INFO] [1785137921.261748051] [rosbag2_recorder]: Subscribed to topic '/uav2/swarm_command'
[INFO] [1785137921.262154435] [rosbag2_recorder]: Subscribed to topic '/uav5/swarm_command'
[INFO] [1785137921.262168020] [rosbag2_recorder]: All requested topics are subscribed. Stopping discovery...
[INFO] [1785137951.409591526] [rosbag2_cpp]: Writing remaining messages from cache to the bag. It may take a while
[INFO] [1785137951.411222430] [rosbag2_recorder]: Event publisher thread: Exiting
[INFO] [1785137951.411268798] [rosbag2_recorder]: Recording stopped
