[INFO] [launch]: All log files can be found below /home/yihuang/.ros/log/2026-07-27-16-54-19-175951-JIAOLONG-Series-569925
[INFO] [launch]: Default logging verbosity is set to INFO
[INFO] [ladrc_position_controller_node-1]: process started with pid [569950]
[INFO] [ladrc_position_controller_node-2]: process started with pid [569952]
[INFO] [ladrc_position_controller_node-3]: process started with pid [569954]
[INFO] [ladrc_position_controller_node-4]: process started with pid [569956]
[INFO] [ladrc_position_controller_node-5]: process started with pid [569958]
[ladrc_position_controller_node-4] [0m[INFO] [1785142459.267057482] [uav4.ladrc_position_controller]: 已创建 4 个邻居 Odom 订阅[0m
[ladrc_position_controller_node-5] [0m[INFO] [1785142459.267104428] [uav5.ladrc_position_controller]: 已创建 4 个邻居 Odom 订阅[0m
[ladrc_position_controller_node-2] [0m[INFO] [1785142459.267109787] [uav2.ladrc_position_controller]: 已创建 4 个邻居 Odom 订阅[0m
[ladrc_position_controller_node-1] [0m[INFO] [1785142459.267324107] [uav1.ladrc_position_controller]: 已创建 4 个邻居 Odom 订阅[0m
[ladrc_position_controller_node-3] [0m[INFO] [1785142459.267785599] [uav3.ladrc_position_controller]: 已创建 4 个邻居 Odom 订阅[0m
[ladrc_position_controller_node-5] [0m[INFO] [1785142459.269708646] [uav5.ladrc_position_controller]: LADRC 集群执行节点已初始化 (命名空间: /uav5), ENU偏移=[0.0, 15.0, 0.0][0m
[ladrc_position_controller_node-5] [0m[INFO] [1785142459.269739426] [uav5.ladrc_position_controller]: 等待 swarm_command 和 vehicle_odometry 消息...[0m
[ladrc_position_controller_node-4] [0m[INFO] [1785142459.269739947] [uav4.ladrc_position_controller]: LADRC 集群执行节点已初始化 (命名空间: /uav4), ENU偏移=[0.0, 12.0, 0.0][0m
[ladrc_position_controller_node-4] [0m[INFO] [1785142459.269767692] [uav4.ladrc_position_controller]: 等待 swarm_command 和 vehicle_odometry 消息...[0m
[ladrc_position_controller_node-2] [0m[INFO] [1785142459.269883701] [uav2.ladrc_position_controller]: LADRC 集群执行节点已初始化 (命名空间: /uav2), ENU偏移=[0.0, 6.0, 0.0][0m
[ladrc_position_controller_node-2] [0m[INFO] [1785142459.269917276] [uav2.ladrc_position_controller]: 等待 swarm_command 和 vehicle_odometry 消息...[0m
[ladrc_position_controller_node-1] [0m[INFO] [1785142459.270188459] [uav1.ladrc_position_controller]: LADRC 集群执行节点已初始化 (命名空间: /uav1), ENU偏移=[0.0, 3.0, 0.0][0m
[ladrc_position_controller_node-1] [0m[INFO] [1785142459.270219619] [uav1.ladrc_position_controller]: 等待 swarm_command 和 vehicle_odometry 消息...[0m
[ladrc_position_controller_node-3] [0m[INFO] [1785142459.270553043] [uav3.ladrc_position_controller]: LADRC 集群执行节点已初始化 (命名空间: /uav3), ENU偏移=[0.0, 9.0, 0.0][0m
[ladrc_position_controller_node-3] [0m[INFO] [1785142459.270575760] [uav3.ladrc_position_controller]: 等待 swarm_command 和 vehicle_odometry 消息...[0m
[ladrc_position_controller_node-5] [33m[WARN] [1785142459.289798404] [uav5.ladrc_position_controller]: 等待状态机进入 RUNNING_TRAJECTORY... (当前: 0)[0m
[ladrc_position_controller_node-4] [33m[WARN] [1785142459.289830266] [uav4.ladrc_position_controller]: 等待状态机进入 RUNNING_TRAJECTORY... (当前: 0)[0m
[ladrc_position_controller_node-2] [33m[WARN] [1785142459.289936099] [uav2.ladrc_position_controller]: 等待状态机进入 RUNNING_TRAJECTORY... (当前: 0)[0m
[ladrc_position_controller_node-1] [33m[WARN] [1785142459.290267149] [uav1.ladrc_position_controller]: 等待状态机进入 RUNNING_TRAJECTORY... (当前: 0)[0m
[ladrc_position_controller_node-3] [33m[WARN] [1785142459.290626876] [uav3.ladrc_position_controller]: 等待状态机进入 RUNNING_TRAJECTORY... (当前: 0)[0m
[ladrc_position_controller_node-4] [33m[WARN] [1785142464.308575078] [uav4.ladrc_position_controller]: 等待状态机进入 RUNNING_TRAJECTORY... (当前: 0)[0m
[ladrc_position_controller_node-2] [33m[WARN] [1785142464.308703879] [uav2.ladrc_position_controller]: 等待状态机进入 RUNNING_TRAJECTORY... (当前: 0)[0m
[ladrc_position_controller_node-1] [33m[WARN] [1785142464.309024603] [uav1.ladrc_position_controller]: 等待状态机进入 RUNNING_TRAJECTORY... (当前: 0)[0m
[ladrc_position_controller_node-3] [33m[WARN] [1785142464.309387306] [uav3.ladrc_position_controller]: 等待状态机进入 RUNNING_TRAJECTORY... (当前: 0)[0m
[ladrc_position_controller_node-5] [33m[WARN] [1785142464.660406079] [uav5.ladrc_position_controller]: 等待状态机进入 RUNNING_TRAJECTORY... (当前: 0)[0m
[ladrc_position_controller_node-4] [33m[WARN] [1785142469.327374183] [uav4.ladrc_position_controller]: 等待状态机进入 RUNNING_TRAJECTORY... (当前: 0)[0m
[ladrc_position_controller_node-3] [33m[WARN] [1785142469.328159199] [uav3.ladrc_position_controller]: 等待状态机进入 RUNNING_TRAJECTORY... (当前: 0)[0m
[ladrc_position_controller_node-4] [0m[INFO] [1785142469.367366841] [uav4.ladrc_position_controller]: 系统稳定，开始解锁 (Arming)...[0m
[ladrc_position_controller_node-3] [0m[INFO] [1785142469.368157276] [uav3.ladrc_position_controller]: 系统稳定，开始解锁 (Arming)...[0m
[ladrc_position_controller_node-4] [0m[INFO] [1785142469.390145944] [uav4.ladrc_position_controller]: 已接收到 vehicle_odometry 消息[0m
[ladrc_position_controller_node-5] [0m[INFO] [1785142469.390425281] [uav5.ladrc_position_controller]: 已接收到 vehicle_odometry 消息[0m
[ladrc_position_controller_node-1] [33m[WARN] [1785142469.443746922] [uav1.ladrc_position_controller]: 等待状态机进入 RUNNING_TRAJECTORY... (当前: 0)[0m
[ladrc_position_controller_node-1] [0m[INFO] [1785142469.444175654] [uav1.ladrc_position_controller]: 已接收到 vehicle_odometry 消息[0m
[ladrc_position_controller_node-2] [33m[WARN] [1785142469.468420978] [uav2.ladrc_position_controller]: 等待状态机进入 RUNNING_TRAJECTORY... (当前: 0)[0m
[ladrc_position_controller_node-5] [33m[WARN] [1785142469.667272328] [uav5.ladrc_position_controller]: 等待状态机进入 RUNNING_TRAJECTORY... (当前: 0)[0m
[ladrc_position_controller_node-2] [0m[INFO] [1785142470.367263287] [uav2.ladrc_position_controller]: 系统稳定，开始解锁 (Arming)...[0m
[ladrc_position_controller_node-2] [0m[INFO] [1785142471.144621951] [uav2.ladrc_position_controller]: 已接收到 vehicle_odometry 消息[0m
[ladrc_position_controller_node-3] [0m[INFO] [1785142473.716838383] [uav3.ladrc_position_controller]: 已接收到 vehicle_odometry 消息[0m
[ladrc_position_controller_node-2] [0m[INFO] [1785142474.266321083] [uav2.ladrc_position_controller]: 解锁成功。切换到 Offboard 模式...[0m
[ladrc_position_controller_node-2] [33m[WARN] [1785142474.486269003] [uav2.ladrc_position_controller]: 等待状态机进入 RUNNING_TRAJECTORY... (当前: 2)[0m
[ladrc_position_controller_node-5] [33m[WARN] [1785142474.690247905] [uav5.ladrc_position_controller]: 等待状态机进入 RUNNING_TRAJECTORY... (当前: 0)[0m
[ladrc_position_controller_node-4] [33m[WARN] [1785142474.690520042] [uav4.ladrc_position_controller]: 等待状态机进入 RUNNING_TRAJECTORY... (当前: 1)[0m
[ladrc_position_controller_node-1] [33m[WARN] [1785142474.690529707] [uav1.ladrc_position_controller]: 等待状态机进入 RUNNING_TRAJECTORY... (当前: 0)[0m
[ladrc_position_controller_node-3] [33m[WARN] [1785142474.690655474] [uav3.ladrc_position_controller]: 等待状态机进入 RUNNING_TRAJECTORY... (当前: 1)[0m
[ladrc_position_controller_node-4] [0m[INFO] [1785142474.690688909] [uav4.ladrc_position_controller]: 解锁成功。切换到 Offboard 模式...[0m
[ladrc_position_controller_node-3] [0m[INFO] [1785142475.030535893] [uav3.ladrc_position_controller]: 解锁成功。切换到 Offboard 模式...[0m
[ladrc_position_controller_node-2] [0m[INFO] [1785142475.366072498] [uav2.ladrc_position_controller]: Offboard 模式已激活。LADRC 控制器接管。[0m
[ladrc_position_controller_node-2] [0m[INFO] [1785142475.386070943] [uav2.ladrc_position_controller]: UAV2 悬停保持锁定: [0.00, 0.01, -0.05][0m
[ladrc_position_controller_node-2] [0m[INFO] [1785142475.386115276] [uav2.ladrc_position_controller]: UAV2 悬停保持 Pos[0.00,0.01,-0.05][0m
[ladrc_position_controller_node-1] [0m[INFO] [1785142475.866279753] [uav1.ladrc_position_controller]: 系统稳定，开始解锁 (Arming)...[0m
[ladrc_position_controller_node-4] [0m[INFO] [1785142476.509127941] [uav4.ladrc_position_controller]: Offboard 模式已激活。LADRC 控制器接管。[0m
[ladrc_position_controller_node-4] [0m[INFO] [1785142476.910070457] [uav4.ladrc_position_controller]: UAV4 悬停保持锁定: [0.02, 0.02, -0.15][0m
[ladrc_position_controller_node-3] [0m[INFO] [1785142476.910191516] [uav3.ladrc_position_controller]: Offboard 模式已激活。LADRC 控制器接管。[0m
[ladrc_position_controller_node-4] [0m[INFO] [1785142476.910306064] [uav4.ladrc_position_controller]: UAV4 悬停保持 Pos[0.02,0.02,-0.15][0m
[ladrc_position_controller_node-3] [0m[INFO] [1785142477.188540628] [uav3.ladrc_position_controller]: UAV3 悬停保持锁定: [-0.01, 0.00, -0.18][0m
[ladrc_position_controller_node-3] [0m[INFO] [1785142477.189168309] [uav3.ladrc_position_controller]: UAV3 悬停保持 Pos[-0.01,0.00,-0.18][0m
[ladrc_position_controller_node-1] [0m[INFO] [1785142478.565658024] [uav1.ladrc_position_controller]: 解锁成功。切换到 Offboard 模式...[0m
[ladrc_position_controller_node-5] [0m[INFO] [1785142478.665164760] [uav5.ladrc_position_controller]: 系统稳定，开始解锁 (Arming)...[0m
[ladrc_position_controller_node-1] [0m[INFO] [1785142479.666195160] [uav1.ladrc_position_controller]: Offboard 模式已激活。LADRC 控制器接管。[0m
[ladrc_position_controller_node-1] [0m[INFO] [1785142479.685397717] [uav1.ladrc_position_controller]: UAV1 悬停保持锁定: [-0.00, -0.00, -0.31][0m
[ladrc_position_controller_node-1] [0m[INFO] [1785142479.685485852] [uav1.ladrc_position_controller]: UAV1 悬停保持 Pos[-0.00,-0.00,-0.31][0m
[ladrc_position_controller_node-5] [33m[WARN] [1785142479.705633702] [uav5.ladrc_position_controller]: 等待状态机进入 RUNNING_TRAJECTORY... (当前: 1)[0m
[ladrc_position_controller_node-5] [0m[INFO] [1785142480.764659383] [uav5.ladrc_position_controller]: 解锁成功。切换到 Offboard 模式...[0m
[ladrc_position_controller_node-5] [0m[INFO] [1785142481.864399251] [uav5.ladrc_position_controller]: Offboard 模式已激活。LADRC 控制器接管。[0m
[ladrc_position_controller_node-5] [0m[INFO] [1785142481.884392031] [uav5.ladrc_position_controller]: UAV5 悬停保持锁定: [-0.01, -0.01, -0.32][0m
[ladrc_position_controller_node-5] [0m[INFO] [1785142481.884440972] [uav5.ladrc_position_controller]: UAV5 悬停保持 Pos[-0.01,-0.01,-0.32][0m
[ladrc_position_controller_node-2] [0m[INFO] [1785142485.403757285] [uav2.ladrc_position_controller]: UAV2 悬停保持 Pos[-0.02,0.02,-0.50][0m
[ladrc_position_controller_node-4] [0m[INFO] [1785142486.923297991] [uav4.ladrc_position_controller]: UAV4 悬停保持 Pos[-0.03,0.03,-0.52][0m
[ladrc_position_controller_node-3] [0m[INFO] [1785142487.204041512] [uav3.ladrc_position_controller]: UAV3 悬停保持 Pos[-0.02,-0.00,-0.53][0m
[ladrc_position_controller_node-1] [0m[INFO] [1785142489.703153079] [uav1.ladrc_position_controller]: UAV1 悬停保持 Pos[-0.17,-0.14,-0.46][0m
[ladrc_position_controller_node-5] [0m[INFO] [1785142491.902117287] [uav5.ladrc_position_controller]: UAV5 悬停保持 Pos[-0.07,-0.11,-0.47][0m
[ladrc_position_controller_node-2] [0m[INFO] [1785142495.421508936] [uav2.ladrc_position_controller]: UAV2 悬停保持 Pos[0.00,-0.00,-0.92][0m
[ladrc_position_controller_node-4] [0m[INFO] [1785142496.941030871] [uav4.ladrc_position_controller]: UAV4 悬停保持 Pos[0.00,0.01,-0.97][0m
[ladrc_position_controller_node-3] [0m[INFO] [1785142497.221787771] [uav3.ladrc_position_controller]: UAV3 悬停保持 Pos[0.00,0.00,-0.99][0m
[ladrc_position_controller_node-1] [0m[INFO] [1785142499.720877651] [uav1.ladrc_position_controller]: UAV1 悬停保持 Pos[0.02,0.01,0.01][0m
[ladrc_position_controller_node-5] [0m[INFO] [1785142501.919906097] [uav5.ladrc_position_controller]: UAV5 悬停保持 Pos[0.01,0.00,0.01][0m
[ladrc_position_controller_node-2] [0m[INFO] [1785142505.439349872] [uav2.ladrc_position_controller]: UAV2 悬停保持 Pos[0.02,-0.02,-1.40][0m
[ladrc_position_controller_node-4] [0m[INFO] [1785142506.958848405] [uav4.ladrc_position_controller]: UAV4 悬停保持 Pos[0.00,-0.03,-1.46][0m
[ladrc_position_controller_node-3] [0m[INFO] [1785142507.239593475] [uav3.ladrc_position_controller]: UAV3 悬停保持 Pos[0.00,-0.03,-1.49][0m
[ladrc_position_controller_node-1] [0m[INFO] [1785142509.738703118] [uav1.ladrc_position_controller]: UAV1 悬停保持 Pos[-0.02,0.01,0.13][0m
