[INFO] [1785142477.701366185] [rosbag2_recorder]: Press SPACE for pausing/resuming
[INFO] [1785142477.702502823] [rosbag2_storage]: Opened database '/tmp/experiments_06_formal_20260727/trials/five_uav_circle__px4_step__r04/rosbag/rosbag_0.db3' for READ_WRITE.
[INFO] [1785142477.702969630] [rosbag2_recorder]: Listening for topics...
[INFO] [1785142477.702987069] [rosbag2_recorder]: Event publisher thread: Starting
[INFO] [1785142477.705038550] [rosbag2_recorder]: Subscribed to topic '/px4_5/fmu/out/vehicle_status'
[INFO] [1785142477.705415559] [rosbag2_recorder]: Subscribed to topic '/px4_5/fmu/out/vehicle_odometry'
[INFO] [1785142477.705700347] [rosbag2_recorder]: Subscribed to topic '/px4_3/fmu/out/vehicle_status'
[INFO] [1785142477.705993819] [rosbag2_recorder]: Subscribed to topic '/px4_4/fmu/out/vehicle_status'
[INFO] [1785142477.706303268] [rosbag2_recorder]: Subscribed to topic '/px4_4/fmu/out/vehicle_odometry'
[INFO] [1785142477.706617033] [rosbag2_recorder]: Subscribed to topic '/px4_3/fmu/out/vehicle_odometry'
[INFO] [1785142477.706905868] [rosbag2_recorder]: Subscribed to topic '/px4_1/fmu/out/vehicle_status'
[INFO] [1785142477.707206983] [rosbag2_recorder]: Subscribed to topic '/px4_1/fmu/out/vehicle_odometry'
[INFO] [1785142477.707253950] [rosbag2_recorder]: Recording...
[INFO] [1785142477.910738304] [rosbag2_recorder]: Subscribed to topic '/uav3/trajectory_metrics'
[INFO] [1785142477.911210130] [rosbag2_recorder]: Subscribed to topic '/uav3/odom'
[INFO] [1785142477.911582562] [rosbag2_recorder]: Subscribed to topic '/uav3/status'
[INFO] [1785142478.013368439] [rosbag2_recorder]: Subscribed to topic '/uav4/odom'
[INFO] [1785142478.013878347] [rosbag2_recorder]: Subscribed to topic '/uav4/status'
[INFO] [1785142478.014242876] [rosbag2_recorder]: Subscribed to topic '/uav4/trajectory_metrics'
[INFO] [1785142478.116037963] [rosbag2_recorder]: Subscribed to topic '/uav2/status'
[INFO] [1785142478.116397364] [rosbag2_recorder]: Subscribed to topic '/uav2/odom'
[INFO] [1785142478.116731233] [rosbag2_recorder]: Subscribed to topic '/uav5/status'
[INFO] [1785142478.117087528] [rosbag2_recorder]: Subscribed to topic '/uav1/trajectory_metrics'
[INFO] [1785142478.117485252] [rosbag2_recorder]: Subscribed to topic '/uav1/odom'
[INFO] [1785142478.117872118] [rosbag2_recorder]: Subscribed to topic '/uav2/trajectory_metrics'
[INFO] [1785142478.118243428] [rosbag2_recorder]: Subscribed to topic '/uav5/trajectory_metrics'
[INFO] [1785142478.118615450] [rosbag2_recorder]: Subscribed to topic '/uav1/status'
[INFO] [1785142478.119006613] [rosbag2_recorder]: Subscribed to topic '/uav5/odom'
[INFO] [1785142480.460881460] [rosbag2_recorder]: Subscribed to topic '/px4_2/fmu/out/vehicle_status'
[INFO] [1785142480.461325861] [rosbag2_recorder]: Subscribed to topic '/px4_2/fmu/out/vehicle_odometry'
[INFO] [1785142480.971274874] [rosbag2_recorder]: Subscribed to topic '/uav3/swarm_command'
[INFO] [1785142480.971758910] [rosbag2_recorder]: Subscribed to topic '/uav4/swarm_command'
[INFO] [1785142480.972223004] [rosbag2_recorder]: Subscribed to topic '/uav5/swarm_command'
[INFO] [1785142480.972693327] [rosbag2_recorder]: Subscribed to topic '/uav2/swarm_command'
[INFO] [1785142480.973161407] [rosbag2_recorder]: Subscribed to topic '/uav1/swarm_command'
[INFO] [1785142480.973175430] [rosbag2_recorder]: All requested topics are subscribed. Stopping discovery...
[INFO] [1785142510.408829244] [rosbag2_cpp]: Writing remaining messages from cache to the bag. It may take a while
[INFO] [1785142510.410761815] [rosbag2_recorder]: Event publisher thread: Exiting
[INFO] [1785142510.410813501] [rosbag2_recorder]: Recording stopped
