[INFO] [1785139619.318885809] [rosbag2_recorder]: Press SPACE for pausing/resuming
[INFO] [1785139619.320626087] [rosbag2_storage]: Opened database '/tmp/experiments_06_formal_20260727/trials/eight_uav_line_to_circle__px4_step__r05/rosbag/rosbag_0.db3' for READ_WRITE.
[INFO] [1785139619.321437289] [rosbag2_recorder]: Listening for topics...
[INFO] [1785139619.321459190] [rosbag2_recorder]: Event publisher thread: Starting
[INFO] [1785139619.324240946] [rosbag2_recorder]: Subscribed to topic '/uav8/trajectory_metrics'
[INFO] [1785139619.324900191] [rosbag2_recorder]: Subscribed to topic '/uav8/status'
[INFO] [1785139619.325700543] [rosbag2_recorder]: Subscribed to topic '/uav8/odom'
[INFO] [1785139619.326304835] [rosbag2_recorder]: Subscribed to topic '/uav4/trajectory_metrics'
[INFO] [1785139619.326870393] [rosbag2_recorder]: Subscribed to topic '/uav4/status'
[INFO] [1785139619.327711091] [rosbag2_recorder]: Subscribed to topic '/uav4/odom'
[INFO] [1785139619.327788548] [rosbag2_recorder]: Recording...
[INFO] [1785139619.329924583] [rosbag2_recorder]: Subscribed to topic '/uav1/odom'
[INFO] [1785139619.330672927] [rosbag2_recorder]: Subscribed to topic '/uav1/trajectory_metrics'
[INFO] [1785139619.331322213] [rosbag2_recorder]: Subscribed to topic '/uav2/trajectory_metrics'
[INFO] [1785139619.332203658] [rosbag2_recorder]: Subscribed to topic '/uav1/status'
[INFO] [1785139619.332968123] [rosbag2_recorder]: Subscribed to topic '/uav2/odom'
[INFO] [1785139619.333811927] [rosbag2_recorder]: Subscribed to topic '/uav2/status'
[INFO] [1785139619.437079144] [rosbag2_recorder]: Subscribed to topic '/uav5/odom'
[INFO] [1785139619.437479470] [rosbag2_recorder]: Subscribed to topic '/uav5/trajectory_metrics'
[INFO] [1785139619.437846864] [rosbag2_recorder]: Subscribed to topic '/uav3/odom'
[INFO] [1785139619.438593765] [rosbag2_recorder]: Subscribed to topic '/uav3/trajectory_metrics'
[INFO] [1785139619.439084201] [rosbag2_recorder]: Subscribed to topic '/uav3/status'
[INFO] [1785139619.440474247] [rosbag2_recorder]: Subscribed to topic '/px4_7/fmu/out/vehicle_odometry'
[INFO] [1785139619.440879683] [rosbag2_recorder]: Subscribed to topic '/uav5/status'
[INFO] [1785139619.441401399] [rosbag2_recorder]: Subscribed to topic '/px4_7/fmu/out/vehicle_status'
[INFO] [1785139619.441785565] [rosbag2_recorder]: Subscribed to topic '/px4_6/fmu/out/vehicle_odometry'
[INFO] [1785139619.442271533] [rosbag2_recorder]: Subscribed to topic '/px4_5/fmu/out/vehicle_status'
[INFO] [1785139619.442746210] [rosbag2_recorder]: Subscribed to topic '/px4_2/fmu/out/vehicle_status'
[INFO] [1785139619.443194987] [rosbag2_recorder]: Subscribed to topic '/px4_5/fmu/out/vehicle_odometry'
[INFO] [1785139619.443625651] [rosbag2_recorder]: Subscribed to topic '/px4_3/fmu/out/vehicle_status'
[INFO] [1785139619.444029754] [rosbag2_recorder]: Subscribed to topic '/px4_8/fmu/out/vehicle_status'
[INFO] [1785139619.444452673] [rosbag2_recorder]: Subscribed to topic '/px4_4/fmu/out/vehicle_status'
[INFO] [1785139619.444853410] [rosbag2_recorder]: Subscribed to topic '/px4_4/fmu/out/vehicle_odometry'
[INFO] [1785139619.445260199] [rosbag2_recorder]: Subscribed to topic '/px4_3/fmu/out/vehicle_odometry'
[INFO] [1785139619.445652239] [rosbag2_recorder]: Subscribed to topic '/px4_6/fmu/out/vehicle_status'
[INFO] [1785139619.446087522] [rosbag2_recorder]: Subscribed to topic '/px4_2/fmu/out/vehicle_odometry'
[INFO] [1785139619.446580513] [rosbag2_recorder]: Subscribed to topic '/px4_8/fmu/out/vehicle_odometry'
[INFO] [1785139620.371121286] [rosbag2_recorder]: Subscribed to topic '/px4_1/fmu/out/vehicle_status'
[INFO] [1785139620.371608777] [rosbag2_recorder]: Subscribed to topic '/uav6/odom'
[INFO] [1785139620.372100205] [rosbag2_recorder]: Subscribed to topic '/uav7/odom'
[INFO] [1785139620.372618815] [rosbag2_recorder]: Subscribed to topic '/uav6/status'
[INFO] [1785139620.373026395] [rosbag2_recorder]: Subscribed to topic '/uav6/trajectory_metrics'
[INFO] [1785139620.373445487] [rosbag2_recorder]: Subscribed to topic '/px4_1/fmu/out/vehicle_odometry'
[INFO] [1785139620.373851624] [rosbag2_recorder]: Subscribed to topic '/uav7/status'
[INFO] [1785139620.374357089] [rosbag2_recorder]: Subscribed to topic '/uav7/trajectory_metrics'
[INFO] [1785139622.446353860] [rosbag2_recorder]: Subscribed to topic '/uav3/swarm_command'
[INFO] [1785139622.447063691] [rosbag2_recorder]: Subscribed to topic '/uav1/swarm_command'
[INFO] [1785139622.447720692] [rosbag2_recorder]: Subscribed to topic '/uav2/swarm_command'
[INFO] [1785139622.448199967] [rosbag2_recorder]: Subscribed to topic '/uav5/swarm_command'
[INFO] [1785139622.448691466] [rosbag2_recorder]: Subscribed to topic '/uav7/swarm_command'
[INFO] [1785139622.449171182] [rosbag2_recorder]: Subscribed to topic '/uav4/swarm_command'
[INFO] [1785139622.449613197] [rosbag2_recorder]: Subscribed to topic '/uav6/swarm_command'
[INFO] [1785139622.450038370] [rosbag2_recorder]: Subscribed to topic '/uav8/swarm_command'
[INFO] [1785139622.450049972] [rosbag2_recorder]: All requested topics are subscribed. Stopping discovery...
[INFO] [1785139657.032862777] [rosbag2_cpp]: Writing remaining messages from cache to the bag. It may take a while
[INFO] [1785139657.035521981] [rosbag2_recorder]: Event publisher thread: Exiting
[INFO] [1785139657.035566725] [rosbag2_recorder]: Recording stopped
