[INFO] [1785142401.190480498] [rosbag2_recorder]: Press SPACE for pausing/resuming
[INFO] [1785142401.191965072] [rosbag2_storage]: Opened database '/tmp/experiments_06_formal_20260727/trials/five_uav_circle__minimum_jerk_ladrc__r05/rosbag/rosbag_0.db3' for READ_WRITE.
[INFO] [1785142401.192600775] [rosbag2_recorder]: Listening for topics...
[INFO] [1785142401.192664536] [rosbag2_recorder]: Event publisher thread: Starting
[INFO] [1785142401.194380184] [rosbag2_recorder]: Subscribed to topic '/uav4/trajectory_metrics'
[INFO] [1785142401.194746943] [rosbag2_recorder]: Subscribed to topic '/uav4/status'
[INFO] [1785142401.195158402] [rosbag2_recorder]: Subscribed to topic '/uav5/status'
[INFO] [1785142401.195540535] [rosbag2_recorder]: Subscribed to topic '/uav3/trajectory_metrics'
[INFO] [1785142401.196004167] [rosbag2_recorder]: Subscribed to topic '/uav4/odom'
[INFO] [1785142401.196372468] [rosbag2_recorder]: Subscribed to topic '/uav3/status'
[INFO] [1785142401.196731505] [rosbag2_recorder]: Subscribed to topic '/uav5/trajectory_metrics'
[INFO] [1785142401.197056969] [rosbag2_recorder]: Subscribed to topic '/uav3/odom'
[INFO] [1785142401.197395974] [rosbag2_recorder]: Subscribed to topic '/uav5/odom'
[INFO] [1785142401.197726385] [rosbag2_recorder]: Subscribed to topic '/uav1/status'
[INFO] [1785142401.197773229] [rosbag2_recorder]: Recording...
[INFO] [1785142401.299903062] [rosbag2_recorder]: Subscribed to topic '/uav2/status'
[INFO] [1785142401.300260817] [rosbag2_recorder]: Subscribed to topic '/uav2/odom'
[INFO] [1785142401.300599211] [rosbag2_recorder]: Subscribed to topic '/uav1/trajectory_metrics'
[INFO] [1785142401.300943094] [rosbag2_recorder]: Subscribed to topic '/uav2/trajectory_metrics'
[INFO] [1785142401.301284192] [rosbag2_recorder]: Subscribed to topic '/uav1/odom'
[INFO] [1785142401.405306822] [rosbag2_recorder]: Subscribed to topic '/px4_1/fmu/out/vehicle_odometry'
[INFO] [1785142401.405854927] [rosbag2_recorder]: Subscribed to topic '/px4_5/fmu/out/vehicle_status'
[INFO] [1785142401.406243310] [rosbag2_recorder]: Subscribed to topic '/px4_2/fmu/out/vehicle_status'
[INFO] [1785142401.406646246] [rosbag2_recorder]: Subscribed to topic '/px4_5/fmu/out/vehicle_odometry'
[INFO] [1785142401.407061812] [rosbag2_recorder]: Subscribed to topic '/px4_3/fmu/out/vehicle_status'
[INFO] [1785142401.407463006] [rosbag2_recorder]: Subscribed to topic '/px4_4/fmu/out/vehicle_status'
[INFO] [1785142401.407861094] [rosbag2_recorder]: Subscribed to topic '/px4_4/fmu/out/vehicle_odometry'
[INFO] [1785142401.408265562] [rosbag2_recorder]: Subscribed to topic '/px4_3/fmu/out/vehicle_odometry'
[INFO] [1785142401.408657751] [rosbag2_recorder]: Subscribed to topic '/px4_2/fmu/out/vehicle_odometry'
[INFO] [1785142401.409042158] [rosbag2_recorder]: Subscribed to topic '/px4_1/fmu/out/vehicle_status'
[INFO] [1785142403.647670596] [rosbag2_recorder]: Subscribed to topic '/uav3/swarm_command'
[INFO] [1785142403.648127388] [rosbag2_recorder]: Subscribed to topic '/uav4/swarm_command'
[INFO] [1785142403.648575636] [rosbag2_recorder]: Subscribed to topic '/uav5/swarm_command'
[INFO] [1785142403.649073584] [rosbag2_recorder]: Subscribed to topic '/uav2/swarm_command'
[INFO] [1785142403.649799922] [rosbag2_recorder]: Subscribed to topic '/uav1/swarm_command'
[INFO] [1785142403.649819583] [rosbag2_recorder]: All requested topics are subscribed. Stopping discovery...
[INFO] [1785142434.888104530] [rosbag2_cpp]: Writing remaining messages from cache to the bag. It may take a while
[INFO] [1785142434.890283090] [rosbag2_recorder]: Event publisher thread: Exiting
[INFO] [1785142434.890333782] [rosbag2_recorder]: Recording stopped
