[INFO] [1785142085.906952559] [rosbag2_recorder]: Press SPACE for pausing/resuming
[INFO] [1785142085.908324149] [rosbag2_storage]: Opened database '/tmp/experiments_06_formal_20260727/trials/five_uav_circle__linear_ladrc__r03/rosbag/rosbag_0.db3' for READ_WRITE.
[INFO] [1785142085.908875640] [rosbag2_recorder]: Listening for topics...
[INFO] [1785142085.908890569] [rosbag2_recorder]: Event publisher thread: Starting
[INFO] [1785142085.910370453] [rosbag2_recorder]: Subscribed to topic '/uav3/trajectory_metrics'
[INFO] [1785142085.910819862] [rosbag2_recorder]: Subscribed to topic '/uav3/odom'
[INFO] [1785142085.911197415] [rosbag2_recorder]: Subscribed to topic '/uav3/status'
[INFO] [1785142085.911536806] [rosbag2_recorder]: Subscribed to topic '/uav2/status'
[INFO] [1785142085.911890083] [rosbag2_recorder]: Subscribed to topic '/uav2/odom'
[INFO] [1785142085.912265402] [rosbag2_recorder]: Subscribed to topic '/uav1/status'
[INFO] [1785142085.912316318] [rosbag2_recorder]: Recording...
[INFO] [1785142086.114255589] [rosbag2_recorder]: Subscribed to topic '/uav4/odom'
[INFO] [1785142086.114623243] [rosbag2_recorder]: Subscribed to topic '/uav4/trajectory_metrics'
[INFO] [1785142086.114967744] [rosbag2_recorder]: Subscribed to topic '/uav4/status'
[INFO] [1785142086.115537781] [rosbag2_recorder]: Subscribed to topic '/uav5/trajectory_metrics'
[INFO] [1785142086.115886750] [rosbag2_recorder]: Subscribed to topic '/uav5/odom'
[INFO] [1785142086.116279121] [rosbag2_recorder]: Subscribed to topic '/uav1/trajectory_metrics'
[INFO] [1785142086.116647577] [rosbag2_recorder]: Subscribed to topic '/uav2/trajectory_metrics'
[INFO] [1785142086.117010031] [rosbag2_recorder]: Subscribed to topic '/uav1/odom'
[INFO] [1785142086.117379449] [rosbag2_recorder]: Subscribed to topic '/uav5/status'
[INFO] [1785142086.421580841] [rosbag2_recorder]: Subscribed to topic '/px4_3/fmu/out/vehicle_status'
[INFO] [1785142086.422055207] [rosbag2_recorder]: Subscribed to topic '/px4_3/fmu/out/vehicle_odometry'
[INFO] [1785142086.422468317] [rosbag2_recorder]: Subscribed to topic '/px4_2/fmu/out/vehicle_status'
[INFO] [1785142086.422896626] [rosbag2_recorder]: Subscribed to topic '/px4_2/fmu/out/vehicle_odometry'
[INFO] [1785142086.930113671] [rosbag2_recorder]: Subscribed to topic '/px4_1/fmu/out/vehicle_odometry'
[INFO] [1785142086.930539796] [rosbag2_recorder]: Subscribed to topic '/px4_5/fmu/out/vehicle_status'
[INFO] [1785142086.930927438] [rosbag2_recorder]: Subscribed to topic '/px4_5/fmu/out/vehicle_odometry'
[INFO] [1785142086.931326161] [rosbag2_recorder]: Subscribed to topic '/px4_4/fmu/out/vehicle_status'
[INFO] [1785142086.931719875] [rosbag2_recorder]: Subscribed to topic '/px4_4/fmu/out/vehicle_odometry'
[INFO] [1785142086.932123437] [rosbag2_recorder]: Subscribed to topic '/px4_1/fmu/out/vehicle_status'
[INFO] [1785142089.783561166] [rosbag2_recorder]: Subscribed to topic '/uav3/swarm_command'
[INFO] [1785142089.784030212] [rosbag2_recorder]: Subscribed to topic '/uav4/swarm_command'
[INFO] [1785142089.784450085] [rosbag2_recorder]: Subscribed to topic '/uav5/swarm_command'
[INFO] [1785142089.784870099] [rosbag2_recorder]: Subscribed to topic '/uav2/swarm_command'
[INFO] [1785142089.785344985] [rosbag2_recorder]: Subscribed to topic '/uav1/swarm_command'
[INFO] [1785142089.785360905] [rosbag2_recorder]: All requested topics are subscribed. Stopping discovery...
[INFO] [1785142120.959430937] [rosbag2_cpp]: Writing remaining messages from cache to the bag. It may take a while
[INFO] [1785142120.961315396] [rosbag2_recorder]: Event publisher thread: Exiting
[INFO] [1785142120.961374708] [rosbag2_recorder]: Recording stopped
