[INFO] [1785139780.708237013] [rosbag2_recorder]: Press SPACE for pausing/resuming
[INFO] [1785139780.709211354] [rosbag2_storage]: Opened database '/tmp/experiments_06_formal_20260727/trials/eight_uav_line_to_circle__px4_step__r01/rosbag/rosbag_0.db3' for READ_WRITE.
[INFO] [1785139780.709612422] [rosbag2_recorder]: Listening for topics...
[INFO] [1785139780.709629634] [rosbag2_recorder]: Event publisher thread: Starting
[INFO] [1785139780.709699666] [rosbag2_recorder]: Recording...
[INFO] [1785139780.912682470] [rosbag2_recorder]: Subscribed to topic '/uav3/trajectory_metrics'
[INFO] [1785139780.913105970] [rosbag2_recorder]: Subscribed to topic '/uav4/trajectory_metrics'
[INFO] [1785139780.913630270] [rosbag2_recorder]: Subscribed to topic '/uav3/odom'
[INFO] [1785139780.914065202] [rosbag2_recorder]: Subscribed to topic '/uav6/status'
[INFO] [1785139780.914553835] [rosbag2_recorder]: Subscribed to topic '/uav4/odom'
[INFO] [1785139780.915042448] [rosbag2_recorder]: Subscribed to topic '/uav1/trajectory_metrics'
[INFO] [1785139780.915772166] [rosbag2_recorder]: Subscribed to topic '/uav3/status'
[INFO] [1785139780.916281849] [rosbag2_recorder]: Subscribed to topic '/uav6/trajectory_metrics'
[INFO] [1785139780.916726960] [rosbag2_recorder]: Subscribed to topic '/uav2/status'
[INFO] [1785139780.917147705] [rosbag2_recorder]: Subscribed to topic '/uav7/odom'
[INFO] [1785139780.917557890] [rosbag2_recorder]: Subscribed to topic '/uav8/status'
[INFO] [1785139780.917969377] [rosbag2_recorder]: Subscribed to topic '/uav1/status'
[INFO] [1785139780.918422072] [rosbag2_recorder]: Subscribed to topic '/uav5/odom'
[INFO] [1785139780.918954738] [rosbag2_recorder]: Subscribed to topic '/uav8/odom'
[INFO] [1785139780.919446127] [rosbag2_recorder]: Subscribed to topic '/uav7/trajectory_metrics'
[INFO] [1785139780.919900405] [rosbag2_recorder]: Subscribed to topic '/uav7/status'
[INFO] [1785139780.920341748] [rosbag2_recorder]: Subscribed to topic '/uav1/odom'
[INFO] [1785139780.920772542] [rosbag2_recorder]: Subscribed to topic '/uav5/status'
[INFO] [1785139780.921184470] [rosbag2_recorder]: Subscribed to topic '/uav6/odom'
[INFO] [1785139780.921592521] [rosbag2_recorder]: Subscribed to topic '/uav2/trajectory_metrics'
[INFO] [1785139780.921996003] [rosbag2_recorder]: Subscribed to topic '/uav8/trajectory_metrics'
[INFO] [1785139780.922432949] [rosbag2_recorder]: Subscribed to topic '/uav2/odom'
[INFO] [1785139780.922972047] [rosbag2_recorder]: Subscribed to topic '/uav4/status'
[INFO] [1785139780.923515093] [rosbag2_recorder]: Subscribed to topic '/uav5/trajectory_metrics'
[INFO] [1785139781.228587172] [rosbag2_recorder]: Subscribed to topic '/px4_7/fmu/out/vehicle_odometry'
[INFO] [1785139781.229105020] [rosbag2_recorder]: Subscribed to topic '/px4_7/fmu/out/vehicle_status'
[INFO] [1785139781.229475641] [rosbag2_recorder]: Subscribed to topic '/px4_2/fmu/out/vehicle_status'
[INFO] [1785139781.229861490] [rosbag2_recorder]: Subscribed to topic '/px4_2/fmu/out/vehicle_odometry'
[INFO] [1785139781.738688250] [rosbag2_recorder]: Subscribed to topic '/px4_3/fmu/out/vehicle_odometry'
[INFO] [1785139781.739284707] [rosbag2_recorder]: Subscribed to topic '/px4_3/fmu/out/vehicle_status'
[INFO] [1785139781.943637128] [rosbag2_recorder]: Subscribed to topic '/px4_8/fmu/out/vehicle_odometry'
[INFO] [1785139781.944222844] [rosbag2_recorder]: Subscribed to topic '/px4_8/fmu/out/vehicle_status'
[INFO] [1785139782.454514622] [rosbag2_recorder]: Subscribed to topic '/px4_4/fmu/out/vehicle_odometry'
[INFO] [1785139782.455058449] [rosbag2_recorder]: Subscribed to topic '/px4_4/fmu/out/vehicle_status'
[INFO] [1785139782.870740911] [rosbag2_recorder]: Subscribed to topic '/px4_1/fmu/out/vehicle_odometry'
[INFO] [1785139782.871189568] [rosbag2_recorder]: Subscribed to topic '/px4_1/fmu/out/vehicle_status'
[INFO] [1785139782.871596788] [rosbag2_recorder]: Subscribed to topic '/px4_6/fmu/out/vehicle_odometry'
[INFO] [1785139782.872035677] [rosbag2_recorder]: Subscribed to topic '/px4_5/fmu/out/vehicle_odometry'
[INFO] [1785139782.872473594] [rosbag2_recorder]: Subscribed to topic '/px4_5/fmu/out/vehicle_status'
[INFO] [1785139782.872900170] [rosbag2_recorder]: Subscribed to topic '/px4_6/fmu/out/vehicle_status'
[INFO] [1785139783.802208847] [rosbag2_recorder]: Subscribed to topic '/uav3/swarm_command'
[INFO] [1785139783.803064894] [rosbag2_recorder]: Subscribed to topic '/uav1/swarm_command'
[INFO] [1785139783.803582061] [rosbag2_recorder]: Subscribed to topic '/uav2/swarm_command'
[INFO] [1785139783.804061116] [rosbag2_recorder]: Subscribed to topic '/uav5/swarm_command'
[INFO] [1785139783.804582000] [rosbag2_recorder]: Subscribed to topic '/uav7/swarm_command'
[INFO] [1785139783.805185250] [rosbag2_recorder]: Subscribed to topic '/uav4/swarm_command'
[INFO] [1785139783.805652092] [rosbag2_recorder]: Subscribed to topic '/uav6/swarm_command'
[INFO] [1785139783.806097202] [rosbag2_recorder]: Subscribed to topic '/uav8/swarm_command'
[INFO] [1785139783.806109876] [rosbag2_recorder]: All requested topics are subscribed. Stopping discovery...
[INFO] [1785139818.276808965] [rosbag2_cpp]: Writing remaining messages from cache to the bag. It may take a while
[INFO] [1785139818.279782271] [rosbag2_recorder]: Event publisher thread: Exiting
[INFO] [1785139818.279829781] [rosbag2_recorder]: Recording stopped
