[INFO] [1785140426.465083270] [rosbag2_recorder]: Press SPACE for pausing/resuming
[INFO] [1785140426.467100740] [rosbag2_storage]: Opened database '/tmp/experiments_06_formal_20260727/trials/eight_uav_line_to_circle__minimum_jerk_ladrc__r04/rosbag/rosbag_0.db3' for READ_WRITE.
[INFO] [1785140426.468077435] [rosbag2_recorder]: Listening for topics...
[INFO] [1785140426.468098455] [rosbag2_recorder]: Event publisher thread: Starting
[INFO] [1785140426.468281190] [rosbag2_recorder]: Recording...
[INFO] [1785140426.570949600] [rosbag2_recorder]: Subscribed to topic '/uav3/trajectory_metrics'
[INFO] [1785140426.571449674] [rosbag2_recorder]: Subscribed to topic '/uav4/trajectory_metrics'
[INFO] [1785140426.572072711] [rosbag2_recorder]: Subscribed to topic '/uav3/odom'
[INFO] [1785140426.572573778] [rosbag2_recorder]: Subscribed to topic '/uav6/status'
[INFO] [1785140426.573012847] [rosbag2_recorder]: Subscribed to topic '/uav4/odom'
[INFO] [1785140426.573447969] [rosbag2_recorder]: Subscribed to topic '/uav1/trajectory_metrics'
[INFO] [1785140426.573851871] [rosbag2_recorder]: Subscribed to topic '/uav7/trajectory_metrics'
[INFO] [1785140426.574297173] [rosbag2_recorder]: Subscribed to topic '/uav7/status'
[INFO] [1785140426.574723378] [rosbag2_recorder]: Subscribed to topic '/uav6/odom'
[INFO] [1785140426.576110017] [rosbag2_recorder]: Subscribed to topic '/px4_6/fmu/out/vehicle_odometry'
[INFO] [1785140426.576849032] [rosbag2_recorder]: Subscribed to topic '/px4_6/fmu/out/vehicle_status'
[INFO] [1785140426.577371509] [rosbag2_recorder]: Subscribed to topic '/uav1/odom'
[INFO] [1785140426.577842789] [rosbag2_recorder]: Subscribed to topic '/uav2/trajectory_metrics'
[INFO] [1785140426.578386366] [rosbag2_recorder]: Subscribed to topic '/uav2/status'
[INFO] [1785140426.578890107] [rosbag2_recorder]: Subscribed to topic '/uav7/odom'
[INFO] [1785140426.579375334] [rosbag2_recorder]: Subscribed to topic '/uav1/status'
[INFO] [1785140426.579857274] [rosbag2_recorder]: Subscribed to topic '/uav2/odom'
[INFO] [1785140426.580317513] [rosbag2_recorder]: Subscribed to topic '/uav4/status'
[INFO] [1785140426.580757123] [rosbag2_recorder]: Subscribed to topic '/uav3/status'
[INFO] [1785140426.581202555] [rosbag2_recorder]: Subscribed to topic '/uav6/trajectory_metrics'
[INFO] [1785140426.684531142] [rosbag2_recorder]: Subscribed to topic '/px4_2/fmu/out/vehicle_odometry'
[INFO] [1785140426.685114023] [rosbag2_recorder]: Subscribed to topic '/px4_8/fmu/out/vehicle_odometry'
[INFO] [1785140426.685564864] [rosbag2_recorder]: Subscribed to topic '/px4_3/fmu/out/vehicle_odometry'
[INFO] [1785140426.685972694] [rosbag2_recorder]: Subscribed to topic '/px4_4/fmu/out/vehicle_odometry'
[INFO] [1785140426.686443914] [rosbag2_recorder]: Subscribed to topic '/px4_4/fmu/out/vehicle_status'
[INFO] [1785140426.686850793] [rosbag2_recorder]: Subscribed to topic '/px4_7/fmu/out/vehicle_odometry'
[INFO] [1785140426.687245238] [rosbag2_recorder]: Subscribed to topic '/px4_8/fmu/out/vehicle_status'
[INFO] [1785140426.687636847] [rosbag2_recorder]: Subscribed to topic '/px4_3/fmu/out/vehicle_status'
[INFO] [1785140426.688034208] [rosbag2_recorder]: Subscribed to topic '/px4_5/fmu/out/vehicle_odometry'
[INFO] [1785140426.688465653] [rosbag2_recorder]: Subscribed to topic '/px4_2/fmu/out/vehicle_status'
[INFO] [1785140426.688883953] [rosbag2_recorder]: Subscribed to topic '/px4_5/fmu/out/vehicle_status'
[INFO] [1785140426.689304167] [rosbag2_recorder]: Subscribed to topic '/px4_7/fmu/out/vehicle_status'
[INFO] [1785140427.510532402] [rosbag2_recorder]: Subscribed to topic '/uav5/trajectory_metrics'
[INFO] [1785140427.511012899] [rosbag2_recorder]: Subscribed to topic '/uav5/odom'
[INFO] [1785140427.511443453] [rosbag2_recorder]: Subscribed to topic '/uav8/status'
[INFO] [1785140427.511840623] [rosbag2_recorder]: Subscribed to topic '/uav8/odom'
[INFO] [1785140427.512256588] [rosbag2_recorder]: Subscribed to topic '/px4_1/fmu/out/vehicle_odometry'
[INFO] [1785140427.512653258] [rosbag2_recorder]: Subscribed to topic '/uav5/status'
[INFO] [1785140427.513056830] [rosbag2_recorder]: Subscribed to topic '/px4_1/fmu/out/vehicle_status'
[INFO] [1785140427.513508813] [rosbag2_recorder]: Subscribed to topic '/uav8/trajectory_metrics'
[INFO] [1785140428.654572062] [rosbag2_recorder]: Subscribed to topic '/uav3/swarm_command'
[INFO] [1785140428.655027251] [rosbag2_recorder]: Subscribed to topic '/uav1/swarm_command'
[INFO] [1785140428.655450891] [rosbag2_recorder]: Subscribed to topic '/uav2/swarm_command'
[INFO] [1785140428.655859503] [rosbag2_recorder]: Subscribed to topic '/uav5/swarm_command'
[INFO] [1785140428.656290517] [rosbag2_recorder]: Subscribed to topic '/uav7/swarm_command'
[INFO] [1785140428.656723846] [rosbag2_recorder]: Subscribed to topic '/uav4/swarm_command'
[INFO] [1785140428.657155050] [rosbag2_recorder]: Subscribed to topic '/uav6/swarm_command'
[INFO] [1785140428.657571697] [rosbag2_recorder]: Subscribed to topic '/uav8/swarm_command'
[INFO] [1785140428.657583389] [rosbag2_recorder]: All requested topics are subscribed. Stopping discovery...
[INFO] [1785140464.018498158] [rosbag2_cpp]: Writing remaining messages from cache to the bag. It may take a while
[INFO] [1785140464.021197636] [rosbag2_recorder]: Event publisher thread: Exiting
[INFO] [1785140464.021249464] [rosbag2_recorder]: Recording stopped
