[INFO] [launch]: All log files can be found below /home/yihuang/.ros/log/2026-07-28-15-45-23-874526-JIAOLONG-Series-326577
[INFO] [launch]: Default logging verbosity is set to INFO
[INFO] [ladrc_position_controller_node-1]: process started with pid [326606]
[INFO] [ladrc_position_controller_node-2]: process started with pid [326608]
[INFO] [ladrc_position_controller_node-3]: process started with pid [326610]
[INFO] [ladrc_position_controller_node-4]: process started with pid [326612]
[INFO] [ladrc_position_controller_node-5]: process started with pid [326614]
[INFO] [ladrc_position_controller_node-6]: process started with pid [326616]
[INFO] [ladrc_position_controller_node-7]: process started with pid [326618]
[INFO] [ladrc_position_controller_node-8]: process started with pid [326620]
[ladrc_position_controller_node-3] [0m[INFO] [1785224723.948892271] [uav3.ladrc_position_controller]: 已创建 7 个邻居 Odom 订阅[0m
[ladrc_position_controller_node-1] [0m[INFO] [1785224723.948965267] [uav1.ladrc_position_controller]: 已创建 7 个邻居 Odom 订阅[0m
[ladrc_position_controller_node-5] [0m[INFO] [1785224723.949666130] [uav5.ladrc_position_controller]: 已创建 7 个邻居 Odom 订阅[0m
[ladrc_position_controller_node-4] [0m[INFO] [1785224723.950215579] [uav4.ladrc_position_controller]: 已创建 7 个邻居 Odom 订阅[0m
[ladrc_position_controller_node-2] [0m[INFO] [1785224723.950963871] [uav2.ladrc_position_controller]: 已创建 7 个邻居 Odom 订阅[0m
[ladrc_position_controller_node-1] [0m[INFO] [1785224723.952202321] [uav1.ladrc_position_controller]: LADRC 集群执行节点已初始化 (命名空间: /uav1), ENU偏移=[0.0, 3.0, 0.0][0m
[ladrc_position_controller_node-1] [0m[INFO] [1785224723.952237547] [uav1.ladrc_position_controller]: 等待 swarm_command 和 vehicle_odometry 消息...[0m
[ladrc_position_controller_node-3] [0m[INFO] [1785224723.952361990] [uav3.ladrc_position_controller]: LADRC 集群执行节点已初始化 (命名空间: /uav3), ENU偏移=[0.0, 9.0, 0.0][0m
[ladrc_position_controller_node-3] [0m[INFO] [1785224723.952403638] [uav3.ladrc_position_controller]: 等待 swarm_command 和 vehicle_odometry 消息...[0m
[ladrc_position_controller_node-5] [0m[INFO] [1785224723.952843542] [uav5.ladrc_position_controller]: LADRC 集群执行节点已初始化 (命名空间: /uav5), ENU偏移=[0.0, 15.0, 0.0][0m
[ladrc_position_controller_node-5] [0m[INFO] [1785224723.952877045] [uav5.ladrc_position_controller]: 等待 swarm_command 和 vehicle_odometry 消息...[0m
[ladrc_position_controller_node-7] [0m[INFO] [1785224723.953704795] [uav7.ladrc_position_controller]: 已创建 7 个邻居 Odom 订阅[0m
[ladrc_position_controller_node-4] [0m[INFO] [1785224723.954352138] [uav4.ladrc_position_controller]: LADRC 集群执行节点已初始化 (命名空间: /uav4), ENU偏移=[0.0, 12.0, 0.0][0m
[ladrc_position_controller_node-4] [0m[INFO] [1785224723.954386112] [uav4.ladrc_position_controller]: 等待 swarm_command 和 vehicle_odometry 消息...[0m
[ladrc_position_controller_node-2] [0m[INFO] [1785224723.954490768] [uav2.ladrc_position_controller]: LADRC 集群执行节点已初始化 (命名空间: /uav2), ENU偏移=[0.0, 6.0, 0.0][0m
[ladrc_position_controller_node-2] [0m[INFO] [1785224723.954515374] [uav2.ladrc_position_controller]: 等待 swarm_command 和 vehicle_odometry 消息...[0m
[ladrc_position_controller_node-8] [0m[INFO] [1785224723.955066416] [uav8.ladrc_position_controller]: 已创建 7 个邻居 Odom 订阅[0m
[ladrc_position_controller_node-6] [0m[INFO] [1785224723.955106501] [uav6.ladrc_position_controller]: 已创建 7 个邻居 Odom 订阅[0m
[ladrc_position_controller_node-7] [0m[INFO] [1785224723.956745662] [uav7.ladrc_position_controller]: LADRC 集群执行节点已初始化 (命名空间: /uav7), ENU偏移=[0.0, 21.0, 0.0][0m
[ladrc_position_controller_node-7] [0m[INFO] [1785224723.956773353] [uav7.ladrc_position_controller]: 等待 swarm_command 和 vehicle_odometry 消息...[0m
[ladrc_position_controller_node-8] [0m[INFO] [1785224723.958169048] [uav8.ladrc_position_controller]: LADRC 集群执行节点已初始化 (命名空间: /uav8), ENU偏移=[0.0, 24.0, 0.0][0m
[ladrc_position_controller_node-8] [0m[INFO] [1785224723.958202130] [uav8.ladrc_position_controller]: 等待 swarm_command 和 vehicle_odometry 消息...[0m
[ladrc_position_controller_node-6] [0m[INFO] [1785224723.958374523] [uav6.ladrc_position_controller]: LADRC 集群执行节点已初始化 (命名空间: /uav6), ENU偏移=[0.0, 18.0, 0.0][0m
[ladrc_position_controller_node-6] [0m[INFO] [1785224723.958404038] [uav6.ladrc_position_controller]: 等待 swarm_command 和 vehicle_odometry 消息...[0m
[ladrc_position_controller_node-1] [33m[WARN] [1785224723.972293065] [uav1.ladrc_position_controller]: 等待状态机进入 RUNNING_TRAJECTORY... (当前: 0)[0m
[ladrc_position_controller_node-3] [33m[WARN] [1785224723.972467993] [uav3.ladrc_position_controller]: 等待状态机进入 RUNNING_TRAJECTORY... (当前: 0)[0m
[ladrc_position_controller_node-5] [33m[WARN] [1785224723.972943453] [uav5.ladrc_position_controller]: 等待状态机进入 RUNNING_TRAJECTORY... (当前: 0)[0m
[ladrc_position_controller_node-4] [33m[WARN] [1785224723.974449965] [uav4.ladrc_position_controller]: 等待状态机进入 RUNNING_TRAJECTORY... (当前: 0)[0m
[ladrc_position_controller_node-2] [33m[WARN] [1785224723.974597772] [uav2.ladrc_position_controller]: 等待状态机进入 RUNNING_TRAJECTORY... (当前: 0)[0m
[ladrc_position_controller_node-7] [33m[WARN] [1785224723.976845222] [uav7.ladrc_position_controller]: 等待状态机进入 RUNNING_TRAJECTORY... (当前: 0)[0m
[ladrc_position_controller_node-8] [33m[WARN] [1785224723.978267567] [uav8.ladrc_position_controller]: 等待状态机进入 RUNNING_TRAJECTORY... (当前: 0)[0m
[ladrc_position_controller_node-6] [33m[WARN] [1785224723.978452934] [uav6.ladrc_position_controller]: 等待状态机进入 RUNNING_TRAJECTORY... (当前: 0)[0m
[ladrc_position_controller_node-5] [0m[INFO] [1785224725.690436770] [uav5.ladrc_position_controller]: 已接收到 vehicle_odometry 消息[0m
[ladrc_position_controller_node-3] [0m[INFO] [1785224725.759788240] [uav3.ladrc_position_controller]: 已接收到 vehicle_odometry 消息[0m
[ladrc_position_controller_node-6] [0m[INFO] [1785224725.873439762] [uav6.ladrc_position_controller]: 已接收到 vehicle_odometry 消息[0m
[ladrc_position_controller_node-4] [0m[INFO] [1785224726.033193783] [uav4.ladrc_position_controller]: 已接收到 vehicle_odometry 消息[0m
[ladrc_position_controller_node-1] [0m[INFO] [1785224726.863679257] [uav1.ladrc_position_controller]: 已接收到 vehicle_odometry 消息[0m
[ladrc_position_controller_node-2] [0m[INFO] [1785224727.150277732] [uav2.ladrc_position_controller]: 已接收到 vehicle_odometry 消息[0m
[ladrc_position_controller_node-7] [0m[INFO] [1785224727.514388244] [uav7.ladrc_position_controller]: 已接收到 vehicle_odometry 消息[0m
[ladrc_position_controller_node-1] [33m[WARN] [1785224729.143697802] [uav1.ladrc_position_controller]: 等待状态机进入 RUNNING_TRAJECTORY... (当前: 0)[0m
[ladrc_position_controller_node-5] [33m[WARN] [1785224729.144104614] [uav5.ladrc_position_controller]: 等待状态机进入 RUNNING_TRAJECTORY... (当前: 0)[0m
[ladrc_position_controller_node-6] [33m[WARN] [1785224729.144170457] [uav6.ladrc_position_controller]: 等待状态机进入 RUNNING_TRAJECTORY... (当前: 0)[0m
[ladrc_position_controller_node-7] [33m[WARN] [1785224729.144409124] [uav7.ladrc_position_controller]: 等待状态机进入 RUNNING_TRAJECTORY... (当前: 0)[0m
[ladrc_position_controller_node-4] [33m[WARN] [1785224729.144136844] [uav4.ladrc_position_controller]: 等待状态机进入 RUNNING_TRAJECTORY... (当前: 0)[0m
[ladrc_position_controller_node-8] [33m[WARN] [1785224729.144139870] [uav8.ladrc_position_controller]: 等待状态机进入 RUNNING_TRAJECTORY... (当前: 0)[0m
[ladrc_position_controller_node-2] [33m[WARN] [1785224729.150747548] [uav2.ladrc_position_controller]: 等待状态机进入 RUNNING_TRAJECTORY... (当前: 0)[0m
[ladrc_position_controller_node-3] [33m[WARN] [1785224729.151487163] [uav3.ladrc_position_controller]: 等待状态机进入 RUNNING_TRAJECTORY... (当前: 0)[0m
[ladrc_position_controller_node-7] [33m[WARN] [1785224734.546492313] [uav7.ladrc_position_controller]: 等待状态机进入 RUNNING_TRAJECTORY... (当前: 0)[0m
[ladrc_position_controller_node-1] [33m[WARN] [1785224734.546927599] [uav1.ladrc_position_controller]: 等待状态机进入 RUNNING_TRAJECTORY... (当前: 0)[0m
[ladrc_position_controller_node-5] [33m[WARN] [1785224734.547904459] [uav5.ladrc_position_controller]: 等待状态机进入 RUNNING_TRAJECTORY... (当前: 0)[0m
[ladrc_position_controller_node-6] [33m[WARN] [1785224734.548266697] [uav6.ladrc_position_controller]: 等待状态机进入 RUNNING_TRAJECTORY... (当前: 0)[0m
[ladrc_position_controller_node-2] [33m[WARN] [1785224734.679799945] [uav2.ladrc_position_controller]: 等待状态机进入 RUNNING_TRAJECTORY... (当前: 0)[0m
[ladrc_position_controller_node-3] [33m[WARN] [1785224734.731575821] [uav3.ladrc_position_controller]: 等待状态机进入 RUNNING_TRAJECTORY... (当前: 0)[0m
[ladrc_position_controller_node-8] [33m[WARN] [1785224734.795800877] [uav8.ladrc_position_controller]: 等待状态机进入 RUNNING_TRAJECTORY... (当前: 0)[0m
[ladrc_position_controller_node-4] [33m[WARN] [1785224734.795934327] [uav4.ladrc_position_controller]: 等待状态机进入 RUNNING_TRAJECTORY... (当前: 0)[0m
[ladrc_position_controller_node-1] [0m[INFO] [1785224738.380724381] [uav1.ladrc_position_controller]: 系统稳定，开始解锁 (Arming)...[0m
[ladrc_position_controller_node-8] [0m[INFO] [1785224739.235105902] [uav8.ladrc_position_controller]: 系统稳定，开始解锁 (Arming)...[0m
[ladrc_position_controller_node-1] [33m[WARN] [1785224739.552314996] [uav1.ladrc_position_controller]: 等待状态机进入 RUNNING_TRAJECTORY... (当前: 1)[0m
[ladrc_position_controller_node-2] [33m[WARN] [1785224739.815520680] [uav2.ladrc_position_controller]: 等待状态机进入 RUNNING_TRAJECTORY... (当前: 0)[0m
[ladrc_position_controller_node-4] [33m[WARN] [1785224739.816269203] [uav4.ladrc_position_controller]: 等待状态机进入 RUNNING_TRAJECTORY... (当前: 0)[0m
[ladrc_position_controller_node-7] [33m[WARN] [1785224739.847091759] [uav7.ladrc_position_controller]: 等待状态机进入 RUNNING_TRAJECTORY... (当前: 0)[0m
[ladrc_position_controller_node-5] [33m[WARN] [1785224739.847728131] [uav5.ladrc_position_controller]: 等待状态机进入 RUNNING_TRAJECTORY... (当前: 0)[0m
[ladrc_position_controller_node-6] [33m[WARN] [1785224739.860027761] [uav6.ladrc_position_controller]: 等待状态机进入 RUNNING_TRAJECTORY... (当前: 0)[0m
[ladrc_position_controller_node-3] [33m[WARN] [1785224739.883145495] [uav3.ladrc_position_controller]: 等待状态机进入 RUNNING_TRAJECTORY... (当前: 0)[0m
[ladrc_position_controller_node-2] [0m[INFO] [1785224740.054570286] [uav2.ladrc_position_controller]: 系统稳定，开始解锁 (Arming)...[0m
[ladrc_position_controller_node-8] [33m[WARN] [1785224740.165112443] [uav8.ladrc_position_controller]: 等待状态机进入 RUNNING_TRAJECTORY... (当前: 1)[0m
[ladrc_position_controller_node-5] [0m[INFO] [1785224741.117623498] [uav5.ladrc_position_controller]: 系统稳定，开始解锁 (Arming)...[0m
[ladrc_position_controller_node-4] [0m[INFO] [1785224741.908241146] [uav4.ladrc_position_controller]: 系统稳定，开始解锁 (Arming)...[0m
[ladrc_position_controller_node-6] [0m[INFO] [1785224741.958963308] [uav6.ladrc_position_controller]: 系统稳定，开始解锁 (Arming)...[0m
[ladrc_position_controller_node-7] [0m[INFO] [1785224744.196012516] [uav7.ladrc_position_controller]: 系统稳定，开始解锁 (Arming)...[0m
[ladrc_position_controller_node-1] [33m[WARN] [1785224744.717013620] [uav1.ladrc_position_controller]: 等待状态机进入 RUNNING_TRAJECTORY... (当前: 1)[0m
[ladrc_position_controller_node-2] [33m[WARN] [1785224744.830086307] [uav2.ladrc_position_controller]: 等待状态机进入 RUNNING_TRAJECTORY... (当前: 1)[0m
[ladrc_position_controller_node-7] [33m[WARN] [1785224744.856814894] [uav7.ladrc_position_controller]: 等待状态机进入 RUNNING_TRAJECTORY... (当前: 1)[0m
[ladrc_position_controller_node-5] [33m[WARN] [1785224745.662769790] [uav5.ladrc_position_controller]: 等待状态机进入 RUNNING_TRAJECTORY... (当前: 1)[0m
[ladrc_position_controller_node-4] [33m[WARN] [1785224746.510673423] [uav4.ladrc_position_controller]: 等待状态机进入 RUNNING_TRAJECTORY... (当前: 1)[0m
[ladrc_position_controller_node-3] [33m[WARN] [1785224746.511078312] [uav3.ladrc_position_controller]: 等待状态机进入 RUNNING_TRAJECTORY... (当前: 0)[0m
[ladrc_position_controller_node-6] [33m[WARN] [1785224746.511420633] [uav6.ladrc_position_controller]: 等待状态机进入 RUNNING_TRAJECTORY... (当前: 1)[0m
[ladrc_position_controller_node-8] [33m[WARN] [1785224746.789052841] [uav8.ladrc_position_controller]: 等待状态机进入 RUNNING_TRAJECTORY... (当前: 1)[0m
[ladrc_position_controller_node-3] [0m[INFO] [1785224747.079681212] [uav3.ladrc_position_controller]: 系统稳定，开始解锁 (Arming)...[0m
[ladrc_position_controller_node-1] [0m[INFO] [1785224747.552284567] [uav1.ladrc_position_controller]: 解锁成功。切换到 Offboard 模式...[0m
[ladrc_position_controller_node-8] [0m[INFO] [1785224747.658255500] [uav8.ladrc_position_controller]: 解锁成功。切换到 Offboard 模式...[0m
[ladrc_position_controller_node-2] [0m[INFO] [1785224748.254574157] [uav2.ladrc_position_controller]: 解锁成功。切换到 Offboard 模式...[0m
[ladrc_position_controller_node-1] [33m[WARN] [1785224749.881788745] [uav1.ladrc_position_controller]: 等待状态机进入 RUNNING_TRAJECTORY... (当前: 2)[0m
[ladrc_position_controller_node-7] [33m[WARN] [1785224749.882127229] [uav7.ladrc_position_controller]: 等待状态机进入 RUNNING_TRAJECTORY... (当前: 1)[0m
[ladrc_position_controller_node-2] [33m[WARN] [1785224750.438969638] [uav2.ladrc_position_controller]: 等待状态机进入 RUNNING_TRAJECTORY... (当前: 2)[0m
[ladrc_position_controller_node-5] [33m[WARN] [1785224751.158296211] [uav5.ladrc_position_controller]: 等待状态机进入 RUNNING_TRAJECTORY... (当前: 1)[0m
[ladrc_position_controller_node-1] [0m[INFO] [1785224751.183466630] [uav1.ladrc_position_controller]: Offboard 模式已激活。LADRC 控制器接管。[0m
[ladrc_position_controller_node-4] [33m[WARN] [1785224751.514422812] [uav4.ladrc_position_controller]: 等待状态机进入 RUNNING_TRAJECTORY... (当前: 1)[0m
[ladrc_position_controller_node-1] [0m[INFO] [1785224751.550025453] [uav1.ladrc_position_controller]: UAV1 悬停保持锁定: [0.00, 0.01, -0.14][0m
[ladrc_position_controller_node-1] [0m[INFO] [1785224751.550228723] [uav1.ladrc_position_controller]: UAV1 悬停保持 Pos[0.00,0.01,-0.14][0m
[ladrc_position_controller_node-7] [0m[INFO] [1785224751.556812586] [uav7.ladrc_position_controller]: 解锁成功。切换到 Offboard 模式...[0m
[ladrc_position_controller_node-4] [0m[INFO] [1785224751.754417226] [uav4.ladrc_position_controller]: 解锁成功。切换到 Offboard 模式...[0m
[ladrc_position_controller_node-6] [33m[WARN] [1785224751.836621200] [uav6.ladrc_position_controller]: 等待状态机进入 RUNNING_TRAJECTORY... (当前: 1)[0m
[ladrc_position_controller_node-3] [33m[WARN] [1785224752.739768242] [uav3.ladrc_position_controller]: 等待状态机进入 RUNNING_TRAJECTORY... (当前: 1)[0m
[ladrc_position_controller_node-8] [33m[WARN] [1785224752.740337999] [uav8.ladrc_position_controller]: 等待状态机进入 RUNNING_TRAJECTORY... (当前: 2)[0m
[ladrc_position_controller_node-5] [0m[INFO] [1785224753.352904469] [uav5.ladrc_position_controller]: 解锁成功。切换到 Offboard 模式...[0m
[ladrc_position_controller_node-2] [0m[INFO] [1785224753.569368867] [uav2.ladrc_position_controller]: Offboard 模式已激活。LADRC 控制器接管。[0m
[ladrc_position_controller_node-2] [0m[INFO] [1785224753.569832055] [uav2.ladrc_position_controller]: UAV2 悬停保持锁定: [0.01, 0.01, -0.08][0m
[ladrc_position_controller_node-2] [0m[INFO] [1785224753.570004307] [uav2.ladrc_position_controller]: UAV2 悬停保持 Pos[0.01,0.01,-0.08][0m
[ladrc_position_controller_node-5] [0m[INFO] [1785224754.452899152] [uav5.ladrc_position_controller]: Offboard 模式已激活。LADRC 控制器接管。[0m
[ladrc_position_controller_node-5] [0m[INFO] [1785224754.472898635] [uav5.ladrc_position_controller]: UAV5 悬停保持锁定: [-0.01, -0.01, -0.16][0m
[ladrc_position_controller_node-5] [0m[INFO] [1785224754.472949721] [uav5.ladrc_position_controller]: UAV5 悬停保持 Pos[-0.01,-0.01,-0.16][0m
[ladrc_position_controller_node-7] [33m[WARN] [1785224756.564426021] [uav7.ladrc_position_controller]: 等待状态机进入 RUNNING_TRAJECTORY... (当前: 2)[0m
[ladrc_position_controller_node-6] [33m[WARN] [1785224758.071273732] [uav6.ladrc_position_controller]: 等待状态机进入 RUNNING_TRAJECTORY... (当前: 1)[0m
[ladrc_position_controller_node-3] [33m[WARN] [1785224758.076805544] [uav3.ladrc_position_controller]: 等待状态机进入 RUNNING_TRAJECTORY... (当前: 1)[0m
[ladrc_position_controller_node-4] [33m[WARN] [1785224758.087897652] [uav4.ladrc_position_controller]: 等待状态机进入 RUNNING_TRAJECTORY... (当前: 2)[0m
[ladrc_position_controller_node-1] [0m[INFO] [1785224758.118691975] [uav1.ladrc_position_controller]: UAV1 swarm_cmd 回调触发 (目标=[-3.0,-0.0,2.5])[0m
[ladrc_position_controller_node-1] [0m[INFO] [1785224758.118745305] [uav1.ladrc_position_controller]: 轨迹指标: path=5.07m vmax=1.90m/s amax=1.17m/s^2 jmax=2.44m/s^3 ISJ=5.93[0m
[ladrc_position_controller_node-1] [0m[INFO] [1785224758.118765944] [uav1.ladrc_position_controller]: 任务条件化带宽: mission=900001 style=normal distance=5.07m duration=5.00s avg_v=1.01m/s kappa=0.891[0m
[ladrc_position_controller_node-1] [0m[INFO] [1785224758.118777195] [uav1.ladrc_position_controller]: >>> Mission900001 UAV1 全局[-3.0,-0.0,2.5]→本地[-3.0,-3.0,2.5] T=5.0s normal[0m
[ladrc_position_controller_node-2] [0m[INFO] [1785224758.118711091] [uav2.ladrc_position_controller]: UAV2 swarm_cmd 回调触发 (目标=[3.0,-0.0,2.5])[0m
[ladrc_position_controller_node-2] [0m[INFO] [1785224758.118747429] [uav2.ladrc_position_controller]: 轨迹指标: path=7.31m vmax=2.74m/s amax=1.69m/s^2 jmax=3.51m/s^3 ISJ=12.32[0m
[ladrc_position_controller_node-2] [0m[INFO] [1785224758.118764551] [uav2.ladrc_position_controller]: 任务条件化带宽: mission=900001 style=normal distance=7.31m duration=5.00s avg_v=1.46m/s kappa=0.953[0m
[ladrc_position_controller_node-2] [0m[INFO] [1785224758.118772927] [uav2.ladrc_position_controller]: >>> Mission900001 UAV2 全局[3.0,-0.0,2.5]→本地[3.0,-6.0,2.5] T=5.0s normal[0m
[ladrc_position_controller_node-1] [0m[INFO] [1785224758.132466117] [uav1.ladrc_position_controller]: UAV1 Ref[-0.0,-0.0,-0.3] Pos[-0.00,-0.01,-0.29] Cmd[-0.0,-0.0,0.0][0m
[ladrc_position_controller_node-2] [0m[INFO] [1785224758.134676698] [uav2.ladrc_position_controller]: UAV2 Ref[-0.0,-0.0,-0.3] Pos[-0.01,-0.01,-0.27] Cmd[0.0,-0.0,0.0][0m
[ladrc_position_controller_node-4] [0m[INFO] [1785224758.354410108] [uav4.ladrc_position_controller]: Offboard 模式已激活。LADRC 控制器接管。[0m
[ladrc_position_controller_node-4] [0m[INFO] [1785224758.374408309] [uav4.ladrc_position_controller]: UAV4 悬停保持锁定: [-0.00, 0.01, -0.19][0m
[ladrc_position_controller_node-4] [0m[INFO] [1785224758.374454866] [uav4.ladrc_position_controller]: UAV4 悬停保持 Pos[-0.00,0.01,-0.19][0m
[ladrc_position_controller_node-8] [33m[WARN] [1785224758.376610444] [uav8.ladrc_position_controller]: 等待状态机进入 RUNNING_TRAJECTORY... (当前: 2)[0m
[ladrc_position_controller_node-3] [0m[INFO] [1785224759.252443549] [uav3.ladrc_position_controller]: 解锁成功。切换到 Offboard 模式...[0m
[ladrc_position_controller_node-2] [0m[INFO] [1785224759.275833262] [uav2.ladrc_position_controller]: UAV2 Ref[0.2,-0.5,-0.0] Pos[-0.01,-0.01,-0.27] Cmd[5.0,-5.0,6.2][0m
[ladrc_position_controller_node-1] [0m[INFO] [1785224759.277128218] [uav1.ladrc_position_controller]: UAV1 Ref[-0.3,-0.3,-0.0] Pos[-0.00,-0.01,-0.29] Cmd[-5.0,-5.0,5.7][0m
[ladrc_position_controller_node-8] [0m[INFO] [1785224760.172898488] [uav8.ladrc_position_controller]: Offboard 模式已激活。LADRC 控制器接管。[0m
[ladrc_position_controller_node-8] [33m[WARN] [1785224760.178231468] [uav8.ladrc_position_controller]: 等待 vehicle_odometry 消息...[0m
[ladrc_position_controller_node-7] [0m[INFO] [1785224760.256831380] [uav7.ladrc_position_controller]: Offboard 模式已激活。LADRC 控制器接管。[0m
[ladrc_position_controller_node-6] [0m[INFO] [1785224760.258469057] [uav6.ladrc_position_controller]: 解锁成功。切换到 Offboard 模式...[0m
[ladrc_position_controller_node-7] [0m[INFO] [1785224760.276808961] [uav7.ladrc_position_controller]: UAV7 悬停保持锁定: [-0.03, -0.01, -0.38][0m
[ladrc_position_controller_node-7] [0m[INFO] [1785224760.276867481] [uav7.ladrc_position_controller]: UAV7 悬停保持 Pos[-0.03,-0.01,-0.38][0m
[ladrc_position_controller_node-1] [0m[INFO] [1785224760.292334904] [uav1.ladrc_position_controller]: UAV1 Ref[-1.1,-1.1,0.8] Pos[-0.02,0.03,-0.47] Cmd[-5.0,-5.0,8.0][0m
[ladrc_position_controller_node-2] [0m[INFO] [1785224760.294672864] [uav2.ladrc_position_controller]: UAV2 Ref[1.1,-2.3,0.8] Pos[-0.02,0.01,-0.47] Cmd[5.0,-5.0,8.0][0m
[ladrc_position_controller_node-3] [0m[INFO] [1785224760.352421147] [uav3.ladrc_position_controller]: Offboard 模式已激活。LADRC 控制器接管。[0m
[ladrc_position_controller_node-3] [0m[INFO] [1785224760.372422573] [uav3.ladrc_position_controller]: UAV3 悬停保持锁定: [-0.02, 0.01, -0.47][0m
[ladrc_position_controller_node-3] [0m[INFO] [1785224760.372469551] [uav3.ladrc_position_controller]: UAV3 悬停保持 Pos[-0.02,0.01,-0.47][0m
[ladrc_position_controller_node-1] [0m[INFO] [1785224761.292354853] [uav1.ladrc_position_controller]: UAV1 Ref[-2.2,-2.2,1.8] Pos[-0.02,0.00,-0.55] Cmd[-5.0,-5.0,8.0][0m
[ladrc_position_controller_node-2] [0m[INFO] [1785224761.314577159] [uav2.ladrc_position_controller]: UAV2 Ref[2.3,-4.5,1.8] Pos[-0.02,0.02,-0.54] Cmd[5.0,-5.0,8.0][0m
[ladrc_position_controller_node-6] [0m[INFO] [1785224761.458446503] [uav6.ladrc_position_controller]: Offboard 模式已激活。LADRC 控制器接管。[0m
[ladrc_position_controller_node-6] [0m[INFO] [1785224761.478410619] [uav6.ladrc_position_controller]: UAV6 悬停保持锁定: [-0.01, 0.01, -0.64][0m
[ladrc_position_controller_node-6] [0m[INFO] [1785224761.478479128] [uav6.ladrc_position_controller]: UAV6 悬停保持 Pos[-0.01,0.01,-0.64][0m
[ladrc_position_controller_node-2] [0m[INFO] [1785224762.478506189] [uav2.ladrc_position_controller]: UAV2 Ref[3.0,-5.9,2.5] Pos[-0.01,0.01,-0.76] Cmd[5.0,-5.0,8.0][0m
[ladrc_position_controller_node-1] [0m[INFO] [1785224763.193679467] [uav1.ladrc_position_controller]: UAV1 Ref[-3.0,-3.0,2.5] Pos[-0.01,-0.01,-0.80] Cmd[-5.0,-5.0,8.0][0m
[ladrc_position_controller_node-2] [0m[INFO] [1785224763.582706896] [uav2.ladrc_position_controller]: UAV2 Ref[3.0,-6.0,2.5] Pos[-0.01,0.01,-0.76] Cmd[5.0,-5.0,8.0][0m
[ladrc_position_controller_node-1] [0m[INFO] [1785224764.212303644] [uav1.ladrc_position_controller]: UAV1 Ref[-3.0,-3.0,2.5] Pos[-0.01,-0.01,-0.80] Cmd[-5.0,-5.0,8.0][0m
[ladrc_position_controller_node-5] [0m[INFO] [1785224764.472953728] [uav5.ladrc_position_controller]: UAV5 悬停保持 Pos[-0.01,0.01,-0.70][0m
[ladrc_position_controller_node-2] [0m[INFO] [1785224764.594593391] [uav2.ladrc_position_controller]: UAV2 Ref[3.0,-6.0,2.5] Pos[-0.01,0.01,-0.76] Cmd[5.0,-5.0,8.0][0m
[ladrc_position_controller_node-1] [0m[INFO] [1785224765.459842067] [uav1.ladrc_position_controller]: UAV1 Ref[-3.0,-3.0,2.5] Pos[-0.01,-0.01,-0.80] Cmd[-5.0,-5.0,8.0][0m
[ladrc_position_controller_node-8] [33m[WARN] [1785224765.662832194] [uav8.ladrc_position_controller]: 等待 vehicle_odometry 消息...[0m
[ladrc_position_controller_node-2] [0m[INFO] [1785224766.360191423] [uav2.ladrc_position_controller]: UAV2 Ref[3.0,-6.0,2.5] Pos[-0.01,0.01,-0.76] Cmd[5.0,-5.0,8.0][0m
[ladrc_position_controller_node-1] [0m[INFO] [1785224766.521314585] [uav1.ladrc_position_controller]: UAV1 Ref[-3.0,-3.0,2.5] Pos[-0.01,-0.01,-0.80] Cmd[-5.0,-5.0,8.0][0m
[ladrc_position_controller_node-2] [0m[INFO] [1785224767.374621281] [uav2.ladrc_position_controller]: UAV2 Ref[3.0,-6.0,2.5] Pos[-0.01,0.01,-0.76] Cmd[5.0,-5.0,8.0][0m
[ladrc_position_controller_node-1] [0m[INFO] [1785224768.061040927] [uav1.ladrc_position_controller]: UAV1 Ref[-3.0,-3.0,2.5] Pos[-0.01,-0.01,-0.80] Cmd[-5.0,-5.0,8.0][0m
[ladrc_position_controller_node-4] [0m[INFO] [1785224768.394430435] [uav4.ladrc_position_controller]: UAV4 悬停保持 Pos[-0.02,0.02,-0.70][0m
[ladrc_position_controller_node-2] [0m[INFO] [1785224768.394595895] [uav2.ladrc_position_controller]: UAV2 Ref[3.0,-6.0,2.5] Pos[-0.01,0.01,-0.76] Cmd[5.0,-5.0,8.0][0m
[ladrc_position_controller_node-1] [0m[INFO] [1785224769.072295817] [uav1.ladrc_position_controller]: UAV1 Ref[-3.0,-3.0,2.5] Pos[-0.01,-0.01,-0.80] Cmd[-5.0,-5.0,8.0][0m
[ladrc_position_controller_node-2] [0m[INFO] [1785224769.414593201] [uav2.ladrc_position_controller]: UAV2 Ref[3.0,-6.0,2.5] Pos[-0.01,0.01,-0.76] Cmd[5.0,-5.0,8.0][0m
[ladrc_position_controller_node-1] [0m[INFO] [1785224770.072298529] [uav1.ladrc_position_controller]: UAV1 Ref[-3.0,-3.0,2.5] Pos[-0.01,-0.01,-0.80] Cmd[-5.0,-5.0,8.0][0m
[ladrc_position_controller_node-7] [0m[INFO] [1785224770.296808697] [uav7.ladrc_position_controller]: UAV7 悬停保持 Pos[-0.02,0.01,-0.64][0m
[ladrc_position_controller_node-3] [0m[INFO] [1785224770.392439821] [uav3.ladrc_position_controller]: UAV3 悬停保持 Pos[-0.02,0.01,-0.71][0m
[ladrc_position_controller_node-2] [0m[INFO] [1785224770.414599479] [uav2.ladrc_position_controller]: UAV2 Ref[3.0,-6.0,2.5] Pos[-0.01,0.01,-0.76] Cmd[5.0,-5.0,8.0][0m
[ladrc_position_controller_node-8] [33m[WARN] [1785224770.678216611] [uav8.ladrc_position_controller]: 等待 vehicle_odometry 消息...[0m
[ladrc_position_controller_node-1] [0m[INFO] [1785224771.072304327] [uav1.ladrc_position_controller]: UAV1 Ref[-3.0,-3.0,2.5] Pos[-0.01,-0.01,-0.80] Cmd[-5.0,-5.0,8.0][0m
[ladrc_position_controller_node-2] [0m[INFO] [1785224771.414612611] [uav2.ladrc_position_controller]: UAV2 Ref[3.0,-6.0,2.5] Pos[-0.01,0.01,-0.76] Cmd[5.0,-5.0,8.0][0m
[ladrc_position_controller_node-6] [0m[INFO] [1785224771.498445134] [uav6.ladrc_position_controller]: UAV6 悬停保持 Pos[-0.01,0.01,-0.64][0m
[ladrc_position_controller_node-1] [0m[INFO] [1785224772.072340461] [uav1.ladrc_position_controller]: UAV1 Ref[-3.0,-3.0,2.5] Pos[-0.01,-0.01,-0.80] Cmd[-5.0,-5.0,8.0][0m
[ladrc_position_controller_node-2] [0m[INFO] [1785224772.414624319] [uav2.ladrc_position_controller]: UAV2 Ref[3.0,-6.0,2.5] Pos[-0.01,0.01,-0.76] Cmd[5.0,-5.0,8.0][0m
[ladrc_position_controller_node-1] [0m[INFO] [1785224773.092297820] [uav1.ladrc_position_controller]: UAV1 Ref[-3.0,-3.0,2.5] Pos[-0.01,-0.01,-0.80] Cmd[-5.0,-5.0,8.0][0m
[ladrc_position_controller_node-2] [0m[INFO] [1785224773.434594642] [uav2.ladrc_position_controller]: UAV2 Ref[3.0,-6.0,2.5] Pos[-0.01,0.01,-0.76] Cmd[5.0,-5.0,8.0][0m
[ladrc_position_controller_node-1] [0m[INFO] [1785224774.092347188] [uav1.ladrc_position_controller]: UAV1 Ref[-3.0,-3.0,2.5] Pos[-0.01,-0.01,-0.80] Cmd[-5.0,-5.0,8.0][0m
[ladrc_position_controller_node-2] [0m[INFO] [1785224774.434609715] [uav2.ladrc_position_controller]: UAV2 Ref[3.0,-6.0,2.5] Pos[-0.01,0.01,-0.76] Cmd[5.0,-5.0,8.0][0m
[ladrc_position_controller_node-5] [0m[INFO] [1785224774.492935299] [uav5.ladrc_position_controller]: UAV5 悬停保持 Pos[-0.01,0.01,-0.70][0m
[ladrc_position_controller_node-1] [0m[INFO] [1785224775.112304366] [uav1.ladrc_position_controller]: UAV1 Ref[-3.0,-3.0,2.5] Pos[-0.01,-0.01,-0.80] Cmd[-5.0,-5.0,8.0][0m
[ladrc_position_controller_node-2] [0m[INFO] [1785224775.434636560] [uav2.ladrc_position_controller]: UAV2 Ref[3.0,-6.0,2.5] Pos[-0.01,0.01,-0.76] Cmd[5.0,-5.0,8.0][0m
[ladrc_position_controller_node-8] [33m[WARN] [1785224775.678220095] [uav8.ladrc_position_controller]: 等待 vehicle_odometry 消息...[0m
[ladrc_position_controller_node-1] [0m[INFO] [1785224776.112304521] [uav1.ladrc_position_controller]: UAV1 Ref[-3.0,-3.0,2.5] Pos[-0.01,-0.01,-0.80] Cmd[-5.0,-5.0,8.0][0m
[ladrc_position_controller_node-2] [0m[INFO] [1785224776.434680296] [uav2.ladrc_position_controller]: UAV2 Ref[3.0,-6.0,2.5] Pos[-0.01,0.01,-0.76] Cmd[5.0,-5.0,8.0][0m
[ladrc_position_controller_node-1] [0m[INFO] [1785224777.112305416] [uav1.ladrc_position_controller]: UAV1 Ref[-3.0,-3.0,2.5] Pos[-0.01,-0.01,-0.80] Cmd[-5.0,-5.0,8.0][0m
[ladrc_position_controller_node-2] [0m[INFO] [1785224777.454647071] [uav2.ladrc_position_controller]: UAV2 Ref[3.0,-6.0,2.5] Pos[-0.01,0.01,-0.76] Cmd[5.0,-5.0,8.0][0m
[ladrc_position_controller_node-1] [0m[INFO] [1785224778.132293501] [uav1.ladrc_position_controller]: UAV1 Ref[-3.0,-3.0,2.5] Pos[-0.01,-0.01,-0.80] Cmd[-5.0,-5.0,8.0][0m
[ladrc_position_controller_node-4] [0m[INFO] [1785224778.394440988] [uav4.ladrc_position_controller]: UAV4 悬停保持 Pos[-0.02,0.02,-0.70][0m
[ladrc_position_controller_node-2] [0m[INFO] [1785224778.454657965] [uav2.ladrc_position_controller]: UAV2 Ref[3.0,-6.0,2.5] Pos[-0.01,0.01,-0.76] Cmd[5.0,-5.0,8.0][0m
[ladrc_position_controller_node-1] [0m[INFO] [1785224779.132339640] [uav1.ladrc_position_controller]: UAV1 Ref[-3.0,-3.0,2.5] Pos[-0.01,-0.01,-0.80] Cmd[-5.0,-5.0,8.0][0m
[ladrc_position_controller_node-2] [0m[INFO] [1785224779.474621323] [uav2.ladrc_position_controller]: UAV2 Ref[3.0,-6.0,2.5] Pos[-0.01,0.01,-0.76] Cmd[5.0,-5.0,8.0][0m
[ladrc_position_controller_node-1] [0m[INFO] [1785224780.152292678] [uav1.ladrc_position_controller]: UAV1 Ref[-3.0,-3.0,2.5] Pos[-0.01,-0.01,-0.80] Cmd[-5.0,-5.0,8.0][0m
[ladrc_position_controller_node-7] [0m[INFO] [1785224780.296818500] [uav7.ladrc_position_controller]: UAV7 悬停保持 Pos[-0.02,0.01,-0.64][0m
[ladrc_position_controller_node-3] [0m[INFO] [1785224780.412434198] [uav3.ladrc_position_controller]: UAV3 悬停保持 Pos[-0.02,0.01,-0.71][0m
[ladrc_position_controller_node-2] [0m[INFO] [1785224780.474645971] [uav2.ladrc_position_controller]: UAV2 Ref[3.0,-6.0,2.5] Pos[-0.01,0.01,-0.76] Cmd[5.0,-5.0,8.0][0m
[ladrc_position_controller_node-8] [33m[WARN] [1785224780.678234608] [uav8.ladrc_position_controller]: 等待 vehicle_odometry 消息...[0m
[ladrc_position_controller_node-1] [0m[INFO] [1785224781.152292590] [uav1.ladrc_position_controller]: UAV1 Ref[-3.0,-3.0,2.5] Pos[-0.01,-0.01,-0.80] Cmd[-5.0,-5.0,8.0][0m
[ladrc_position_controller_node-2] [0m[INFO] [1785224781.474648988] [uav2.ladrc_position_controller]: UAV2 Ref[3.0,-6.0,2.5] Pos[-0.01,0.01,-0.76] Cmd[5.0,-5.0,8.0][0m
[ladrc_position_controller_node-6] [0m[INFO] [1785224781.498461644] [uav6.ladrc_position_controller]: UAV6 悬停保持 Pos[-0.01,0.01,-0.64][0m
[ladrc_position_controller_node-1] [0m[INFO] [1785224782.172285331] [uav1.ladrc_position_controller]: UAV1 Ref[-3.0,-3.0,2.5] Pos[0.01,0.03,-1.73] Cmd[-5.0,-5.0,8.0][0m
[ladrc_position_controller_node-2] [0m[INFO] [1785224782.494595513] [uav2.ladrc_position_controller]: UAV2 Ref[3.0,-6.0,2.5] Pos[-0.00,0.02,-1.75] Cmd[5.0,-5.0,8.0][0m
[ladrc_position_controller_node-1] [0m[INFO] [1785224783.172285733] [uav1.ladrc_position_controller]: UAV1 Ref[-3.0,-3.0,2.5] Pos[0.02,0.03,-1.72] Cmd[-5.0,-5.0,8.0][0m
[ladrc_position_controller_node-2] [0m[INFO] [1785224783.514598112] [uav2.ladrc_position_controller]: UAV2 Ref[3.0,-6.0,2.5] Pos[0.01,0.02,-1.74] Cmd[5.0,-5.0,8.0][0m
[ladrc_position_controller_node-1] [0m[INFO] [1785224784.172366915] [uav1.ladrc_position_controller]: UAV1 Ref[-3.0,-3.0,2.5] Pos[0.02,0.03,-1.74] Cmd[-5.0,-5.0,8.0][0m
[ladrc_position_controller_node-5] [0m[INFO] [1785224784.512909830] [uav5.ladrc_position_controller]: UAV5 悬停保持 Pos[0.00,0.00,-1.75][0m
[ladrc_position_controller_node-2] [0m[INFO] [1785224784.534587657] [uav2.ladrc_position_controller]: UAV2 Ref[3.0,-6.0,2.5] Pos[0.01,0.02,-1.74] Cmd[5.0,-5.0,8.0][0m
[ladrc_position_controller_node-1] [0m[INFO] [1785224785.192289193] [uav1.ladrc_position_controller]: UAV1 Ref[-3.0,-3.0,2.5] Pos[0.02,0.03,-1.72] Cmd[-5.0,-5.0,8.0][0m
[ladrc_position_controller_node-8] [33m[WARN] [1785224785.698226199] [uav8.ladrc_position_controller]: 等待 vehicle_odometry 消息...[0m
[ladrc_position_controller_node-1] [0m[INFO] [1785224786.212299215] [uav1.ladrc_position_controller]: UAV1 Ref[-3.0,-3.0,2.5] Pos[0.02,0.03,-1.72] Cmd[-5.0,-5.0,8.0][0m
[ladrc_position_controller_node-1] [0m[INFO] [1785224787.232366263] [uav1.ladrc_position_controller]: UAV1 Ref[-3.0,-3.0,2.5] Pos[0.02,0.03,-1.72] Cmd[-5.0,-5.0,8.0][0m
[ladrc_position_controller_node-1] [0m[INFO] [1785224788.252353471] [uav1.ladrc_position_controller]: UAV1 Ref[-3.0,-3.0,2.5] Pos[0.02,0.03,-1.72] Cmd[-5.0,-5.0,8.0][0m
[WARNING] [launch]: user interrupted with ctrl-c (SIGINT)
[ladrc_position_controller_node-7] [0m[INFO] [1785224788.324809955] [rclcpp]: signal_handler(signum=2)[0m
[ladrc_position_controller_node-6] [0m[INFO] [1785224788.324802380] [rclcpp]: signal_handler(signum=2)[0m
[ladrc_position_controller_node-4] [0m[INFO] [1785224788.324806759] [rclcpp]: signal_handler(signum=2)[0m
[ladrc_position_controller_node-8] [0m[INFO] [1785224788.324801288] [rclcpp]: signal_handler(signum=2)[0m
[ladrc_position_controller_node-5] [0m[INFO] [1785224788.324803863] [rclcpp]: signal_handler(signum=2)[0m
[ladrc_position_controller_node-3] [0m[INFO] [1785224788.324810816] [rclcpp]: signal_handler(signum=2)[0m
[ladrc_position_controller_node-1] [0m[INFO] [1785224788.324812660] [rclcpp]: signal_handler(signum=2)[0m
[ladrc_position_controller_node-2] [0m[INFO] [1785224788.324816327] [rclcpp]: signal_handler(signum=2)[0m
[INFO] [ladrc_position_controller_node-8]: sending signal 'SIGINT' to process[ladrc_position_controller_node-8]
[INFO] [ladrc_position_controller_node-7]: sending signal 'SIGINT' to process[ladrc_position_controller_node-7]
[INFO] [ladrc_position_controller_node-6]: sending signal 'SIGINT' to process[ladrc_position_controller_node-6]
[INFO] [ladrc_position_controller_node-5]: sending signal 'SIGINT' to process[ladrc_position_controller_node-5]
[INFO] [ladrc_position_controller_node-4]: sending signal 'SIGINT' to process[ladrc_position_controller_node-4]
[INFO] [ladrc_position_controller_node-3]: sending signal 'SIGINT' to process[ladrc_position_controller_node-3]
[INFO] [ladrc_position_controller_node-2]: sending signal 'SIGINT' to process[ladrc_position_controller_node-2]
[INFO] [ladrc_position_controller_node-1]: sending signal 'SIGINT' to process[ladrc_position_controller_node-1]
[ladrc_position_controller_node-8] [0m[INFO] [1785224788.329429007] [rclcpp]: signal_handler(signum=2)[0m
[ladrc_position_controller_node-7] [0m[INFO] [1785224788.330019443] [rclcpp]: signal_handler(signum=2)[0m
[ladrc_position_controller_node-6] [0m[INFO] [1785224788.330593919] [rclcpp]: signal_handler(signum=2)[0m
[ladrc_position_controller_node-5] [0m[INFO] [1785224788.330992976] [rclcpp]: signal_handler(signum=2)[0m
[ladrc_position_controller_node-4] [0m[INFO] [1785224788.331454391] [rclcpp]: signal_handler(signum=2)[0m
[ladrc_position_controller_node-3] [0m[INFO] [1785224788.331795630] [rclcpp]: signal_handler(signum=2)[0m
[ladrc_position_controller_node-2] [0m[INFO] [1785224788.332132200] [rclcpp]: signal_handler(signum=2)[0m
[ladrc_position_controller_node-1] [0m[INFO] [1785224788.332470224] [rclcpp]: signal_handler(signum=2)[0m
[ERROR] [ladrc_position_controller_node-8]: process[ladrc_position_controller_node-8] failed to terminate '5' seconds after receiving 'SIGINT', escalating to 'SIGTERM'
[ERROR] [ladrc_position_controller_node-7]: process[ladrc_position_controller_node-7] failed to terminate '5' seconds after receiving 'SIGINT', escalating to 'SIGTERM'
[ERROR] [ladrc_position_controller_node-6]: process[ladrc_position_controller_node-6] failed to terminate '5' seconds after receiving 'SIGINT', escalating to 'SIGTERM'
[ERROR] [ladrc_position_controller_node-5]: process[ladrc_position_controller_node-5] failed to terminate '5' seconds after receiving 'SIGINT', escalating to 'SIGTERM'
[ERROR] [ladrc_position_controller_node-4]: process[ladrc_position_controller_node-4] failed to terminate '5' seconds after receiving 'SIGINT', escalating to 'SIGTERM'
[ERROR] [ladrc_position_controller_node-3]: process[ladrc_position_controller_node-3] failed to terminate '5' seconds after receiving 'SIGINT', escalating to 'SIGTERM'
[ERROR] [ladrc_position_controller_node-2]: process[ladrc_position_controller_node-2] failed to terminate '5' seconds after receiving 'SIGINT', escalating to 'SIGTERM'
[ERROR] [ladrc_position_controller_node-1]: process[ladrc_position_controller_node-1] failed to terminate '5' seconds after receiving 'SIGINT', escalating to 'SIGTERM'
[INFO] [ladrc_position_controller_node-8]: sending signal 'SIGTERM' to process[ladrc_position_controller_node-8]
[INFO] [ladrc_position_controller_node-7]: sending signal 'SIGTERM' to process[ladrc_position_controller_node-7]
[INFO] [ladrc_position_controller_node-6]: sending signal 'SIGTERM' to process[ladrc_position_controller_node-6]
[INFO] [ladrc_position_controller_node-5]: sending signal 'SIGTERM' to process[ladrc_position_controller_node-5]
[INFO] [ladrc_position_controller_node-4]: sending signal 'SIGTERM' to process[ladrc_position_controller_node-4]
[INFO] [ladrc_position_controller_node-3]: sending signal 'SIGTERM' to process[ladrc_position_controller_node-3]
[INFO] [ladrc_position_controller_node-2]: sending signal 'SIGTERM' to process[ladrc_position_controller_node-2]
[INFO] [ladrc_position_controller_node-1]: sending signal 'SIGTERM' to process[ladrc_position_controller_node-1]
[ladrc_position_controller_node-8] [0m[INFO] [1785224793.334888028] [rclcpp]: signal_handler(signum=15)[0m
[ladrc_position_controller_node-7] [0m[INFO] [1785224793.335193200] [rclcpp]: signal_handler(signum=15)[0m
[ladrc_position_controller_node-6] [0m[INFO] [1785224793.335584543] [rclcpp]: signal_handler(signum=15)[0m
[ladrc_position_controller_node-5] [0m[INFO] [1785224793.335923778] [rclcpp]: signal_handler(signum=15)[0m
[ladrc_position_controller_node-4] [0m[INFO] [1785224793.336233829] [rclcpp]: signal_handler(signum=15)[0m
[ladrc_position_controller_node-3] [0m[INFO] [1785224793.336646071] [rclcpp]: signal_handler(signum=15)[0m
[ladrc_position_controller_node-2] [0m[INFO] [1785224793.337005344] [rclcpp]: signal_handler(signum=15)[0m
[ladrc_position_controller_node-1] [0m[INFO] [1785224793.337370108] [rclcpp]: signal_handler(signum=15)[0m
[ladrc_position_controller_node-7] [0m[INFO] [1785224796.821167757] [uav7.ladrc_position_controller]: UAV7 悬停保持 Pos[-0.00,0.03,-1.74][0m
[ERROR] [ladrc_position_controller_node-8]: process[ladrc_position_controller_node-8] failed to terminate '10.0' seconds after receiving 'SIGTERM', escalating to 'SIGKILL'
[ERROR] [ladrc_position_controller_node-7]: process[ladrc_position_controller_node-7] failed to terminate '10.0' seconds after receiving 'SIGTERM', escalating to 'SIGKILL'
[ERROR] [ladrc_position_controller_node-6]: process[ladrc_position_controller_node-6] failed to terminate '10.0' seconds after receiving 'SIGTERM', escalating to 'SIGKILL'
[ERROR] [ladrc_position_controller_node-5]: process[ladrc_position_controller_node-5] failed to terminate '10.0' seconds after receiving 'SIGTERM', escalating to 'SIGKILL'
[ERROR] [ladrc_position_controller_node-4]: process[ladrc_position_controller_node-4] failed to terminate '10.0' seconds after receiving 'SIGTERM', escalating to 'SIGKILL'
[ERROR] [ladrc_position_controller_node-3]: process[ladrc_position_controller_node-3] failed to terminate '10.0' seconds after receiving 'SIGTERM', escalating to 'SIGKILL'
[ERROR] [ladrc_position_controller_node-2]: process[ladrc_position_controller_node-2] failed to terminate '10.0' seconds after receiving 'SIGTERM', escalating to 'SIGKILL'
[ERROR] [ladrc_position_controller_node-1]: process[ladrc_position_controller_node-1] failed to terminate '10.0' seconds after receiving 'SIGTERM', escalating to 'SIGKILL'
[INFO] [ladrc_position_controller_node-8]: sending signal 'SIGKILL' to process[ladrc_position_controller_node-8]
[INFO] [ladrc_position_controller_node-7]: sending signal 'SIGKILL' to process[ladrc_position_controller_node-7]
[INFO] [ladrc_position_controller_node-6]: sending signal 'SIGKILL' to process[ladrc_position_controller_node-6]
[INFO] [ladrc_position_controller_node-5]: sending signal 'SIGKILL' to process[ladrc_position_controller_node-5]
[INFO] [ladrc_position_controller_node-4]: sending signal 'SIGKILL' to process[ladrc_position_controller_node-4]
[INFO] [ladrc_position_controller_node-3]: sending signal 'SIGKILL' to process[ladrc_position_controller_node-3]
[INFO] [ladrc_position_controller_node-2]: sending signal 'SIGKILL' to process[ladrc_position_controller_node-2]
[INFO] [ladrc_position_controller_node-1]: sending signal 'SIGKILL' to process[ladrc_position_controller_node-1]
[ERROR] [ladrc_position_controller_node-8]: process has died [pid 326620, exit code -9, cmd '/home/yihuang/learning/LLM_swarm_ws/install/ladrc_controller/lib/ladrc_controller/ladrc_position_controller_node --ros-args -r __node:=ladrc_position_controller -r __ns:=/uav8 --params-file /home/yihuang/learning/LLM_swarm_ws/install/ladrc_controller/share/ladrc_controller/config/ladrc_params.yaml --params-file /tmp/launch_params_vn1ndt3a --params-file /tmp/launch_params_wzi8tccd -r /uav8/fmu/out/vehicle_odometry:=/px4_8/fmu/out/vehicle_odometry -r /uav8/fmu/in/offboard_control_mode:=/px4_8/fmu/in/offboard_control_mode -r /uav8/fmu/in/trajectory_setpoint:=/px4_8/fmu/in/trajectory_setpoint -r /uav8/fmu/in/vehicle_command:=/px4_8/fmu/in/vehicle_command -r /uav1/fmu/out/vehicle_odometry:=/px4_1/fmu/out/vehicle_odometry -r /uav2/fmu/out/vehicle_odometry:=/px4_2/fmu/out/vehicle_odometry -r /uav3/fmu/out/vehicle_odometry:=/px4_3/fmu/out/vehicle_odometry -r /uav4/fmu/out/vehicle_odometry:=/px4_4/fmu/out/vehicle_odometry -r /uav5/fmu/out/vehicle_odometry:=/px4_5/fmu/out/vehicle_odometry -r /uav6/fmu/out/vehicle_odometry:=/px4_6/fmu/out/vehicle_odometry -r /uav7/fmu/out/vehicle_odometry:=/px4_7/fmu/out/vehicle_odometry'].
[ERROR] [ladrc_position_controller_node-6]: process has died [pid 326616, exit code -9, cmd '/home/yihuang/learning/LLM_swarm_ws/install/ladrc_controller/lib/ladrc_controller/ladrc_position_controller_node --ros-args -r __node:=ladrc_position_controller -r __ns:=/uav6 --params-file /home/yihuang/learning/LLM_swarm_ws/install/ladrc_controller/share/ladrc_controller/config/ladrc_params.yaml --params-file /tmp/launch_params_2a_xmbwa --params-file /tmp/launch_params_hcxy1sam -r /uav6/fmu/out/vehicle_odometry:=/px4_6/fmu/out/vehicle_odometry -r /uav6/fmu/in/offboard_control_mode:=/px4_6/fmu/in/offboard_control_mode -r /uav6/fmu/in/trajectory_setpoint:=/px4_6/fmu/in/trajectory_setpoint -r /uav6/fmu/in/vehicle_command:=/px4_6/fmu/in/vehicle_command -r /uav1/fmu/out/vehicle_odometry:=/px4_1/fmu/out/vehicle_odometry -r /uav2/fmu/out/vehicle_odometry:=/px4_2/fmu/out/vehicle_odometry -r /uav3/fmu/out/vehicle_odometry:=/px4_3/fmu/out/vehicle_odometry -r /uav4/fmu/out/vehicle_odometry:=/px4_4/fmu/out/vehicle_odometry -r /uav5/fmu/out/vehicle_odometry:=/px4_5/fmu/out/vehicle_odometry -r /uav7/fmu/out/vehicle_odometry:=/px4_7/fmu/out/vehicle_odometry -r /uav8/fmu/out/vehicle_odometry:=/px4_8/fmu/out/vehicle_odometry'].
[ERROR] [ladrc_position_controller_node-5]: process has died [pid 326614, exit code -9, cmd '/home/yihuang/learning/LLM_swarm_ws/install/ladrc_controller/lib/ladrc_controller/ladrc_position_controller_node --ros-args -r __node:=ladrc_position_controller -r __ns:=/uav5 --params-file /home/yihuang/learning/LLM_swarm_ws/install/ladrc_controller/share/ladrc_controller/config/ladrc_params.yaml --params-file /tmp/launch_params_5l6limd2 --params-file /tmp/launch_params__4fgs7_8 -r /uav5/fmu/out/vehicle_odometry:=/px4_5/fmu/out/vehicle_odometry -r /uav5/fmu/in/offboard_control_mode:=/px4_5/fmu/in/offboard_control_mode -r /uav5/fmu/in/trajectory_setpoint:=/px4_5/fmu/in/trajectory_setpoint -r /uav5/fmu/in/vehicle_command:=/px4_5/fmu/in/vehicle_command -r /uav1/fmu/out/vehicle_odometry:=/px4_1/fmu/out/vehicle_odometry -r /uav2/fmu/out/vehicle_odometry:=/px4_2/fmu/out/vehicle_odometry -r /uav3/fmu/out/vehicle_odometry:=/px4_3/fmu/out/vehicle_odometry -r /uav4/fmu/out/vehicle_odometry:=/px4_4/fmu/out/vehicle_odometry -r /uav6/fmu/out/vehicle_odometry:=/px4_6/fmu/out/vehicle_odometry -r /uav7/fmu/out/vehicle_odometry:=/px4_7/fmu/out/vehicle_odometry -r /uav8/fmu/out/vehicle_odometry:=/px4_8/fmu/out/vehicle_odometry'].
[ERROR] [ladrc_position_controller_node-4]: process has died [pid 326612, exit code -9, cmd '/home/yihuang/learning/LLM_swarm_ws/install/ladrc_controller/lib/ladrc_controller/ladrc_position_controller_node --ros-args -r __node:=ladrc_position_controller -r __ns:=/uav4 --params-file /home/yihuang/learning/LLM_swarm_ws/install/ladrc_controller/share/ladrc_controller/config/ladrc_params.yaml --params-file /tmp/launch_params_docqj_ps --params-file /tmp/launch_params_beiqpxs7 -r /uav4/fmu/out/vehicle_odometry:=/px4_4/fmu/out/vehicle_odometry -r /uav4/fmu/in/offboard_control_mode:=/px4_4/fmu/in/offboard_control_mode -r /uav4/fmu/in/trajectory_setpoint:=/px4_4/fmu/in/trajectory_setpoint -r /uav4/fmu/in/vehicle_command:=/px4_4/fmu/in/vehicle_command -r /uav1/fmu/out/vehicle_odometry:=/px4_1/fmu/out/vehicle_odometry -r /uav2/fmu/out/vehicle_odometry:=/px4_2/fmu/out/vehicle_odometry -r /uav3/fmu/out/vehicle_odometry:=/px4_3/fmu/out/vehicle_odometry -r /uav5/fmu/out/vehicle_odometry:=/px4_5/fmu/out/vehicle_odometry -r /uav6/fmu/out/vehicle_odometry:=/px4_6/fmu/out/vehicle_odometry -r /uav7/fmu/out/vehicle_odometry:=/px4_7/fmu/out/vehicle_odometry -r /uav8/fmu/out/vehicle_odometry:=/px4_8/fmu/out/vehicle_odometry'].
[ERROR] [ladrc_position_controller_node-7]: process has died [pid 326618, exit code -9, cmd '/home/yihuang/learning/LLM_swarm_ws/install/ladrc_controller/lib/ladrc_controller/ladrc_position_controller_node --ros-args -r __node:=ladrc_position_controller -r __ns:=/uav7 --params-file /home/yihuang/learning/LLM_swarm_ws/install/ladrc_controller/share/ladrc_controller/config/ladrc_params.yaml --params-file /tmp/launch_params_kyzs813g --params-file /tmp/launch_params_4quf8acu -r /uav7/fmu/out/vehicle_odometry:=/px4_7/fmu/out/vehicle_odometry -r /uav7/fmu/in/offboard_control_mode:=/px4_7/fmu/in/offboard_control_mode -r /uav7/fmu/in/trajectory_setpoint:=/px4_7/fmu/in/trajectory_setpoint -r /uav7/fmu/in/vehicle_command:=/px4_7/fmu/in/vehicle_command -r /uav1/fmu/out/vehicle_odometry:=/px4_1/fmu/out/vehicle_odometry -r /uav2/fmu/out/vehicle_odometry:=/px4_2/fmu/out/vehicle_odometry -r /uav3/fmu/out/vehicle_odometry:=/px4_3/fmu/out/vehicle_odometry -r /uav4/fmu/out/vehicle_odometry:=/px4_4/fmu/out/vehicle_odometry -r /uav5/fmu/out/vehicle_odometry:=/px4_5/fmu/out/vehicle_odometry -r /uav6/fmu/out/vehicle_odometry:=/px4_6/fmu/out/vehicle_odometry -r /uav8/fmu/out/vehicle_odometry:=/px4_8/fmu/out/vehicle_odometry'].
[ERROR] [ladrc_position_controller_node-3]: process has died [pid 326610, exit code -9, cmd '/home/yihuang/learning/LLM_swarm_ws/install/ladrc_controller/lib/ladrc_controller/ladrc_position_controller_node --ros-args -r __node:=ladrc_position_controller -r __ns:=/uav3 --params-file /home/yihuang/learning/LLM_swarm_ws/install/ladrc_controller/share/ladrc_controller/config/ladrc_params.yaml --params-file /tmp/launch_params_wggxxmvn --params-file /tmp/launch_params_y8sq4zz7 -r /uav3/fmu/out/vehicle_odometry:=/px4_3/fmu/out/vehicle_odometry -r /uav3/fmu/in/offboard_control_mode:=/px4_3/fmu/in/offboard_control_mode -r /uav3/fmu/in/trajectory_setpoint:=/px4_3/fmu/in/trajectory_setpoint -r /uav3/fmu/in/vehicle_command:=/px4_3/fmu/in/vehicle_command -r /uav1/fmu/out/vehicle_odometry:=/px4_1/fmu/out/vehicle_odometry -r /uav2/fmu/out/vehicle_odometry:=/px4_2/fmu/out/vehicle_odometry -r /uav4/fmu/out/vehicle_odometry:=/px4_4/fmu/out/vehicle_odometry -r /uav5/fmu/out/vehicle_odometry:=/px4_5/fmu/out/vehicle_odometry -r /uav6/fmu/out/vehicle_odometry:=/px4_6/fmu/out/vehicle_odometry -r /uav7/fmu/out/vehicle_odometry:=/px4_7/fmu/out/vehicle_odometry -r /uav8/fmu/out/vehicle_odometry:=/px4_8/fmu/out/vehicle_odometry'].
[ERROR] [ladrc_position_controller_node-2]: process has died [pid 326608, exit code -9, cmd '/home/yihuang/learning/LLM_swarm_ws/install/ladrc_controller/lib/ladrc_controller/ladrc_position_controller_node --ros-args -r __node:=ladrc_position_controller -r __ns:=/uav2 --params-file /home/yihuang/learning/LLM_swarm_ws/install/ladrc_controller/share/ladrc_controller/config/ladrc_params.yaml --params-file /tmp/launch_params_amscfvs9 --params-file /tmp/launch_params_5izoyj7c -r /uav2/fmu/out/vehicle_odometry:=/px4_2/fmu/out/vehicle_odometry -r /uav2/fmu/in/offboard_control_mode:=/px4_2/fmu/in/offboard_control_mode -r /uav2/fmu/in/trajectory_setpoint:=/px4_2/fmu/in/trajectory_setpoint -r /uav2/fmu/in/vehicle_command:=/px4_2/fmu/in/vehicle_command -r /uav1/fmu/out/vehicle_odometry:=/px4_1/fmu/out/vehicle_odometry -r /uav3/fmu/out/vehicle_odometry:=/px4_3/fmu/out/vehicle_odometry -r /uav4/fmu/out/vehicle_odometry:=/px4_4/fmu/out/vehicle_odometry -r /uav5/fmu/out/vehicle_odometry:=/px4_5/fmu/out/vehicle_odometry -r /uav6/fmu/out/vehicle_odometry:=/px4_6/fmu/out/vehicle_odometry -r /uav7/fmu/out/vehicle_odometry:=/px4_7/fmu/out/vehicle_odometry -r /uav8/fmu/out/vehicle_odometry:=/px4_8/fmu/out/vehicle_odometry'].
[ERROR] [ladrc_position_controller_node-1]: process has died [pid 326606, exit code -9, cmd '/home/yihuang/learning/LLM_swarm_ws/install/ladrc_controller/lib/ladrc_controller/ladrc_position_controller_node --ros-args -r __node:=ladrc_position_controller -r __ns:=/uav1 --params-file /home/yihuang/learning/LLM_swarm_ws/install/ladrc_controller/share/ladrc_controller/config/ladrc_params.yaml --params-file /tmp/launch_params_yezrcxn8 --params-file /tmp/launch_params_0docefo2 -r /uav1/fmu/out/vehicle_odometry:=/px4_1/fmu/out/vehicle_odometry -r /uav1/fmu/in/offboard_control_mode:=/px4_1/fmu/in/offboard_control_mode -r /uav1/fmu/in/trajectory_setpoint:=/px4_1/fmu/in/trajectory_setpoint -r /uav1/fmu/in/vehicle_command:=/px4_1/fmu/in/vehicle_command -r /uav2/fmu/out/vehicle_odometry:=/px4_2/fmu/out/vehicle_odometry -r /uav3/fmu/out/vehicle_odometry:=/px4_3/fmu/out/vehicle_odometry -r /uav4/fmu/out/vehicle_odometry:=/px4_4/fmu/out/vehicle_odometry -r /uav5/fmu/out/vehicle_odometry:=/px4_5/fmu/out/vehicle_odometry -r /uav6/fmu/out/vehicle_odometry:=/px4_6/fmu/out/vehicle_odometry -r /uav7/fmu/out/vehicle_odometry:=/px4_7/fmu/out/vehicle_odometry -r /uav8/fmu/out/vehicle_odometry:=/px4_8/fmu/out/vehicle_odometry'].
