[INFO] [1785138204.187668825] [rosbag2_recorder]: Press SPACE for pausing/resuming
[INFO] [1785138204.189391905] [rosbag2_storage]: Opened database '/tmp/experiments_06_formal_20260727/trials/five_uav_circle__px4_step__r02/rosbag/rosbag_0.db3' for READ_WRITE.
[INFO] [1785138204.190134484] [rosbag2_recorder]: Listening for topics...
[INFO] [1785138204.190165052] [rosbag2_recorder]: Event publisher thread: Starting
[INFO] [1785138204.193014539] [rosbag2_recorder]: Subscribed to topic '/uav3/trajectory_metrics'
[INFO] [1785138204.194054312] [rosbag2_recorder]: Subscribed to topic '/uav3/odom'
[INFO] [1785138204.194883004] [rosbag2_recorder]: Subscribed to topic '/uav3/status'
[INFO] [1785138204.195552284] [rosbag2_recorder]: Subscribed to topic '/uav2/status'
[INFO] [1785138204.196200424] [rosbag2_recorder]: Subscribed to topic '/uav2/odom'
[INFO] [1785138204.196858904] [rosbag2_recorder]: Subscribed to topic '/uav1/status'
[INFO] [1785138204.197538423] [rosbag2_recorder]: Subscribed to topic '/uav2/trajectory_metrics'
[INFO] [1785138204.198243902] [rosbag2_recorder]: Subscribed to topic '/uav1/trajectory_metrics'
[INFO] [1785138204.198934262] [rosbag2_recorder]: Subscribed to topic '/uav1/odom'
[INFO] [1785138204.199010306] [rosbag2_recorder]: Recording...
[INFO] [1785138204.201655966] [rosbag2_recorder]: Subscribed to topic '/uav4/odom'
[INFO] [1785138204.203458156] [rosbag2_recorder]: Subscribed to topic '/px4_1/fmu/out/vehicle_odometry'
[INFO] [1785138204.204000976] [rosbag2_recorder]: Subscribed to topic '/uav5/status'
[INFO] [1785138204.204538806] [rosbag2_recorder]: Subscribed to topic '/px4_4/fmu/out/vehicle_odometry'
[INFO] [1785138204.205149856] [rosbag2_recorder]: Subscribed to topic '/px4_3/fmu/out/vehicle_odometry'
[INFO] [1785138204.205668790] [rosbag2_recorder]: Subscribed to topic '/uav4/trajectory_metrics'
[INFO] [1785138204.206161205] [rosbag2_recorder]: Subscribed to topic '/uav4/status'
[INFO] [1785138204.206640674] [rosbag2_recorder]: Subscribed to topic '/uav5/trajectory_metrics'
[INFO] [1785138204.207095728] [rosbag2_recorder]: Subscribed to topic '/uav5/odom'
[INFO] [1785138204.309006423] [rosbag2_recorder]: Subscribed to topic '/px4_5/fmu/out/vehicle_odometry'
[INFO] [1785138205.222582082] [rosbag2_recorder]: Subscribed to topic '/px4_2/fmu/out/vehicle_odometry'
[INFO] [1785138207.766451589] [rosbag2_recorder]: Subscribed to topic '/uav3/swarm_command'
[INFO] [1785138207.766996964] [rosbag2_recorder]: Subscribed to topic '/uav4/swarm_command'
[INFO] [1785138207.767460874] [rosbag2_recorder]: Subscribed to topic '/uav1/swarm_command'
[INFO] [1785138207.767894687] [rosbag2_recorder]: Subscribed to topic '/uav2/swarm_command'
[INFO] [1785138207.768321116] [rosbag2_recorder]: Subscribed to topic '/uav5/swarm_command'
[INFO] [1785138207.768336145] [rosbag2_recorder]: All requested topics are subscribed. Stopping discovery...
[INFO] [1785138220.669011628] [rosbag2_cpp]: Writing remaining messages from cache to the bag. It may take a while
[INFO] [1785138220.670711813] [rosbag2_recorder]: Event publisher thread: Exiting
[INFO] [1785138220.670764924] [rosbag2_recorder]: Recording stopped
