[INFO] [1785137476.350762838] [rosbag2_recorder]: Press SPACE for pausing/resuming
[INFO] [1785137476.352619864] [rosbag2_storage]: Opened database '/tmp/experiments_06_formal_20260727/trials/eight_uav_line_to_circle__px4_step__r03/rosbag/rosbag_0.db3' for READ_WRITE.
[INFO] [1785137476.353801690] [rosbag2_recorder]: Listening for topics...
[INFO] [1785137476.353818893] [rosbag2_recorder]: Event publisher thread: Starting
[INFO] [1785137476.356917820] [rosbag2_recorder]: Subscribed to topic '/uav7/status'
[INFO] [1785137476.358202814] [rosbag2_recorder]: Subscribed to topic '/uav4/trajectory_metrics'
[INFO] [1785137476.359238949] [rosbag2_recorder]: Subscribed to topic '/uav4/status'
[INFO] [1785137476.360419583] [rosbag2_recorder]: Subscribed to topic '/uav4/odom'
[INFO] [1785137476.360521629] [rosbag2_recorder]: Recording...
[INFO] [1785137476.363067261] [rosbag2_recorder]: Subscribed to topic '/uav3/odom'
[INFO] [1785137476.363927868] [rosbag2_recorder]: Subscribed to topic '/uav3/status'
[INFO] [1785137476.364682401] [rosbag2_recorder]: Subscribed to topic '/uav3/trajectory_metrics'
[INFO] [1785137476.365544772] [rosbag2_recorder]: Subscribed to topic '/uav6/odom'
[INFO] [1785137476.366317499] [rosbag2_recorder]: Subscribed to topic '/uav6/status'
[INFO] [1785137476.367218595] [rosbag2_recorder]: Subscribed to topic '/uav6/trajectory_metrics'
[INFO] [1785137476.470456264] [rosbag2_recorder]: Subscribed to topic '/px4_8/fmu/out/vehicle_odometry'
[INFO] [1785137476.470952971] [rosbag2_recorder]: Subscribed to topic '/px4_7/fmu/out/vehicle_odometry'
[INFO] [1785137476.471365154] [rosbag2_recorder]: Subscribed to topic '/px4_6/fmu/out/vehicle_odometry'
[INFO] [1785137476.471754244] [rosbag2_recorder]: Subscribed to topic '/px4_5/fmu/out/vehicle_odometry'
[INFO] [1785137476.472176958] [rosbag2_recorder]: Subscribed to topic '/px4_4/fmu/out/vehicle_odometry'
[INFO] [1785137476.472613448] [rosbag2_recorder]: Subscribed to topic '/px4_1/fmu/out/vehicle_odometry'
[INFO] [1785137477.388011599] [rosbag2_recorder]: Subscribed to topic '/uav8/trajectory_metrics'
[INFO] [1785137477.388520058] [rosbag2_recorder]: Subscribed to topic '/uav2/odom'
[INFO] [1785137477.388957470] [rosbag2_recorder]: Subscribed to topic '/px4_3/fmu/out/vehicle_odometry'
[INFO] [1785137477.389368671] [rosbag2_recorder]: Subscribed to topic '/uav5/status'
[INFO] [1785137477.389777489] [rosbag2_recorder]: Subscribed to topic '/uav5/trajectory_metrics'
[INFO] [1785137477.390173391] [rosbag2_recorder]: Subscribed to topic '/uav8/status'
[INFO] [1785137477.390609481] [rosbag2_recorder]: Subscribed to topic '/uav5/odom'
[INFO] [1785137477.390990094] [rosbag2_recorder]: Subscribed to topic '/uav2/status'
[INFO] [1785137477.391367400] [rosbag2_recorder]: Subscribed to topic '/px4_2/fmu/out/vehicle_odometry'
[INFO] [1785137477.391831935] [rosbag2_recorder]: Subscribed to topic '/uav7/trajectory_metrics'
[INFO] [1785137477.392284766] [rosbag2_recorder]: Subscribed to topic '/uav2/trajectory_metrics'
[INFO] [1785137477.392713602] [rosbag2_recorder]: Subscribed to topic '/uav7/odom'
[INFO] [1785137477.393136787] [rosbag2_recorder]: Subscribed to topic '/uav8/odom'
[INFO] [1785137478.428536359] [rosbag2_recorder]: Subscribed to topic '/uav1/status'
[INFO] [1785137478.429070798] [rosbag2_recorder]: Subscribed to topic '/uav1/odom'
[INFO] [1785137478.429591470] [rosbag2_recorder]: Subscribed to topic '/uav1/trajectory_metrics'
[INFO] [1785137479.357677430] [rosbag2_recorder]: Subscribed to topic '/uav3/swarm_command'
[INFO] [1785137479.358517488] [rosbag2_recorder]: Subscribed to topic '/uav5/swarm_command'
[INFO] [1785137479.359202847] [rosbag2_recorder]: Subscribed to topic '/uav2/swarm_command'
[INFO] [1785137479.359875091] [rosbag2_recorder]: Subscribed to topic '/uav1/swarm_command'
[INFO] [1785137479.360408318] [rosbag2_recorder]: Subscribed to topic '/uav7/swarm_command'
[INFO] [1785137479.360905395] [rosbag2_recorder]: Subscribed to topic '/uav4/swarm_command'
[INFO] [1785137479.361373316] [rosbag2_recorder]: Subscribed to topic '/uav6/swarm_command'
[INFO] [1785137479.361872858] [rosbag2_recorder]: Subscribed to topic '/uav8/swarm_command'
[INFO] [1785137479.361911462] [rosbag2_recorder]: All requested topics are subscribed. Stopping discovery...
[INFO] [1785137513.696753047] [rosbag2_cpp]: Writing remaining messages from cache to the bag. It may take a while
[INFO] [1785137513.699247534] [rosbag2_recorder]: Event publisher thread: Exiting
[INFO] [1785137513.699320614] [rosbag2_recorder]: Recording stopped
