[INFO] [1785141340.744378689] [rosbag2_recorder]: Press SPACE for pausing/resuming
[INFO] [1785141340.746207603] [rosbag2_storage]: Opened database '/tmp/experiments_06_formal_20260727/trials/eight_uav_line_to_circle__linear_ladrc__r03/rosbag/rosbag_0.db3' for READ_WRITE.
[INFO] [1785141340.747021440] [rosbag2_recorder]: Listening for topics...
[INFO] [1785141340.747089158] [rosbag2_recorder]: Event publisher thread: Starting
[INFO] [1785141340.747213583] [rosbag2_recorder]: Recording...
[INFO] [1785141340.850774278] [rosbag2_recorder]: Subscribed to topic '/uav2/trajectory_metrics'
[INFO] [1785141340.851336610] [rosbag2_recorder]: Subscribed to topic '/uav8/trajectory_metrics'
[INFO] [1785141340.851897780] [rosbag2_recorder]: Subscribed to topic '/uav3/odom'
[INFO] [1785141340.853339483] [rosbag2_recorder]: Subscribed to topic '/px4_3/fmu/out/vehicle_status'
[INFO] [1785141340.853821774] [rosbag2_recorder]: Subscribed to topic '/px4_3/fmu/out/vehicle_odometry'
[INFO] [1785141340.854241516] [rosbag2_recorder]: Subscribed to topic '/uav2/odom'
[INFO] [1785141340.854649567] [rosbag2_recorder]: Subscribed to topic '/px4_2/fmu/out/vehicle_status'
[INFO] [1785141340.855108624] [rosbag2_recorder]: Subscribed to topic '/uav2/status'
[INFO] [1785141340.855540670] [rosbag2_recorder]: Subscribed to topic '/uav8/status'
[INFO] [1785141340.855955123] [rosbag2_recorder]: Subscribed to topic '/uav5/odom'
[INFO] [1785141340.856376038] [rosbag2_recorder]: Subscribed to topic '/uav8/odom'
[INFO] [1785141340.856870872] [rosbag2_recorder]: Subscribed to topic '/uav5/trajectory_metrics'
[INFO] [1785141340.857330640] [rosbag2_recorder]: Subscribed to topic '/uav4/status'
[INFO] [1785141340.857747147] [rosbag2_recorder]: Subscribed to topic '/uav5/status'
[INFO] [1785141340.858170116] [rosbag2_recorder]: Subscribed to topic '/px4_1/fmu/out/vehicle_odometry'
[INFO] [1785141340.858618352] [rosbag2_recorder]: Subscribed to topic '/uav4/trajectory_metrics'
[INFO] [1785141340.859033226] [rosbag2_recorder]: Subscribed to topic '/uav3/trajectory_metrics'
[INFO] [1785141340.859443190] [rosbag2_recorder]: Subscribed to topic '/px4_1/fmu/out/vehicle_status'
[INFO] [1785141340.859842815] [rosbag2_recorder]: Subscribed to topic '/px4_2/fmu/out/vehicle_odometry'
[INFO] [1785141340.860257679] [rosbag2_recorder]: Subscribed to topic '/uav3/status'
[INFO] [1785141340.860719841] [rosbag2_recorder]: Subscribed to topic '/uav4/odom'
[INFO] [1785141340.963893095] [rosbag2_recorder]: Subscribed to topic '/px4_7/fmu/out/vehicle_status'
[INFO] [1785141340.964410532] [rosbag2_recorder]: Subscribed to topic '/px4_5/fmu/out/vehicle_status'
[INFO] [1785141340.964942857] [rosbag2_recorder]: Subscribed to topic '/px4_5/fmu/out/vehicle_odometry'
[INFO] [1785141340.965364694] [rosbag2_recorder]: Subscribed to topic '/px4_4/fmu/out/vehicle_status'
[INFO] [1785141340.965762325] [rosbag2_recorder]: Subscribed to topic '/px4_4/fmu/out/vehicle_odometry'
[INFO] [1785141340.966144196] [rosbag2_recorder]: Subscribed to topic '/px4_8/fmu/out/vehicle_odometry'
[INFO] [1785141340.966529023] [rosbag2_recorder]: Subscribed to topic '/px4_7/fmu/out/vehicle_odometry'
[INFO] [1785141340.966900595] [rosbag2_recorder]: Subscribed to topic '/px4_8/fmu/out/vehicle_status'
[INFO] [1785141341.582282198] [rosbag2_recorder]: Subscribed to topic '/px4_6/fmu/out/vehicle_odometry'
[INFO] [1785141341.582911456] [rosbag2_recorder]: Subscribed to topic '/px4_6/fmu/out/vehicle_status'
[INFO] [1785141341.789366719] [rosbag2_recorder]: Subscribed to topic '/uav6/odom'
[INFO] [1785141341.789969357] [rosbag2_recorder]: Subscribed to topic '/uav1/odom'
[INFO] [1785141341.790541969] [rosbag2_recorder]: Subscribed to topic '/uav7/odom'
[INFO] [1785141341.791109641] [rosbag2_recorder]: Subscribed to topic '/uav1/trajectory_metrics'
[INFO] [1785141341.791639702] [rosbag2_recorder]: Subscribed to topic '/uav1/status'
[INFO] [1785141341.792169092] [rosbag2_recorder]: Subscribed to topic '/uav6/status'
[INFO] [1785141341.792669046] [rosbag2_recorder]: Subscribed to topic '/uav6/trajectory_metrics'
[INFO] [1785141341.793239203] [rosbag2_recorder]: Subscribed to topic '/uav7/status'
[INFO] [1785141341.793854535] [rosbag2_recorder]: Subscribed to topic '/uav7/trajectory_metrics'
[INFO] [1785141343.250011000] [rosbag2_recorder]: Subscribed to topic '/uav3/swarm_command'
[INFO] [1785141343.250810089] [rosbag2_recorder]: Subscribed to topic '/uav1/swarm_command'
[INFO] [1785141343.251441011] [rosbag2_recorder]: Subscribed to topic '/uav2/swarm_command'
[INFO] [1785141343.252076090] [rosbag2_recorder]: Subscribed to topic '/uav5/swarm_command'
[INFO] [1785141343.252673759] [rosbag2_recorder]: Subscribed to topic '/uav7/swarm_command'
[INFO] [1785141343.253232765] [rosbag2_recorder]: Subscribed to topic '/uav4/swarm_command'
[INFO] [1785141343.279661809] [rosbag2_recorder]: Subscribed to topic '/uav6/swarm_command'
[INFO] [1785141343.280441742] [rosbag2_recorder]: Subscribed to topic '/uav8/swarm_command'
[INFO] [1785141343.280462802] [rosbag2_recorder]: All requested topics are subscribed. Stopping discovery...
[INFO] [1785141378.460524083] [rosbag2_cpp]: Writing remaining messages from cache to the bag. It may take a while
[INFO] [1785141378.463501637] [rosbag2_recorder]: Event publisher thread: Exiting
[INFO] [1785141378.463554457] [rosbag2_recorder]: Recording stopped
