[INFO] [1785142549.681029940] [rosbag2_recorder]: Press SPACE for pausing/resuming
[INFO] [1785142549.682494838] [rosbag2_storage]: Opened database '/tmp/experiments_06_formal_20260727/trials/five_uav_circle__px4_step__r04/rosbag/rosbag_0.db3' for READ_WRITE.
[INFO] [1785142549.683152441] [rosbag2_recorder]: Event publisher thread: Starting
[INFO] [1785142549.683156678] [rosbag2_recorder]: Listening for topics...
[INFO] [1785142549.684684110] [rosbag2_recorder]: Subscribed to topic '/uav4/status'
[INFO] [1785142549.685005539] [rosbag2_recorder]: Subscribed to topic '/uav5/status'
[INFO] [1785142549.685501962] [rosbag2_recorder]: Subscribed to topic '/uav3/trajectory_metrics'
[INFO] [1785142549.685918691] [rosbag2_recorder]: Subscribed to topic '/uav3/odom'
[INFO] [1785142549.686231145] [rosbag2_recorder]: Subscribed to topic '/uav3/status'
[INFO] [1785142549.686652732] [rosbag2_recorder]: Subscribed to topic '/uav2/status'
[INFO] [1785142549.686699691] [rosbag2_recorder]: Recording...
[INFO] [1785142550.068460477] [rosbag2_recorder]: Subscribed to topic '/uav4/odom'
[INFO] [1785142550.069467757] [rosbag2_recorder]: Subscribed to topic '/uav5/trajectory_metrics'
[INFO] [1785142550.070095089] [rosbag2_recorder]: Subscribed to topic '/uav4/trajectory_metrics'
[INFO] [1785142550.070677547] [rosbag2_recorder]: Subscribed to topic '/uav2/odom'
[INFO] [1785142550.071211312] [rosbag2_recorder]: Subscribed to topic '/uav5/odom'
[INFO] [1785142550.072047254] [rosbag2_recorder]: Subscribed to topic '/uav1/status'
[INFO] [1785142550.073180115] [rosbag2_recorder]: Subscribed to topic '/uav1/trajectory_metrics'
[INFO] [1785142550.073687847] [rosbag2_recorder]: Subscribed to topic '/uav2/trajectory_metrics'
[INFO] [1785142550.074156263] [rosbag2_recorder]: Subscribed to topic '/uav1/odom'
[INFO] [1785142550.176873629] [rosbag2_recorder]: Subscribed to topic '/px4_5/fmu/out/vehicle_status'
[INFO] [1785142550.177295567] [rosbag2_recorder]: Subscribed to topic '/px4_2/fmu/out/vehicle_status'
[INFO] [1785142550.177776404] [rosbag2_recorder]: Subscribed to topic '/px4_5/fmu/out/vehicle_odometry'
[INFO] [1785142550.178205554] [rosbag2_recorder]: Subscribed to topic '/px4_2/fmu/out/vehicle_odometry'
[INFO] [1785142550.685485954] [rosbag2_recorder]: Subscribed to topic '/px4_1/fmu/out/vehicle_odometry'
[INFO] [1785142550.685982958] [rosbag2_recorder]: Subscribed to topic '/px4_3/fmu/out/vehicle_status'
[INFO] [1785142550.686526039] [rosbag2_recorder]: Subscribed to topic '/px4_4/fmu/out/vehicle_status'
[INFO] [1785142550.687041594] [rosbag2_recorder]: Subscribed to topic '/px4_4/fmu/out/vehicle_odometry'
[INFO] [1785142550.687508387] [rosbag2_recorder]: Subscribed to topic '/px4_3/fmu/out/vehicle_odometry'
[INFO] [1785142550.687956439] [rosbag2_recorder]: Subscribed to topic '/px4_1/fmu/out/vehicle_status'
[INFO] [1785142552.525788594] [rosbag2_recorder]: Subscribed to topic '/uav3/swarm_command'
[INFO] [1785142552.526488268] [rosbag2_recorder]: Subscribed to topic '/uav4/swarm_command'
[INFO] [1785142552.527120780] [rosbag2_recorder]: Subscribed to topic '/uav5/swarm_command'
[INFO] [1785142552.570892429] [rosbag2_recorder]: Subscribed to topic '/uav2/swarm_command'
[INFO] [1785142552.572193643] [rosbag2_recorder]: Subscribed to topic '/uav1/swarm_command'
[INFO] [1785142552.572213466] [rosbag2_recorder]: All requested topics are subscribed. Stopping discovery...
[INFO] [1785142584.644735935] [rosbag2_cpp]: Writing remaining messages from cache to the bag. It may take a while
[INFO] [1785142584.646953949] [rosbag2_recorder]: Event publisher thread: Exiting
[INFO] [1785142584.647002100] [rosbag2_recorder]: Recording stopped
