[INFO] [launch]: All log files can be found below /home/yihuang/.ros/log/2026-07-27-15-27-34-594117-JIAOLONG-Series-369105
[INFO] [launch]: Default logging verbosity is set to INFO
[INFO] [ladrc_position_controller_node-1]: process started with pid [369130]
[INFO] [ladrc_position_controller_node-2]: process started with pid [369132]
[INFO] [ladrc_position_controller_node-3]: process started with pid [369134]
[INFO] [ladrc_position_controller_node-4]: process started with pid [369136]
[INFO] [ladrc_position_controller_node-5]: process started with pid [369138]
[INFO] [ladrc_position_controller_node-6]: process started with pid [369140]
[INFO] [ladrc_position_controller_node-7]: process started with pid [369142]
[INFO] [ladrc_position_controller_node-8]: process started with pid [369144]
[ladrc_position_controller_node-1] [0m[INFO] [1785137254.701440817] [uav1.ladrc_position_controller]: 已创建 7 个邻居 Odom 订阅[0m
[ladrc_position_controller_node-4] [0m[INFO] [1785137254.704004295] [uav4.ladrc_position_controller]: 已创建 7 个邻居 Odom 订阅[0m
[ladrc_position_controller_node-3] [0m[INFO] [1785137254.704541921] [uav3.ladrc_position_controller]: 已创建 7 个邻居 Odom 订阅[0m
[ladrc_position_controller_node-5] [0m[INFO] [1785137254.705607343] [uav5.ladrc_position_controller]: 已创建 7 个邻居 Odom 订阅[0m
[ladrc_position_controller_node-1] [0m[INFO] [1785137254.707174503] [uav1.ladrc_position_controller]: LADRC 集群执行节点已初始化 (命名空间: /uav1), ENU偏移=[0.0, 3.0, 0.0][0m
[ladrc_position_controller_node-1] [0m[INFO] [1785137254.707224079] [uav1.ladrc_position_controller]: 等待 swarm_command 和 vehicle_odometry 消息...[0m
[ladrc_position_controller_node-2] [0m[INFO] [1785137254.706543906] [uav2.ladrc_position_controller]: 已创建 7 个邻居 Odom 订阅[0m
[ladrc_position_controller_node-4] [0m[INFO] [1785137254.708186181] [uav4.ladrc_position_controller]: LADRC 集群执行节点已初始化 (命名空间: /uav4), ENU偏移=[0.0, 12.0, 0.0][0m
[ladrc_position_controller_node-4] [0m[INFO] [1785137254.708226189] [uav4.ladrc_position_controller]: 等待 swarm_command 和 vehicle_odometry 消息...[0m
[ladrc_position_controller_node-8] [0m[INFO] [1785137254.708568304] [uav8.ladrc_position_controller]: 已创建 7 个邻居 Odom 订阅[0m
[ladrc_position_controller_node-6] [0m[INFO] [1785137254.708730450] [uav6.ladrc_position_controller]: 已创建 7 个邻居 Odom 订阅[0m
[ladrc_position_controller_node-3] [0m[INFO] [1785137254.709914313] [uav3.ladrc_position_controller]: LADRC 集群执行节点已初始化 (命名空间: /uav3), ENU偏移=[0.0, 9.0, 0.0][0m
[ladrc_position_controller_node-3] [0m[INFO] [1785137254.709950113] [uav3.ladrc_position_controller]: 等待 swarm_command 和 vehicle_odometry 消息...[0m
[ladrc_position_controller_node-2] [0m[INFO] [1785137254.712104895] [uav2.ladrc_position_controller]: LADRC 集群执行节点已初始化 (命名空间: /uav2), ENU偏移=[0.0, 6.0, 0.0][0m
[ladrc_position_controller_node-5] [0m[INFO] [1785137254.712377616] [uav5.ladrc_position_controller]: LADRC 集群执行节点已初始化 (命名空间: /uav5), ENU偏移=[0.0, 15.0, 0.0][0m
[ladrc_position_controller_node-5] [0m[INFO] [1785137254.712422493] [uav5.ladrc_position_controller]: 等待 swarm_command 和 vehicle_odometry 消息...[0m
[ladrc_position_controller_node-2] [0m[INFO] [1785137254.712313792] [uav2.ladrc_position_controller]: 等待 swarm_command 和 vehicle_odometry 消息...[0m
[ladrc_position_controller_node-2] [0m[INFO] [1785137254.712646459] [uav2.ladrc_position_controller]: 已接收到 vehicle_odometry 消息[0m
[ladrc_position_controller_node-8] [0m[INFO] [1785137254.713517484] [uav8.ladrc_position_controller]: LADRC 集群执行节点已初始化 (命名空间: /uav8), ENU偏移=[0.0, 24.0, 0.0][0m
[ladrc_position_controller_node-8] [0m[INFO] [1785137254.713549446] [uav8.ladrc_position_controller]: 等待 swarm_command 和 vehicle_odometry 消息...[0m
[ladrc_position_controller_node-7] [0m[INFO] [1785137254.713908194] [uav7.ladrc_position_controller]: 已创建 7 个邻居 Odom 订阅[0m
[ladrc_position_controller_node-6] [0m[INFO] [1785137254.714505747] [uav6.ladrc_position_controller]: LADRC 集群执行节点已初始化 (命名空间: /uav6), ENU偏移=[0.0, 18.0, 0.0][0m
[ladrc_position_controller_node-6] [0m[INFO] [1785137254.714546296] [uav6.ladrc_position_controller]: 等待 swarm_command 和 vehicle_odometry 消息...[0m
[ladrc_position_controller_node-7] [0m[INFO] [1785137254.717553186] [uav7.ladrc_position_controller]: LADRC 集群执行节点已初始化 (命名空间: /uav7), ENU偏移=[0.0, 21.0, 0.0][0m
[ladrc_position_controller_node-7] [0m[INFO] [1785137254.717587513] [uav7.ladrc_position_controller]: 等待 swarm_command 和 vehicle_odometry 消息...[0m
[ladrc_position_controller_node-1] [33m[WARN] [1785137254.727325519] [uav1.ladrc_position_controller]: 等待状态机进入 RUNNING_TRAJECTORY... (当前: 0)[0m
[ladrc_position_controller_node-4] [33m[WARN] [1785137254.728369360] [uav4.ladrc_position_controller]: 等待状态机进入 RUNNING_TRAJECTORY... (当前: 0)[0m
[ladrc_position_controller_node-3] [33m[WARN] [1785137254.730294756] [uav3.ladrc_position_controller]: 等待状态机进入 RUNNING_TRAJECTORY... (当前: 0)[0m
[ladrc_position_controller_node-6] [0m[INFO] [1785137254.730700125] [uav6.ladrc_position_controller]: 已接收到 vehicle_odometry 消息[0m
[ladrc_position_controller_node-2] [33m[WARN] [1785137254.732225553] [uav2.ladrc_position_controller]: 等待状态机进入 RUNNING_TRAJECTORY... (当前: 0)[0m
[ladrc_position_controller_node-5] [33m[WARN] [1785137254.732492021] [uav5.ladrc_position_controller]: 等待状态机进入 RUNNING_TRAJECTORY... (当前: 0)[0m
[ladrc_position_controller_node-8] [33m[WARN] [1785137254.733653531] [uav8.ladrc_position_controller]: 等待状态机进入 RUNNING_TRAJECTORY... (当前: 0)[0m
[ladrc_position_controller_node-6] [33m[WARN] [1785137254.734696761] [uav6.ladrc_position_controller]: 等待状态机进入 RUNNING_TRAJECTORY... (当前: 0)[0m
[ladrc_position_controller_node-3] [0m[INFO] [1785137254.734832094] [uav3.ladrc_position_controller]: 已接收到 vehicle_odometry 消息[0m
[ladrc_position_controller_node-7] [33m[WARN] [1785137254.737676088] [uav7.ladrc_position_controller]: 等待状态机进入 RUNNING_TRAJECTORY... (当前: 0)[0m
[ladrc_position_controller_node-1] [0m[INFO] [1785137254.742350643] [uav1.ladrc_position_controller]: 已接收到 vehicle_odometry 消息[0m
[ladrc_position_controller_node-4] [0m[INFO] [1785137254.766628669] [uav4.ladrc_position_controller]: 已接收到 vehicle_odometry 消息[0m
[ladrc_position_controller_node-8] [0m[INFO] [1785137254.771533693] [uav8.ladrc_position_controller]: 已接收到 vehicle_odometry 消息[0m
[ladrc_position_controller_node-7] [0m[INFO] [1785137254.778310217] [uav7.ladrc_position_controller]: 已接收到 vehicle_odometry 消息[0m
[ladrc_position_controller_node-5] [0m[INFO] [1785137254.901858227] [uav5.ladrc_position_controller]: 已接收到 vehicle_odometry 消息[0m
[ladrc_position_controller_node-1] [33m[WARN] [1785137259.727586132] [uav1.ladrc_position_controller]: 等待状态机进入 RUNNING_TRAJECTORY... (当前: 0)[0m
[ladrc_position_controller_node-4] [33m[WARN] [1785137259.728598652] [uav4.ladrc_position_controller]: 等待状态机进入 RUNNING_TRAJECTORY... (当前: 0)[0m
[ladrc_position_controller_node-3] [33m[WARN] [1785137259.730333907] [uav3.ladrc_position_controller]: 等待状态机进入 RUNNING_TRAJECTORY... (当前: 0)[0m
[ladrc_position_controller_node-2] [33m[WARN] [1785137259.732516983] [uav2.ladrc_position_controller]: 等待状态机进入 RUNNING_TRAJECTORY... (当前: 0)[0m
[ladrc_position_controller_node-5] [33m[WARN] [1785137259.732795435] [uav5.ladrc_position_controller]: 等待状态机进入 RUNNING_TRAJECTORY... (当前: 0)[0m
[ladrc_position_controller_node-8] [33m[WARN] [1785137259.733939049] [uav8.ladrc_position_controller]: 等待状态机进入 RUNNING_TRAJECTORY... (当前: 0)[0m
[ladrc_position_controller_node-6] [33m[WARN] [1785137259.734923414] [uav6.ladrc_position_controller]: 等待状态机进入 RUNNING_TRAJECTORY... (当前: 0)[0m
[ladrc_position_controller_node-7] [33m[WARN] [1785137259.737975931] [uav7.ladrc_position_controller]: 等待状态机进入 RUNNING_TRAJECTORY... (当前: 0)[0m
[ladrc_position_controller_node-1] [33m[WARN] [1785137264.727932281] [uav1.ladrc_position_controller]: 等待状态机进入 RUNNING_TRAJECTORY... (当前: 0)[0m
[ladrc_position_controller_node-4] [33m[WARN] [1785137264.728950521] [uav4.ladrc_position_controller]: 等待状态机进入 RUNNING_TRAJECTORY... (当前: 0)[0m
[ladrc_position_controller_node-3] [33m[WARN] [1785137264.730680075] [uav3.ladrc_position_controller]: 等待状态机进入 RUNNING_TRAJECTORY... (当前: 0)[0m
[ladrc_position_controller_node-2] [33m[WARN] [1785137264.732872909] [uav2.ladrc_position_controller]: 等待状态机进入 RUNNING_TRAJECTORY... (当前: 0)[0m
[ladrc_position_controller_node-5] [33m[WARN] [1785137264.733168043] [uav5.ladrc_position_controller]: 等待状态机进入 RUNNING_TRAJECTORY... (当前: 0)[0m
[ladrc_position_controller_node-8] [33m[WARN] [1785137264.734295234] [uav8.ladrc_position_controller]: 等待状态机进入 RUNNING_TRAJECTORY... (当前: 0)[0m
[ladrc_position_controller_node-6] [33m[WARN] [1785137264.735269960] [uav6.ladrc_position_controller]: 等待状态机进入 RUNNING_TRAJECTORY... (当前: 0)[0m
[ladrc_position_controller_node-7] [33m[WARN] [1785137264.738317596] [uav7.ladrc_position_controller]: 等待状态机进入 RUNNING_TRAJECTORY... (当前: 0)[0m
[ladrc_position_controller_node-1] [0m[INFO] [1785137264.807945881] [uav1.ladrc_position_controller]: 系统稳定，开始解锁 (Arming)...[0m
[ladrc_position_controller_node-4] [0m[INFO] [1785137264.808972477] [uav4.ladrc_position_controller]: 系统稳定，开始解锁 (Arming)...[0m
[ladrc_position_controller_node-3] [0m[INFO] [1785137264.810690117] [uav3.ladrc_position_controller]: 系统稳定，开始解锁 (Arming)...[0m
[ladrc_position_controller_node-2] [0m[INFO] [1785137264.812878983] [uav2.ladrc_position_controller]: 系统稳定，开始解锁 (Arming)...[0m
[ladrc_position_controller_node-5] [0m[INFO] [1785137264.813145692] [uav5.ladrc_position_controller]: 系统稳定，开始解锁 (Arming)...[0m
[ladrc_position_controller_node-8] [0m[INFO] [1785137264.814288885] [uav8.ladrc_position_controller]: 系统稳定，开始解锁 (Arming)...[0m
[ladrc_position_controller_node-6] [0m[INFO] [1785137264.815271346] [uav6.ladrc_position_controller]: 系统稳定，开始解锁 (Arming)...[0m
[ladrc_position_controller_node-7] [0m[INFO] [1785137264.818334432] [uav7.ladrc_position_controller]: 系统稳定，开始解锁 (Arming)...[0m
[ladrc_position_controller_node-1] [0m[INFO] [1785137266.908083731] [uav1.ladrc_position_controller]: 解锁成功。切换到 Offboard 模式...[0m
[ladrc_position_controller_node-4] [0m[INFO] [1785137266.909109325] [uav4.ladrc_position_controller]: 解锁成功。切换到 Offboard 模式...[0m
[ladrc_position_controller_node-3] [0m[INFO] [1785137266.910783149] [uav3.ladrc_position_controller]: 解锁成功。切换到 Offboard 模式...[0m
[ladrc_position_controller_node-2] [0m[INFO] [1785137266.913017804] [uav2.ladrc_position_controller]: 解锁成功。切换到 Offboard 模式...[0m
[ladrc_position_controller_node-5] [0m[INFO] [1785137266.913301987] [uav5.ladrc_position_controller]: 解锁成功。切换到 Offboard 模式...[0m
[ladrc_position_controller_node-8] [0m[INFO] [1785137266.914435501] [uav8.ladrc_position_controller]: 解锁成功。切换到 Offboard 模式...[0m
[ladrc_position_controller_node-6] [0m[INFO] [1785137266.915424784] [uav6.ladrc_position_controller]: 解锁成功。切换到 Offboard 模式...[0m
[ladrc_position_controller_node-7] [0m[INFO] [1785137266.918481137] [uav7.ladrc_position_controller]: 解锁成功。切换到 Offboard 模式...[0m
[ladrc_position_controller_node-1] [0m[INFO] [1785137268.008184087] [uav1.ladrc_position_controller]: Offboard 模式已激活。LADRC 控制器接管。[0m
[ladrc_position_controller_node-4] [0m[INFO] [1785137268.009181706] [uav4.ladrc_position_controller]: Offboard 模式已激活。LADRC 控制器接管。[0m
[ladrc_position_controller_node-3] [0m[INFO] [1785137268.010905518] [uav3.ladrc_position_controller]: Offboard 模式已激活。LADRC 控制器接管。[0m
[ladrc_position_controller_node-2] [0m[INFO] [1785137268.013097389] [uav2.ladrc_position_controller]: Offboard 模式已激活。LADRC 控制器接管。[0m
[ladrc_position_controller_node-5] [0m[INFO] [1785137268.013368285] [uav5.ladrc_position_controller]: Offboard 模式已激活。LADRC 控制器接管。[0m
[ladrc_position_controller_node-8] [0m[INFO] [1785137268.014515245] [uav8.ladrc_position_controller]: Offboard 模式已激活。LADRC 控制器接管。[0m
[ladrc_position_controller_node-6] [0m[INFO] [1785137268.015507073] [uav6.ladrc_position_controller]: Offboard 模式已激活。LADRC 控制器接管。[0m
[ladrc_position_controller_node-7] [0m[INFO] [1785137268.018556382] [uav7.ladrc_position_controller]: Offboard 模式已激活。LADRC 控制器接管。[0m
[ladrc_position_controller_node-1] [0m[INFO] [1785137268.028173278] [uav1.ladrc_position_controller]: UAV1 悬停保持锁定: [0.01, 0.01, -0.14][0m
[ladrc_position_controller_node-1] [0m[INFO] [1785137268.028221902] [uav1.ladrc_position_controller]: UAV1 悬停保持 Pos[0.01,0.01,-0.14][0m
[ladrc_position_controller_node-4] [0m[INFO] [1785137268.029182460] [uav4.ladrc_position_controller]: UAV4 悬停保持锁定: [0.02, 0.02, -0.11][0m
[ladrc_position_controller_node-4] [0m[INFO] [1785137268.029235272] [uav4.ladrc_position_controller]: UAV4 悬停保持 Pos[0.02,0.02,-0.11][0m
[ladrc_position_controller_node-3] [0m[INFO] [1785137268.030896502] [uav3.ladrc_position_controller]: UAV3 悬停保持锁定: [0.01, 0.01, -0.12][0m
[ladrc_position_controller_node-3] [0m[INFO] [1785137268.030950186] [uav3.ladrc_position_controller]: UAV3 悬停保持 Pos[0.01,0.01,-0.12][0m
[ladrc_position_controller_node-2] [0m[INFO] [1785137268.033094806] [uav2.ladrc_position_controller]: UAV2 悬停保持锁定: [0.01, -0.01, -0.14][0m
[ladrc_position_controller_node-2] [0m[INFO] [1785137268.033151015] [uav2.ladrc_position_controller]: UAV2 悬停保持 Pos[0.01,-0.01,-0.14][0m
[ladrc_position_controller_node-5] [0m[INFO] [1785137268.033363769] [uav5.ladrc_position_controller]: UAV5 悬停保持锁定: [0.02, 0.01, -0.10][0m
[ladrc_position_controller_node-5] [0m[INFO] [1785137268.033402514] [uav5.ladrc_position_controller]: UAV5 悬停保持 Pos[0.02,0.01,-0.10][0m
[ladrc_position_controller_node-8] [0m[INFO] [1785137268.034517542] [uav8.ladrc_position_controller]: UAV8 悬停保持锁定: [0.01, 0.02, -0.08][0m
[ladrc_position_controller_node-8] [0m[INFO] [1785137268.034565204] [uav8.ladrc_position_controller]: UAV8 悬停保持 Pos[0.01,0.02,-0.08][0m
[ladrc_position_controller_node-6] [0m[INFO] [1785137268.035496565] [uav6.ladrc_position_controller]: UAV6 悬停保持锁定: [0.01, 0.02, -0.10][0m
[ladrc_position_controller_node-6] [0m[INFO] [1785137268.035545059] [uav6.ladrc_position_controller]: UAV6 悬停保持 Pos[0.01,0.02,-0.10][0m
[ladrc_position_controller_node-7] [0m[INFO] [1785137268.038549590] [uav7.ladrc_position_controller]: UAV7 悬停保持锁定: [-0.00, 0.01, -0.08][0m
[ladrc_position_controller_node-7] [0m[INFO] [1785137268.038600049] [uav7.ladrc_position_controller]: UAV7 悬停保持 Pos[-0.00,0.01,-0.08][0m
[ladrc_position_controller_node-1] [0m[INFO] [1785137276.334724037] [uav1.ladrc_position_controller]: UAV1 swarm_cmd 回调触发 (目标=[10.0,7.5,5.0])[0m
[ladrc_position_controller_node-1] [0m[INFO] [1785137276.334794805] [uav1.ladrc_position_controller]: 轨迹指标(step): path=12.25m vmax=nanm/s amax=nanm/s^2 jmax=nanm/s^3 ISJ=nan[0m
[ladrc_position_controller_node-1] [0m[INFO] [1785137276.334827108] [uav1.ladrc_position_controller]: 任务条件化带宽: mission=403 style=normal distance=12.25m duration=12.00s avg_v=1.02m/s kappa=0.892[0m
[ladrc_position_controller_node-1] [0m[INFO] [1785137276.334845423] [uav1.ladrc_position_controller]: >>> Mission403 UAV1 全局[10.0,7.5,5.0]→本地[10.0,4.5,5.0] T=12.0s normal[0m
[ladrc_position_controller_node-1] [0m[INFO] [1785137276.334866905] [uav1.ladrc_position_controller]: UAV1 trajectory_profile=step LADRC_FF=0[0m
[ladrc_position_controller_node-1] [0m[INFO] [1785137276.335296710] [uav1.ladrc_position_controller]: UAV1 swarm_cmd 回调触发 (目标=[10.0,7.5,5.0])[0m
[ladrc_position_controller_node-2] [0m[INFO] [1785137276.334755639] [uav2.ladrc_position_controller]: UAV2 swarm_cmd 回调触发 (目标=[14.2,9.3,5.0])[0m
[ladrc_position_controller_node-2] [0m[INFO] [1785137276.334817760] [uav2.ladrc_position_controller]: 轨迹指标(step): path=15.60m vmax=nanm/s amax=nanm/s^2 jmax=nanm/s^3 ISJ=nan[0m
[ladrc_position_controller_node-2] [0m[INFO] [1785137276.334849241] [uav2.ladrc_position_controller]: 任务条件化带宽: mission=403 style=normal distance=15.60m duration=12.00s avg_v=1.30m/s kappa=0.931[0m
[ladrc_position_controller_node-2] [0m[INFO] [1785137276.334872145] [uav2.ladrc_position_controller]: >>> Mission403 UAV2 全局[14.2,9.3,5.0]→本地[14.2,3.3,5.0] T=12.0s normal[0m
[ladrc_position_controller_node-2] [0m[INFO] [1785137276.334888818] [uav2.ladrc_position_controller]: UAV2 trajectory_profile=step LADRC_FF=0[0m
[ladrc_position_controller_node-2] [0m[INFO] [1785137276.335321639] [uav2.ladrc_position_controller]: UAV2 swarm_cmd 回调触发 (目标=[14.2,9.3,5.0])[0m
[ladrc_position_controller_node-3] [0m[INFO] [1785137276.334778974] [uav3.ladrc_position_controller]: UAV3 swarm_cmd 回调触发 (目标=[5.8,9.3,5.0])[0m
[ladrc_position_controller_node-3] [0m[INFO] [1785137276.334832328] [uav3.ladrc_position_controller]: 轨迹指标(step): path=7.91m vmax=nanm/s amax=nanm/s^2 jmax=nanm/s^3 ISJ=nan[0m
[ladrc_position_controller_node-3] [0m[INFO] [1785137276.334858739] [uav3.ladrc_position_controller]: 任务条件化带宽: mission=403 style=normal distance=7.91m duration=12.00s avg_v=0.66m/s kappa=0.842[0m
[ladrc_position_controller_node-3] [0m[INFO] [1785137276.334873137] [uav3.ladrc_position_controller]: >>> Mission403 UAV3 全局[5.8,9.3,5.0]→本地[5.8,0.3,5.0] T=12.0s normal[0m
[ladrc_position_controller_node-3] [0m[INFO] [1785137276.334887154] [uav3.ladrc_position_controller]: UAV3 trajectory_profile=step LADRC_FF=0[0m
[ladrc_position_controller_node-3] [0m[INFO] [1785137276.335339193] [uav3.ladrc_position_controller]: UAV3 swarm_cmd 回调触发 (目标=[5.8,9.3,5.0])[0m
[ladrc_position_controller_node-4] [0m[INFO] [1785137276.334784745] [uav4.ladrc_position_controller]: UAV4 swarm_cmd 回调触发 (目标=[4.0,13.5,5.0])[0m
[ladrc_position_controller_node-4] [0m[INFO] [1785137276.334833620] [uav4.ladrc_position_controller]: 轨迹指标(step): path=6.90m vmax=nanm/s amax=nanm/s^2 jmax=nanm/s^3 ISJ=nan[0m
[ladrc_position_controller_node-4] [0m[INFO] [1785137276.334861485] [uav4.ladrc_position_controller]: 任务条件化带宽: mission=403 style=normal distance=6.90m duration=12.00s avg_v=0.57m/s kappa=0.830[0m
[ladrc_position_controller_node-4] [0m[INFO] [1785137276.334875051] [uav4.ladrc_position_controller]: >>> Mission403 UAV4 全局[4.0,13.5,5.0]→本地[4.0,1.5,5.0] T=12.0s normal[0m
[ladrc_position_controller_node-4] [0m[INFO] [1785137276.334891924] [uav4.ladrc_position_controller]: UAV4 trajectory_profile=step LADRC_FF=0[0m
[ladrc_position_controller_node-4] [0m[INFO] [1785137276.335377407] [uav4.ladrc_position_controller]: UAV4 swarm_cmd 回调触发 (目标=[4.0,13.5,5.0])[0m
[ladrc_position_controller_node-5] [0m[INFO] [1785137276.334831025] [uav5.ladrc_position_controller]: UAV5 swarm_cmd 回调触发 (目标=[16.0,13.5,5.0])[0m
[ladrc_position_controller_node-5] [0m[INFO] [1785137276.334890040] [uav5.ladrc_position_controller]: 轨迹指标(step): path=16.95m vmax=nanm/s amax=nanm/s^2 jmax=nanm/s^3 ISJ=nan[0m
[ladrc_position_controller_node-5] [0m[INFO] [1785137276.334918966] [uav5.ladrc_position_controller]: 任务条件化带宽: mission=403 style=normal distance=16.95m duration=12.00s avg_v=1.41m/s kappa=0.946[0m
[ladrc_position_controller_node-5] [0m[INFO] [1785137276.334933344] [uav5.ladrc_position_controller]: >>> Mission403 UAV5 全局[16.0,13.5,5.0]→本地[16.0,-1.5,5.0] T=12.0s normal[0m
[ladrc_position_controller_node-5] [0m[INFO] [1785137276.334944115] [uav5.ladrc_position_controller]: UAV5 trajectory_profile=step LADRC_FF=0[0m
[ladrc_position_controller_node-5] [0m[INFO] [1785137276.335410662] [uav5.ladrc_position_controller]: UAV5 swarm_cmd 回调触发 (目标=[16.0,13.5,5.0])[0m
[ladrc_position_controller_node-6] [0m[INFO] [1785137276.334872947] [uav6.ladrc_position_controller]: UAV6 swarm_cmd 回调触发 (目标=[5.8,17.7,5.0])[0m
[ladrc_position_controller_node-6] [0m[INFO] [1785137276.334942863] [uav6.ladrc_position_controller]: 轨迹指标(step): path=7.87m vmax=nanm/s amax=nanm/s^2 jmax=nanm/s^3 ISJ=nan[0m
[ladrc_position_controller_node-6] [0m[INFO] [1785137276.334973833] [uav6.ladrc_position_controller]: 任务条件化带宽: mission=403 style=normal distance=7.87m duration=12.00s avg_v=0.66m/s kappa=0.841[0m
[ladrc_position_controller_node-6] [0m[INFO] [1785137276.334984474] [uav6.ladrc_position_controller]: >>> Mission403 UAV6 全局[5.8,17.7,5.0]→本地[5.8,-0.3,5.0] T=12.0s normal[0m
[ladrc_position_controller_node-6] [0m[INFO] [1785137276.334996407] [uav6.ladrc_position_controller]: UAV6 trajectory_profile=step LADRC_FF=0[0m
[ladrc_position_controller_node-6] [0m[INFO] [1785137276.335392677] [uav6.ladrc_position_controller]: UAV6 swarm_cmd 回调触发 (目标=[5.8,17.7,5.0])[0m
[ladrc_position_controller_node-7] [0m[INFO] [1785137276.334910891] [uav7.ladrc_position_controller]: UAV7 swarm_cmd 回调触发 (目标=[14.2,17.7,5.0])[0m
[ladrc_position_controller_node-7] [0m[INFO] [1785137276.334963873] [uav7.ladrc_position_controller]: 轨迹指标(step): path=15.56m vmax=nanm/s amax=nanm/s^2 jmax=nanm/s^3 ISJ=nan[0m
[ladrc_position_controller_node-7] [0m[INFO] [1785137276.334994753] [uav7.ladrc_position_controller]: 任务条件化带宽: mission=403 style=normal distance=15.56m duration=12.00s avg_v=1.30m/s kappa=0.930[0m
[ladrc_position_controller_node-7] [0m[INFO] [1785137276.335003851] [uav7.ladrc_position_controller]: >>> Mission403 UAV7 全局[14.2,17.7,5.0]→本地[14.2,-3.3,5.0] T=12.0s normal[0m
[ladrc_position_controller_node-7] [0m[INFO] [1785137276.335015313] [uav7.ladrc_position_controller]: UAV7 trajectory_profile=step LADRC_FF=0[0m
[ladrc_position_controller_node-7] [0m[INFO] [1785137276.335421322] [uav7.ladrc_position_controller]: UAV7 swarm_cmd 回调触发 (目标=[14.2,17.7,5.0])[0m
[ladrc_position_controller_node-6] [0m[INFO] [1785137276.336112125] [uav6.ladrc_position_controller]: UAV6 Ref[-0.0,0.0,-0.3] Pos[-0.02,0.00,-0.34] Cmd[0.0,0.0,0.0][0m
[ladrc_position_controller_node-7] [0m[INFO] [1785137276.339147163] [uav7.ladrc_position_controller]: UAV7 Ref[-0.0,-0.0,-0.3] Pos[-0.01,-0.02,-0.32] Cmd[0.0,0.0,0.0][0m
[ladrc_position_controller_node-1] [0m[INFO] [1785137276.348785412] [uav1.ladrc_position_controller]: UAV1 Ref[-0.0,0.0,-0.5] Pos[-0.00,0.01,-0.46] Cmd[0.0,0.0,0.0][0m
[ladrc_position_controller_node-4] [0m[INFO] [1785137276.349809622] [uav4.ladrc_position_controller]: UAV4 Ref[-0.0,0.0,-0.4] Pos[-0.01,0.01,-0.41] Cmd[0.0,0.0,0.0][0m
[ladrc_position_controller_node-3] [0m[INFO] [1785137276.351542500] [uav3.ladrc_position_controller]: UAV3 Ref[-0.0,0.0,-0.4] Pos[-0.00,0.01,-0.42] Cmd[0.0,0.0,0.0][0m
[ladrc_position_controller_node-2] [0m[INFO] [1785137276.353706174] [uav2.ladrc_position_controller]: UAV2 Ref[-0.0,0.0,-0.5] Pos[-0.01,0.01,-0.45] Cmd[0.0,0.0,0.0][0m
[ladrc_position_controller_node-5] [0m[INFO] [1785137276.354003382] [uav5.ladrc_position_controller]: UAV5 Ref[-0.0,-0.0,-0.4] Pos[-0.01,-0.00,-0.36] Cmd[0.0,0.0,0.0][0m
[ladrc_position_controller_node-1] [0m[INFO] [1785137276.409048678] [uav1.ladrc_position_controller]: UAV1 swarm_cmd 回调触发 (目标=[10.0,7.5,5.0])[0m
[ladrc_position_controller_node-2] [0m[INFO] [1785137276.409082404] [uav2.ladrc_position_controller]: UAV2 swarm_cmd 回调触发 (目标=[14.2,9.3,5.0])[0m
[ladrc_position_controller_node-3] [0m[INFO] [1785137276.409103505] [uav3.ladrc_position_controller]: UAV3 swarm_cmd 回调触发 (目标=[5.8,9.3,5.0])[0m
[ladrc_position_controller_node-4] [0m[INFO] [1785137276.409119295] [uav4.ladrc_position_controller]: UAV4 swarm_cmd 回调触发 (目标=[4.0,13.5,5.0])[0m
[ladrc_position_controller_node-5] [0m[INFO] [1785137276.409149925] [uav5.ladrc_position_controller]: UAV5 swarm_cmd 回调触发 (目标=[16.0,13.5,5.0])[0m
[ladrc_position_controller_node-6] [0m[INFO] [1785137276.409176577] [uav6.ladrc_position_controller]: UAV6 swarm_cmd 回调触发 (目标=[5.8,17.7,5.0])[0m
[ladrc_position_controller_node-7] [0m[INFO] [1785137276.409206395] [uav7.ladrc_position_controller]: UAV7 swarm_cmd 回调触发 (目标=[14.2,17.7,5.0])[0m
[ladrc_position_controller_node-1] [0m[INFO] [1785137276.409903900] [uav1.ladrc_position_controller]: UAV1 swarm_cmd 回调触发 (目标=[10.0,7.5,5.0])[0m
[ladrc_position_controller_node-2] [0m[INFO] [1785137276.409924660] [uav2.ladrc_position_controller]: UAV2 swarm_cmd 回调触发 (目标=[14.2,9.3,5.0])[0m
[ladrc_position_controller_node-3] [0m[INFO] [1785137276.409935111] [uav3.ladrc_position_controller]: UAV3 swarm_cmd 回调触发 (目标=[5.8,9.3,5.0])[0m
[ladrc_position_controller_node-4] [0m[INFO] [1785137276.409961592] [uav4.ladrc_position_controller]: UAV4 swarm_cmd 回调触发 (目标=[4.0,13.5,5.0])[0m
[ladrc_position_controller_node-5] [0m[INFO] [1785137276.409972894] [uav5.ladrc_position_controller]: UAV5 swarm_cmd 回调触发 (目标=[16.0,13.5,5.0])[0m
[ladrc_position_controller_node-6] [0m[INFO] [1785137276.409991711] [uav6.ladrc_position_controller]: UAV6 swarm_cmd 回调触发 (目标=[5.8,17.7,5.0])[0m
[ladrc_position_controller_node-7] [0m[INFO] [1785137276.410009455] [uav7.ladrc_position_controller]: UAV7 swarm_cmd 回调触发 (目标=[14.2,17.7,5.0])[0m
[ladrc_position_controller_node-1] [0m[INFO] [1785137276.411669691] [uav1.ladrc_position_controller]: UAV1 swarm_cmd 回调触发 (目标=[10.0,7.5,5.0])[0m
[ladrc_position_controller_node-2] [0m[INFO] [1785137276.411683338] [uav2.ladrc_position_controller]: UAV2 swarm_cmd 回调触发 (目标=[14.2,9.3,5.0])[0m
[ladrc_position_controller_node-3] [0m[INFO] [1785137276.411709088] [uav3.ladrc_position_controller]: UAV3 swarm_cmd 回调触发 (目标=[5.8,9.3,5.0])[0m
[ladrc_position_controller_node-4] [0m[INFO] [1785137276.411728656] [uav4.ladrc_position_controller]: UAV4 swarm_cmd 回调触发 (目标=[4.0,13.5,5.0])[0m
[ladrc_position_controller_node-5] [0m[INFO] [1785137276.411745899] [uav5.ladrc_position_controller]: UAV5 swarm_cmd 回调触发 (目标=[16.0,13.5,5.0])[0m
[ladrc_position_controller_node-6] [0m[INFO] [1785137276.411760698] [uav6.ladrc_position_controller]: UAV6 swarm_cmd 回调触发 (目标=[5.8,17.7,5.0])[0m
[ladrc_position_controller_node-7] [0m[INFO] [1785137276.411767912] [uav7.ladrc_position_controller]: UAV7 swarm_cmd 回调触发 (目标=[14.2,17.7,5.0])[0m
[ladrc_position_controller_node-1] [0m[INFO] [1785137276.413882662] [uav1.ladrc_position_controller]: UAV1 swarm_cmd 回调触发 (目标=[10.0,7.5,5.0])[0m
[ladrc_position_controller_node-3] [0m[INFO] [1785137276.413898522] [uav3.ladrc_position_controller]: UAV3 swarm_cmd 回调触发 (目标=[5.8,9.3,5.0])[0m
[ladrc_position_controller_node-2] [0m[INFO] [1785137276.413906939] [uav2.ladrc_position_controller]: UAV2 swarm_cmd 回调触发 (目标=[14.2,9.3,5.0])[0m
[ladrc_position_controller_node-4] [0m[INFO] [1785137276.413934021] [uav4.ladrc_position_controller]: UAV4 swarm_cmd 回调触发 (目标=[4.0,13.5,5.0])[0m
[ladrc_position_controller_node-6] [0m[INFO] [1785137276.413998196] [uav6.ladrc_position_controller]: UAV6 swarm_cmd 回调触发 (目标=[5.8,17.7,5.0])[0m
[ladrc_position_controller_node-5] [0m[INFO] [1785137276.414027593] [uav5.ladrc_position_controller]: UAV5 swarm_cmd 回调触发 (目标=[16.0,13.5,5.0])[0m
[ladrc_position_controller_node-7] [0m[INFO] [1785137276.414097038] [uav7.ladrc_position_controller]: UAV7 swarm_cmd 回调触发 (目标=[14.2,17.7,5.0])[0m
[ladrc_position_controller_node-1] [0m[INFO] [1785137276.414571620] [uav1.ladrc_position_controller]: UAV1 swarm_cmd 回调触发 (目标=[10.0,7.5,5.0])[0m
[ladrc_position_controller_node-2] [0m[INFO] [1785137276.414595727] [uav2.ladrc_position_controller]: UAV2 swarm_cmd 回调触发 (目标=[14.2,9.3,5.0])[0m
[ladrc_position_controller_node-3] [0m[INFO] [1785137276.414614874] [uav3.ladrc_position_controller]: UAV3 swarm_cmd 回调触发 (目标=[5.8,9.3,5.0])[0m
[ladrc_position_controller_node-4] [0m[INFO] [1785137276.414634853] [uav4.ladrc_position_controller]: UAV4 swarm_cmd 回调触发 (目标=[4.0,13.5,5.0])[0m
[ladrc_position_controller_node-5] [0m[INFO] [1785137276.414643771] [uav5.ladrc_position_controller]: UAV5 swarm_cmd 回调触发 (目标=[16.0,13.5,5.0])[0m
[ladrc_position_controller_node-7] [0m[INFO] [1785137276.414672426] [uav7.ladrc_position_controller]: UAV7 swarm_cmd 回调触发 (目标=[14.2,17.7,5.0])[0m
[ladrc_position_controller_node-6] [0m[INFO] [1785137276.414670452] [uav6.ladrc_position_controller]: UAV6 swarm_cmd 回调触发 (目标=[5.8,17.7,5.0])[0m
[ladrc_position_controller_node-1] [0m[INFO] [1785137276.415340354] [uav1.ladrc_position_controller]: UAV1 swarm_cmd 回调触发 (目标=[10.0,7.5,5.0])[0m
[ladrc_position_controller_node-2] [0m[INFO] [1785137276.415363209] [uav2.ladrc_position_controller]: UAV2 swarm_cmd 回调触发 (目标=[14.2,9.3,5.0])[0m
[ladrc_position_controller_node-3] [0m[INFO] [1785137276.415383338] [uav3.ladrc_position_controller]: UAV3 swarm_cmd 回调触发 (目标=[5.8,9.3,5.0])[0m
[ladrc_position_controller_node-4] [0m[INFO] [1785137276.415404499] [uav4.ladrc_position_controller]: UAV4 swarm_cmd 回调触发 (目标=[4.0,13.5,5.0])[0m
[ladrc_position_controller_node-5] [0m[INFO] [1785137276.415419067] [uav5.ladrc_position_controller]: UAV5 swarm_cmd 回调触发 (目标=[16.0,13.5,5.0])[0m
[ladrc_position_controller_node-6] [0m[INFO] [1785137276.415452612] [uav6.ladrc_position_controller]: UAV6 swarm_cmd 回调触发 (目标=[5.8,17.7,5.0])[0m
[ladrc_position_controller_node-7] [0m[INFO] [1785137276.415454356] [uav7.ladrc_position_controller]: UAV7 swarm_cmd 回调触发 (目标=[14.2,17.7,5.0])[0m
[ladrc_position_controller_node-1] [0m[INFO] [1785137276.416244201] [uav1.ladrc_position_controller]: UAV1 swarm_cmd 回调触发 (目标=[10.0,7.5,5.0])[0m
[ladrc_position_controller_node-2] [0m[INFO] [1785137276.416271103] [uav2.ladrc_position_controller]: UAV2 swarm_cmd 回调触发 (目标=[14.2,9.3,5.0])[0m
[ladrc_position_controller_node-3] [0m[INFO] [1785137276.416284359] [uav3.ladrc_position_controller]: UAV3 swarm_cmd 回调触发 (目标=[5.8,9.3,5.0])[0m
[ladrc_position_controller_node-4] [0m[INFO] [1785137276.416300680] [uav4.ladrc_position_controller]: UAV4 swarm_cmd 回调触发 (目标=[4.0,13.5,5.0])[0m
[ladrc_position_controller_node-5] [0m[INFO] [1785137276.416304297] [uav5.ladrc_position_controller]: UAV5 swarm_cmd 回调触发 (目标=[16.0,13.5,5.0])[0m
[ladrc_position_controller_node-6] [0m[INFO] [1785137276.416324286] [uav6.ladrc_position_controller]: UAV6 swarm_cmd 回调触发 (目标=[5.8,17.7,5.0])[0m
[ladrc_position_controller_node-7] [0m[INFO] [1785137276.416337191] [uav7.ladrc_position_controller]: UAV7 swarm_cmd 回调触发 (目标=[14.2,17.7,5.0])[0m
[ladrc_position_controller_node-1] [0m[INFO] [1785137276.416734914] [uav1.ladrc_position_controller]: UAV1 swarm_cmd 回调触发 (目标=[10.0,7.5,5.0])[0m
[ladrc_position_controller_node-3] [0m[INFO] [1785137276.416768720] [uav3.ladrc_position_controller]: UAV3 swarm_cmd 回调触发 (目标=[5.8,9.3,5.0])[0m
[ladrc_position_controller_node-2] [0m[INFO] [1785137276.416768710] [uav2.ladrc_position_controller]: UAV2 swarm_cmd 回调触发 (目标=[14.2,9.3,5.0])[0m
[ladrc_position_controller_node-4] [0m[INFO] [1785137276.416788027] [uav4.ladrc_position_controller]: UAV4 swarm_cmd 回调触发 (目标=[4.0,13.5,5.0])[0m
[ladrc_position_controller_node-5] [0m[INFO] [1785137276.416795642] [uav5.ladrc_position_controller]: UAV5 swarm_cmd 回调触发 (目标=[16.0,13.5,5.0])[0m
[ladrc_position_controller_node-6] [0m[INFO] [1785137276.416807836] [uav6.ladrc_position_controller]: UAV6 swarm_cmd 回调触发 (目标=[5.8,17.7,5.0])[0m
[ladrc_position_controller_node-7] [0m[INFO] [1785137276.416834798] [uav7.ladrc_position_controller]: UAV7 swarm_cmd 回调触发 (目标=[14.2,17.7,5.0])[0m
[ladrc_position_controller_node-6] [0m[INFO] [1785137277.336169782] [uav6.ladrc_position_controller]: UAV6 Ref[-0.0,0.0,-0.3] Pos[-0.01,0.01,-0.38] Cmd[-0.1,-0.1,1.7][0m
[ladrc_position_controller_node-7] [0m[INFO] [1785137277.339211983] [uav7.ladrc_position_controller]: UAV7 Ref[-0.0,-0.0,-0.3] Pos[-0.02,-0.01,-0.37] Cmd[0.1,-0.2,2.8][0m
[ladrc_position_controller_node-1] [0m[INFO] [1785137277.348833068] [uav1.ladrc_position_controller]: UAV1 Ref[-0.0,0.0,-0.5] Pos[-0.01,0.02,-0.48] Cmd[0.2,-0.1,1.6][0m
[ladrc_position_controller_node-4] [0m[INFO] [1785137277.349870053] [uav4.ladrc_position_controller]: UAV4 Ref[-0.0,0.0,-0.4] Pos[-0.00,0.02,-0.44] Cmd[-0.1,-0.2,1.0][0m
[ladrc_position_controller_node-3] [0m[INFO] [1785137277.351584364] [uav3.ladrc_position_controller]: UAV3 Ref[-0.0,0.0,-0.4] Pos[-0.01,0.01,-0.46] Cmd[0.1,-0.1,1.9][0m
[ladrc_position_controller_node-2] [0m[INFO] [1785137277.353766825] [uav2.ladrc_position_controller]: UAV2 Ref[-0.0,0.0,-0.5] Pos[0.00,-0.01,-0.48] Cmd[-0.3,0.4,1.2][0m
[ladrc_position_controller_node-5] [0m[INFO] [1785137277.354034034] [uav5.ladrc_position_controller]: UAV5 Ref[-0.0,-0.0,-0.4] Pos[-0.01,0.00,-0.42] Cmd[-0.0,-0.2,3.1][0m
[ladrc_position_controller_node-8] [0m[INFO] [1785137278.035178966] [uav8.ladrc_position_controller]: UAV8 悬停保持 Pos[-0.01,0.00,-0.36][0m
[ladrc_position_controller_node-6] [0m[INFO] [1785137278.336238473] [uav6.ladrc_position_controller]: UAV6 Ref[5.8,-0.3,5.0] Pos[-0.01,0.02,-0.44] Cmd[5.0,-2.2,8.0][0m
[ladrc_position_controller_node-7] [0m[INFO] [1785137278.339217842] [uav7.ladrc_position_controller]: UAV7 Ref[14.2,-3.3,5.0] Pos[-0.01,-0.00,-0.40] Cmd[5.0,-5.0,8.0][0m
[ladrc_position_controller_node-1] [0m[INFO] [1785137278.348897290] [uav1.ladrc_position_controller]: UAV1 Ref[10.0,4.5,5.0] Pos[-0.02,0.02,-0.50] Cmd[5.0,5.0,8.0][0m
[ladrc_position_controller_node-4] [0m[INFO] [1785137278.349904627] [uav4.ladrc_position_controller]: UAV4 Ref[4.0,1.5,5.0] Pos[-0.01,0.02,-0.47] Cmd[5.0,5.0,8.0][0m
[ladrc_position_controller_node-3] [0m[INFO] [1785137278.351638496] [uav3.ladrc_position_controller]: UAV3 Ref[5.8,0.3,5.0] Pos[-0.01,0.01,-0.47] Cmd[5.0,1.4,8.0][0m
[ladrc_position_controller_node-2] [0m[INFO] [1785137278.353823301] [uav2.ladrc_position_controller]: UAV2 Ref[14.2,3.3,5.0] Pos[-0.00,-0.00,-0.50] Cmd[5.0,5.0,8.0][0m
[ladrc_position_controller_node-5] [0m[INFO] [1785137278.354085841] [uav5.ladrc_position_controller]: UAV5 Ref[16.0,-1.5,5.0] Pos[-0.01,0.01,-0.45] Cmd[5.0,-5.0,8.0][0m
