[INFO] [1785137273.136909957] [rosbag2_recorder]: Press SPACE for pausing/resuming
[INFO] [1785137273.138732309] [rosbag2_storage]: Opened database '/tmp/experiments_06_formal_20260727/trials/eight_uav_line_to_circle__px4_step__r03/rosbag/rosbag_0.db3' for READ_WRITE.
[INFO] [1785137273.139594084] [rosbag2_recorder]: Listening for topics...
[INFO] [1785137273.139618030] [rosbag2_recorder]: Event publisher thread: Starting
[INFO] [1785137273.142445446] [rosbag2_recorder]: Subscribed to topic '/uav7/trajectory_metrics'
[INFO] [1785137273.143238537] [rosbag2_recorder]: Subscribed to topic '/uav7/odom'
[INFO] [1785137273.143953386] [rosbag2_recorder]: Subscribed to topic '/uav5/trajectory_metrics'
[INFO] [1785137273.144805142] [rosbag2_recorder]: Subscribed to topic '/uav7/status'
[INFO] [1785137273.145430187] [rosbag2_recorder]: Subscribed to topic '/uav5/status'
[INFO] [1785137273.146801602] [rosbag2_recorder]: Subscribed to topic '/uav8/status'
[INFO] [1785137273.147514337] [rosbag2_recorder]: Subscribed to topic '/uav5/odom'
[INFO] [1785137273.147600685] [rosbag2_recorder]: Recording...
[INFO] [1785137273.150301554] [rosbag2_recorder]: Subscribed to topic '/uav6/odom'
[INFO] [1785137273.151163229] [rosbag2_recorder]: Subscribed to topic '/uav3/trajectory_metrics'
[INFO] [1785137273.152406696] [rosbag2_recorder]: Subscribed to topic '/uav3/odom'
[INFO] [1785137273.153164589] [rosbag2_recorder]: Subscribed to topic '/uav6/status'
[INFO] [1785137273.153981106] [rosbag2_recorder]: Subscribed to topic '/uav6/trajectory_metrics'
[INFO] [1785137273.154799617] [rosbag2_recorder]: Subscribed to topic '/uav3/status'
[INFO] [1785137273.155521430] [rosbag2_recorder]: Subscribed to topic '/uav2/status'
[INFO] [1785137273.156227021] [rosbag2_recorder]: Subscribed to topic '/uav2/odom'
[INFO] [1785137273.156932101] [rosbag2_recorder]: Subscribed to topic '/uav1/status'
[INFO] [1785137273.157563348] [rosbag2_recorder]: Subscribed to topic '/uav1/odom'
[INFO] [1785137273.158146712] [rosbag2_recorder]: Subscribed to topic '/uav2/trajectory_metrics'
[INFO] [1785137273.158844027] [rosbag2_recorder]: Subscribed to topic '/uav1/trajectory_metrics'
[INFO] [1785137273.262489358] [rosbag2_recorder]: Subscribed to topic '/px4_1/fmu/out/vehicle_odometry'
[INFO] [1785137273.262905287] [rosbag2_recorder]: Subscribed to topic '/px4_7/fmu/out/vehicle_odometry'
[INFO] [1785137273.263293391] [rosbag2_recorder]: Subscribed to topic '/px4_5/fmu/out/vehicle_odometry'
[INFO] [1785137273.263679722] [rosbag2_recorder]: Subscribed to topic '/px4_4/fmu/out/vehicle_odometry'
[INFO] [1785137273.264230793] [rosbag2_recorder]: Subscribed to topic '/px4_3/fmu/out/vehicle_odometry'
[INFO] [1785137273.264644767] [rosbag2_recorder]: Subscribed to topic '/px4_8/fmu/out/vehicle_odometry'
[INFO] [1785137273.265049574] [rosbag2_recorder]: Subscribed to topic '/px4_2/fmu/out/vehicle_odometry'
[INFO] [1785137274.185077746] [rosbag2_recorder]: Subscribed to topic '/uav4/odom'
[INFO] [1785137274.185609049] [rosbag2_recorder]: Subscribed to topic '/uav4/status'
[INFO] [1785137274.186046128] [rosbag2_recorder]: Subscribed to topic '/uav4/trajectory_metrics'
[INFO] [1785137274.186474391] [rosbag2_recorder]: Subscribed to topic '/px4_6/fmu/out/vehicle_odometry'
[INFO] [1785137274.186877624] [rosbag2_recorder]: Subscribed to topic '/uav8/odom'
[INFO] [1785137274.187284605] [rosbag2_recorder]: Subscribed to topic '/uav8/trajectory_metrics'
[INFO] [1785137276.153312581] [rosbag2_recorder]: Subscribed to topic '/uav3/swarm_command'
[INFO] [1785137276.154152513] [rosbag2_recorder]: Subscribed to topic '/uav5/swarm_command'
[INFO] [1785137276.154848045] [rosbag2_recorder]: Subscribed to topic '/uav2/swarm_command'
[INFO] [1785137276.155765788] [rosbag2_recorder]: Subscribed to topic '/uav1/swarm_command'
[INFO] [1785137276.156541456] [rosbag2_recorder]: Subscribed to topic '/uav7/swarm_command'
[INFO] [1785137276.157225916] [rosbag2_recorder]: Subscribed to topic '/uav4/swarm_command'
[INFO] [1785137276.157938891] [rosbag2_recorder]: Subscribed to topic '/uav6/swarm_command'
[INFO] [1785137276.158658891] [rosbag2_recorder]: Subscribed to topic '/uav8/swarm_command'
[INFO] [1785137276.158717555] [rosbag2_recorder]: All requested topics are subscribed. Stopping discovery...
[INFO] [1785137278.333073383] [rosbag2_cpp]: Writing remaining messages from cache to the bag. It may take a while
[INFO] [1785137278.335068099] [rosbag2_recorder]: Event publisher thread: Exiting
[INFO] [1785137278.335125110] [rosbag2_recorder]: Recording stopped
