[INFO] [1785138070.020463998] [rosbag2_recorder]: Press SPACE for pausing/resuming
[INFO] [1785138070.022242046] [rosbag2_storage]: Opened database '/tmp/experiments_06_formal_20260727/trials/five_uav_circle__minimum_jerk_ladrc__r05/rosbag/rosbag_0.db3' for READ_WRITE.
[INFO] [1785138070.023077183] [rosbag2_recorder]: Listening for topics...
[INFO] [1785138070.023097011] [rosbag2_recorder]: Event publisher thread: Starting
[INFO] [1785138070.025649972] [rosbag2_recorder]: Subscribed to topic '/uav5/trajectory_metrics'
[INFO] [1785138070.026298154] [rosbag2_recorder]: Subscribed to topic '/uav5/status'
[INFO] [1785138070.026860102] [rosbag2_recorder]: Subscribed to topic '/uav2/status'
[INFO] [1785138070.027701961] [rosbag2_recorder]: Subscribed to topic '/uav2/odom'
[INFO] [1785138070.028104887] [rosbag2_recorder]: Subscribed to topic '/uav5/odom'
[INFO] [1785138070.028555824] [rosbag2_recorder]: Subscribed to topic '/uav1/status'
[INFO] [1785138070.028925556] [rosbag2_recorder]: Subscribed to topic '/uav2/trajectory_metrics'
[INFO] [1785138070.029298896] [rosbag2_recorder]: Subscribed to topic '/uav1/trajectory_metrics'
[INFO] [1785138070.029662366] [rosbag2_recorder]: Subscribed to topic '/uav1/odom'
[INFO] [1785138070.029715858] [rosbag2_recorder]: Recording...
[INFO] [1785138070.032088005] [rosbag2_recorder]: Subscribed to topic '/px4_1/fmu/out/vehicle_odometry'
[INFO] [1785138070.032523713] [rosbag2_recorder]: Subscribed to topic '/px4_3/fmu/out/vehicle_odometry'
[INFO] [1785138070.032899828] [rosbag2_recorder]: Subscribed to topic '/px4_4/fmu/out/vehicle_odometry'
[INFO] [1785138070.033271945] [rosbag2_recorder]: Subscribed to topic '/px4_5/fmu/out/vehicle_odometry'
[INFO] [1785138071.045566736] [rosbag2_recorder]: Subscribed to topic '/uav3/odom'
[INFO] [1785138071.046062619] [rosbag2_recorder]: Subscribed to topic '/uav4/odom'
[INFO] [1785138071.046587606] [rosbag2_recorder]: Subscribed to topic '/uav3/status'
[INFO] [1785138071.047058230] [rosbag2_recorder]: Subscribed to topic '/px4_2/fmu/out/vehicle_odometry'
[INFO] [1785138071.047527993] [rosbag2_recorder]: Subscribed to topic '/uav3/trajectory_metrics'
[INFO] [1785138071.047958371] [rosbag2_recorder]: Subscribed to topic '/uav4/trajectory_metrics'
[INFO] [1785138071.048420469] [rosbag2_recorder]: Subscribed to topic '/uav4/status'
[INFO] [1785138072.887016956] [rosbag2_recorder]: Subscribed to topic '/uav3/swarm_command'
[INFO] [1785138072.887719972] [rosbag2_recorder]: Subscribed to topic '/uav4/swarm_command'
[INFO] [1785138072.888417176] [rosbag2_recorder]: Subscribed to topic '/uav1/swarm_command'
[INFO] [1785138072.888949097] [rosbag2_recorder]: Subscribed to topic '/uav2/swarm_command'
[INFO] [1785138072.889430863] [rosbag2_recorder]: Subscribed to topic '/uav5/swarm_command'
[INFO] [1785138072.889446693] [rosbag2_recorder]: All requested topics are subscribed. Stopping discovery...
[INFO] [1785138103.265013949] [rosbag2_cpp]: Writing remaining messages from cache to the bag. It may take a while
[INFO] [1785138103.266492478] [rosbag2_recorder]: Event publisher thread: Exiting
[INFO] [1785138103.266546690] [rosbag2_recorder]: Recording stopped
