[INFO] [launch]: All log files can be found below /home/yihuang/.ros/log/2026-07-27-12-10-21-209326-JIAOLONG-Series-178519
[INFO] [launch]: Default logging verbosity is set to INFO
[INFO] [ladrc_position_controller_node-1]: process started with pid [178544]
[INFO] [ladrc_position_controller_node-2]: process started with pid [178546]
[INFO] [ladrc_position_controller_node-3]: process started with pid [178548]
[INFO] [ladrc_position_controller_node-4]: process started with pid [178550]
[INFO] [ladrc_position_controller_node-5]: process started with pid [178552]
[ladrc_position_controller_node-2] [0m[INFO] [1785125421.298895795] [uav2.ladrc_position_controller]: 已创建 4 个邻居 Odom 订阅[0m
[ladrc_position_controller_node-1] [0m[INFO] [1785125421.299321644] [uav1.ladrc_position_controller]: 已创建 4 个邻居 Odom 订阅[0m
[ladrc_position_controller_node-3] [0m[INFO] [1785125421.299413354] [uav3.ladrc_position_controller]: 已创建 4 个邻居 Odom 订阅[0m
[ladrc_position_controller_node-4] [0m[INFO] [1785125421.300018246] [uav4.ladrc_position_controller]: 已创建 4 个邻居 Odom 订阅[0m
[ladrc_position_controller_node-5] [0m[INFO] [1785125421.300944283] [uav5.ladrc_position_controller]: 已创建 4 个邻居 Odom 订阅[0m
[ladrc_position_controller_node-2] [0m[INFO] [1785125421.301559404] [uav2.ladrc_position_controller]: LADRC 集群执行节点已初始化 (命名空间: /uav2), ENU偏移=[0.0, 6.0, 0.0][0m
[ladrc_position_controller_node-2] [0m[INFO] [1785125421.301590631] [uav2.ladrc_position_controller]: 等待 swarm_command 和 vehicle_odometry 消息...[0m
[ladrc_position_controller_node-1] [0m[INFO] [1785125421.301949837] [uav1.ladrc_position_controller]: LADRC 集群执行节点已初始化 (命名空间: /uav1), ENU偏移=[0.0, 3.0, 0.0][0m
[ladrc_position_controller_node-1] [0m[INFO] [1785125421.301979963] [uav1.ladrc_position_controller]: 等待 swarm_command 和 vehicle_odometry 消息...[0m
[ladrc_position_controller_node-3] [0m[INFO] [1785125421.302160498] [uav3.ladrc_position_controller]: LADRC 集群执行节点已初始化 (命名空间: /uav3), ENU偏移=[0.0, 9.0, 0.0][0m
[ladrc_position_controller_node-3] [0m[INFO] [1785125421.302190323] [uav3.ladrc_position_controller]: 等待 swarm_command 和 vehicle_odometry 消息...[0m
[ladrc_position_controller_node-4] [0m[INFO] [1785125421.302596106] [uav4.ladrc_position_controller]: LADRC 集群执行节点已初始化 (命名空间: /uav4), ENU偏移=[0.0, 12.0, 0.0][0m
[ladrc_position_controller_node-4] [0m[INFO] [1785125421.302625911] [uav4.ladrc_position_controller]: 等待 swarm_command 和 vehicle_odometry 消息...[0m
[ladrc_position_controller_node-5] [0m[INFO] [1785125421.303245039] [uav5.ladrc_position_controller]: LADRC 集群执行节点已初始化 (命名空间: /uav5), ENU偏移=[0.0, 15.0, 0.0][0m
[ladrc_position_controller_node-5] [0m[INFO] [1785125421.303264715] [uav5.ladrc_position_controller]: 等待 swarm_command 和 vehicle_odometry 消息...[0m
[ladrc_position_controller_node-2] [33m[WARN] [1785125421.321643192] [uav2.ladrc_position_controller]: 等待状态机进入 RUNNING_TRAJECTORY... (当前: 0)[0m
[ladrc_position_controller_node-1] [33m[WARN] [1785125421.322012757] [uav1.ladrc_position_controller]: 等待状态机进入 RUNNING_TRAJECTORY... (当前: 0)[0m
[ladrc_position_controller_node-3] [33m[WARN] [1785125421.322239387] [uav3.ladrc_position_controller]: 等待状态机进入 RUNNING_TRAJECTORY... (当前: 0)[0m
[ladrc_position_controller_node-4] [33m[WARN] [1785125421.322665948] [uav4.ladrc_position_controller]: 等待状态机进入 RUNNING_TRAJECTORY... (当前: 0)[0m
[ladrc_position_controller_node-5] [33m[WARN] [1785125421.323315813] [uav5.ladrc_position_controller]: 等待状态机进入 RUNNING_TRAJECTORY... (当前: 0)[0m
[ladrc_position_controller_node-5] [0m[INFO] [1785125421.613988149] [uav5.ladrc_position_controller]: 已接收到 vehicle_odometry 消息[0m
[ladrc_position_controller_node-2] [0m[INFO] [1785125422.290027192] [uav2.ladrc_position_controller]: 已接收到 vehicle_odometry 消息[0m
[ladrc_position_controller_node-3] [0m[INFO] [1785125422.290052609] [uav3.ladrc_position_controller]: 已接收到 vehicle_odometry 消息[0m
[ladrc_position_controller_node-1] [0m[INFO] [1785125422.293823231] [uav1.ladrc_position_controller]: 已接收到 vehicle_odometry 消息[0m
[ladrc_position_controller_node-4] [0m[INFO] [1785125422.297972183] [uav4.ladrc_position_controller]: 已接收到 vehicle_odometry 消息[0m
[ladrc_position_controller_node-2] [33m[WARN] [1785125426.341513938] [uav2.ladrc_position_controller]: 等待状态机进入 RUNNING_TRAJECTORY... (当前: 0)[0m
[ladrc_position_controller_node-1] [33m[WARN] [1785125426.341904282] [uav1.ladrc_position_controller]: 等待状态机进入 RUNNING_TRAJECTORY... (当前: 0)[0m
[ladrc_position_controller_node-3] [33m[WARN] [1785125426.342114752] [uav3.ladrc_position_controller]: 等待状态机进入 RUNNING_TRAJECTORY... (当前: 0)[0m
[ladrc_position_controller_node-4] [33m[WARN] [1785125426.342519663] [uav4.ladrc_position_controller]: 等待状态机进入 RUNNING_TRAJECTORY... (当前: 0)[0m
[ladrc_position_controller_node-5] [33m[WARN] [1785125426.343179066] [uav5.ladrc_position_controller]: 等待状态机进入 RUNNING_TRAJECTORY... (当前: 0)[0m
[ladrc_position_controller_node-2] [33m[WARN] [1785125431.361404678] [uav2.ladrc_position_controller]: 等待状态机进入 RUNNING_TRAJECTORY... (当前: 0)[0m
[ladrc_position_controller_node-1] [33m[WARN] [1785125431.361792457] [uav1.ladrc_position_controller]: 等待状态机进入 RUNNING_TRAJECTORY... (当前: 0)[0m
[ladrc_position_controller_node-3] [33m[WARN] [1785125431.362021211] [uav3.ladrc_position_controller]: 等待状态机进入 RUNNING_TRAJECTORY... (当前: 0)[0m
[ladrc_position_controller_node-4] [33m[WARN] [1785125431.362429789] [uav4.ladrc_position_controller]: 等待状态机进入 RUNNING_TRAJECTORY... (当前: 0)[0m
[ladrc_position_controller_node-5] [33m[WARN] [1785125431.363100863] [uav5.ladrc_position_controller]: 等待状态机进入 RUNNING_TRAJECTORY... (当前: 0)[0m
[ladrc_position_controller_node-2] [0m[INFO] [1785125431.401423866] [uav2.ladrc_position_controller]: 系统稳定，开始解锁 (Arming)...[0m
[ladrc_position_controller_node-1] [0m[INFO] [1785125431.401799583] [uav1.ladrc_position_controller]: 系统稳定，开始解锁 (Arming)...[0m
[ladrc_position_controller_node-3] [0m[INFO] [1785125431.402005905] [uav3.ladrc_position_controller]: 系统稳定，开始解锁 (Arming)...[0m
[ladrc_position_controller_node-4] [0m[INFO] [1785125431.402436063] [uav4.ladrc_position_controller]: 系统稳定，开始解锁 (Arming)...[0m
[ladrc_position_controller_node-5] [0m[INFO] [1785125431.403097750] [uav5.ladrc_position_controller]: 系统稳定，开始解锁 (Arming)...[0m
[ladrc_position_controller_node-2] [0m[INFO] [1785125433.501363598] [uav2.ladrc_position_controller]: 解锁成功。切换到 Offboard 模式...[0m
[ladrc_position_controller_node-1] [0m[INFO] [1785125433.501757989] [uav1.ladrc_position_controller]: 解锁成功。切换到 Offboard 模式...[0m
[ladrc_position_controller_node-3] [0m[INFO] [1785125433.501965734] [uav3.ladrc_position_controller]: 解锁成功。切换到 Offboard 模式...[0m
[ladrc_position_controller_node-4] [0m[INFO] [1785125433.502409367] [uav4.ladrc_position_controller]: 解锁成功。切换到 Offboard 模式...[0m
[ladrc_position_controller_node-5] [0m[INFO] [1785125433.503056497] [uav5.ladrc_position_controller]: 解锁成功。切换到 Offboard 模式...[0m
[ladrc_position_controller_node-2] [0m[INFO] [1785125434.601336876] [uav2.ladrc_position_controller]: Offboard 模式已激活。LADRC 控制器接管。[0m
[ladrc_position_controller_node-1] [0m[INFO] [1785125434.601725957] [uav1.ladrc_position_controller]: Offboard 模式已激活。LADRC 控制器接管。[0m
[ladrc_position_controller_node-3] [0m[INFO] [1785125434.601938672] [uav3.ladrc_position_controller]: Offboard 模式已激活。LADRC 控制器接管。[0m
[ladrc_position_controller_node-4] [0m[INFO] [1785125434.602375812] [uav4.ladrc_position_controller]: Offboard 模式已激活。LADRC 控制器接管。[0m
[ladrc_position_controller_node-5] [0m[INFO] [1785125434.603028453] [uav5.ladrc_position_controller]: Offboard 模式已激活。LADRC 控制器接管。[0m
[ladrc_position_controller_node-2] [0m[INFO] [1785125434.621341992] [uav2.ladrc_position_controller]: UAV2 悬停保持锁定: [0.02, 0.00, -0.09][0m
[ladrc_position_controller_node-2] [0m[INFO] [1785125434.621395422] [uav2.ladrc_position_controller]: UAV2 悬停保持 Pos[0.02,0.00,-0.09][0m
[ladrc_position_controller_node-1] [0m[INFO] [1785125434.621726666] [uav1.ladrc_position_controller]: UAV1 悬停保持锁定: [0.01, 0.00, -0.10][0m
[ladrc_position_controller_node-1] [0m[INFO] [1785125434.621764827] [uav1.ladrc_position_controller]: UAV1 悬停保持 Pos[0.01,0.00,-0.10][0m
[ladrc_position_controller_node-3] [0m[INFO] [1785125434.621947776] [uav3.ladrc_position_controller]: UAV3 悬停保持锁定: [0.00, 0.02, -0.09][0m
[ladrc_position_controller_node-3] [0m[INFO] [1785125434.622001586] [uav3.ladrc_position_controller]: UAV3 悬停保持 Pos[0.00,0.02,-0.09][0m
[ladrc_position_controller_node-4] [0m[INFO] [1785125434.622381119] [uav4.ladrc_position_controller]: UAV4 悬停保持锁定: [-0.00, 0.02, -0.07][0m
[ladrc_position_controller_node-4] [0m[INFO] [1785125434.622432064] [uav4.ladrc_position_controller]: UAV4 悬停保持 Pos[-0.00,0.02,-0.07][0m
[ladrc_position_controller_node-5] [0m[INFO] [1785125434.623044019] [uav5.ladrc_position_controller]: UAV5 悬停保持锁定: [0.01, 0.01, -0.07][0m
[ladrc_position_controller_node-5] [0m[INFO] [1785125434.623095264] [uav5.ladrc_position_controller]: UAV5 悬停保持 Pos[0.01,0.01,-0.07][0m
