[INFO] [1785141507.653152553] [rosbag2_recorder]: Press SPACE for pausing/resuming
[INFO] [1785141507.654850781] [rosbag2_storage]: Opened database '/tmp/experiments_06_formal_20260727/trials/five_uav_circle__minimum_jerk_ladrc__r03/rosbag/rosbag_0.db3' for READ_WRITE.
[INFO] [1785141507.655505156] [rosbag2_recorder]: Listening for topics...
[INFO] [1785141507.655518421] [rosbag2_recorder]: Event publisher thread: Starting
[INFO] [1785141507.657076464] [rosbag2_recorder]: Subscribed to topic '/uav5/status'
[INFO] [1785141507.657642313] [rosbag2_recorder]: Subscribed to topic '/uav3/trajectory_metrics'
[INFO] [1785141507.657991021] [rosbag2_recorder]: Subscribed to topic '/uav5/trajectory_metrics'
[INFO] [1785141507.658467461] [rosbag2_recorder]: Subscribed to topic '/uav3/odom'
[INFO] [1785141507.658835666] [rosbag2_recorder]: Subscribed to topic '/uav3/status'
[INFO] [1785141507.659189545] [rosbag2_recorder]: Subscribed to topic '/uav2/status'
[INFO] [1785141507.659531250] [rosbag2_recorder]: Subscribed to topic '/uav4/status'
[INFO] [1785141507.659860823] [rosbag2_recorder]: Subscribed to topic '/uav2/odom'
[INFO] [1785141507.660193230] [rosbag2_recorder]: Subscribed to topic '/uav5/odom'
[INFO] [1785141507.660522532] [rosbag2_recorder]: Subscribed to topic '/uav1/status'
[INFO] [1785141507.660848919] [rosbag2_recorder]: Subscribed to topic '/uav2/trajectory_metrics'
[INFO] [1785141507.661206684] [rosbag2_recorder]: Subscribed to topic '/uav1/odom'
[INFO] [1785141507.661251289] [rosbag2_recorder]: Recording...
[INFO] [1785141507.662271495] [rosbag2_recorder]: Subscribed to topic '/uav1/trajectory_metrics'
[INFO] [1785141507.765022541] [rosbag2_recorder]: Subscribed to topic '/px4_1/fmu/out/vehicle_odometry'
[INFO] [1785141507.765517596] [rosbag2_recorder]: Subscribed to topic '/px4_5/fmu/out/vehicle_status'
[INFO] [1785141507.765897333] [rosbag2_recorder]: Subscribed to topic '/px4_5/fmu/out/vehicle_odometry'
[INFO] [1785141507.766243066] [rosbag2_recorder]: Subscribed to topic '/px4_3/fmu/out/vehicle_status'
[INFO] [1785141507.766610179] [rosbag2_recorder]: Subscribed to topic '/px4_4/fmu/out/vehicle_status'
[INFO] [1785141507.766968085] [rosbag2_recorder]: Subscribed to topic '/px4_4/fmu/out/vehicle_odometry'
[INFO] [1785141507.767326462] [rosbag2_recorder]: Subscribed to topic '/px4_3/fmu/out/vehicle_odometry'
[INFO] [1785141507.767685610] [rosbag2_recorder]: Subscribed to topic '/uav4/odom'
[INFO] [1785141507.768041533] [rosbag2_recorder]: Subscribed to topic '/px4_2/fmu/out/vehicle_odometry'
[INFO] [1785141507.768408375] [rosbag2_recorder]: Subscribed to topic '/px4_1/fmu/out/vehicle_status'
[INFO] [1785141507.768755010] [rosbag2_recorder]: Subscribed to topic '/px4_2/fmu/out/vehicle_status'
[INFO] [1785141507.769127203] [rosbag2_recorder]: Subscribed to topic '/uav4/trajectory_metrics'
[INFO] [1785141510.726472286] [rosbag2_recorder]: Subscribed to topic '/uav3/swarm_command'
[INFO] [1785141510.726999452] [rosbag2_recorder]: Subscribed to topic '/uav4/swarm_command'
[INFO] [1785141510.727505107] [rosbag2_recorder]: Subscribed to topic '/uav5/swarm_command'
[INFO] [1785141510.728003358] [rosbag2_recorder]: Subscribed to topic '/uav2/swarm_command'
[INFO] [1785141510.728484967] [rosbag2_recorder]: Subscribed to topic '/uav1/swarm_command'
[INFO] [1785141510.728498683] [rosbag2_recorder]: All requested topics are subscribed. Stopping discovery...
[INFO] [1785141541.209751375] [rosbag2_cpp]: Writing remaining messages from cache to the bag. It may take a while
[INFO] [1785141541.211592332] [rosbag2_recorder]: Event publisher thread: Exiting
[INFO] [1785141541.211637096] [rosbag2_recorder]: Recording stopped
