[35m[1785138793.405436][m info     | [34mUDPv4AgentLinux.cpp[m | [37minit                    [m | [32mrunning...[m             | port: 8888
[35m[1785138793.405622][m info     | [34mRoot.cpp          [m | [37mset_verbose_level       [m | [32mlogger setup[m           | verbose_level: 4
[35m[1785138799.294448][m info     | [34mRoot.cpp          [m | [37mcreate_client           [m | [32mcreate[m                 | client_key: 0x00000001, session_id: 0x81
[35m[1785138799.294485][m info     | [34mSessionManager.hpp[m | [37mestablish_session       [m | [32msession established[m    | client_key: 0x00000001, address: 127.0.0.1:28084
[35m[1785138799.298190][m info     | [34mProxyClient.cpp   [m | [37mcreate_participant      [m | [32mparticipant created[m    | client_key: 0x00000001, participant_id: 0x001(1)
[35m[1785138799.298364][m info     | [34mProxyClient.cpp   [m | [37mcreate_topic            [m | [32mtopic created[m          | client_key: 0x00000001, topic_id: 0x800(2), participant_id: 0x001(1)
[35m[1785138799.298421][m info     | [34mProxyClient.cpp   [m | [37mcreate_subscriber       [m | [32msubscriber created[m     | client_key: 0x00000001, subscriber_id: 0x800(4), participant_id: 0x001(1)
[35m[1785138799.299689][m info     | [34mProxyClient.cpp   [m | [37mcreate_datareader       [m | [32mdatareader created[m     | client_key: 0x00000001, datareader_id: 0x800(6), subscriber_id: 0x800(4)
[35m[1785138799.299790][m info     | [34mProxyClient.cpp   [m | [37mcreate_topic            [m | [32mtopic created[m          | client_key: 0x00000001, topic_id: 0x801(2), participant_id: 0x001(1)
[35m[1785138799.299803][m info     | [34mProxyClient.cpp   [m | [37mcreate_subscriber       [m | [32msubscriber created[m     | client_key: 0x00000001, subscriber_id: 0x801(4), participant_id: 0x001(1)
[35m[1785138799.300053][m info     | [34mProxyClient.cpp   [m | [37mcreate_datareader       [m | [32mdatareader created[m     | client_key: 0x00000001, datareader_id: 0x801(6), subscriber_id: 0x801(4)
[35m[1785138799.300130][m info     | [34mProxyClient.cpp   [m | [37mcreate_topic            [m | [32mtopic created[m          | client_key: 0x00000001, topic_id: 0x802(2), participant_id: 0x001(1)
[35m[1785138799.300149][m info     | [34mProxyClient.cpp   [m | [37mcreate_subscriber       [m | [32msubscriber created[m     | client_key: 0x00000001, subscriber_id: 0x802(4), participant_id: 0x001(1)
[35m[1785138799.300380][m info     | [34mProxyClient.cpp   [m | [37mcreate_datareader       [m | [32mdatareader created[m     | client_key: 0x00000001, datareader_id: 0x802(6), subscriber_id: 0x802(4)
[35m[1785138799.300475][m info     | [34mProxyClient.cpp   [m | [37mcreate_topic            [m | [32mtopic created[m          | client_key: 0x00000001, topic_id: 0x803(2), participant_id: 0x001(1)
[35m[1785138799.300496][m info     | [34mProxyClient.cpp   [m | [37mcreate_subscriber       [m | [32msubscriber created[m     | client_key: 0x00000001, subscriber_id: 0x803(4), participant_id: 0x001(1)
[35m[1785138799.300714][m info     | [34mProxyClient.cpp   [m | [37mcreate_datareader       [m | [32mdatareader created[m     | client_key: 0x00000001, datareader_id: 0x803(6), subscriber_id: 0x803(4)
[35m[1785138799.300815][m info     | [34mProxyClient.cpp   [m | [37mcreate_topic            [m | [32mtopic created[m          | client_key: 0x00000001, topic_id: 0x804(2), participant_id: 0x001(1)
[35m[1785138799.300831][m info     | [34mProxyClient.cpp   [m | [37mcreate_subscriber       [m | [32msubscriber created[m     | client_key: 0x00000001, subscriber_id: 0x804(4), participant_id: 0x001(1)
[35m[1785138799.301058][m info     | [34mProxyClient.cpp   [m | [37mcreate_datareader       [m | [32mdatareader created[m     | client_key: 0x00000001, datareader_id: 0x804(6), subscriber_id: 0x804(4)
[35m[1785138799.301144][m info     | [34mProxyClient.cpp   [m | [37mcreate_topic            [m | [32mtopic created[m          | client_key: 0x00000001, topic_id: 0x805(2), participant_id: 0x001(1)
[35m[1785138799.301168][m info     | [34mProxyClient.cpp   [m | [37mcreate_subscriber       [m | [32msubscriber created[m     | client_key: 0x00000001, subscriber_id: 0x805(4), participant_id: 0x001(1)
[35m[1785138799.301384][m info     | [34mProxyClient.cpp   [m | [37mcreate_datareader       [m | [32mdatareader created[m     | client_key: 0x00000001, datareader_id: 0x805(6), subscriber_id: 0x805(4)
[35m[1785138799.301466][m info     | [34mProxyClient.cpp   [m | [37mcreate_topic            [m | [32mtopic created[m          | client_key: 0x00000001, topic_id: 0x806(2), participant_id: 0x001(1)
[35m[1785138799.301483][m info     | [34mProxyClient.cpp   [m | [37mcreate_subscriber       [m | [32msubscriber created[m     | client_key: 0x00000001, subscriber_id: 0x806(4), participant_id: 0x001(1)
[35m[1785138799.301690][m info     | [34mProxyClient.cpp   [m | [37mcreate_datareader       [m | [32mdatareader created[m     | client_key: 0x00000001, datareader_id: 0x806(6), subscriber_id: 0x806(4)
[35m[1785138799.301778][m info     | [34mProxyClient.cpp   [m | [37mcreate_topic            [m | [32mtopic created[m          | client_key: 0x00000001, topic_id: 0x807(2), participant_id: 0x001(1)
[35m[1785138799.301796][m info     | [34mProxyClient.cpp   [m | [37mcreate_subscriber       [m | [32msubscriber created[m     | client_key: 0x00000001, subscriber_id: 0x807(4), participant_id: 0x001(1)
[35m[1785138799.302013][m info     | [34mProxyClient.cpp   [m | [37mcreate_datareader       [m | [32mdatareader created[m     | client_key: 0x00000001, datareader_id: 0x807(6), subscriber_id: 0x807(4)
[35m[1785138799.302099][m info     | [34mProxyClient.cpp   [m | [37mcreate_topic            [m | [32mtopic created[m          | client_key: 0x00000001, topic_id: 0x808(2), participant_id: 0x001(1)
[35m[1785138799.302112][m info     | [34mProxyClient.cpp   [m | [37mcreate_subscriber       [m | [32msubscriber created[m     | client_key: 0x00000001, subscriber_id: 0x808(4), participant_id: 0x001(1)
[35m[1785138799.302316][m info     | [34mProxyClient.cpp   [m | [37mcreate_datareader       [m | [32mdatareader created[m     | client_key: 0x00000001, datareader_id: 0x808(6), subscriber_id: 0x808(4)
[35m[1785138799.302409][m info     | [34mProxyClient.cpp   [m | [37mcreate_topic            [m | [32mtopic created[m          | client_key: 0x00000001, topic_id: 0x809(2), participant_id: 0x001(1)
[35m[1785138799.302422][m info     | [34mProxyClient.cpp   [m | [37mcreate_subscriber       [m | [32msubscriber created[m     | client_key: 0x00000001, subscriber_id: 0x809(4), participant_id: 0x001(1)
[35m[1785138799.302624][m info     | [34mProxyClient.cpp   [m | [37mcreate_datareader       [m | [32mdatareader created[m     | client_key: 0x00000001, datareader_id: 0x809(6), subscriber_id: 0x809(4)
[35m[1785138799.302698][m info     | [34mProxyClient.cpp   [m | [37mcreate_topic            [m | [32mtopic created[m          | client_key: 0x00000001, topic_id: 0x80A(2), participant_id: 0x001(1)
[35m[1785138799.302714][m info     | [34mProxyClient.cpp   [m | [37mcreate_subscriber       [m | [32msubscriber created[m     | client_key: 0x00000001, subscriber_id: 0x80A(4), participant_id: 0x001(1)
[35m[1785138799.302935][m info     | [34mProxyClient.cpp   [m | [37mcreate_datareader       [m | [32mdatareader created[m     | client_key: 0x00000001, datareader_id: 0x80A(6), subscriber_id: 0x80A(4)
[35m[1785138799.303025][m info     | [34mProxyClient.cpp   [m | [37mcreate_topic            [m | [32mtopic created[m          | client_key: 0x00000001, topic_id: 0x80B(2), participant_id: 0x001(1)
[35m[1785138799.303043][m info     | [34mProxyClient.cpp   [m | [37mcreate_subscriber       [m | [32msubscriber created[m     | client_key: 0x00000001, subscriber_id: 0x80B(4), participant_id: 0x001(1)
[35m[1785138799.303241][m info     | [34mProxyClient.cpp   [m | [37mcreate_datareader       [m | [32mdatareader created[m     | client_key: 0x00000001, datareader_id: 0x80B(6), subscriber_id: 0x80B(4)
[35m[1785138799.303331][m info     | [34mProxyClient.cpp   [m | [37mcreate_topic            [m | [32mtopic created[m          | client_key: 0x00000001, topic_id: 0x80C(2), participant_id: 0x001(1)
[35m[1785138799.303343][m info     | [34mProxyClient.cpp   [m | [37mcreate_subscriber       [m | [32msubscriber created[m     | client_key: 0x00000001, subscriber_id: 0x80C(4), participant_id: 0x001(1)
[35m[1785138799.303540][m info     | [34mProxyClient.cpp   [m | [37mcreate_datareader       [m | [32mdatareader created[m     | client_key: 0x00000001, datareader_id: 0x80C(6), subscriber_id: 0x80C(4)
[35m[1785138799.303615][m info     | [34mProxyClient.cpp   [m | [37mcreate_topic            [m | [32mtopic created[m          | client_key: 0x00000001, topic_id: 0x80D(2), participant_id: 0x001(1)
[35m[1785138799.303626][m info     | [34mProxyClient.cpp   [m | [37mcreate_subscriber       [m | [32msubscriber created[m     | client_key: 0x00000001, subscriber_id: 0x80D(4), participant_id: 0x001(1)
[35m[1785138799.303831][m info     | [34mProxyClient.cpp   [m | [37mcreate_datareader       [m | [32mdatareader created[m     | client_key: 0x00000001, datareader_id: 0x80D(6), subscriber_id: 0x80D(4)
[35m[1785138799.303905][m info     | [34mProxyClient.cpp   [m | [37mcreate_topic            [m | [32mtopic created[m          | client_key: 0x00000001, topic_id: 0x80E(2), participant_id: 0x001(1)
[35m[1785138799.303919][m info     | [34mProxyClient.cpp   [m | [37mcreate_subscriber       [m | [32msubscriber created[m     | client_key: 0x00000001, subscriber_id: 0x80E(4), participant_id: 0x001(1)
[35m[1785138799.304111][m info     | [34mProxyClient.cpp   [m | [37mcreate_datareader       [m | [32mdatareader created[m     | client_key: 0x00000001, datareader_id: 0x80E(6), subscriber_id: 0x80E(4)
[35m[1785138799.304196][m info     | [34mProxyClient.cpp   [m | [37mcreate_topic            [m | [32mtopic created[m          | client_key: 0x00000001, topic_id: 0x80F(2), participant_id: 0x001(1)
[35m[1785138799.304214][m info     | [34mProxyClient.cpp   [m | [37mcreate_subscriber       [m | [32msubscriber created[m     | client_key: 0x00000001, subscriber_id: 0x80F(4), participant_id: 0x001(1)
[35m[1785138799.304400][m info     | [34mProxyClient.cpp   [m | [37mcreate_datareader       [m | [32mdatareader created[m     | client_key: 0x00000001, datareader_id: 0x80F(6), subscriber_id: 0x80F(4)
[35m[1785138799.304474][m info     | [34mProxyClient.cpp   [m | [37mcreate_topic            [m | [32mtopic created[m          | client_key: 0x00000001, topic_id: 0x810(2), participant_id: 0x001(1)
[35m[1785138799.304489][m info     | [34mProxyClient.cpp   [m | [37mcreate_subscriber       [m | [32msubscriber created[m     | client_key: 0x00000001, subscriber_id: 0x810(4), participant_id: 0x001(1)
[35m[1785138799.304674][m info     | [34mProxyClient.cpp   [m | [37mcreate_datareader       [m | [32mdatareader created[m     | client_key: 0x00000001, datareader_id: 0x810(6), subscriber_id: 0x810(4)
[35m[1785138799.304742][m info     | [34mProxyClient.cpp   [m | [37mcreate_topic            [m | [32mtopic created[m          | client_key: 0x00000001, topic_id: 0x811(2), participant_id: 0x001(1)
[35m[1785138799.304752][m info     | [34mProxyClient.cpp   [m | [37mcreate_subscriber       [m | [32msubscriber created[m     | client_key: 0x00000001, subscriber_id: 0x811(4), participant_id: 0x001(1)
[35m[1785138799.304941][m info     | [34mProxyClient.cpp   [m | [37mcreate_datareader       [m | [32mdatareader created[m     | client_key: 0x00000001, datareader_id: 0x811(6), subscriber_id: 0x811(4)
[35m[1785138799.305005][m info     | [34mProxyClient.cpp   [m | [37mcreate_topic            [m | [32mtopic created[m          | client_key: 0x00000001, topic_id: 0x812(2), participant_id: 0x001(1)
[35m[1785138799.305020][m info     | [34mProxyClient.cpp   [m | [37mcreate_subscriber       [m | [32msubscriber created[m     | client_key: 0x00000001, subscriber_id: 0x812(4), participant_id: 0x001(1)
[35m[1785138799.305267][m info     | [34mProxyClient.cpp   [m | [37mcreate_datareader       [m | [32mdatareader created[m     | client_key: 0x00000001, datareader_id: 0x812(6), subscriber_id: 0x812(4)
[35m[1785138799.305342][m info     | [34mProxyClient.cpp   [m | [37mcreate_topic            [m | [32mtopic created[m          | client_key: 0x00000001, topic_id: 0x813(2), participant_id: 0x001(1)
[35m[1785138799.305357][m info     | [34mProxyClient.cpp   [m | [37mcreate_subscriber       [m | [32msubscriber created[m     | client_key: 0x00000001, subscriber_id: 0x813(4), participant_id: 0x001(1)
[35m[1785138799.305544][m info     | [34mProxyClient.cpp   [m | [37mcreate_datareader       [m | [32mdatareader created[m     | client_key: 0x00000001, datareader_id: 0x813(6), subscriber_id: 0x813(4)
[35m[1785138799.305627][m info     | [34mProxyClient.cpp   [m | [37mcreate_topic            [m | [32mtopic created[m          | client_key: 0x00000001, topic_id: 0x814(2), participant_id: 0x001(1)
[35m[1785138799.305642][m info     | [34mProxyClient.cpp   [m | [37mcreate_subscriber       [m | [32msubscriber created[m     | client_key: 0x00000001, subscriber_id: 0x814(4), participant_id: 0x001(1)
[35m[1785138799.305827][m info     | [34mProxyClient.cpp   [m | [37mcreate_datareader       [m | [32mdatareader created[m     | client_key: 0x00000001, datareader_id: 0x814(6), subscriber_id: 0x814(4)
[35m[1785138799.305909][m info     | [34mProxyClient.cpp   [m | [37mcreate_topic            [m | [32mtopic created[m          | client_key: 0x00000001, topic_id: 0x815(2), participant_id: 0x001(1)
[35m[1785138799.305919][m info     | [34mProxyClient.cpp   [m | [37mcreate_subscriber       [m | [32msubscriber created[m     | client_key: 0x00000001, subscriber_id: 0x815(4), participant_id: 0x001(1)
[35m[1785138799.306107][m info     | [34mProxyClient.cpp   [m | [37mcreate_datareader       [m | [32mdatareader created[m     | client_key: 0x00000001, datareader_id: 0x815(6), subscriber_id: 0x815(4)
[35m[1785138799.306176][m info     | [34mProxyClient.cpp   [m | [37mcreate_topic            [m | [32mtopic created[m          | client_key: 0x00000001, topic_id: 0x816(2), participant_id: 0x001(1)
[35m[1785138799.306194][m info     | [34mProxyClient.cpp   [m | [37mcreate_subscriber       [m | [32msubscriber created[m     | client_key: 0x00000001, subscriber_id: 0x816(4), participant_id: 0x001(1)
[35m[1785138799.306379][m info     | [34mProxyClient.cpp   [m | [37mcreate_datareader       [m | [32mdatareader created[m     | client_key: 0x00000001, datareader_id: 0x816(6), subscriber_id: 0x816(4)
[35m[1785138799.306448][m info     | [34mProxyClient.cpp   [m | [37mcreate_topic            [m | [32mtopic created[m          | client_key: 0x00000001, topic_id: 0x817(2), participant_id: 0x001(1)
[35m[1785138799.306458][m info     | [34mProxyClient.cpp   [m | [37mcreate_subscriber       [m | [32msubscriber created[m     | client_key: 0x00000001, subscriber_id: 0x817(4), participant_id: 0x001(1)
[35m[1785138799.306652][m info     | [34mProxyClient.cpp   [m | [37mcreate_datareader       [m | [32mdatareader created[m     | client_key: 0x00000001, datareader_id: 0x817(6), subscriber_id: 0x817(4)
[35m[1785138799.306728][m info     | [34mProxyClient.cpp   [m | [37mcreate_topic            [m | [32mtopic created[m          | client_key: 0x00000001, topic_id: 0x818(2), participant_id: 0x001(1)
[35m[1785138799.306739][m info     | [34mProxyClient.cpp   [m | [37mcreate_subscriber       [m | [32msubscriber created[m     | client_key: 0x00000001, subscriber_id: 0x818(4), participant_id: 0x001(1)
[35m[1785138799.306929][m info     | [34mProxyClient.cpp   [m | [37mcreate_datareader       [m | [32mdatareader created[m     | client_key: 0x00000001, datareader_id: 0x818(6), subscriber_id: 0x818(4)
[35m[1785138799.307015][m info     | [34mProxyClient.cpp   [m | [37mcreate_topic            [m | [32mtopic created[m          | client_key: 0x00000001, topic_id: 0x819(2), participant_id: 0x001(1)
[35m[1785138799.307027][m info     | [34mProxyClient.cpp   [m | [37mcreate_subscriber       [m | [32msubscriber created[m     | client_key: 0x00000001, subscriber_id: 0x819(4), participant_id: 0x001(1)
[35m[1785138799.307249][m info     | [34mProxyClient.cpp   [m | [37mcreate_datareader       [m | [32mdatareader created[m     | client_key: 0x00000001, datareader_id: 0x819(6), subscriber_id: 0x819(4)
[35m[1785138799.307327][m info     | [34mProxyClient.cpp   [m | [37mcreate_topic            [m | [32mtopic created[m          | client_key: 0x00000001, topic_id: 0x81A(2), participant_id: 0x001(1)
[35m[1785138799.307340][m info     | [34mProxyClient.cpp   [m | [37mcreate_subscriber       [m | [32msubscriber created[m     | client_key: 0x00000001, subscriber_id: 0x81A(4), participant_id: 0x001(1)
[35m[1785138799.307542][m info     | [34mProxyClient.cpp   [m | [37mcreate_datareader       [m | [32mdatareader created[m     | client_key: 0x00000001, datareader_id: 0x81A(6), subscriber_id: 0x81A(4)
[35m[1785138799.307616][m info     | [34mProxyClient.cpp   [m | [37mcreate_topic            [m | [32mtopic created[m          | client_key: 0x00000001, topic_id: 0x81B(2), participant_id: 0x001(1)
[35m[1785138799.307627][m info     | [34mProxyClient.cpp   [m | [37mcreate_subscriber       [m | [32msubscriber created[m     | client_key: 0x00000001, subscriber_id: 0x81B(4), participant_id: 0x001(1)
[35m[1785138799.307827][m info     | [34mProxyClient.cpp   [m | [37mcreate_datareader       [m | [32mdatareader created[m     | client_key: 0x00000001, datareader_id: 0x81B(6), subscriber_id: 0x81B(4)
[35m[1785138799.307901][m info     | [34mProxyClient.cpp   [m | [37mcreate_topic            [m | [32mtopic created[m          | client_key: 0x00000001, topic_id: 0x81C(2), participant_id: 0x001(1)
[35m[1785138799.307912][m info     | [34mProxyClient.cpp   [m | [37mcreate_subscriber       [m | [32msubscriber created[m     | client_key: 0x00000001, subscriber_id: 0x81C(4), participant_id: 0x001(1)
[35m[1785138799.308121][m info     | [34mProxyClient.cpp   [m | [37mcreate_datareader       [m | [32mdatareader created[m     | client_key: 0x00000001, datareader_id: 0x81C(6), subscriber_id: 0x81C(4)
[35m[1785138799.308966][m info     | [34mProxyClient.cpp   [m | [37mcreate_replier          [m | [32mreplier created[m        | client_key: 0x00000001, requester_id: 0x800(7), participant_id: 0x001(1)
[35m[1785138805.296303][m info     | [34mProxyClient.cpp   [m | [37mcreate_topic            [m | [32mtopic created[m          | client_key: 0x00000001, topic_id: 0x013(2), participant_id: 0x001(1)
[35m[1785138805.296369][m info     | [34mProxyClient.cpp   [m | [37mcreate_publisher        [m | [32mpublisher created[m      | client_key: 0x00000001, publisher_id: 0x013(3), participant_id: 0x001(1)
[35m[1785138805.296638][m info     | [34mProxyClient.cpp   [m | [37mcreate_datawriter       [m | [32mdatawriter created[m     | client_key: 0x00000001, datawriter_id: 0x013(5), publisher_id: 0x013(3)
[35m[1785138805.296744][m info     | [34mProxyClient.cpp   [m | [37mcreate_topic            [m | [32mtopic created[m          | client_key: 0x00000001, topic_id: 0x057(2), participant_id: 0x001(1)
[35m[1785138805.296754][m info     | [34mProxyClient.cpp   [m | [37mcreate_publisher        [m | [32mpublisher created[m      | client_key: 0x00000001, publisher_id: 0x057(3), participant_id: 0x001(1)
[35m[1785138805.296895][m info     | [34mProxyClient.cpp   [m | [37mcreate_datawriter       [m | [32mdatawriter created[m     | client_key: 0x00000001, datawriter_id: 0x057(5), publisher_id: 0x057(3)
[35m[1785138805.296950][m info     | [34mProxyClient.cpp   [m | [37mcreate_topic            [m | [32mtopic created[m          | client_key: 0x00000001, topic_id: 0x05D(2), participant_id: 0x001(1)
[35m[1785138805.296973][m info     | [34mProxyClient.cpp   [m | [37mcreate_publisher        [m | [32mpublisher created[m      | client_key: 0x00000001, publisher_id: 0x05D(3), participant_id: 0x001(1)
[35m[1785138805.297111][m info     | [34mProxyClient.cpp   [m | [37mcreate_datawriter       [m | [32mdatawriter created[m     | client_key: 0x00000001, datawriter_id: 0x05D(5), publisher_id: 0x05D(3)
[35m[1785138805.297165][m info     | [34mProxyClient.cpp   [m | [37mcreate_topic            [m | [32mtopic created[m          | client_key: 0x00000001, topic_id: 0x08D(2), participant_id: 0x001(1)
[35m[1785138805.297177][m info     | [34mProxyClient.cpp   [m | [37mcreate_publisher        [m | [32mpublisher created[m      | client_key: 0x00000001, publisher_id: 0x08D(3), participant_id: 0x001(1)
[35m[1785138805.297322][m info     | [34mProxyClient.cpp   [m | [37mcreate_datawriter       [m | [32mdatawriter created[m     | client_key: 0x00000001, datawriter_id: 0x08D(5), publisher_id: 0x08D(3)
[35m[1785138805.297374][m info     | [34mProxyClient.cpp   [m | [37mcreate_topic            [m | [32mtopic created[m          | client_key: 0x00000001, topic_id: 0x0B4(2), participant_id: 0x001(1)
[35m[1785138805.297390][m info     | [34mProxyClient.cpp   [m | [37mcreate_publisher        [m | [32mpublisher created[m      | client_key: 0x00000001, publisher_id: 0x0B4(3), participant_id: 0x001(1)
[35m[1785138805.297528][m info     | [34mProxyClient.cpp   [m | [37mcreate_datawriter       [m | [32mdatawriter created[m     | client_key: 0x00000001, datawriter_id: 0x0B4(5), publisher_id: 0x0B4(3)
[35m[1785138805.297578][m info     | [34mProxyClient.cpp   [m | [37mcreate_topic            [m | [32mtopic created[m          | client_key: 0x00000001, topic_id: 0x0CB(2), participant_id: 0x001(1)
[35m[1785138805.297587][m info     | [34mProxyClient.cpp   [m | [37mcreate_publisher        [m | [32mpublisher created[m      | client_key: 0x00000001, publisher_id: 0x0CB(3), participant_id: 0x001(1)
[35m[1785138805.297727][m info     | [34mProxyClient.cpp   [m | [37mcreate_datawriter       [m | [32mdatawriter created[m     | client_key: 0x00000001, datawriter_id: 0x0CB(5), publisher_id: 0x0CB(3)
[35m[1785138805.297772][m info     | [34mProxyClient.cpp   [m | [37mcreate_topic            [m | [32mtopic created[m          | client_key: 0x00000001, topic_id: 0x0E2(2), participant_id: 0x001(1)
[35m[1785138805.297788][m info     | [34mProxyClient.cpp   [m | [37mcreate_publisher        [m | [32mpublisher created[m      | client_key: 0x00000001, publisher_id: 0x0E2(3), participant_id: 0x001(1)
[35m[1785138805.297923][m info     | [34mProxyClient.cpp   [m | [37mcreate_datawriter       [m | [32mdatawriter created[m     | client_key: 0x00000001, datawriter_id: 0x0E2(5), publisher_id: 0x0E2(3)
[35m[1785138805.297971][m info     | [34mProxyClient.cpp   [m | [37mcreate_topic            [m | [32mtopic created[m          | client_key: 0x00000001, topic_id: 0x0F2(2), participant_id: 0x001(1)
[35m[1785138805.297980][m info     | [34mProxyClient.cpp   [m | [37mcreate_publisher        [m | [32mpublisher created[m      | client_key: 0x00000001, publisher_id: 0x0F2(3), participant_id: 0x001(1)
[35m[1785138805.298123][m info     | [34mProxyClient.cpp   [m | [37mcreate_datawriter       [m | [32mdatawriter created[m     | client_key: 0x00000001, datawriter_id: 0x0F2(5), publisher_id: 0x0F2(3)
[35m[1785138805.298184][m info     | [34mProxyClient.cpp   [m | [37mcreate_topic            [m | [32mtopic created[m          | client_key: 0x00000001, topic_id: 0x0F9(2), participant_id: 0x001(1)
[35m[1785138805.298203][m info     | [34mProxyClient.cpp   [m | [37mcreate_publisher        [m | [32mpublisher created[m      | client_key: 0x00000001, publisher_id: 0x0F9(3), participant_id: 0x001(1)
[35m[1785138805.298350][m info     | [34mProxyClient.cpp   [m | [37mcreate_datawriter       [m | [32mdatawriter created[m     | client_key: 0x00000001, datawriter_id: 0x0F9(5), publisher_id: 0x0F9(3)
[35m[1785138805.298402][m info     | [34mProxyClient.cpp   [m | [37mcreate_topic            [m | [32mtopic created[m          | client_key: 0x00000001, topic_id: 0x0FA(2), participant_id: 0x001(1)
[35m[1785138805.298411][m info     | [34mProxyClient.cpp   [m | [37mcreate_publisher        [m | [32mpublisher created[m      | client_key: 0x00000001, publisher_id: 0x0FA(3), participant_id: 0x001(1)
[35m[1785138805.298554][m info     | [34mProxyClient.cpp   [m | [37mcreate_datawriter       [m | [32mdatawriter created[m     | client_key: 0x00000001, datawriter_id: 0x0FA(5), publisher_id: 0x0FA(3)
[35m[1785138805.298606][m info     | [34mProxyClient.cpp   [m | [37mcreate_topic            [m | [32mtopic created[m          | client_key: 0x00000001, topic_id: 0x0FC(2), participant_id: 0x001(1)
[35m[1785138805.298621][m info     | [34mProxyClient.cpp   [m | [37mcreate_publisher        [m | [32mpublisher created[m      | client_key: 0x00000001, publisher_id: 0x0FC(3), participant_id: 0x001(1)
[35m[1785138805.298761][m info     | [34mProxyClient.cpp   [m | [37mcreate_datawriter       [m | [32mdatawriter created[m     | client_key: 0x00000001, datawriter_id: 0x0FC(5), publisher_id: 0x0FC(3)
[35m[1785138805.298814][m info     | [34mProxyClient.cpp   [m | [37mcreate_topic            [m | [32mtopic created[m          | client_key: 0x00000001, topic_id: 0x100(2), participant_id: 0x001(1)
[35m[1785138805.298824][m info     | [34mProxyClient.cpp   [m | [37mcreate_publisher        [m | [32mpublisher created[m      | client_key: 0x00000001, publisher_id: 0x100(3), participant_id: 0x001(1)
[35m[1785138805.298966][m info     | [34mProxyClient.cpp   [m | [37mcreate_datawriter       [m | [32mdatawriter created[m     | client_key: 0x00000001, datawriter_id: 0x100(5), publisher_id: 0x100(3)
[35m[1785138805.299010][m info     | [34mProxyClient.cpp   [m | [37mcreate_topic            [m | [32mtopic created[m          | client_key: 0x00000001, topic_id: 0x105(2), participant_id: 0x001(1)
[35m[1785138805.299026][m info     | [34mProxyClient.cpp   [m | [37mcreate_publisher        [m | [32mpublisher created[m      | client_key: 0x00000001, publisher_id: 0x105(3), participant_id: 0x001(1)
[35m[1785138805.299181][m info     | [34mProxyClient.cpp   [m | [37mcreate_datawriter       [m | [32mdatawriter created[m     | client_key: 0x00000001, datawriter_id: 0x105(5), publisher_id: 0x105(3)
[35m[1785138805.299229][m info     | [34mProxyClient.cpp   [m | [37mcreate_topic            [m | [32mtopic created[m          | client_key: 0x00000001, topic_id: 0x10A(2), participant_id: 0x001(1)
[35m[1785138805.299244][m info     | [34mProxyClient.cpp   [m | [37mcreate_publisher        [m | [32mpublisher created[m      | client_key: 0x00000001, publisher_id: 0x10A(3), participant_id: 0x001(1)
[35m[1785138805.299386][m info     | [34mProxyClient.cpp   [m | [37mcreate_datawriter       [m | [32mdatawriter created[m     | client_key: 0x00000001, datawriter_id: 0x10A(5), publisher_id: 0x10A(3)
[35m[1785138816.873336][m info     | [34mProxyClient.cpp   [m | [37mcreate_topic            [m | [32mtopic created[m          | client_key: 0x00000001, topic_id: 0x0F6(2), participant_id: 0x001(1)
[35m[1785138816.873412][m info     | [34mProxyClient.cpp   [m | [37mcreate_publisher        [m | [32mpublisher created[m      | client_key: 0x00000001, publisher_id: 0x0F6(3), participant_id: 0x001(1)
[35m[1785138816.873641][m info     | [34mProxyClient.cpp   [m | [37mcreate_datawriter       [m | [32mdatawriter created[m     | client_key: 0x00000001, datawriter_id: 0x0F6(5), publisher_id: 0x0F6(3)
