/clock
/parameter_events
/performance_metrics
/px4_1/fmu/in/actuator_motors
/px4_1/fmu/in/actuator_servos
/px4_1/fmu/in/arming_check_reply
/px4_1/fmu/in/aux_global_position
/px4_1/fmu/in/config_control_setpoints
/px4_1/fmu/in/config_overrides_request
/px4_1/fmu/in/differential_drive_setpoint
/px4_1/fmu/in/goto_setpoint
/px4_1/fmu/in/manual_control_input
/px4_1/fmu/in/message_format_request
/px4_1/fmu/in/mode_completed
/px4_1/fmu/in/obstacle_distance
/px4_1/fmu/in/offboard_control_mode
/px4_1/fmu/in/onboard_computer_status
/px4_1/fmu/in/register_ext_component_request
/px4_1/fmu/in/sensor_optical_flow
/px4_1/fmu/in/telemetry_status
/px4_1/fmu/in/trajectory_setpoint
/px4_1/fmu/in/unregister_ext_component
/px4_1/fmu/in/vehicle_attitude_setpoint
/px4_1/fmu/in/vehicle_command
/px4_1/fmu/in/vehicle_command_mode_executor
/px4_1/fmu/in/vehicle_mocap_odometry
/px4_1/fmu/in/vehicle_rates_setpoint
/px4_1/fmu/in/vehicle_thrust_setpoint
/px4_1/fmu/in/vehicle_torque_setpoint
/px4_1/fmu/in/vehicle_trajectory_bezier
/px4_1/fmu/in/vehicle_trajectory_waypoint
/px4_1/fmu/in/vehicle_visual_odometry
/px4_1/fmu/out/battery_status
/px4_1/fmu/out/estimator_status_flags
/px4_1/fmu/out/failsafe_flags
/px4_1/fmu/out/manual_control_setpoint
/px4_1/fmu/out/position_setpoint_triplet
/px4_1/fmu/out/sensor_combined
/px4_1/fmu/out/timesync_status
/px4_1/fmu/out/vehicle_attitude
/px4_1/fmu/out/vehicle_command_ack
/px4_1/fmu/out/vehicle_control_mode
/px4_1/fmu/out/vehicle_global_position
/px4_1/fmu/out/vehicle_gps_position
/px4_1/fmu/out/vehicle_local_position
/px4_1/fmu/out/vehicle_odometry
/px4_1/fmu/out/vehicle_status
/px4_10/fmu/in/actuator_motors
/px4_10/fmu/in/actuator_servos
/px4_10/fmu/in/arming_check_reply
/px4_10/fmu/in/aux_global_position
/px4_10/fmu/in/config_control_setpoints
/px4_10/fmu/in/config_overrides_request
/px4_10/fmu/in/differential_drive_setpoint
/px4_10/fmu/in/goto_setpoint
/px4_10/fmu/in/manual_control_input
/px4_10/fmu/in/message_format_request
/px4_10/fmu/in/mode_completed
/px4_10/fmu/in/obstacle_distance
/px4_10/fmu/in/offboard_control_mode
/px4_10/fmu/in/onboard_computer_status
/px4_10/fmu/in/register_ext_component_request
/px4_10/fmu/in/sensor_optical_flow
/px4_10/fmu/in/telemetry_status
/px4_10/fmu/in/trajectory_setpoint
/px4_10/fmu/in/unregister_ext_component
/px4_10/fmu/in/vehicle_attitude_setpoint
/px4_10/fmu/in/vehicle_command
/px4_10/fmu/in/vehicle_command_mode_executor
/px4_10/fmu/in/vehicle_mocap_odometry
/px4_10/fmu/in/vehicle_rates_setpoint
/px4_10/fmu/in/vehicle_thrust_setpoint
/px4_10/fmu/in/vehicle_torque_setpoint
/px4_10/fmu/in/vehicle_trajectory_bezier
/px4_10/fmu/in/vehicle_trajectory_waypoint
/px4_10/fmu/in/vehicle_visual_odometry
/px4_10/fmu/out/battery_status
/px4_10/fmu/out/estimator_status_flags
/px4_10/fmu/out/failsafe_flags
/px4_10/fmu/out/manual_control_setpoint
/px4_10/fmu/out/position_setpoint_triplet
/px4_10/fmu/out/sensor_combined
/px4_10/fmu/out/timesync_status
/px4_10/fmu/out/vehicle_attitude
/px4_10/fmu/out/vehicle_command_ack
/px4_10/fmu/out/vehicle_control_mode
/px4_10/fmu/out/vehicle_global_position
/px4_10/fmu/out/vehicle_gps_position
/px4_10/fmu/out/vehicle_local_position
/px4_10/fmu/out/vehicle_odometry
/px4_10/fmu/out/vehicle_status
/px4_11/fmu/in/actuator_motors
/px4_11/fmu/in/actuator_servos
/px4_11/fmu/in/arming_check_reply
/px4_11/fmu/in/aux_global_position
/px4_11/fmu/in/config_control_setpoints
/px4_11/fmu/in/config_overrides_request
/px4_11/fmu/in/differential_drive_setpoint
/px4_11/fmu/in/goto_setpoint
/px4_11/fmu/in/manual_control_input
/px4_11/fmu/in/message_format_request
/px4_11/fmu/in/mode_completed
/px4_11/fmu/in/obstacle_distance
/px4_11/fmu/in/offboard_control_mode
/px4_11/fmu/in/onboard_computer_status
/px4_11/fmu/in/register_ext_component_request
/px4_11/fmu/in/sensor_optical_flow
/px4_11/fmu/in/telemetry_status
/px4_11/fmu/in/trajectory_setpoint
/px4_11/fmu/in/unregister_ext_component
/px4_11/fmu/in/vehicle_attitude_setpoint
/px4_11/fmu/in/vehicle_command
/px4_11/fmu/in/vehicle_command_mode_executor
/px4_11/fmu/in/vehicle_mocap_odometry
/px4_11/fmu/in/vehicle_rates_setpoint
/px4_11/fmu/in/vehicle_thrust_setpoint
/px4_11/fmu/in/vehicle_torque_setpoint
/px4_11/fmu/in/vehicle_trajectory_bezier
/px4_11/fmu/in/vehicle_trajectory_waypoint
/px4_11/fmu/in/vehicle_visual_odometry
/px4_11/fmu/out/battery_status
/px4_11/fmu/out/estimator_status_flags
/px4_11/fmu/out/failsafe_flags
/px4_11/fmu/out/manual_control_setpoint
/px4_11/fmu/out/position_setpoint_triplet
/px4_11/fmu/out/sensor_combined
/px4_11/fmu/out/timesync_status
/px4_11/fmu/out/vehicle_attitude
/px4_11/fmu/out/vehicle_control_mode
/px4_11/fmu/out/vehicle_global_position
/px4_11/fmu/out/vehicle_gps_position
/px4_11/fmu/out/vehicle_local_position
/px4_11/fmu/out/vehicle_odometry
/px4_11/fmu/out/vehicle_status
/px4_12/fmu/in/arming_check_reply
/px4_12/fmu/in/config_overrides_request
/px4_12/fmu/in/offboard_control_mode
/px4_12/fmu/in/register_ext_component_request
/px4_12/fmu/in/trajectory_setpoint
/px4_12/fmu/in/unregister_ext_component
/px4_12/fmu/in/vehicle_command
/px4_12/fmu/out/battery_status
/px4_12/fmu/out/estimator_status_flags
/px4_12/fmu/out/failsafe_flags
/px4_12/fmu/out/manual_control_setpoint
/px4_12/fmu/out/position_setpoint_triplet
/px4_12/fmu/out/vehicle_odometry
/px4_13/fmu/in/actuator_motors
/px4_13/fmu/in/actuator_servos
/px4_13/fmu/in/arming_check_reply
/px4_13/fmu/in/aux_global_position
/px4_13/fmu/in/config_control_setpoints
/px4_13/fmu/in/config_overrides_request
/px4_13/fmu/in/differential_drive_setpoint
/px4_13/fmu/in/goto_setpoint
/px4_13/fmu/in/manual_control_input
/px4_13/fmu/in/message_format_request
/px4_13/fmu/in/mode_completed
/px4_13/fmu/in/obstacle_distance
/px4_13/fmu/in/offboard_control_mode
/px4_13/fmu/in/onboard_computer_status
/px4_13/fmu/in/register_ext_component_request
/px4_13/fmu/in/sensor_optical_flow
/px4_13/fmu/in/telemetry_status
/px4_13/fmu/in/trajectory_setpoint
/px4_13/fmu/in/unregister_ext_component
/px4_13/fmu/in/vehicle_attitude_setpoint
/px4_13/fmu/in/vehicle_command
/px4_13/fmu/in/vehicle_command_mode_executor
/px4_13/fmu/in/vehicle_mocap_odometry
/px4_13/fmu/in/vehicle_rates_setpoint
/px4_13/fmu/in/vehicle_thrust_setpoint
/px4_13/fmu/in/vehicle_torque_setpoint
/px4_13/fmu/in/vehicle_trajectory_bezier
/px4_13/fmu/in/vehicle_trajectory_waypoint
/px4_13/fmu/in/vehicle_visual_odometry
/px4_13/fmu/out/vehicle_odometry
/px4_14/fmu/in/actuator_motors
/px4_14/fmu/in/actuator_servos
/px4_14/fmu/in/arming_check_reply
/px4_14/fmu/in/aux_global_position
/px4_14/fmu/in/config_control_setpoints
/px4_14/fmu/in/config_overrides_request
/px4_14/fmu/in/differential_drive_setpoint
/px4_14/fmu/in/goto_setpoint
/px4_14/fmu/in/manual_control_input
/px4_14/fmu/in/message_format_request
/px4_14/fmu/in/mode_completed
/px4_14/fmu/in/obstacle_distance
/px4_14/fmu/in/offboard_control_mode
/px4_14/fmu/in/onboard_computer_status
/px4_14/fmu/in/register_ext_component_request
/px4_14/fmu/in/sensor_optical_flow
/px4_14/fmu/in/telemetry_status
/px4_14/fmu/in/trajectory_setpoint
/px4_14/fmu/in/unregister_ext_component
/px4_14/fmu/in/vehicle_attitude_setpoint
/px4_14/fmu/in/vehicle_command
/px4_14/fmu/in/vehicle_command_mode_executor
/px4_14/fmu/in/vehicle_mocap_odometry
/px4_14/fmu/in/vehicle_rates_setpoint
/px4_14/fmu/in/vehicle_thrust_setpoint
/px4_14/fmu/in/vehicle_torque_setpoint
/px4_14/fmu/in/vehicle_trajectory_bezier
/px4_14/fmu/in/vehicle_trajectory_waypoint
/px4_14/fmu/in/vehicle_visual_odometry
/px4_14/fmu/out/battery_status
/px4_14/fmu/out/estimator_status_flags
/px4_14/fmu/out/failsafe_flags
/px4_14/fmu/out/manual_control_setpoint
/px4_14/fmu/out/position_setpoint_triplet
/px4_14/fmu/out/vehicle_odometry
/px4_14/fmu/out/vehicle_status
/px4_15/fmu/in/actuator_motors
/px4_15/fmu/in/actuator_servos
/px4_15/fmu/in/arming_check_reply
/px4_15/fmu/in/aux_global_position
/px4_15/fmu/in/config_control_setpoints
/px4_15/fmu/in/config_overrides_request
/px4_15/fmu/in/differential_drive_setpoint
/px4_15/fmu/in/goto_setpoint
/px4_15/fmu/in/manual_control_input
/px4_15/fmu/in/message_format_request
/px4_15/fmu/in/mode_completed
/px4_15/fmu/in/obstacle_distance
/px4_15/fmu/in/offboard_control_mode
/px4_15/fmu/in/onboard_computer_status
/px4_15/fmu/in/register_ext_component_request
/px4_15/fmu/in/sensor_optical_flow
/px4_15/fmu/in/telemetry_status
/px4_15/fmu/in/trajectory_setpoint
/px4_15/fmu/in/unregister_ext_component
/px4_15/fmu/in/vehicle_attitude_setpoint
/px4_15/fmu/in/vehicle_command
/px4_15/fmu/in/vehicle_command_mode_executor
/px4_15/fmu/in/vehicle_mocap_odometry
/px4_15/fmu/in/vehicle_rates_setpoint
/px4_15/fmu/in/vehicle_thrust_setpoint
/px4_15/fmu/in/vehicle_torque_setpoint
/px4_15/fmu/in/vehicle_trajectory_bezier
/px4_15/fmu/in/vehicle_trajectory_waypoint
/px4_15/fmu/in/vehicle_visual_odometry
/px4_15/fmu/out/battery_status
/px4_15/fmu/out/estimator_status_flags
/px4_15/fmu/out/failsafe_flags
/px4_15/fmu/out/manual_control_setpoint
/px4_15/fmu/out/position_setpoint_triplet
/px4_15/fmu/out/sensor_combined
/px4_15/fmu/out/timesync_status
/px4_15/fmu/out/vehicle_attitude
/px4_15/fmu/out/vehicle_control_mode
/px4_15/fmu/out/vehicle_global_position
/px4_15/fmu/out/vehicle_gps_position
/px4_15/fmu/out/vehicle_local_position
/px4_15/fmu/out/vehicle_odometry
/px4_15/fmu/out/vehicle_status
/px4_16/fmu/out/battery_status
/px4_16/fmu/out/estimator_status_flags
/px4_16/fmu/out/failsafe_flags
/px4_16/fmu/out/manual_control_setpoint
/px4_16/fmu/out/position_setpoint_triplet
/px4_16/fmu/out/sensor_combined
/px4_16/fmu/out/timesync_status
/px4_16/fmu/out/vehicle_odometry
/px4_17/fmu/in/actuator_motors
/px4_17/fmu/in/actuator_servos
/px4_17/fmu/in/arming_check_reply
/px4_17/fmu/in/aux_global_position
/px4_17/fmu/in/config_control_setpoints
/px4_17/fmu/in/config_overrides_request
/px4_17/fmu/in/differential_drive_setpoint
/px4_17/fmu/in/goto_setpoint
/px4_17/fmu/in/manual_control_input
/px4_17/fmu/in/message_format_request
/px4_17/fmu/in/mode_completed
/px4_17/fmu/in/obstacle_distance
/px4_17/fmu/in/offboard_control_mode
/px4_17/fmu/in/onboard_computer_status
/px4_17/fmu/in/register_ext_component_request
/px4_17/fmu/in/sensor_optical_flow
/px4_17/fmu/in/telemetry_status
/px4_17/fmu/in/trajectory_setpoint
/px4_17/fmu/in/unregister_ext_component
/px4_17/fmu/in/vehicle_attitude_setpoint
/px4_17/fmu/in/vehicle_command
/px4_17/fmu/in/vehicle_command_mode_executor
/px4_17/fmu/in/vehicle_mocap_odometry
/px4_17/fmu/in/vehicle_rates_setpoint
/px4_17/fmu/in/vehicle_thrust_setpoint
/px4_17/fmu/in/vehicle_torque_setpoint
/px4_17/fmu/in/vehicle_trajectory_bezier
/px4_17/fmu/in/vehicle_trajectory_waypoint
/px4_17/fmu/in/vehicle_visual_odometry
/px4_17/fmu/out/battery_status
/px4_17/fmu/out/estimator_status_flags
/px4_17/fmu/out/failsafe_flags
/px4_17/fmu/out/manual_control_setpoint
/px4_17/fmu/out/position_setpoint_triplet
/px4_17/fmu/out/sensor_combined
/px4_17/fmu/out/timesync_status
/px4_17/fmu/out/vehicle_attitude
/px4_17/fmu/out/vehicle_control_mode
/px4_17/fmu/out/vehicle_global_position
/px4_17/fmu/out/vehicle_gps_position
/px4_17/fmu/out/vehicle_local_position
/px4_17/fmu/out/vehicle_odometry
/px4_17/fmu/out/vehicle_status
/px4_18/fmu/in/offboard_control_mode
/px4_18/fmu/in/trajectory_setpoint
/px4_18/fmu/in/vehicle_command
/px4_18/fmu/out/battery_status
/px4_18/fmu/out/vehicle_odometry
/px4_18/fmu/out/vehicle_status
/px4_19/fmu/in/actuator_motors
/px4_19/fmu/in/actuator_servos
/px4_19/fmu/in/arming_check_reply
/px4_19/fmu/in/aux_global_position
/px4_19/fmu/in/config_control_setpoints
/px4_19/fmu/in/config_overrides_request
/px4_19/fmu/in/differential_drive_setpoint
/px4_19/fmu/in/goto_setpoint
/px4_19/fmu/in/manual_control_input
/px4_19/fmu/in/message_format_request
/px4_19/fmu/in/mode_completed
/px4_19/fmu/in/obstacle_distance
/px4_19/fmu/in/offboard_control_mode
/px4_19/fmu/in/onboard_computer_status
/px4_19/fmu/in/register_ext_component_request
/px4_19/fmu/in/sensor_optical_flow
/px4_19/fmu/in/telemetry_status
/px4_19/fmu/in/trajectory_setpoint
/px4_19/fmu/in/unregister_ext_component
/px4_19/fmu/in/vehicle_attitude_setpoint
/px4_19/fmu/in/vehicle_command
/px4_19/fmu/in/vehicle_command_mode_executor
/px4_19/fmu/in/vehicle_mocap_odometry
/px4_19/fmu/in/vehicle_rates_setpoint
/px4_19/fmu/in/vehicle_thrust_setpoint
/px4_19/fmu/in/vehicle_torque_setpoint
/px4_19/fmu/in/vehicle_trajectory_bezier
/px4_19/fmu/in/vehicle_trajectory_waypoint
/px4_19/fmu/in/vehicle_visual_odometry
/px4_19/fmu/out/battery_status
/px4_19/fmu/out/estimator_status_flags
/px4_19/fmu/out/failsafe_flags
/px4_19/fmu/out/manual_control_setpoint
/px4_19/fmu/out/position_setpoint_triplet
/px4_19/fmu/out/sensor_combined
/px4_19/fmu/out/timesync_status
/px4_19/fmu/out/vehicle_attitude
/px4_19/fmu/out/vehicle_command_ack
/px4_19/fmu/out/vehicle_control_mode
/px4_19/fmu/out/vehicle_global_position
/px4_19/fmu/out/vehicle_gps_position
/px4_19/fmu/out/vehicle_local_position
/px4_19/fmu/out/vehicle_odometry
/px4_19/fmu/out/vehicle_status
/px4_2/fmu/in/actuator_motors
/px4_2/fmu/in/actuator_servos
/px4_2/fmu/in/arming_check_reply
/px4_2/fmu/in/aux_global_position
/px4_2/fmu/in/config_control_setpoints
/px4_2/fmu/in/config_overrides_request
/px4_2/fmu/in/differential_drive_setpoint
/px4_2/fmu/in/goto_setpoint
/px4_2/fmu/in/manual_control_input
/px4_2/fmu/in/message_format_request
/px4_2/fmu/in/mode_completed
/px4_2/fmu/in/obstacle_distance
/px4_2/fmu/in/offboard_control_mode
/px4_2/fmu/in/onboard_computer_status
/px4_2/fmu/in/register_ext_component_request
/px4_2/fmu/in/sensor_optical_flow
/px4_2/fmu/in/telemetry_status
/px4_2/fmu/in/trajectory_setpoint
/px4_2/fmu/in/unregister_ext_component
/px4_2/fmu/in/vehicle_attitude_setpoint
/px4_2/fmu/in/vehicle_command
/px4_2/fmu/in/vehicle_command_mode_executor
/px4_2/fmu/in/vehicle_mocap_odometry
/px4_2/fmu/in/vehicle_rates_setpoint
/px4_2/fmu/in/vehicle_thrust_setpoint
/px4_2/fmu/in/vehicle_torque_setpoint
/px4_2/fmu/in/vehicle_trajectory_bezier
/px4_2/fmu/in/vehicle_trajectory_waypoint
/px4_2/fmu/in/vehicle_visual_odometry
/px4_2/fmu/out/vehicle_odometry
/px4_20/fmu/in/arming_check_reply
/px4_20/fmu/in/config_overrides_request
/px4_20/fmu/in/message_format_request
/px4_20/fmu/in/mode_completed
/px4_20/fmu/in/register_ext_component_request
/px4_20/fmu/in/unregister_ext_component
/px4_20/fmu/out/battery_status
/px4_20/fmu/out/estimator_status_flags
/px4_20/fmu/out/failsafe_flags
/px4_20/fmu/out/manual_control_setpoint
/px4_20/fmu/out/position_setpoint_triplet
/px4_20/fmu/out/sensor_combined
/px4_20/fmu/out/timesync_status
/px4_20/fmu/out/vehicle_attitude
/px4_20/fmu/out/vehicle_odometry
/px4_20/fmu/out/vehicle_status
/px4_21/fmu/in/arming_check_reply
/px4_21/fmu/in/config_overrides_request
/px4_21/fmu/in/register_ext_component_request
/px4_21/fmu/in/unregister_ext_component
/px4_21/fmu/out/battery_status
/px4_21/fmu/out/estimator_status_flags
/px4_21/fmu/out/failsafe_flags
/px4_21/fmu/out/manual_control_setpoint
/px4_21/fmu/out/position_setpoint_triplet
/px4_21/fmu/out/sensor_combined
/px4_21/fmu/out/timesync_status
/px4_21/fmu/out/vehicle_attitude
/px4_21/fmu/out/vehicle_command_ack
/px4_21/fmu/out/vehicle_control_mode
/px4_21/fmu/out/vehicle_global_position
/px4_21/fmu/out/vehicle_gps_position
/px4_21/fmu/out/vehicle_local_position
/px4_21/fmu/out/vehicle_odometry
/px4_21/fmu/out/vehicle_status
/px4_22/fmu/in/actuator_motors
/px4_22/fmu/in/actuator_servos
/px4_22/fmu/in/arming_check_reply
/px4_22/fmu/in/aux_global_position
/px4_22/fmu/in/config_control_setpoints
/px4_22/fmu/in/config_overrides_request
/px4_22/fmu/in/differential_drive_setpoint
/px4_22/fmu/in/goto_setpoint
/px4_22/fmu/in/manual_control_input
/px4_22/fmu/in/message_format_request
/px4_22/fmu/in/mode_completed
/px4_22/fmu/in/obstacle_distance
/px4_22/fmu/in/offboard_control_mode
/px4_22/fmu/in/onboard_computer_status
/px4_22/fmu/in/register_ext_component_request
/px4_22/fmu/in/sensor_optical_flow
/px4_22/fmu/in/telemetry_status
/px4_22/fmu/in/trajectory_setpoint
/px4_22/fmu/in/unregister_ext_component
/px4_22/fmu/in/vehicle_attitude_setpoint
/px4_22/fmu/in/vehicle_command
/px4_22/fmu/in/vehicle_command_mode_executor
/px4_22/fmu/in/vehicle_mocap_odometry
/px4_22/fmu/in/vehicle_rates_setpoint
/px4_22/fmu/in/vehicle_thrust_setpoint
/px4_22/fmu/in/vehicle_torque_setpoint
/px4_22/fmu/in/vehicle_trajectory_bezier
/px4_22/fmu/in/vehicle_trajectory_waypoint
/px4_22/fmu/in/vehicle_visual_odometry
/px4_22/fmu/out/vehicle_odometry
/px4_22/fmu/out/vehicle_status
/px4_23/fmu/in/actuator_motors
/px4_23/fmu/in/actuator_servos
/px4_23/fmu/in/arming_check_reply
/px4_23/fmu/in/aux_global_position
/px4_23/fmu/in/config_control_setpoints
/px4_23/fmu/in/config_overrides_request
/px4_23/fmu/in/differential_drive_setpoint
/px4_23/fmu/in/goto_setpoint
/px4_23/fmu/in/manual_control_input
/px4_23/fmu/in/message_format_request
/px4_23/fmu/in/mode_completed
/px4_23/fmu/in/obstacle_distance
/px4_23/fmu/in/offboard_control_mode
/px4_23/fmu/in/onboard_computer_status
/px4_23/fmu/in/register_ext_component_request
/px4_23/fmu/in/sensor_optical_flow
/px4_23/fmu/in/telemetry_status
/px4_23/fmu/in/trajectory_setpoint
/px4_23/fmu/in/unregister_ext_component
/px4_23/fmu/in/vehicle_attitude_setpoint
/px4_23/fmu/in/vehicle_command
/px4_23/fmu/in/vehicle_command_mode_executor
/px4_23/fmu/in/vehicle_mocap_odometry
/px4_23/fmu/in/vehicle_rates_setpoint
/px4_23/fmu/in/vehicle_thrust_setpoint
/px4_23/fmu/in/vehicle_torque_setpoint
/px4_23/fmu/in/vehicle_trajectory_bezier
/px4_23/fmu/in/vehicle_trajectory_waypoint
/px4_23/fmu/in/vehicle_visual_odometry
/px4_23/fmu/out/vehicle_odometry
/px4_24/fmu/in/actuator_motors
/px4_24/fmu/in/actuator_servos
/px4_24/fmu/in/arming_check_reply
/px4_24/fmu/in/aux_global_position
/px4_24/fmu/in/config_control_setpoints
/px4_24/fmu/in/config_overrides_request
/px4_24/fmu/in/differential_drive_setpoint
/px4_24/fmu/in/goto_setpoint
/px4_24/fmu/in/manual_control_input
/px4_24/fmu/in/message_format_request
/px4_24/fmu/in/mode_completed
/px4_24/fmu/in/obstacle_distance
/px4_24/fmu/in/offboard_control_mode
/px4_24/fmu/in/onboard_computer_status
/px4_24/fmu/in/register_ext_component_request
/px4_24/fmu/in/sensor_optical_flow
/px4_24/fmu/in/telemetry_status
/px4_24/fmu/in/trajectory_setpoint
/px4_24/fmu/in/unregister_ext_component
/px4_24/fmu/in/vehicle_attitude_setpoint
/px4_24/fmu/in/vehicle_command
/px4_24/fmu/in/vehicle_command_mode_executor
/px4_24/fmu/in/vehicle_mocap_odometry
/px4_24/fmu/in/vehicle_rates_setpoint
/px4_24/fmu/in/vehicle_thrust_setpoint
/px4_24/fmu/in/vehicle_torque_setpoint
/px4_24/fmu/in/vehicle_trajectory_bezier
/px4_24/fmu/in/vehicle_trajectory_waypoint
/px4_24/fmu/in/vehicle_visual_odometry
/px4_24/fmu/out/vehicle_odometry
/px4_24/fmu/out/vehicle_status
/px4_25/fmu/in/offboard_control_mode
/px4_25/fmu/in/trajectory_setpoint
/px4_25/fmu/in/vehicle_command
/px4_25/fmu/out/vehicle_odometry
/px4_25/fmu/out/vehicle_status
/px4_26/fmu/in/actuator_motors
/px4_26/fmu/in/actuator_servos
/px4_26/fmu/in/arming_check_reply
/px4_26/fmu/in/aux_global_position
/px4_26/fmu/in/config_control_setpoints
/px4_26/fmu/in/config_overrides_request
/px4_26/fmu/in/differential_drive_setpoint
/px4_26/fmu/in/goto_setpoint
/px4_26/fmu/in/manual_control_input
/px4_26/fmu/in/message_format_request
/px4_26/fmu/in/mode_completed
/px4_26/fmu/in/obstacle_distance
/px4_26/fmu/in/offboard_control_mode
/px4_26/fmu/in/onboard_computer_status
/px4_26/fmu/in/register_ext_component_request
/px4_26/fmu/in/sensor_optical_flow
/px4_26/fmu/in/telemetry_status
/px4_26/fmu/in/trajectory_setpoint
/px4_26/fmu/in/unregister_ext_component
/px4_26/fmu/in/vehicle_attitude_setpoint
/px4_26/fmu/in/vehicle_command
/px4_26/fmu/in/vehicle_command_mode_executor
/px4_26/fmu/in/vehicle_mocap_odometry
/px4_26/fmu/in/vehicle_rates_setpoint
/px4_26/fmu/in/vehicle_thrust_setpoint
/px4_26/fmu/in/vehicle_torque_setpoint
/px4_26/fmu/in/vehicle_trajectory_bezier
/px4_26/fmu/in/vehicle_trajectory_waypoint
/px4_26/fmu/in/vehicle_visual_odometry
/px4_26/fmu/out/vehicle_odometry
/px4_26/fmu/out/vehicle_status
/px4_27/fmu/in/actuator_motors
/px4_27/fmu/in/actuator_servos
/px4_27/fmu/in/arming_check_reply
/px4_27/fmu/in/aux_global_position
/px4_27/fmu/in/config_control_setpoints
/px4_27/fmu/in/config_overrides_request
/px4_27/fmu/in/differential_drive_setpoint
/px4_27/fmu/in/goto_setpoint
/px4_27/fmu/in/manual_control_input
/px4_27/fmu/in/message_format_request
/px4_27/fmu/in/mode_completed
/px4_27/fmu/in/obstacle_distance
/px4_27/fmu/in/offboard_control_mode
/px4_27/fmu/in/onboard_computer_status
/px4_27/fmu/in/register_ext_component_request
/px4_27/fmu/in/sensor_optical_flow
/px4_27/fmu/in/telemetry_status
/px4_27/fmu/in/trajectory_setpoint
/px4_27/fmu/in/unregister_ext_component
/px4_27/fmu/in/vehicle_attitude_setpoint
/px4_27/fmu/in/vehicle_command
/px4_27/fmu/in/vehicle_command_mode_executor
/px4_27/fmu/in/vehicle_mocap_odometry
/px4_27/fmu/in/vehicle_rates_setpoint
/px4_27/fmu/in/vehicle_thrust_setpoint
/px4_27/fmu/in/vehicle_torque_setpoint
/px4_27/fmu/in/vehicle_trajectory_bezier
/px4_27/fmu/in/vehicle_trajectory_waypoint
/px4_27/fmu/in/vehicle_visual_odometry
/px4_27/fmu/out/vehicle_odometry
/px4_27/fmu/out/vehicle_status
/px4_28/fmu/in/actuator_motors
/px4_28/fmu/in/actuator_servos
/px4_28/fmu/in/arming_check_reply
/px4_28/fmu/in/aux_global_position
/px4_28/fmu/in/config_control_setpoints
/px4_28/fmu/in/config_overrides_request
/px4_28/fmu/in/differential_drive_setpoint
/px4_28/fmu/in/goto_setpoint
/px4_28/fmu/in/manual_control_input
/px4_28/fmu/in/message_format_request
/px4_28/fmu/in/mode_completed
/px4_28/fmu/in/obstacle_distance
/px4_28/fmu/in/offboard_control_mode
/px4_28/fmu/in/onboard_computer_status
/px4_28/fmu/in/register_ext_component_request
/px4_28/fmu/in/sensor_optical_flow
/px4_28/fmu/in/telemetry_status
/px4_28/fmu/in/trajectory_setpoint
/px4_28/fmu/in/unregister_ext_component
/px4_28/fmu/in/vehicle_attitude_setpoint
/px4_28/fmu/in/vehicle_command
/px4_28/fmu/in/vehicle_command_mode_executor
/px4_28/fmu/in/vehicle_mocap_odometry
/px4_28/fmu/in/vehicle_rates_setpoint
/px4_28/fmu/in/vehicle_thrust_setpoint
/px4_28/fmu/in/vehicle_torque_setpoint
/px4_28/fmu/in/vehicle_trajectory_bezier
/px4_28/fmu/in/vehicle_trajectory_waypoint
/px4_28/fmu/in/vehicle_visual_odometry
/px4_28/fmu/out/vehicle_odometry
/px4_28/fmu/out/vehicle_status
/px4_29/fmu/in/actuator_motors
/px4_29/fmu/in/actuator_servos
/px4_29/fmu/in/arming_check_reply
/px4_29/fmu/in/aux_global_position
/px4_29/fmu/in/config_control_setpoints
/px4_29/fmu/in/config_overrides_request
/px4_29/fmu/in/differential_drive_setpoint
/px4_29/fmu/in/goto_setpoint
/px4_29/fmu/in/manual_control_input
/px4_29/fmu/in/message_format_request
/px4_29/fmu/in/mode_completed
/px4_29/fmu/in/obstacle_distance
/px4_29/fmu/in/offboard_control_mode
/px4_29/fmu/in/onboard_computer_status
/px4_29/fmu/in/register_ext_component_request
/px4_29/fmu/in/sensor_optical_flow
/px4_29/fmu/in/telemetry_status
/px4_29/fmu/in/trajectory_setpoint
/px4_29/fmu/in/unregister_ext_component
/px4_29/fmu/in/vehicle_attitude_setpoint
/px4_29/fmu/in/vehicle_command
/px4_29/fmu/in/vehicle_command_mode_executor
/px4_29/fmu/in/vehicle_mocap_odometry
/px4_29/fmu/in/vehicle_rates_setpoint
/px4_29/fmu/in/vehicle_thrust_setpoint
/px4_29/fmu/in/vehicle_torque_setpoint
/px4_29/fmu/in/vehicle_trajectory_bezier
/px4_29/fmu/in/vehicle_trajectory_waypoint
/px4_29/fmu/in/vehicle_visual_odometry
/px4_29/fmu/out/vehicle_odometry
/px4_29/fmu/out/vehicle_status
/px4_3/fmu/in/actuator_motors
/px4_3/fmu/in/actuator_servos
/px4_3/fmu/in/arming_check_reply
/px4_3/fmu/in/aux_global_position
/px4_3/fmu/in/config_control_setpoints
/px4_3/fmu/in/config_overrides_request
/px4_3/fmu/in/differential_drive_setpoint
/px4_3/fmu/in/goto_setpoint
/px4_3/fmu/in/manual_control_input
/px4_3/fmu/in/message_format_request
/px4_3/fmu/in/mode_completed
/px4_3/fmu/in/obstacle_distance
/px4_3/fmu/in/offboard_control_mode
/px4_3/fmu/in/onboard_computer_status
/px4_3/fmu/in/register_ext_component_request
/px4_3/fmu/in/sensor_optical_flow
/px4_3/fmu/in/telemetry_status
/px4_3/fmu/in/trajectory_setpoint
/px4_3/fmu/in/unregister_ext_component
/px4_3/fmu/in/vehicle_attitude_setpoint
/px4_3/fmu/in/vehicle_command
/px4_3/fmu/in/vehicle_command_mode_executor
/px4_3/fmu/in/vehicle_mocap_odometry
/px4_3/fmu/in/vehicle_rates_setpoint
/px4_3/fmu/in/vehicle_thrust_setpoint
/px4_3/fmu/in/vehicle_torque_setpoint
/px4_3/fmu/in/vehicle_trajectory_bezier
/px4_3/fmu/in/vehicle_trajectory_waypoint
/px4_3/fmu/in/vehicle_visual_odometry
/px4_3/fmu/out/battery_status
/px4_3/fmu/out/estimator_status_flags
/px4_3/fmu/out/failsafe_flags
/px4_3/fmu/out/manual_control_setpoint
/px4_3/fmu/out/position_setpoint_triplet
/px4_3/fmu/out/sensor_combined
/px4_3/fmu/out/timesync_status
/px4_3/fmu/out/vehicle_attitude
/px4_3/fmu/out/vehicle_control_mode
/px4_3/fmu/out/vehicle_global_position
/px4_3/fmu/out/vehicle_gps_position
/px4_3/fmu/out/vehicle_local_position
/px4_3/fmu/out/vehicle_odometry
/px4_3/fmu/out/vehicle_status
/px4_30/fmu/in/actuator_motors
/px4_30/fmu/in/actuator_servos
/px4_30/fmu/in/arming_check_reply
/px4_30/fmu/in/aux_global_position
/px4_30/fmu/in/config_control_setpoints
/px4_30/fmu/in/config_overrides_request
/px4_30/fmu/in/differential_drive_setpoint
/px4_30/fmu/in/goto_setpoint
/px4_30/fmu/in/manual_control_input
/px4_30/fmu/in/message_format_request
/px4_30/fmu/in/mode_completed
/px4_30/fmu/in/obstacle_distance
/px4_30/fmu/in/offboard_control_mode
/px4_30/fmu/in/onboard_computer_status
/px4_30/fmu/in/register_ext_component_request
/px4_30/fmu/in/sensor_optical_flow
/px4_30/fmu/in/telemetry_status
/px4_30/fmu/in/trajectory_setpoint
/px4_30/fmu/in/unregister_ext_component
/px4_30/fmu/in/vehicle_attitude_setpoint
/px4_30/fmu/in/vehicle_command
/px4_30/fmu/in/vehicle_command_mode_executor
/px4_30/fmu/in/vehicle_mocap_odometry
/px4_30/fmu/in/vehicle_rates_setpoint
/px4_30/fmu/in/vehicle_thrust_setpoint
/px4_30/fmu/in/vehicle_torque_setpoint
/px4_30/fmu/in/vehicle_trajectory_bezier
/px4_30/fmu/in/vehicle_trajectory_waypoint
/px4_30/fmu/in/vehicle_visual_odometry
/px4_30/fmu/out/vehicle_odometry
/px4_30/fmu/out/vehicle_status
/px4_31/fmu/in/register_ext_component_request
/px4_31/fmu/out/vehicle_odometry
/px4_31/fmu/out/vehicle_status
/px4_32/fmu/in/arming_check_reply
/px4_32/fmu/in/config_control_setpoints
/px4_32/fmu/in/config_overrides_request
/px4_32/fmu/in/message_format_request
/px4_32/fmu/in/mode_completed
/px4_32/fmu/in/register_ext_component_request
/px4_32/fmu/in/unregister_ext_component
/px4_32/fmu/out/vehicle_odometry
/px4_32/fmu/out/vehicle_status
/px4_4/fmu/in/offboard_control_mode
/px4_4/fmu/in/trajectory_setpoint
/px4_4/fmu/in/vehicle_command
/px4_4/fmu/out/vehicle_odometry
/px4_4/fmu/out/vehicle_status
/px4_5/fmu/in/arming_check_reply
/px4_5/fmu/in/config_overrides_request
/px4_5/fmu/in/message_format_request
/px4_5/fmu/in/offboard_control_mode
/px4_5/fmu/in/register_ext_component_request
/px4_5/fmu/in/trajectory_setpoint
/px4_5/fmu/in/unregister_ext_component
/px4_5/fmu/in/vehicle_command
/px4_5/fmu/out/battery_status
/px4_5/fmu/out/estimator_status_flags
/px4_5/fmu/out/failsafe_flags
/px4_5/fmu/out/manual_control_setpoint
/px4_5/fmu/out/position_setpoint_triplet
/px4_5/fmu/out/sensor_combined
/px4_5/fmu/out/timesync_status
/px4_5/fmu/out/vehicle_attitude
/px4_5/fmu/out/vehicle_control_mode
/px4_5/fmu/out/vehicle_global_position
/px4_5/fmu/out/vehicle_gps_position
/px4_5/fmu/out/vehicle_local_position
/px4_5/fmu/out/vehicle_odometry
/px4_5/fmu/out/vehicle_status
/px4_6/fmu/in/actuator_motors
/px4_6/fmu/in/actuator_servos
/px4_6/fmu/in/arming_check_reply
/px4_6/fmu/in/aux_global_position
/px4_6/fmu/in/config_control_setpoints
/px4_6/fmu/in/config_overrides_request
/px4_6/fmu/in/differential_drive_setpoint
/px4_6/fmu/in/goto_setpoint
/px4_6/fmu/in/manual_control_input
/px4_6/fmu/in/message_format_request
/px4_6/fmu/in/mode_completed
/px4_6/fmu/in/obstacle_distance
/px4_6/fmu/in/offboard_control_mode
/px4_6/fmu/in/onboard_computer_status
/px4_6/fmu/in/register_ext_component_request
/px4_6/fmu/in/sensor_optical_flow
/px4_6/fmu/in/telemetry_status
/px4_6/fmu/in/trajectory_setpoint
/px4_6/fmu/in/unregister_ext_component
/px4_6/fmu/in/vehicle_attitude_setpoint
/px4_6/fmu/in/vehicle_command
/px4_6/fmu/in/vehicle_command_mode_executor
/px4_6/fmu/in/vehicle_mocap_odometry
/px4_6/fmu/in/vehicle_rates_setpoint
/px4_6/fmu/in/vehicle_thrust_setpoint
/px4_6/fmu/in/vehicle_torque_setpoint
/px4_6/fmu/in/vehicle_trajectory_bezier
/px4_6/fmu/in/vehicle_trajectory_waypoint
/px4_6/fmu/in/vehicle_visual_odometry
/px4_6/fmu/out/battery_status
/px4_6/fmu/out/estimator_status_flags
/px4_6/fmu/out/failsafe_flags
/px4_6/fmu/out/manual_control_setpoint
/px4_6/fmu/out/position_setpoint_triplet
/px4_6/fmu/out/sensor_combined
/px4_6/fmu/out/timesync_status
/px4_6/fmu/out/vehicle_attitude
/px4_6/fmu/out/vehicle_control_mode
/px4_6/fmu/out/vehicle_global_position
/px4_6/fmu/out/vehicle_gps_position
/px4_6/fmu/out/vehicle_local_position
/px4_6/fmu/out/vehicle_odometry
/px4_6/fmu/out/vehicle_status
/px4_7/fmu/in/arming_check_reply
/px4_7/fmu/in/config_control_setpoints
/px4_7/fmu/in/config_overrides_request
/px4_7/fmu/in/differential_drive_setpoint
/px4_7/fmu/in/goto_setpoint
/px4_7/fmu/in/manual_control_input
/px4_7/fmu/in/message_format_request
/px4_7/fmu/in/mode_completed
/px4_7/fmu/in/obstacle_distance
/px4_7/fmu/in/offboard_control_mode
/px4_7/fmu/in/onboard_computer_status
/px4_7/fmu/in/register_ext_component_request
/px4_7/fmu/in/sensor_optical_flow
/px4_7/fmu/in/telemetry_status
/px4_7/fmu/in/trajectory_setpoint
/px4_7/fmu/in/unregister_ext_component
/px4_7/fmu/in/vehicle_attitude_setpoint
/px4_7/fmu/in/vehicle_command
/px4_7/fmu/in/vehicle_command_mode_executor
/px4_7/fmu/in/vehicle_mocap_odometry
/px4_7/fmu/in/vehicle_rates_setpoint
/px4_7/fmu/in/vehicle_trajectory_bezier
/px4_7/fmu/in/vehicle_visual_odometry
/px4_7/fmu/out/battery_status
/px4_7/fmu/out/estimator_status_flags
/px4_7/fmu/out/failsafe_flags
/px4_7/fmu/out/manual_control_setpoint
/px4_7/fmu/out/position_setpoint_triplet
/px4_7/fmu/out/sensor_combined
/px4_7/fmu/out/timesync_status
/px4_7/fmu/out/vehicle_attitude
/px4_7/fmu/out/vehicle_control_mode
/px4_7/fmu/out/vehicle_global_position
/px4_7/fmu/out/vehicle_odometry
/px4_7/fmu/out/vehicle_status
/px4_8/fmu/in/actuator_motors
/px4_8/fmu/in/actuator_servos
/px4_8/fmu/in/arming_check_reply
/px4_8/fmu/in/aux_global_position
/px4_8/fmu/in/config_control_setpoints
/px4_8/fmu/in/config_overrides_request
/px4_8/fmu/in/differential_drive_setpoint
/px4_8/fmu/in/goto_setpoint
/px4_8/fmu/in/manual_control_input
/px4_8/fmu/in/message_format_request
/px4_8/fmu/in/mode_completed
/px4_8/fmu/in/obstacle_distance
/px4_8/fmu/in/offboard_control_mode
/px4_8/fmu/in/onboard_computer_status
/px4_8/fmu/in/register_ext_component_request
/px4_8/fmu/in/sensor_optical_flow
/px4_8/fmu/in/telemetry_status
/px4_8/fmu/in/trajectory_setpoint
/px4_8/fmu/in/unregister_ext_component
/px4_8/fmu/in/vehicle_attitude_setpoint
/px4_8/fmu/in/vehicle_command
/px4_8/fmu/in/vehicle_command_mode_executor
/px4_8/fmu/in/vehicle_mocap_odometry
/px4_8/fmu/in/vehicle_rates_setpoint
/px4_8/fmu/in/vehicle_thrust_setpoint
/px4_8/fmu/in/vehicle_torque_setpoint
/px4_8/fmu/in/vehicle_trajectory_bezier
/px4_8/fmu/in/vehicle_trajectory_waypoint
/px4_8/fmu/in/vehicle_visual_odometry
/px4_8/fmu/out/battery_status
/px4_8/fmu/out/estimator_status_flags
/px4_8/fmu/out/failsafe_flags
/px4_8/fmu/out/manual_control_setpoint
/px4_8/fmu/out/position_setpoint_triplet
/px4_8/fmu/out/sensor_combined
/px4_8/fmu/out/timesync_status
/px4_8/fmu/out/vehicle_attitude
/px4_8/fmu/out/vehicle_control_mode
/px4_8/fmu/out/vehicle_global_position
/px4_8/fmu/out/vehicle_gps_position
/px4_8/fmu/out/vehicle_local_position
/px4_8/fmu/out/vehicle_odometry
/px4_8/fmu/out/vehicle_status
/px4_9/fmu/in/actuator_motors
/px4_9/fmu/in/actuator_servos
/px4_9/fmu/in/arming_check_reply
/px4_9/fmu/in/aux_global_position
/px4_9/fmu/in/config_control_setpoints
/px4_9/fmu/in/config_overrides_request
/px4_9/fmu/in/differential_drive_setpoint
/px4_9/fmu/in/goto_setpoint
/px4_9/fmu/in/manual_control_input
/px4_9/fmu/in/message_format_request
/px4_9/fmu/in/mode_completed
/px4_9/fmu/in/obstacle_distance
/px4_9/fmu/in/offboard_control_mode
/px4_9/fmu/in/onboard_computer_status
/px4_9/fmu/in/register_ext_component_request
/px4_9/fmu/in/sensor_optical_flow
/px4_9/fmu/in/telemetry_status
/px4_9/fmu/in/trajectory_setpoint
/px4_9/fmu/in/unregister_ext_component
/px4_9/fmu/in/vehicle_attitude_setpoint
/px4_9/fmu/in/vehicle_command
/px4_9/fmu/in/vehicle_command_mode_executor
/px4_9/fmu/in/vehicle_mocap_odometry
/px4_9/fmu/in/vehicle_rates_setpoint
/px4_9/fmu/in/vehicle_thrust_setpoint
/px4_9/fmu/in/vehicle_torque_setpoint
/px4_9/fmu/in/vehicle_trajectory_bezier
/px4_9/fmu/in/vehicle_trajectory_waypoint
/px4_9/fmu/in/vehicle_visual_odometry
/px4_9/fmu/out/battery_status
/px4_9/fmu/out/estimator_status_flags
/px4_9/fmu/out/failsafe_flags
/px4_9/fmu/out/manual_control_setpoint
/px4_9/fmu/out/position_setpoint_triplet
/px4_9/fmu/out/sensor_combined
/px4_9/fmu/out/timesync_status
/px4_9/fmu/out/vehicle_attitude
/px4_9/fmu/out/vehicle_command_ack
/px4_9/fmu/out/vehicle_control_mode
/px4_9/fmu/out/vehicle_global_position
/px4_9/fmu/out/vehicle_gps_position
/px4_9/fmu/out/vehicle_local_position
/px4_9/fmu/out/vehicle_odometry
/px4_9/fmu/out/vehicle_status
/rosout
/uav10/execution_command
/uav10/swarm_command
/uav11/startup_event
/uav11/status
/uav12/control_adaptation
/uav12/control_tracking_debug
/uav12/iapf_debug
/uav12/odom
/uav12/startup_event
/uav12/status
/uav12/swarm_state
/uav12/trajectory_metrics
/uav13/control_adaptation
/uav13/control_tracking_debug
/uav13/iapf_debug
/uav13/odom
/uav13/startup_event
/uav13/status
/uav13/swarm_state
/uav13/trajectory_metrics
/uav14/execution_command
/uav14/swarm_command
/uav15/control_adaptation
/uav15/execution_command
/uav15/odom
/uav15/startup_event
/uav15/status
/uav15/swarm_command
/uav15/swarm_state
/uav15/trajectory_metrics
/uav17/control_adaptation
/uav17/control_tracking_debug
/uav17/iapf_debug
/uav17/odom
/uav17/startup_event
/uav17/status
/uav17/swarm_state
/uav17/trajectory_metrics
/uav18/control_adaptation
/uav18/control_tracking_debug
/uav18/execution_command
/uav18/iapf_debug
/uav18/odom
/uav18/startup_event
/uav18/status
/uav18/swarm_command
/uav18/swarm_state
/uav18/trajectory_metrics
/uav19/control_adaptation
/uav19/control_tracking_debug
/uav19/execution_command
/uav19/iapf_debug
/uav19/odom
/uav19/startup_event
/uav19/status
/uav19/swarm_command
/uav19/swarm_state
/uav19/trajectory_metrics
/uav20/execution_command
/uav20/swarm_command
/uav21/execution_command
/uav21/swarm_command
/uav22/control_adaptation
/uav22/control_tracking_debug
/uav22/execution_command
/uav22/iapf_debug
/uav22/odom
/uav22/startup_event
/uav22/status
/uav22/swarm_command
/uav22/swarm_state
/uav22/trajectory_metrics
/uav24/control_adaptation
/uav24/execution_command
/uav24/odom
/uav24/startup_event
/uav24/status
/uav24/swarm_command
/uav24/swarm_state
/uav24/trajectory_metrics
/uav25/control_adaptation
/uav25/control_tracking_debug
/uav25/execution_command
/uav25/iapf_debug
/uav25/odom
/uav25/startup_event
/uav25/status
/uav25/swarm_command
/uav25/swarm_state
/uav25/trajectory_metrics
/uav26/control_adaptation
/uav26/control_tracking_debug
/uav26/execution_command
/uav26/iapf_debug
/uav26/odom
/uav26/startup_event
/uav26/status
/uav26/swarm_command
/uav26/swarm_state
/uav26/trajectory_metrics
/uav27/execution_command
/uav27/startup_event
/uav27/status
/uav27/swarm_command
/uav28/execution_command
/uav28/swarm_command
/uav29/control_adaptation
/uav29/control_tracking_debug
/uav29/execution_command
/uav29/iapf_debug
/uav29/odom
/uav29/startup_event
/uav29/status
/uav29/swarm_command
/uav29/swarm_state
/uav29/trajectory_metrics
/uav3/execution_command
/uav3/swarm_command
/uav30/execution_command
/uav30/swarm_command
/uav31/execution_command
/uav31/swarm_command
/uav32/execution_command
/uav32/swarm_command
/uav4/control_adaptation
/uav4/control_tracking_debug
/uav4/execution_command
/uav4/iapf_debug
/uav4/odom
/uav4/startup_event
/uav4/status
/uav4/swarm_command
/uav4/swarm_state
/uav4/trajectory_metrics
/uav5/control_adaptation
/uav5/control_tracking_debug
/uav5/iapf_debug
/uav5/odom
/uav5/startup_event
/uav5/status
/uav5/swarm_state
/uav5/trajectory_metrics
/uav6/control_adaptation
/uav6/control_tracking_debug
/uav6/execution_command
/uav6/iapf_debug
/uav6/odom
/uav6/startup_event
/uav6/status
/uav6/swarm_command
/uav6/swarm_state
/uav6/trajectory_metrics
/uav7/control_adaptation
/uav7/control_tracking_debug
/uav7/execution_command
/uav7/iapf_debug
/uav7/odom
/uav7/startup_event
/uav7/status
/uav7/swarm_command
/uav7/swarm_state
/uav7/trajectory_metrics
/uav8/execution_command
/uav8/swarm_command
/uav9/execution_command
/uav9/swarm_command
