[INFO] [1785138145.916234539] [rosbag2_recorder]: Press SPACE for pausing/resuming
[INFO] [1785138145.917762229] [rosbag2_storage]: Opened database '/tmp/experiments_06_formal_20260727/trials/five_uav_circle__px4_step__r04/rosbag/rosbag_0.db3' for READ_WRITE.
[INFO] [1785138145.918538854] [rosbag2_recorder]: Listening for topics...
[INFO] [1785138145.918563410] [rosbag2_recorder]: Event publisher thread: Starting
[INFO] [1785138145.921117169] [rosbag2_recorder]: Subscribed to topic '/uav5/odom'
[INFO] [1785138145.923184965] [rosbag2_recorder]: Subscribed to topic '/px4_4/fmu/out/vehicle_odometry'
[INFO] [1785138145.924414168] [rosbag2_recorder]: Subscribed to topic '/uav5/status'
[INFO] [1785138145.925106603] [rosbag2_recorder]: Subscribed to topic '/uav1/odom'
[INFO] [1785138145.926019617] [rosbag2_recorder]: Subscribed to topic '/uav2/trajectory_metrics'
[INFO] [1785138145.926654953] [rosbag2_recorder]: Subscribed to topic '/uav1/status'
[INFO] [1785138145.927354060] [rosbag2_recorder]: Subscribed to topic '/uav2/odom'
[INFO] [1785138145.928024433] [rosbag2_recorder]: Subscribed to topic '/uav5/trajectory_metrics'
[INFO] [1785138145.928664368] [rosbag2_recorder]: Subscribed to topic '/uav4/status'
[INFO] [1785138145.929396257] [rosbag2_recorder]: Subscribed to topic '/uav2/status'
[INFO] [1785138145.929964426] [rosbag2_recorder]: Subscribed to topic '/uav3/status'
[INFO] [1785138145.930393401] [rosbag2_recorder]: Subscribed to topic '/uav1/trajectory_metrics'
[INFO] [1785138145.930811545] [rosbag2_recorder]: Subscribed to topic '/uav4/odom'
[INFO] [1785138145.931198549] [rosbag2_recorder]: Subscribed to topic '/uav3/odom'
[INFO] [1785138145.931625290] [rosbag2_recorder]: Subscribed to topic '/uav4/trajectory_metrics'
[INFO] [1785138145.932042081] [rosbag2_recorder]: Subscribed to topic '/uav3/trajectory_metrics'
[INFO] [1785138145.932091164] [rosbag2_recorder]: Recording...
[INFO] [1785138145.933977375] [rosbag2_recorder]: Subscribed to topic '/px4_1/fmu/out/vehicle_odometry'
[INFO] [1785138145.934342528] [rosbag2_recorder]: Subscribed to topic '/px4_3/fmu/out/vehicle_odometry'
[INFO] [1785138145.934689657] [rosbag2_recorder]: Subscribed to topic '/px4_2/fmu/out/vehicle_odometry'
[INFO] [1785138146.949992024] [rosbag2_recorder]: Subscribed to topic '/px4_5/fmu/out/vehicle_odometry'
[INFO] [1785138149.491509837] [rosbag2_recorder]: Subscribed to topic '/uav3/swarm_command'
[INFO] [1785138149.491915547] [rosbag2_recorder]: Subscribed to topic '/uav4/swarm_command'
[INFO] [1785138149.492306740] [rosbag2_recorder]: Subscribed to topic '/uav1/swarm_command'
[INFO] [1785138149.492674398] [rosbag2_recorder]: Subscribed to topic '/uav2/swarm_command'
[INFO] [1785138149.493026096] [rosbag2_recorder]: Subscribed to topic '/uav5/swarm_command'
[INFO] [1785138149.493036806] [rosbag2_recorder]: All requested topics are subscribed. Stopping discovery...
[INFO] [1785138163.193811804] [rosbag2_cpp]: Writing remaining messages from cache to the bag. It may take a while
[INFO] [1785138163.195348851] [rosbag2_recorder]: Event publisher thread: Exiting
[INFO] [1785138163.195386343] [rosbag2_recorder]: Recording stopped
