[INFO] [1785137191.306957163] [rosbag2_recorder]: Press SPACE for pausing/resuming
[INFO] [1785137191.308859809] [rosbag2_storage]: Opened database '/tmp/experiments_06_formal_20260727/trials/eight_uav_line_to_circle__px4_step__r03/rosbag/rosbag_0.db3' for READ_WRITE.
[INFO] [1785137191.309978043] [rosbag2_recorder]: Listening for topics...
[INFO] [1785137191.309994576] [rosbag2_recorder]: Event publisher thread: Starting
[INFO] [1785137191.312287624] [rosbag2_recorder]: Subscribed to topic '/uav6/status'
[INFO] [1785137191.313127294] [rosbag2_recorder]: Subscribed to topic '/uav6/odom'
[INFO] [1785137191.313202932] [rosbag2_recorder]: Recording...
[INFO] [1785137191.315050861] [rosbag2_recorder]: Subscribed to topic '/uav4/odom'
[INFO] [1785137191.315756990] [rosbag2_recorder]: Subscribed to topic '/uav4/status'
[INFO] [1785137191.316987874] [rosbag2_recorder]: Subscribed to topic '/uav4/trajectory_metrics'
[INFO] [1785137191.319339668] [rosbag2_recorder]: Subscribed to topic '/uav6/trajectory_metrics'
[INFO] [1785137191.421479429] [rosbag2_recorder]: Subscribed to topic '/uav3/odom'
[INFO] [1785137191.421906774] [rosbag2_recorder]: Subscribed to topic '/uav2/odom'
[INFO] [1785137191.422309159] [rosbag2_recorder]: Subscribed to topic '/uav1/status'
[INFO] [1785137191.422732236] [rosbag2_recorder]: Subscribed to topic '/uav1/trajectory_metrics'
[INFO] [1785137191.423151084] [rosbag2_recorder]: Subscribed to topic '/uav7/odom'
[INFO] [1785137191.423583338] [rosbag2_recorder]: Subscribed to topic '/uav2/trajectory_metrics'
[INFO] [1785137191.424061592] [rosbag2_recorder]: Subscribed to topic '/uav1/odom'
[INFO] [1785137191.424571047] [rosbag2_recorder]: Subscribed to topic '/uav3/trajectory_metrics'
[INFO] [1785137191.425015275] [rosbag2_recorder]: Subscribed to topic '/uav7/status'
[INFO] [1785137191.425452028] [rosbag2_recorder]: Subscribed to topic '/uav3/status'
[INFO] [1785137191.425874653] [rosbag2_recorder]: Subscribed to topic '/uav2/status'
[INFO] [1785137191.426308581] [rosbag2_recorder]: Subscribed to topic '/uav7/trajectory_metrics'
[INFO] [1785137191.530170085] [rosbag2_recorder]: Subscribed to topic '/px4_7/fmu/out/vehicle_odometry'
[INFO] [1785137191.530562922] [rosbag2_recorder]: Subscribed to topic '/px4_6/fmu/out/vehicle_odometry'
[INFO] [1785137191.530913056] [rosbag2_recorder]: Subscribed to topic '/px4_5/fmu/out/vehicle_odometry'
[INFO] [1785137191.531273280] [rosbag2_recorder]: Subscribed to topic '/px4_4/fmu/out/vehicle_odometry'
[INFO] [1785137191.531664874] [rosbag2_recorder]: Subscribed to topic '/px4_2/fmu/out/vehicle_odometry'
[INFO] [1785137192.348950297] [rosbag2_recorder]: Subscribed to topic '/px4_3/fmu/out/vehicle_odometry'
[INFO] [1785137192.349426608] [rosbag2_recorder]: Subscribed to topic '/uav5/trajectory_metrics'
[INFO] [1785137192.349840195] [rosbag2_recorder]: Subscribed to topic '/uav5/odom'
[INFO] [1785137192.350251709] [rosbag2_recorder]: Subscribed to topic '/uav8/status'
[INFO] [1785137192.350725384] [rosbag2_recorder]: Subscribed to topic '/px4_8/fmu/out/vehicle_odometry'
[INFO] [1785137192.351296680] [rosbag2_recorder]: Subscribed to topic '/px4_1/fmu/out/vehicle_odometry'
[INFO] [1785137192.351854720] [rosbag2_recorder]: Subscribed to topic '/uav5/status'
[INFO] [1785137192.352337332] [rosbag2_recorder]: Subscribed to topic '/uav8/odom'
[INFO] [1785137192.352790287] [rosbag2_recorder]: Subscribed to topic '/uav8/trajectory_metrics'
[INFO] [1785137197.093159047] [rosbag2_recorder]: Subscribed to topic '/uav3/swarm_command'
[INFO] [1785137197.094050076] [rosbag2_recorder]: Subscribed to topic '/uav5/swarm_command'
[INFO] [1785137197.094838856] [rosbag2_recorder]: Subscribed to topic '/uav2/swarm_command'
[INFO] [1785137197.095580174] [rosbag2_recorder]: Subscribed to topic '/uav1/swarm_command'
[INFO] [1785137197.096187880] [rosbag2_recorder]: Subscribed to topic '/uav7/swarm_command'
[INFO] [1785137197.096813171] [rosbag2_recorder]: Subscribed to topic '/uav4/swarm_command'
[INFO] [1785137197.097384767] [rosbag2_recorder]: Subscribed to topic '/uav6/swarm_command'
[INFO] [1785137197.097921315] [rosbag2_recorder]: Subscribed to topic '/uav8/swarm_command'
[INFO] [1785137197.097963317] [rosbag2_recorder]: All requested topics are subscribed. Stopping discovery...
[INFO] [1785137231.663129019] [rosbag2_cpp]: Writing remaining messages from cache to the bag. It may take a while
[INFO] [1785137231.666090749] [rosbag2_recorder]: Event publisher thread: Exiting
[INFO] [1785137231.666131809] [rosbag2_recorder]: Recording stopped
