[INFO] [1785142629.223429136] [rosbag2_recorder]: Press SPACE for pausing/resuming
[INFO] [1785142629.224917855] [rosbag2_storage]: Opened database '/tmp/experiments_06_formal_20260727/trials/five_uav_circle__px4_step__r02/rosbag/rosbag_0.db3' for READ_WRITE.
[INFO] [1785142629.225481863] [rosbag2_recorder]: Listening for topics...
[INFO] [1785142629.225499142] [rosbag2_recorder]: Event publisher thread: Starting
[INFO] [1785142629.227494311] [rosbag2_recorder]: Subscribed to topic '/px4_4/fmu/out/vehicle_odometry'
[INFO] [1785142629.228524511] [rosbag2_recorder]: Subscribed to topic '/uav2/trajectory_metrics'
[INFO] [1785142629.228871420] [rosbag2_recorder]: Subscribed to topic '/uav1/status'
[INFO] [1785142629.229298265] [rosbag2_recorder]: Subscribed to topic '/uav5/odom'
[INFO] [1785142629.229612178] [rosbag2_recorder]: Subscribed to topic '/uav2/odom'
[INFO] [1785142629.229927964] [rosbag2_recorder]: Subscribed to topic '/uav5/trajectory_metrics'
[INFO] [1785142629.230242198] [rosbag2_recorder]: Subscribed to topic '/uav4/status'
[INFO] [1785142629.230547937] [rosbag2_recorder]: Subscribed to topic '/uav4/trajectory_metrics'
[INFO] [1785142629.230846374] [rosbag2_recorder]: Subscribed to topic '/uav2/status'
[INFO] [1785142629.231194245] [rosbag2_recorder]: Subscribed to topic '/uav3/status'
[INFO] [1785142629.231502839] [rosbag2_recorder]: Subscribed to topic '/uav1/trajectory_metrics'
[INFO] [1785142629.231820519] [rosbag2_recorder]: Subscribed to topic '/uav4/odom'
[INFO] [1785142629.232135093] [rosbag2_recorder]: Subscribed to topic '/uav1/odom'
[INFO] [1785142629.232505322] [rosbag2_recorder]: Subscribed to topic '/uav5/status'
[INFO] [1785142629.232551029] [rosbag2_recorder]: Recording...
[INFO] [1785142629.334624537] [rosbag2_recorder]: Subscribed to topic '/px4_4/fmu/out/vehicle_status'
[INFO] [1785142629.436548040] [rosbag2_recorder]: Subscribed to topic '/uav3/trajectory_metrics'
[INFO] [1785142629.436915434] [rosbag2_recorder]: Subscribed to topic '/uav3/odom'
[INFO] [1785142629.539021848] [rosbag2_recorder]: Subscribed to topic '/px4_1/fmu/out/vehicle_odometry'
[INFO] [1785142629.539413163] [rosbag2_recorder]: Subscribed to topic '/px4_5/fmu/out/vehicle_status'
[INFO] [1785142629.539808494] [rosbag2_recorder]: Subscribed to topic '/px4_2/fmu/out/vehicle_status'
[INFO] [1785142629.540235610] [rosbag2_recorder]: Subscribed to topic '/px4_5/fmu/out/vehicle_odometry'
[INFO] [1785142629.540713221] [rosbag2_recorder]: Subscribed to topic '/px4_3/fmu/out/vehicle_status'
[INFO] [1785142629.541242169] [rosbag2_recorder]: Subscribed to topic '/px4_3/fmu/out/vehicle_odometry'
[INFO] [1785142629.541779081] [rosbag2_recorder]: Subscribed to topic '/px4_2/fmu/out/vehicle_odometry'
[INFO] [1785142629.542244011] [rosbag2_recorder]: Subscribed to topic '/px4_1/fmu/out/vehicle_status'
[INFO] [1785142631.859031173] [rosbag2_recorder]: Subscribed to topic '/uav3/swarm_command'
[INFO] [1785142631.988018872] [rosbag2_recorder]: Subscribed to topic '/uav4/swarm_command'
[INFO] [1785142632.000580162] [rosbag2_recorder]: Subscribed to topic '/uav5/swarm_command'
[INFO] [1785142632.016234038] [rosbag2_recorder]: Subscribed to topic '/uav2/swarm_command'
[INFO] [1785142633.238676848] [rosbag2_recorder]: Subscribed to topic '/uav1/swarm_command'
[INFO] [1785142633.238717527] [rosbag2_recorder]: All requested topics are subscribed. Stopping discovery...
[INFO] [1785142645.964807901] [rosbag2_cpp]: Writing remaining messages from cache to the bag. It may take a while
[INFO] [1785142645.966470346] [rosbag2_recorder]: Event publisher thread: Exiting
[INFO] [1785142645.966517769] [rosbag2_recorder]: Recording stopped
