[35m[1785140778.152835][m info     | [34mUDPv4AgentLinux.cpp[m | [37minit                    [m | [32mrunning...[m             | port: 8888
[35m[1785140778.153012][m info     | [34mRoot.cpp          [m | [37mset_verbose_level       [m | [32mlogger setup[m           | verbose_level: 4
[35m[1785140784.053165][m info     | [34mRoot.cpp          [m | [37mcreate_client           [m | [32mcreate[m                 | client_key: 0x00000001, session_id: 0x81
[35m[1785140784.053204][m info     | [34mSessionManager.hpp[m | [37mestablish_session       [m | [32msession established[m    | client_key: 0x00000001, address: 127.0.0.1:17889
[35m[1785140784.055912][m info     | [34mProxyClient.cpp   [m | [37mcreate_participant      [m | [32mparticipant created[m    | client_key: 0x00000001, participant_id: 0x001(1)
[35m[1785140784.056058][m info     | [34mProxyClient.cpp   [m | [37mcreate_topic            [m | [32mtopic created[m          | client_key: 0x00000001, topic_id: 0x800(2), participant_id: 0x001(1)
[35m[1785140784.056100][m info     | [34mProxyClient.cpp   [m | [37mcreate_subscriber       [m | [32msubscriber created[m     | client_key: 0x00000001, subscriber_id: 0x800(4), participant_id: 0x001(1)
[35m[1785140784.057335][m info     | [34mProxyClient.cpp   [m | [37mcreate_datareader       [m | [32mdatareader created[m     | client_key: 0x00000001, datareader_id: 0x800(6), subscriber_id: 0x800(4)
[35m[1785140784.057433][m info     | [34mProxyClient.cpp   [m | [37mcreate_topic            [m | [32mtopic created[m          | client_key: 0x00000001, topic_id: 0x801(2), participant_id: 0x001(1)
[35m[1785140784.057446][m info     | [34mProxyClient.cpp   [m | [37mcreate_subscriber       [m | [32msubscriber created[m     | client_key: 0x00000001, subscriber_id: 0x801(4), participant_id: 0x001(1)
[35m[1785140784.057627][m info     | [34mProxyClient.cpp   [m | [37mcreate_datareader       [m | [32mdatareader created[m     | client_key: 0x00000001, datareader_id: 0x801(6), subscriber_id: 0x801(4)
[35m[1785140784.057700][m info     | [34mProxyClient.cpp   [m | [37mcreate_topic            [m | [32mtopic created[m          | client_key: 0x00000001, topic_id: 0x802(2), participant_id: 0x001(1)
[35m[1785140784.057714][m info     | [34mProxyClient.cpp   [m | [37mcreate_subscriber       [m | [32msubscriber created[m     | client_key: 0x00000001, subscriber_id: 0x802(4), participant_id: 0x001(1)
[35m[1785140784.057891][m info     | [34mProxyClient.cpp   [m | [37mcreate_datareader       [m | [32mdatareader created[m     | client_key: 0x00000001, datareader_id: 0x802(6), subscriber_id: 0x802(4)
[35m[1785140784.057963][m info     | [34mProxyClient.cpp   [m | [37mcreate_topic            [m | [32mtopic created[m          | client_key: 0x00000001, topic_id: 0x803(2), participant_id: 0x001(1)
[35m[1785140784.057976][m info     | [34mProxyClient.cpp   [m | [37mcreate_subscriber       [m | [32msubscriber created[m     | client_key: 0x00000001, subscriber_id: 0x803(4), participant_id: 0x001(1)
[35m[1785140784.058160][m info     | [34mProxyClient.cpp   [m | [37mcreate_datareader       [m | [32mdatareader created[m     | client_key: 0x00000001, datareader_id: 0x803(6), subscriber_id: 0x803(4)
[35m[1785140784.058234][m info     | [34mProxyClient.cpp   [m | [37mcreate_topic            [m | [32mtopic created[m          | client_key: 0x00000001, topic_id: 0x804(2), participant_id: 0x001(1)
[35m[1785140784.058245][m info     | [34mProxyClient.cpp   [m | [37mcreate_subscriber       [m | [32msubscriber created[m     | client_key: 0x00000001, subscriber_id: 0x804(4), participant_id: 0x001(1)
[35m[1785140784.058432][m info     | [34mProxyClient.cpp   [m | [37mcreate_datareader       [m | [32mdatareader created[m     | client_key: 0x00000001, datareader_id: 0x804(6), subscriber_id: 0x804(4)
[35m[1785140784.058504][m info     | [34mProxyClient.cpp   [m | [37mcreate_topic            [m | [32mtopic created[m          | client_key: 0x00000001, topic_id: 0x805(2), participant_id: 0x001(1)
[35m[1785140784.058523][m info     | [34mProxyClient.cpp   [m | [37mcreate_subscriber       [m | [32msubscriber created[m     | client_key: 0x00000001, subscriber_id: 0x805(4), participant_id: 0x001(1)
[35m[1785140784.058704][m info     | [34mProxyClient.cpp   [m | [37mcreate_datareader       [m | [32mdatareader created[m     | client_key: 0x00000001, datareader_id: 0x805(6), subscriber_id: 0x805(4)
[35m[1785140784.058775][m info     | [34mProxyClient.cpp   [m | [37mcreate_topic            [m | [32mtopic created[m          | client_key: 0x00000001, topic_id: 0x806(2), participant_id: 0x001(1)
[35m[1785140784.058790][m info     | [34mProxyClient.cpp   [m | [37mcreate_subscriber       [m | [32msubscriber created[m     | client_key: 0x00000001, subscriber_id: 0x806(4), participant_id: 0x001(1)
[35m[1785140784.058982][m info     | [34mProxyClient.cpp   [m | [37mcreate_datareader       [m | [32mdatareader created[m     | client_key: 0x00000001, datareader_id: 0x806(6), subscriber_id: 0x806(4)
[35m[1785140784.059063][m info     | [34mProxyClient.cpp   [m | [37mcreate_topic            [m | [32mtopic created[m          | client_key: 0x00000001, topic_id: 0x807(2), participant_id: 0x001(1)
[35m[1785140784.059077][m info     | [34mProxyClient.cpp   [m | [37mcreate_subscriber       [m | [32msubscriber created[m     | client_key: 0x00000001, subscriber_id: 0x807(4), participant_id: 0x001(1)
[35m[1785140784.059260][m info     | [34mProxyClient.cpp   [m | [37mcreate_datareader       [m | [32mdatareader created[m     | client_key: 0x00000001, datareader_id: 0x807(6), subscriber_id: 0x807(4)
[35m[1785140784.059338][m info     | [34mProxyClient.cpp   [m | [37mcreate_topic            [m | [32mtopic created[m          | client_key: 0x00000001, topic_id: 0x808(2), participant_id: 0x001(1)
[35m[1785140784.059349][m info     | [34mProxyClient.cpp   [m | [37mcreate_subscriber       [m | [32msubscriber created[m     | client_key: 0x00000001, subscriber_id: 0x808(4), participant_id: 0x001(1)
[35m[1785140784.059533][m info     | [34mProxyClient.cpp   [m | [37mcreate_datareader       [m | [32mdatareader created[m     | client_key: 0x00000001, datareader_id: 0x808(6), subscriber_id: 0x808(4)
[35m[1785140784.059608][m info     | [34mProxyClient.cpp   [m | [37mcreate_topic            [m | [32mtopic created[m          | client_key: 0x00000001, topic_id: 0x809(2), participant_id: 0x001(1)
[35m[1785140784.059618][m info     | [34mProxyClient.cpp   [m | [37mcreate_subscriber       [m | [32msubscriber created[m     | client_key: 0x00000001, subscriber_id: 0x809(4), participant_id: 0x001(1)
[35m[1785140784.059819][m info     | [34mProxyClient.cpp   [m | [37mcreate_datareader       [m | [32mdatareader created[m     | client_key: 0x00000001, datareader_id: 0x809(6), subscriber_id: 0x809(4)
[35m[1785140784.059892][m info     | [34mProxyClient.cpp   [m | [37mcreate_topic            [m | [32mtopic created[m          | client_key: 0x00000001, topic_id: 0x80A(2), participant_id: 0x001(1)
[35m[1785140784.059907][m info     | [34mProxyClient.cpp   [m | [37mcreate_subscriber       [m | [32msubscriber created[m     | client_key: 0x00000001, subscriber_id: 0x80A(4), participant_id: 0x001(1)
[35m[1785140784.060081][m info     | [34mProxyClient.cpp   [m | [37mcreate_datareader       [m | [32mdatareader created[m     | client_key: 0x00000001, datareader_id: 0x80A(6), subscriber_id: 0x80A(4)
[35m[1785140784.060163][m info     | [34mProxyClient.cpp   [m | [37mcreate_topic            [m | [32mtopic created[m          | client_key: 0x00000001, topic_id: 0x80B(2), participant_id: 0x001(1)
[35m[1785140784.060181][m info     | [34mProxyClient.cpp   [m | [37mcreate_subscriber       [m | [32msubscriber created[m     | client_key: 0x00000001, subscriber_id: 0x80B(4), participant_id: 0x001(1)
[35m[1785140784.060354][m info     | [34mProxyClient.cpp   [m | [37mcreate_datareader       [m | [32mdatareader created[m     | client_key: 0x00000001, datareader_id: 0x80B(6), subscriber_id: 0x80B(4)
[35m[1785140784.060433][m info     | [34mProxyClient.cpp   [m | [37mcreate_topic            [m | [32mtopic created[m          | client_key: 0x00000001, topic_id: 0x80C(2), participant_id: 0x001(1)
[35m[1785140784.060443][m info     | [34mProxyClient.cpp   [m | [37mcreate_subscriber       [m | [32msubscriber created[m     | client_key: 0x00000001, subscriber_id: 0x80C(4), participant_id: 0x001(1)
[35m[1785140784.060638][m info     | [34mProxyClient.cpp   [m | [37mcreate_datareader       [m | [32mdatareader created[m     | client_key: 0x00000001, datareader_id: 0x80C(6), subscriber_id: 0x80C(4)
[35m[1785140784.060713][m info     | [34mProxyClient.cpp   [m | [37mcreate_topic            [m | [32mtopic created[m          | client_key: 0x00000001, topic_id: 0x80D(2), participant_id: 0x001(1)
[35m[1785140784.060724][m info     | [34mProxyClient.cpp   [m | [37mcreate_subscriber       [m | [32msubscriber created[m     | client_key: 0x00000001, subscriber_id: 0x80D(4), participant_id: 0x001(1)
[35m[1785140784.060905][m info     | [34mProxyClient.cpp   [m | [37mcreate_datareader       [m | [32mdatareader created[m     | client_key: 0x00000001, datareader_id: 0x80D(6), subscriber_id: 0x80D(4)
[35m[1785140784.060973][m info     | [34mProxyClient.cpp   [m | [37mcreate_topic            [m | [32mtopic created[m          | client_key: 0x00000001, topic_id: 0x80E(2), participant_id: 0x001(1)
[35m[1785140784.060994][m info     | [34mProxyClient.cpp   [m | [37mcreate_subscriber       [m | [32msubscriber created[m     | client_key: 0x00000001, subscriber_id: 0x80E(4), participant_id: 0x001(1)
[35m[1785140784.061242][m info     | [34mProxyClient.cpp   [m | [37mcreate_datareader       [m | [32mdatareader created[m     | client_key: 0x00000001, datareader_id: 0x80E(6), subscriber_id: 0x80E(4)
[35m[1785140784.061319][m info     | [34mProxyClient.cpp   [m | [37mcreate_topic            [m | [32mtopic created[m          | client_key: 0x00000001, topic_id: 0x80F(2), participant_id: 0x001(1)
[35m[1785140784.061334][m info     | [34mProxyClient.cpp   [m | [37mcreate_subscriber       [m | [32msubscriber created[m     | client_key: 0x00000001, subscriber_id: 0x80F(4), participant_id: 0x001(1)
[35m[1785140784.061514][m info     | [34mProxyClient.cpp   [m | [37mcreate_datareader       [m | [32mdatareader created[m     | client_key: 0x00000001, datareader_id: 0x80F(6), subscriber_id: 0x80F(4)
[35m[1785140784.061588][m info     | [34mProxyClient.cpp   [m | [37mcreate_topic            [m | [32mtopic created[m          | client_key: 0x00000001, topic_id: 0x810(2), participant_id: 0x001(1)
[35m[1785140784.061598][m info     | [34mProxyClient.cpp   [m | [37mcreate_subscriber       [m | [32msubscriber created[m     | client_key: 0x00000001, subscriber_id: 0x810(4), participant_id: 0x001(1)
[35m[1785140784.061777][m info     | [34mProxyClient.cpp   [m | [37mcreate_datareader       [m | [32mdatareader created[m     | client_key: 0x00000001, datareader_id: 0x810(6), subscriber_id: 0x810(4)
[35m[1785140784.061845][m info     | [34mProxyClient.cpp   [m | [37mcreate_topic            [m | [32mtopic created[m          | client_key: 0x00000001, topic_id: 0x811(2), participant_id: 0x001(1)
[35m[1785140784.061855][m info     | [34mProxyClient.cpp   [m | [37mcreate_subscriber       [m | [32msubscriber created[m     | client_key: 0x00000001, subscriber_id: 0x811(4), participant_id: 0x001(1)
[35m[1785140784.062033][m info     | [34mProxyClient.cpp   [m | [37mcreate_datareader       [m | [32mdatareader created[m     | client_key: 0x00000001, datareader_id: 0x811(6), subscriber_id: 0x811(4)
[35m[1785140784.062100][m info     | [34mProxyClient.cpp   [m | [37mcreate_topic            [m | [32mtopic created[m          | client_key: 0x00000001, topic_id: 0x812(2), participant_id: 0x001(1)
[35m[1785140784.062115][m info     | [34mProxyClient.cpp   [m | [37mcreate_subscriber       [m | [32msubscriber created[m     | client_key: 0x00000001, subscriber_id: 0x812(4), participant_id: 0x001(1)
[35m[1785140784.062320][m info     | [34mProxyClient.cpp   [m | [37mcreate_datareader       [m | [32mdatareader created[m     | client_key: 0x00000001, datareader_id: 0x812(6), subscriber_id: 0x812(4)
[35m[1785140784.062395][m info     | [34mProxyClient.cpp   [m | [37mcreate_topic            [m | [32mtopic created[m          | client_key: 0x00000001, topic_id: 0x813(2), participant_id: 0x001(1)
[35m[1785140784.062410][m info     | [34mProxyClient.cpp   [m | [37mcreate_subscriber       [m | [32msubscriber created[m     | client_key: 0x00000001, subscriber_id: 0x813(4), participant_id: 0x001(1)
[35m[1785140784.062592][m info     | [34mProxyClient.cpp   [m | [37mcreate_datareader       [m | [32mdatareader created[m     | client_key: 0x00000001, datareader_id: 0x813(6), subscriber_id: 0x813(4)
[35m[1785140784.062662][m info     | [34mProxyClient.cpp   [m | [37mcreate_topic            [m | [32mtopic created[m          | client_key: 0x00000001, topic_id: 0x814(2), participant_id: 0x001(1)
[35m[1785140784.062676][m info     | [34mProxyClient.cpp   [m | [37mcreate_subscriber       [m | [32msubscriber created[m     | client_key: 0x00000001, subscriber_id: 0x814(4), participant_id: 0x001(1)
[35m[1785140784.062858][m info     | [34mProxyClient.cpp   [m | [37mcreate_datareader       [m | [32mdatareader created[m     | client_key: 0x00000001, datareader_id: 0x814(6), subscriber_id: 0x814(4)
[35m[1785140784.062925][m info     | [34mProxyClient.cpp   [m | [37mcreate_topic            [m | [32mtopic created[m          | client_key: 0x00000001, topic_id: 0x815(2), participant_id: 0x001(1)
[35m[1785140784.062935][m info     | [34mProxyClient.cpp   [m | [37mcreate_subscriber       [m | [32msubscriber created[m     | client_key: 0x00000001, subscriber_id: 0x815(4), participant_id: 0x001(1)
[35m[1785140784.063122][m info     | [34mProxyClient.cpp   [m | [37mcreate_datareader       [m | [32mdatareader created[m     | client_key: 0x00000001, datareader_id: 0x815(6), subscriber_id: 0x815(4)
[35m[1785140784.063199][m info     | [34mProxyClient.cpp   [m | [37mcreate_topic            [m | [32mtopic created[m          | client_key: 0x00000001, topic_id: 0x816(2), participant_id: 0x001(1)
[35m[1785140784.063217][m info     | [34mProxyClient.cpp   [m | [37mcreate_subscriber       [m | [32msubscriber created[m     | client_key: 0x00000001, subscriber_id: 0x816(4), participant_id: 0x001(1)
[35m[1785140784.063399][m info     | [34mProxyClient.cpp   [m | [37mcreate_datareader       [m | [32mdatareader created[m     | client_key: 0x00000001, datareader_id: 0x816(6), subscriber_id: 0x816(4)
[35m[1785140784.063471][m info     | [34mProxyClient.cpp   [m | [37mcreate_topic            [m | [32mtopic created[m          | client_key: 0x00000001, topic_id: 0x817(2), participant_id: 0x001(1)
[35m[1785140784.063481][m info     | [34mProxyClient.cpp   [m | [37mcreate_subscriber       [m | [32msubscriber created[m     | client_key: 0x00000001, subscriber_id: 0x817(4), participant_id: 0x001(1)
[35m[1785140784.063666][m info     | [34mProxyClient.cpp   [m | [37mcreate_datareader       [m | [32mdatareader created[m     | client_key: 0x00000001, datareader_id: 0x817(6), subscriber_id: 0x817(4)
[35m[1785140784.063732][m info     | [34mProxyClient.cpp   [m | [37mcreate_topic            [m | [32mtopic created[m          | client_key: 0x00000001, topic_id: 0x818(2), participant_id: 0x001(1)
[35m[1785140784.063742][m info     | [34mProxyClient.cpp   [m | [37mcreate_subscriber       [m | [32msubscriber created[m     | client_key: 0x00000001, subscriber_id: 0x818(4), participant_id: 0x001(1)
[35m[1785140784.063924][m info     | [34mProxyClient.cpp   [m | [37mcreate_datareader       [m | [32mdatareader created[m     | client_key: 0x00000001, datareader_id: 0x818(6), subscriber_id: 0x818(4)
[35m[1785140784.064049][m info     | [34mProxyClient.cpp   [m | [37mcreate_topic            [m | [32mtopic created[m          | client_key: 0x00000001, topic_id: 0x819(2), participant_id: 0x001(1)
[35m[1785140784.064060][m info     | [34mProxyClient.cpp   [m | [37mcreate_subscriber       [m | [32msubscriber created[m     | client_key: 0x00000001, subscriber_id: 0x819(4), participant_id: 0x001(1)
[35m[1785140784.064256][m info     | [34mProxyClient.cpp   [m | [37mcreate_datareader       [m | [32mdatareader created[m     | client_key: 0x00000001, datareader_id: 0x819(6), subscriber_id: 0x819(4)
[35m[1785140784.064337][m info     | [34mProxyClient.cpp   [m | [37mcreate_topic            [m | [32mtopic created[m          | client_key: 0x00000001, topic_id: 0x81A(2), participant_id: 0x001(1)
[35m[1785140784.064347][m info     | [34mProxyClient.cpp   [m | [37mcreate_subscriber       [m | [32msubscriber created[m     | client_key: 0x00000001, subscriber_id: 0x81A(4), participant_id: 0x001(1)
[35m[1785140784.064737][m info     | [34mProxyClient.cpp   [m | [37mcreate_datareader       [m | [32mdatareader created[m     | client_key: 0x00000001, datareader_id: 0x81A(6), subscriber_id: 0x81A(4)
[35m[1785140784.064810][m info     | [34mProxyClient.cpp   [m | [37mcreate_topic            [m | [32mtopic created[m          | client_key: 0x00000001, topic_id: 0x81B(2), participant_id: 0x001(1)
[35m[1785140784.064820][m info     | [34mProxyClient.cpp   [m | [37mcreate_subscriber       [m | [32msubscriber created[m     | client_key: 0x00000001, subscriber_id: 0x81B(4), participant_id: 0x001(1)
[35m[1785140784.065008][m info     | [34mProxyClient.cpp   [m | [37mcreate_datareader       [m | [32mdatareader created[m     | client_key: 0x00000001, datareader_id: 0x81B(6), subscriber_id: 0x81B(4)
[35m[1785140784.065075][m info     | [34mProxyClient.cpp   [m | [37mcreate_topic            [m | [32mtopic created[m          | client_key: 0x00000001, topic_id: 0x81C(2), participant_id: 0x001(1)
[35m[1785140784.065085][m info     | [34mProxyClient.cpp   [m | [37mcreate_subscriber       [m | [32msubscriber created[m     | client_key: 0x00000001, subscriber_id: 0x81C(4), participant_id: 0x001(1)
[35m[1785140784.065288][m info     | [34mProxyClient.cpp   [m | [37mcreate_datareader       [m | [32mdatareader created[m     | client_key: 0x00000001, datareader_id: 0x81C(6), subscriber_id: 0x81C(4)
[35m[1785140784.065725][m info     | [34mProxyClient.cpp   [m | [37mcreate_replier          [m | [32mreplier created[m        | client_key: 0x00000001, requester_id: 0x800(7), participant_id: 0x001(1)
[35m[1785140790.051183][m info     | [34mProxyClient.cpp   [m | [37mcreate_topic            [m | [32mtopic created[m          | client_key: 0x00000001, topic_id: 0x013(2), participant_id: 0x001(1)
[35m[1785140790.051244][m info     | [34mProxyClient.cpp   [m | [37mcreate_publisher        [m | [32mpublisher created[m      | client_key: 0x00000001, publisher_id: 0x013(3), participant_id: 0x001(1)
[35m[1785140790.051485][m info     | [34mProxyClient.cpp   [m | [37mcreate_datawriter       [m | [32mdatawriter created[m     | client_key: 0x00000001, datawriter_id: 0x013(5), publisher_id: 0x013(3)
[35m[1785140790.051580][m info     | [34mProxyClient.cpp   [m | [37mcreate_topic            [m | [32mtopic created[m          | client_key: 0x00000001, topic_id: 0x057(2), participant_id: 0x001(1)
[35m[1785140790.051611][m info     | [34mProxyClient.cpp   [m | [37mcreate_publisher        [m | [32mpublisher created[m      | client_key: 0x00000001, publisher_id: 0x057(3), participant_id: 0x001(1)
[35m[1785140790.051722][m info     | [34mProxyClient.cpp   [m | [37mcreate_datawriter       [m | [32mdatawriter created[m     | client_key: 0x00000001, datawriter_id: 0x057(5), publisher_id: 0x057(3)
[35m[1785140790.051778][m info     | [34mProxyClient.cpp   [m | [37mcreate_topic            [m | [32mtopic created[m          | client_key: 0x00000001, topic_id: 0x05D(2), participant_id: 0x001(1)
[35m[1785140790.051818][m info     | [34mProxyClient.cpp   [m | [37mcreate_publisher        [m | [32mpublisher created[m      | client_key: 0x00000001, publisher_id: 0x05D(3), participant_id: 0x001(1)
[35m[1785140790.051925][m info     | [34mProxyClient.cpp   [m | [37mcreate_datawriter       [m | [32mdatawriter created[m     | client_key: 0x00000001, datawriter_id: 0x05D(5), publisher_id: 0x05D(3)
[35m[1785140790.051982][m info     | [34mProxyClient.cpp   [m | [37mcreate_topic            [m | [32mtopic created[m          | client_key: 0x00000001, topic_id: 0x08D(2), participant_id: 0x001(1)
[35m[1785140790.051993][m info     | [34mProxyClient.cpp   [m | [37mcreate_publisher        [m | [32mpublisher created[m      | client_key: 0x00000001, publisher_id: 0x08D(3), participant_id: 0x001(1)
[35m[1785140790.052122][m info     | [34mProxyClient.cpp   [m | [37mcreate_datawriter       [m | [32mdatawriter created[m     | client_key: 0x00000001, datawriter_id: 0x08D(5), publisher_id: 0x08D(3)
[35m[1785140790.052188][m info     | [34mProxyClient.cpp   [m | [37mcreate_topic            [m | [32mtopic created[m          | client_key: 0x00000001, topic_id: 0x0B4(2), participant_id: 0x001(1)
[35m[1785140790.052216][m info     | [34mProxyClient.cpp   [m | [37mcreate_publisher        [m | [32mpublisher created[m      | client_key: 0x00000001, publisher_id: 0x0B4(3), participant_id: 0x001(1)
[35m[1785140790.052330][m info     | [34mProxyClient.cpp   [m | [37mcreate_datawriter       [m | [32mdatawriter created[m     | client_key: 0x00000001, datawriter_id: 0x0B4(5), publisher_id: 0x0B4(3)
[35m[1785140790.052388][m info     | [34mProxyClient.cpp   [m | [37mcreate_topic            [m | [32mtopic created[m          | client_key: 0x00000001, topic_id: 0x0CB(2), participant_id: 0x001(1)
[35m[1785140790.052406][m info     | [34mProxyClient.cpp   [m | [37mcreate_publisher        [m | [32mpublisher created[m      | client_key: 0x00000001, publisher_id: 0x0CB(3), participant_id: 0x001(1)
[35m[1785140790.052519][m info     | [34mProxyClient.cpp   [m | [37mcreate_datawriter       [m | [32mdatawriter created[m     | client_key: 0x00000001, datawriter_id: 0x0CB(5), publisher_id: 0x0CB(3)
[35m[1785140790.052565][m info     | [34mProxyClient.cpp   [m | [37mcreate_topic            [m | [32mtopic created[m          | client_key: 0x00000001, topic_id: 0x0E2(2), participant_id: 0x001(1)
[35m[1785140790.052583][m info     | [34mProxyClient.cpp   [m | [37mcreate_publisher        [m | [32mpublisher created[m      | client_key: 0x00000001, publisher_id: 0x0E2(3), participant_id: 0x001(1)
[35m[1785140790.052690][m info     | [34mProxyClient.cpp   [m | [37mcreate_datawriter       [m | [32mdatawriter created[m     | client_key: 0x00000001, datawriter_id: 0x0E2(5), publisher_id: 0x0E2(3)
[35m[1785140790.052737][m info     | [34mProxyClient.cpp   [m | [37mcreate_topic            [m | [32mtopic created[m          | client_key: 0x00000001, topic_id: 0x0F2(2), participant_id: 0x001(1)
[35m[1785140790.052749][m info     | [34mProxyClient.cpp   [m | [37mcreate_publisher        [m | [32mpublisher created[m      | client_key: 0x00000001, publisher_id: 0x0F2(3), participant_id: 0x001(1)
[35m[1785140790.052856][m info     | [34mProxyClient.cpp   [m | [37mcreate_datawriter       [m | [32mdatawriter created[m     | client_key: 0x00000001, datawriter_id: 0x0F2(5), publisher_id: 0x0F2(3)
[35m[1785140790.052898][m info     | [34mProxyClient.cpp   [m | [37mcreate_topic            [m | [32mtopic created[m          | client_key: 0x00000001, topic_id: 0x0F9(2), participant_id: 0x001(1)
[35m[1785140790.052916][m info     | [34mProxyClient.cpp   [m | [37mcreate_publisher        [m | [32mpublisher created[m      | client_key: 0x00000001, publisher_id: 0x0F9(3), participant_id: 0x001(1)
[35m[1785140790.053021][m info     | [34mProxyClient.cpp   [m | [37mcreate_datawriter       [m | [32mdatawriter created[m     | client_key: 0x00000001, datawriter_id: 0x0F9(5), publisher_id: 0x0F9(3)
[35m[1785140790.053076][m info     | [34mProxyClient.cpp   [m | [37mcreate_topic            [m | [32mtopic created[m          | client_key: 0x00000001, topic_id: 0x0FA(2), participant_id: 0x001(1)
[35m[1785140790.053087][m info     | [34mProxyClient.cpp   [m | [37mcreate_publisher        [m | [32mpublisher created[m      | client_key: 0x00000001, publisher_id: 0x0FA(3), participant_id: 0x001(1)
[35m[1785140790.053202][m info     | [34mProxyClient.cpp   [m | [37mcreate_datawriter       [m | [32mdatawriter created[m     | client_key: 0x00000001, datawriter_id: 0x0FA(5), publisher_id: 0x0FA(3)
[35m[1785140790.053264][m info     | [34mProxyClient.cpp   [m | [37mcreate_topic            [m | [32mtopic created[m          | client_key: 0x00000001, topic_id: 0x0FC(2), participant_id: 0x001(1)
[35m[1785140790.053282][m info     | [34mProxyClient.cpp   [m | [37mcreate_publisher        [m | [32mpublisher created[m      | client_key: 0x00000001, publisher_id: 0x0FC(3), participant_id: 0x001(1)
[35m[1785140790.053393][m info     | [34mProxyClient.cpp   [m | [37mcreate_datawriter       [m | [32mdatawriter created[m     | client_key: 0x00000001, datawriter_id: 0x0FC(5), publisher_id: 0x0FC(3)
[35m[1785140790.053444][m info     | [34mProxyClient.cpp   [m | [37mcreate_topic            [m | [32mtopic created[m          | client_key: 0x00000001, topic_id: 0x100(2), participant_id: 0x001(1)
[35m[1785140790.053456][m info     | [34mProxyClient.cpp   [m | [37mcreate_publisher        [m | [32mpublisher created[m      | client_key: 0x00000001, publisher_id: 0x100(3), participant_id: 0x001(1)
[35m[1785140790.053565][m info     | [34mProxyClient.cpp   [m | [37mcreate_datawriter       [m | [32mdatawriter created[m     | client_key: 0x00000001, datawriter_id: 0x100(5), publisher_id: 0x100(3)
[35m[1785140790.053610][m info     | [34mProxyClient.cpp   [m | [37mcreate_topic            [m | [32mtopic created[m          | client_key: 0x00000001, topic_id: 0x105(2), participant_id: 0x001(1)
[35m[1785140790.053621][m info     | [34mProxyClient.cpp   [m | [37mcreate_publisher        [m | [32mpublisher created[m      | client_key: 0x00000001, publisher_id: 0x105(3), participant_id: 0x001(1)
[35m[1785140790.053744][m info     | [34mProxyClient.cpp   [m | [37mcreate_datawriter       [m | [32mdatawriter created[m     | client_key: 0x00000001, datawriter_id: 0x105(5), publisher_id: 0x105(3)
[35m[1785140790.053793][m info     | [34mProxyClient.cpp   [m | [37mcreate_topic            [m | [32mtopic created[m          | client_key: 0x00000001, topic_id: 0x10A(2), participant_id: 0x001(1)
[35m[1785140790.053805][m info     | [34mProxyClient.cpp   [m | [37mcreate_publisher        [m | [32mpublisher created[m      | client_key: 0x00000001, publisher_id: 0x10A(3), participant_id: 0x001(1)
[35m[1785140790.053916][m info     | [34mProxyClient.cpp   [m | [37mcreate_datawriter       [m | [32mdatawriter created[m     | client_key: 0x00000001, datawriter_id: 0x10A(5), publisher_id: 0x10A(3)
[35m[1785140801.556370][m info     | [34mProxyClient.cpp   [m | [37mcreate_topic            [m | [32mtopic created[m          | client_key: 0x00000001, topic_id: 0x0F6(2), participant_id: 0x001(1)
[35m[1785140801.556415][m info     | [34mProxyClient.cpp   [m | [37mcreate_publisher        [m | [32mpublisher created[m      | client_key: 0x00000001, publisher_id: 0x0F6(3), participant_id: 0x001(1)
[35m[1785140801.556640][m info     | [34mProxyClient.cpp   [m | [37mcreate_datawriter       [m | [32mdatawriter created[m     | client_key: 0x00000001, datawriter_id: 0x0F6(5), publisher_id: 0x0F6(3)
