[INFO] [1785140731.143050386] [rosbag2_recorder]: Press SPACE for pausing/resuming
[INFO] [1785140731.144003155] [rosbag2_storage]: Opened database '/tmp/experiments_06_formal_20260727/trials/eight_uav_line_to_circle__linear_ladrc__r02/rosbag/rosbag_0.db3' for READ_WRITE.
[INFO] [1785140731.144375398] [rosbag2_recorder]: Listening for topics...
[INFO] [1785140731.144392210] [rosbag2_recorder]: Event publisher thread: Starting
[INFO] [1785140731.144457022] [rosbag2_recorder]: Recording...
[INFO] [1785140731.447712145] [rosbag2_recorder]: Subscribed to topic '/uav1/odom'
[INFO] [1785140731.448892905] [rosbag2_recorder]: Subscribed to topic '/uav1/trajectory_metrics'
[INFO] [1785140731.449379544] [rosbag2_recorder]: Subscribed to topic '/uav7/odom'
[INFO] [1785140731.449922129] [rosbag2_recorder]: Subscribed to topic '/uav1/status'
[INFO] [1785140731.450504940] [rosbag2_recorder]: Subscribed to topic '/uav4/odom'
[INFO] [1785140731.451157873] [rosbag2_recorder]: Subscribed to topic '/uav7/trajectory_metrics'
[INFO] [1785140731.451827678] [rosbag2_recorder]: Subscribed to topic '/uav4/status'
[INFO] [1785140731.452425948] [rosbag2_recorder]: Subscribed to topic '/uav4/trajectory_metrics'
[INFO] [1785140731.453013277] [rosbag2_recorder]: Subscribed to topic '/uav6/odom'
[INFO] [1785140731.453652224] [rosbag2_recorder]: Subscribed to topic '/uav6/status'
[INFO] [1785140731.454307872] [rosbag2_recorder]: Subscribed to topic '/uav6/trajectory_metrics'
[INFO] [1785140731.455043291] [rosbag2_recorder]: Subscribed to topic '/uav7/status'
[INFO] [1785140731.557252278] [rosbag2_recorder]: Subscribed to topic '/uav3/trajectory_metrics'
[INFO] [1785140731.558694863] [rosbag2_recorder]: Subscribed to topic '/px4_7/fmu/out/vehicle_odometry'
[INFO] [1785140731.559222339] [rosbag2_recorder]: Subscribed to topic '/uav8/status'
[INFO] [1785140731.559730459] [rosbag2_recorder]: Subscribed to topic '/uav5/odom'
[INFO] [1785140731.560229100] [rosbag2_recorder]: Subscribed to topic '/uav8/odom'
[INFO] [1785140731.560709057] [rosbag2_recorder]: Subscribed to topic '/uav5/trajectory_metrics'
[INFO] [1785140731.561188643] [rosbag2_recorder]: Subscribed to topic '/uav3/odom'
[INFO] [1785140731.561652649] [rosbag2_recorder]: Subscribed to topic '/px4_2/fmu/out/vehicle_odometry'
[INFO] [1785140731.562115233] [rosbag2_recorder]: Subscribed to topic '/uav3/status'
[INFO] [1785140731.562636367] [rosbag2_recorder]: Subscribed to topic '/uav2/status'
[INFO] [1785140731.563336048] [rosbag2_recorder]: Subscribed to topic '/px4_2/fmu/out/vehicle_status'
[INFO] [1785140731.563824220] [rosbag2_recorder]: Subscribed to topic '/uav2/odom'
[INFO] [1785140731.564325176] [rosbag2_recorder]: Subscribed to topic '/px4_7/fmu/out/vehicle_status'
[INFO] [1785140731.564800234] [rosbag2_recorder]: Subscribed to topic '/uav5/status'
[INFO] [1785140731.565300168] [rosbag2_recorder]: Subscribed to topic '/uav2/trajectory_metrics'
[INFO] [1785140731.565764765] [rosbag2_recorder]: Subscribed to topic '/uav8/trajectory_metrics'
[INFO] [1785140731.986486381] [rosbag2_recorder]: Subscribed to topic '/px4_3/fmu/out/vehicle_odometry'
[INFO] [1785140731.987160014] [rosbag2_recorder]: Subscribed to topic '/px4_3/fmu/out/vehicle_status'
[INFO] [1785140732.089921554] [rosbag2_recorder]: Subscribed to topic '/px4_8/fmu/out/vehicle_odometry'
[INFO] [1785140732.090424574] [rosbag2_recorder]: Subscribed to topic '/px4_8/fmu/out/vehicle_status'
[INFO] [1785140732.602126791] [rosbag2_recorder]: Subscribed to topic '/px4_4/fmu/out/vehicle_odometry'
[INFO] [1785140732.602648746] [rosbag2_recorder]: Subscribed to topic '/px4_4/fmu/out/vehicle_status'
[INFO] [1785140733.246313674] [rosbag2_recorder]: Subscribed to topic '/px4_5/fmu/out/vehicle_odometry'
[INFO] [1785140733.247099398] [rosbag2_recorder]: Subscribed to topic '/px4_5/fmu/out/vehicle_status'
[INFO] [1785140734.175061984] [rosbag2_recorder]: Subscribed to topic '/px4_1/fmu/out/vehicle_odometry'
[INFO] [1785140734.175690241] [rosbag2_recorder]: Subscribed to topic '/px4_1/fmu/out/vehicle_status'
[INFO] [1785140734.176260147] [rosbag2_recorder]: Subscribed to topic '/px4_6/fmu/out/vehicle_odometry'
[INFO] [1785140734.176795558] [rosbag2_recorder]: Subscribed to topic '/px4_6/fmu/out/vehicle_status'
[INFO] [1785140734.281283900] [rosbag2_recorder]: Subscribed to topic '/uav3/swarm_command'
[INFO] [1785140734.282006365] [rosbag2_recorder]: Subscribed to topic '/uav1/swarm_command'
[INFO] [1785140734.282607420] [rosbag2_recorder]: Subscribed to topic '/uav2/swarm_command'
[INFO] [1785140734.283176214] [rosbag2_recorder]: Subscribed to topic '/uav5/swarm_command'
[INFO] [1785140734.284033002] [rosbag2_recorder]: Subscribed to topic '/uav7/swarm_command'
[INFO] [1785140734.284605754] [rosbag2_recorder]: Subscribed to topic '/uav4/swarm_command'
[INFO] [1785140734.285232097] [rosbag2_recorder]: Subscribed to topic '/uav6/swarm_command'
[INFO] [1785140734.285834585] [rosbag2_recorder]: Subscribed to topic '/uav8/swarm_command'
[INFO] [1785140734.285849573] [rosbag2_recorder]: All requested topics are subscribed. Stopping discovery...
[INFO] [1785140768.859358522] [rosbag2_cpp]: Writing remaining messages from cache to the bag. It may take a while
[INFO] [1785140768.861779694] [rosbag2_recorder]: Event publisher thread: Exiting
[INFO] [1785140768.861829869] [rosbag2_recorder]: Recording stopped
