[INFO] [1785137112.955939434] [rosbag2_recorder]: Press SPACE for pausing/resuming
[INFO] [1785137112.957379201] [rosbag2_storage]: Opened database '/tmp/experiments_06_formal_20260727/trials/five_uav_circle__minimum_jerk_ladrc__r03/rosbag/rosbag_0.db3' for READ_WRITE.
[INFO] [1785137112.958086630] [rosbag2_recorder]: Listening for topics...
[INFO] [1785137112.958100658] [rosbag2_recorder]: Event publisher thread: Starting
[INFO] [1785137112.960619395] [rosbag2_recorder]: Subscribed to topic '/uav3/trajectory_metrics'
[INFO] [1785137112.961596514] [rosbag2_recorder]: Subscribed to topic '/uav3/odom'
[INFO] [1785137112.962309915] [rosbag2_recorder]: Subscribed to topic '/uav4/odom'
[INFO] [1785137112.962885284] [rosbag2_recorder]: Subscribed to topic '/uav3/status'
[INFO] [1785137112.963502777] [rosbag2_recorder]: Subscribed to topic '/uav2/status'
[INFO] [1785137112.964055613] [rosbag2_recorder]: Subscribed to topic '/uav4/trajectory_metrics'
[INFO] [1785137112.964451420] [rosbag2_recorder]: Subscribed to topic '/uav4/status'
[INFO] [1785137112.964839051] [rosbag2_recorder]: Subscribed to topic '/uav2/odom'
[INFO] [1785137112.965209790] [rosbag2_recorder]: Subscribed to topic '/uav1/status'
[INFO] [1785137112.965573835] [rosbag2_recorder]: Subscribed to topic '/uav2/trajectory_metrics'
[INFO] [1785137112.965934102] [rosbag2_recorder]: Subscribed to topic '/uav1/trajectory_metrics'
[INFO] [1785137112.966457911] [rosbag2_recorder]: Subscribed to topic '/uav1/odom'
[INFO] [1785137112.966510534] [rosbag2_recorder]: Recording...
[INFO] [1785137112.968881280] [rosbag2_recorder]: Subscribed to topic '/px4_1/fmu/out/vehicle_odometry'
[INFO] [1785137112.969282147] [rosbag2_recorder]: Subscribed to topic '/uav5/status'
[INFO] [1785137112.969667945] [rosbag2_recorder]: Subscribed to topic '/px4_4/fmu/out/vehicle_odometry'
[INFO] [1785137112.970029375] [rosbag2_recorder]: Subscribed to topic '/px4_3/fmu/out/vehicle_odometry'
[INFO] [1785137112.970420252] [rosbag2_recorder]: Subscribed to topic '/uav5/trajectory_metrics'
[INFO] [1785137112.970782303] [rosbag2_recorder]: Subscribed to topic '/px4_5/fmu/out/vehicle_odometry'
[INFO] [1785137112.971159905] [rosbag2_recorder]: Subscribed to topic '/uav5/odom'
[INFO] [1785137113.377733268] [rosbag2_recorder]: Subscribed to topic '/px4_2/fmu/out/vehicle_odometry'
[INFO] [1785137115.313881632] [rosbag2_recorder]: Subscribed to topic '/uav3/swarm_command'
[INFO] [1785137115.314432243] [rosbag2_recorder]: Subscribed to topic '/uav4/swarm_command'
[INFO] [1785137115.314916644] [rosbag2_recorder]: Subscribed to topic '/uav1/swarm_command'
[INFO] [1785137115.315381677] [rosbag2_recorder]: Subscribed to topic '/uav2/swarm_command'
[INFO] [1785137115.315816270] [rosbag2_recorder]: Subscribed to topic '/uav5/swarm_command'
[INFO] [1785137115.315827953] [rosbag2_recorder]: All requested topics are subscribed. Stopping discovery...
[INFO] [1785137146.219385666] [rosbag2_cpp]: Writing remaining messages from cache to the bag. It may take a while
[INFO] [1785137146.220964860] [rosbag2_recorder]: Event publisher thread: Exiting
[INFO] [1785137146.221027432] [rosbag2_recorder]: Recording stopped
