[INFO] [1785138489.299676550] [rosbag2_recorder]: Press SPACE for pausing/resuming
[INFO] [1785138489.301402989] [rosbag2_storage]: Opened database '/tmp/experiments_06_formal_20260727/trials/eight_uav_line_to_circle__minimum_jerk_ladrc__r05/rosbag/rosbag_0.db3' for READ_WRITE.
[INFO] [1785138489.302718601] [rosbag2_recorder]: Listening for topics...
[INFO] [1785138489.304411446] [rosbag2_recorder]: Event publisher thread: Starting
[INFO] [1785138489.305449382] [rosbag2_recorder]: Subscribed to topic '/uav8/trajectory_metrics'
[INFO] [1785138489.306109251] [rosbag2_recorder]: Subscribed to topic '/uav8/status'
[INFO] [1785138489.306910158] [rosbag2_recorder]: Subscribed to topic '/uav3/trajectory_metrics'
[INFO] [1785138489.307732405] [rosbag2_recorder]: Subscribed to topic '/uav3/odom'
[INFO] [1785138489.308483478] [rosbag2_recorder]: Subscribed to topic '/uav8/odom'
[INFO] [1785138489.309266831] [rosbag2_recorder]: Subscribed to topic '/uav2/trajectory_metrics'
[INFO] [1785138489.310224835] [rosbag2_recorder]: Subscribed to topic '/uav3/status'
[INFO] [1785138489.310844849] [rosbag2_recorder]: Subscribed to topic '/uav2/status'
[INFO] [1785138489.311833602] [rosbag2_recorder]: Subscribed to topic '/uav2/odom'
[INFO] [1785138489.311906730] [rosbag2_recorder]: Recording...
[INFO] [1785138489.313865840] [rosbag2_recorder]: Subscribed to topic '/uav5/odom'
[INFO] [1785138489.314822492] [rosbag2_recorder]: Subscribed to topic '/uav5/status'
[INFO] [1785138489.315554909] [rosbag2_recorder]: Subscribed to topic '/uav5/trajectory_metrics'
[INFO] [1785138489.316387916] [rosbag2_recorder]: Subscribed to topic '/uav4/trajectory_metrics'
[INFO] [1785138489.318437006] [rosbag2_recorder]: Subscribed to topic '/uav4/status'
[INFO] [1785138489.319747187] [rosbag2_recorder]: Subscribed to topic '/uav4/odom'
[INFO] [1785138489.422269974] [rosbag2_recorder]: Subscribed to topic '/uav7/odom'
[INFO] [1785138489.423725510] [rosbag2_recorder]: Subscribed to topic '/px4_6/fmu/out/vehicle_odometry'
[INFO] [1785138489.424122762] [rosbag2_recorder]: Subscribed to topic '/px4_4/fmu/out/vehicle_odometry'
[INFO] [1785138489.424496580] [rosbag2_recorder]: Subscribed to topic '/px4_1/fmu/out/vehicle_odometry'
[INFO] [1785138489.424875969] [rosbag2_recorder]: Subscribed to topic '/uav7/status'
[INFO] [1785138489.425269003] [rosbag2_recorder]: Subscribed to topic '/px4_8/fmu/out/vehicle_odometry'
[INFO] [1785138489.425730828] [rosbag2_recorder]: Subscribed to topic '/uav7/trajectory_metrics'
[INFO] [1785138490.632302001] [rosbag2_recorder]: Subscribed to topic '/uav6/odom'
[INFO] [1785138490.633219729] [rosbag2_recorder]: Subscribed to topic '/px4_3/fmu/out/vehicle_odometry'
[INFO] [1785138490.633788857] [rosbag2_recorder]: Subscribed to topic '/uav6/trajectory_metrics'
[INFO] [1785138490.634280387] [rosbag2_recorder]: Subscribed to topic '/uav6/status'
[INFO] [1785138490.634752672] [rosbag2_recorder]: Subscribed to topic '/px4_5/fmu/out/vehicle_odometry'
[INFO] [1785138490.635204558] [rosbag2_recorder]: Subscribed to topic '/uav1/status'
[INFO] [1785138490.635688384] [rosbag2_recorder]: Subscribed to topic '/px4_7/fmu/out/vehicle_odometry'
[INFO] [1785138490.636134128] [rosbag2_recorder]: Subscribed to topic '/uav1/odom'
[INFO] [1785138490.636581345] [rosbag2_recorder]: Subscribed to topic '/uav1/trajectory_metrics'
[INFO] [1785138490.740323098] [rosbag2_recorder]: Subscribed to topic '/px4_2/fmu/out/vehicle_odometry'
[INFO] [1785138492.396648979] [rosbag2_recorder]: Subscribed to topic '/uav3/swarm_command'
[INFO] [1785138492.397226833] [rosbag2_recorder]: Subscribed to topic '/uav5/swarm_command'
[INFO] [1785138492.397735797] [rosbag2_recorder]: Subscribed to topic '/uav2/swarm_command'
[INFO] [1785138492.398249400] [rosbag2_recorder]: Subscribed to topic '/uav1/swarm_command'
[INFO] [1785138492.398715101] [rosbag2_recorder]: Subscribed to topic '/uav7/swarm_command'
[INFO] [1785138492.399155175] [rosbag2_recorder]: Subscribed to topic '/uav4/swarm_command'
[INFO] [1785138492.399609084] [rosbag2_recorder]: Subscribed to topic '/uav6/swarm_command'
[INFO] [1785138492.400083923] [rosbag2_recorder]: Subscribed to topic '/uav8/swarm_command'
[INFO] [1785138492.400119431] [rosbag2_recorder]: All requested topics are subscribed. Stopping discovery...
[INFO] [1785138527.520256354] [rosbag2_cpp]: Writing remaining messages from cache to the bag. It may take a while
[INFO] [1785138527.522734265] [rosbag2_recorder]: Event publisher thread: Exiting
[INFO] [1785138527.522802074] [rosbag2_recorder]: Recording stopped
