[INFO] [1785140899.683589966] [rosbag2_recorder]: Press SPACE for pausing/resuming
[INFO] [1785140899.685390597] [rosbag2_storage]: Opened database '/tmp/experiments_06_formal_20260727/trials/eight_uav_line_to_circle__minimum_jerk_ladrc__r03/rosbag/rosbag_0.db3' for READ_WRITE.
[INFO] [1785140899.686204464] [rosbag2_recorder]: Listening for topics...
[INFO] [1785140899.686228720] [rosbag2_recorder]: Event publisher thread: Starting
[INFO] [1785140899.688104773] [rosbag2_recorder]: Subscribed to topic '/uav7/status'
[INFO] [1785140899.688838138] [rosbag2_recorder]: Subscribed to topic '/uav6/status'
[INFO] [1785140899.688921305] [rosbag2_recorder]: Recording...
[INFO] [1785140899.690605806] [rosbag2_recorder]: Subscribed to topic '/uav7/odom'
[INFO] [1785140899.793521777] [rosbag2_recorder]: Subscribed to topic '/uav8/odom'
[INFO] [1785140899.793971657] [rosbag2_recorder]: Subscribed to topic '/uav5/odom'
[INFO] [1785140899.794794591] [rosbag2_recorder]: Subscribed to topic '/uav3/trajectory_metrics'
[INFO] [1785140899.795195799] [rosbag2_recorder]: Subscribed to topic '/uav3/status'
[INFO] [1785140899.795689551] [rosbag2_recorder]: Subscribed to topic '/uav3/odom'
[INFO] [1785140899.797067904] [rosbag2_recorder]: Subscribed to topic '/px4_8/fmu/out/vehicle_status'
[INFO] [1785140899.797594409] [rosbag2_recorder]: Subscribed to topic '/px4_8/fmu/out/vehicle_odometry'
[INFO] [1785140899.798074125] [rosbag2_recorder]: Subscribed to topic '/px4_7/fmu/out/vehicle_status'
[INFO] [1785140899.798516179] [rosbag2_recorder]: Subscribed to topic '/uav1/odom'
[INFO] [1785140899.799002408] [rosbag2_recorder]: Subscribed to topic '/px4_1/fmu/out/vehicle_odometry'
[INFO] [1785140899.799487955] [rosbag2_recorder]: Subscribed to topic '/uav5/status'
[INFO] [1785140899.800007426] [rosbag2_recorder]: Subscribed to topic '/px4_1/fmu/out/vehicle_status'
[INFO] [1785140899.800507510] [rosbag2_recorder]: Subscribed to topic '/px4_6/fmu/out/vehicle_odometry'
[INFO] [1785140899.800946960] [rosbag2_recorder]: Subscribed to topic '/uav8/trajectory_metrics'
[INFO] [1785140899.801437507] [rosbag2_recorder]: Subscribed to topic '/px4_5/fmu/out/vehicle_status'
[INFO] [1785140899.801931249] [rosbag2_recorder]: Subscribed to topic '/px4_2/fmu/out/vehicle_status'
[INFO] [1785140899.802458114] [rosbag2_recorder]: Subscribed to topic '/uav8/status'
[INFO] [1785140899.802919496] [rosbag2_recorder]: Subscribed to topic '/px4_5/fmu/out/vehicle_odometry'
[INFO] [1785140899.803382871] [rosbag2_recorder]: Subscribed to topic '/uav1/status'
[INFO] [1785140899.803830466] [rosbag2_recorder]: Subscribed to topic '/px4_7/fmu/out/vehicle_odometry'
[INFO] [1785140899.804264726] [rosbag2_recorder]: Subscribed to topic '/px4_3/fmu/out/vehicle_status'
[INFO] [1785140899.804702022] [rosbag2_recorder]: Subscribed to topic '/px4_4/fmu/out/vehicle_odometry'
[INFO] [1785140899.805132365] [rosbag2_recorder]: Subscribed to topic '/px4_3/fmu/out/vehicle_odometry'
[INFO] [1785140899.805569871] [rosbag2_recorder]: Subscribed to topic '/px4_4/fmu/out/vehicle_status'
[INFO] [1785140899.806079814] [rosbag2_recorder]: Subscribed to topic '/uav1/trajectory_metrics'
[INFO] [1785140899.806561204] [rosbag2_recorder]: Subscribed to topic '/px4_6/fmu/out/vehicle_status'
[INFO] [1785140899.807030280] [rosbag2_recorder]: Subscribed to topic '/px4_2/fmu/out/vehicle_odometry'
[INFO] [1785140900.732133740] [rosbag2_recorder]: Subscribed to topic '/uav5/trajectory_metrics'
[INFO] [1785140900.732686444] [rosbag2_recorder]: Subscribed to topic '/uav2/trajectory_metrics'
[INFO] [1785140900.733185997] [rosbag2_recorder]: Subscribed to topic '/uav4/status'
[INFO] [1785140900.733708344] [rosbag2_recorder]: Subscribed to topic '/uav4/trajectory_metrics'
[INFO] [1785140900.734252271] [rosbag2_recorder]: Subscribed to topic '/uav2/odom'
[INFO] [1785140900.735120651] [rosbag2_recorder]: Subscribed to topic '/uav6/odom'
[INFO] [1785140900.735774856] [rosbag2_recorder]: Subscribed to topic '/uav6/trajectory_metrics'
[INFO] [1785140900.736399656] [rosbag2_recorder]: Subscribed to topic '/uav4/odom'
[INFO] [1785140900.736927774] [rosbag2_recorder]: Subscribed to topic '/uav2/status'
[INFO] [1785140900.737472763] [rosbag2_recorder]: Subscribed to topic '/uav7/trajectory_metrics'
[INFO] [1785140902.815132638] [rosbag2_recorder]: Subscribed to topic '/uav3/swarm_command'
[INFO] [1785140902.815647531] [rosbag2_recorder]: Subscribed to topic '/uav1/swarm_command'
[INFO] [1785140902.816117538] [rosbag2_recorder]: Subscribed to topic '/uav2/swarm_command'
[INFO] [1785140902.816585031] [rosbag2_recorder]: Subscribed to topic '/uav5/swarm_command'
[INFO] [1785140902.817112718] [rosbag2_recorder]: Subscribed to topic '/uav7/swarm_command'
[INFO] [1785140902.817604537] [rosbag2_recorder]: Subscribed to topic '/uav4/swarm_command'
[INFO] [1785140902.818073753] [rosbag2_recorder]: Subscribed to topic '/uav6/swarm_command'
[INFO] [1785140902.818552978] [rosbag2_recorder]: Subscribed to topic '/uav8/swarm_command'
[INFO] [1785140902.818566804] [rosbag2_recorder]: All requested topics are subscribed. Stopping discovery...
[INFO] [1785140937.438802798] [rosbag2_cpp]: Writing remaining messages from cache to the bag. It may take a while
[INFO] [1785140937.441756968] [rosbag2_recorder]: Event publisher thread: Exiting
[INFO] [1785140937.441808174] [rosbag2_recorder]: Recording stopped
