[INFO] [1785138721.127612731] [rosbag2_recorder]: Press SPACE for pausing/resuming
[INFO] [1785138721.128637309] [rosbag2_storage]: Opened database '/tmp/experiments_06_formal_20260727/trials/five_uav_circle__linear_ladrc__r04/rosbag/rosbag_0.db3' for READ_WRITE.
[INFO] [1785138721.129008391] [rosbag2_recorder]: Listening for topics...
[INFO] [1785138721.129022027] [rosbag2_recorder]: Event publisher thread: Starting
[INFO] [1785138721.129093792] [rosbag2_recorder]: Recording...
[INFO] [1785138721.530797497] [rosbag2_recorder]: Subscribed to topic '/uav2/odom'
[INFO] [1785138721.531523069] [rosbag2_recorder]: Subscribed to topic '/uav2/status'
[INFO] [1785138721.532021302] [rosbag2_recorder]: Subscribed to topic '/uav2/trajectory_metrics'
[INFO] [1785138721.532304097] [rosbag2_recorder]: Subscribed to topic '/uav5/odom'
[INFO] [1785138721.532647988] [rosbag2_recorder]: Subscribed to topic '/uav5/status'
[INFO] [1785138721.533239847] [rosbag2_recorder]: Subscribed to topic '/uav5/trajectory_metrics'
[INFO] [1785138721.635313684] [rosbag2_recorder]: Subscribed to topic '/px4_3/fmu/out/vehicle_odometry'
[INFO] [1785138722.138895723] [rosbag2_recorder]: Subscribed to topic '/uav3/trajectory_metrics'
[INFO] [1785138722.139269390] [rosbag2_recorder]: Subscribed to topic '/uav3/odom'
[INFO] [1785138722.139635092] [rosbag2_recorder]: Subscribed to topic '/uav4/odom'
[INFO] [1785138722.139961139] [rosbag2_recorder]: Subscribed to topic '/uav3/status'
[INFO] [1785138722.140306582] [rosbag2_recorder]: Subscribed to topic '/uav4/trajectory_metrics'
[INFO] [1785138722.140633711] [rosbag2_recorder]: Subscribed to topic '/uav4/status'
[INFO] [1785138722.140962293] [rosbag2_recorder]: Subscribed to topic '/uav1/status'
[INFO] [1785138722.141301374] [rosbag2_recorder]: Subscribed to topic '/uav1/trajectory_metrics'
[INFO] [1785138722.141627722] [rosbag2_recorder]: Subscribed to topic '/uav1/odom'
[INFO] [1785138722.545280841] [rosbag2_recorder]: Subscribed to topic '/px4_4/fmu/out/vehicle_odometry'
[INFO] [1785138723.051496831] [rosbag2_recorder]: Subscribed to topic '/px4_5/fmu/out/vehicle_odometry'
[INFO] [1785138723.155709002] [rosbag2_recorder]: Subscribed to topic '/px4_1/fmu/out/vehicle_odometry'
[INFO] [1785138723.549377500] [rosbag2_recorder]: Subscribed to topic '/px4_2/fmu/out/vehicle_odometry'
[INFO] [1785138723.854884453] [rosbag2_recorder]: Subscribed to topic '/uav3/swarm_command'
[INFO] [1785138723.855360914] [rosbag2_recorder]: Subscribed to topic '/uav4/swarm_command'
[INFO] [1785138723.855762454] [rosbag2_recorder]: Subscribed to topic '/uav1/swarm_command'
[INFO] [1785138723.856134958] [rosbag2_recorder]: Subscribed to topic '/uav2/swarm_command'
[INFO] [1785138723.856551616] [rosbag2_recorder]: Subscribed to topic '/uav5/swarm_command'
[INFO] [1785138723.856582996] [rosbag2_recorder]: All requested topics are subscribed. Stopping discovery...
[INFO] [1785138788.131663744] [rosbag2_cpp]: Writing remaining messages from cache to the bag. It may take a while
[INFO] [1785138788.133197234] [rosbag2_recorder]: Event publisher thread: Exiting
[INFO] [1785138788.133245486] [rosbag2_recorder]: Recording stopped
