[INFO] [1785137760.615998597] [rosbag2_recorder]: Press SPACE for pausing/resuming
[INFO] [1785137760.617570789] [rosbag2_storage]: Opened database '/tmp/experiments_06_formal_20260727/trials/five_uav_circle__linear_ladrc__r03/rosbag/rosbag_0.db3' for READ_WRITE.
[INFO] [1785137760.618275545] [rosbag2_recorder]: Listening for topics...
[INFO] [1785137760.618298479] [rosbag2_recorder]: Event publisher thread: Starting
[INFO] [1785137760.620724392] [rosbag2_recorder]: Subscribed to topic '/uav2/trajectory_metrics'
[INFO] [1785137760.621973908] [rosbag2_recorder]: Subscribed to topic '/uav4/odom'
[INFO] [1785137760.622878987] [rosbag2_recorder]: Subscribed to topic '/uav2/status'
[INFO] [1785137760.623382619] [rosbag2_recorder]: Subscribed to topic '/uav4/trajectory_metrics'
[INFO] [1785137760.623844921] [rosbag2_recorder]: Subscribed to topic '/uav4/status'
[INFO] [1785137760.624278289] [rosbag2_recorder]: Subscribed to topic '/uav2/odom'
[INFO] [1785137760.624329016] [rosbag2_recorder]: Recording...
[INFO] [1785137760.625609321] [rosbag2_recorder]: Subscribed to topic '/uav5/trajectory_metrics'
[INFO] [1785137760.625985389] [rosbag2_recorder]: Subscribed to topic '/uav1/trajectory_metrics'
[INFO] [1785137760.626338434] [rosbag2_recorder]: Subscribed to topic '/uav1/odom'
[INFO] [1785137760.626704703] [rosbag2_recorder]: Subscribed to topic '/uav5/status'
[INFO] [1785137760.627058960] [rosbag2_recorder]: Subscribed to topic '/uav5/odom'
[INFO] [1785137760.627425660] [rosbag2_recorder]: Subscribed to topic '/uav1/status'
[INFO] [1785137760.628711375] [rosbag2_recorder]: Subscribed to topic '/px4_5/fmu/out/vehicle_odometry'
[INFO] [1785137760.629081893] [rosbag2_recorder]: Subscribed to topic '/uav3/status'
[INFO] [1785137760.629460596] [rosbag2_recorder]: Subscribed to topic '/px4_2/fmu/out/vehicle_odometry'
[INFO] [1785137760.731769677] [rosbag2_recorder]: Subscribed to topic '/uav3/odom'
[INFO] [1785137760.732113032] [rosbag2_recorder]: Subscribed to topic '/px4_4/fmu/out/vehicle_odometry'
[INFO] [1785137760.732436650] [rosbag2_recorder]: Subscribed to topic '/px4_3/fmu/out/vehicle_odometry'
[INFO] [1785137760.732747103] [rosbag2_recorder]: Subscribed to topic '/px4_1/fmu/out/vehicle_odometry'
[INFO] [1785137760.733067756] [rosbag2_recorder]: Subscribed to topic '/uav3/trajectory_metrics'
[INFO] [1785137762.765422450] [rosbag2_recorder]: Subscribed to topic '/uav3/swarm_command'
[INFO] [1785137762.765851259] [rosbag2_recorder]: Subscribed to topic '/uav4/swarm_command'
[INFO] [1785137762.766265820] [rosbag2_recorder]: Subscribed to topic '/uav1/swarm_command'
[INFO] [1785137762.766669491] [rosbag2_recorder]: Subscribed to topic '/uav2/swarm_command'
[INFO] [1785137762.767069244] [rosbag2_recorder]: Subscribed to topic '/uav5/swarm_command'
[INFO] [1785137762.767079905] [rosbag2_recorder]: All requested topics are subscribed. Stopping discovery...
[INFO] [1785137793.820819427] [rosbag2_cpp]: Writing remaining messages from cache to the bag. It may take a while
[INFO] [1785137793.822369937] [rosbag2_recorder]: Event publisher thread: Exiting
[INFO] [1785137793.822413630] [rosbag2_recorder]: Recording stopped
