[INFO] [1785142247.578948807] [rosbag2_recorder]: Press SPACE for pausing/resuming
[INFO] [1785142247.580403171] [rosbag2_storage]: Opened database '/tmp/experiments_06_formal_20260727/trials/five_uav_circle__minimum_jerk_ladrc__r02/rosbag/rosbag_0.db3' for READ_WRITE.
[INFO] [1785142247.913975111] [rosbag2_recorder]: Listening for topics...
[INFO] [1785142247.913993154] [rosbag2_recorder]: Event publisher thread: Starting
[INFO] [1785142247.916227204] [rosbag2_recorder]: Subscribed to topic '/uav5/status'
[INFO] [1785142247.916293877] [rosbag2_recorder]: Recording...
[INFO] [1785142248.019697051] [rosbag2_recorder]: Subscribed to topic '/px4_1/fmu/out/vehicle_odometry'
[INFO] [1785142248.020420731] [rosbag2_recorder]: Subscribed to topic '/uav3/trajectory_metrics'
[INFO] [1785142248.021039010] [rosbag2_recorder]: Subscribed to topic '/px4_1/fmu/out/vehicle_status'
[INFO] [1785142248.021449631] [rosbag2_recorder]: Subscribed to topic '/px4_2/fmu/out/vehicle_odometry'
[INFO] [1785142248.021818049] [rosbag2_recorder]: Subscribed to topic '/uav3/status'
[INFO] [1785142248.022332108] [rosbag2_recorder]: Subscribed to topic '/uav4/odom'
[INFO] [1785142248.022712401] [rosbag2_recorder]: Subscribed to topic '/px4_2/fmu/out/vehicle_status'
[INFO] [1785142248.023069065] [rosbag2_recorder]: Subscribed to topic '/uav4/status'
[INFO] [1785142248.023443180] [rosbag2_recorder]: Subscribed to topic '/uav4/trajectory_metrics'
[INFO] [1785142248.023790943] [rosbag2_recorder]: Subscribed to topic '/px4_3/fmu/out/vehicle_odometry'
[INFO] [1785142248.024155086] [rosbag2_recorder]: Subscribed to topic '/uav3/odom'
[INFO] [1785142248.125976158] [rosbag2_recorder]: Subscribed to topic '/px4_5/fmu/out/vehicle_status'
[INFO] [1785142248.126362900] [rosbag2_recorder]: Subscribed to topic '/px4_5/fmu/out/vehicle_odometry'
[INFO] [1785142248.126747688] [rosbag2_recorder]: Subscribed to topic '/px4_3/fmu/out/vehicle_status'
[INFO] [1785142248.127113723] [rosbag2_recorder]: Subscribed to topic '/px4_4/fmu/out/vehicle_status'
[INFO] [1785142248.127500054] [rosbag2_recorder]: Subscribed to topic '/px4_4/fmu/out/vehicle_odometry'
[INFO] [1785142248.670741545] [rosbag2_recorder]: Subscribed to topic '/uav2/status'
[INFO] [1785142248.711293402] [rosbag2_recorder]: Subscribed to topic '/uav2/odom'
[INFO] [1785142248.712664878] [rosbag2_recorder]: Subscribed to topic '/uav1/trajectory_metrics'
[INFO] [1785142248.713082938] [rosbag2_recorder]: Subscribed to topic '/uav1/odom'
[INFO] [1785142248.713645107] [rosbag2_recorder]: Subscribed to topic '/uav2/trajectory_metrics'
[INFO] [1785142248.714290860] [rosbag2_recorder]: Subscribed to topic '/uav5/trajectory_metrics'
[INFO] [1785142248.714836169] [rosbag2_recorder]: Subscribed to topic '/uav1/status'
[INFO] [1785142248.715320411] [rosbag2_recorder]: Subscribed to topic '/uav5/odom'
[INFO] [1785142250.045585696] [rosbag2_recorder]: Subscribed to topic '/uav3/swarm_command'
[INFO] [1785142250.046194728] [rosbag2_recorder]: Subscribed to topic '/uav4/swarm_command'
[INFO] [1785142250.046736276] [rosbag2_recorder]: Subscribed to topic '/uav5/swarm_command'
[INFO] [1785142250.047338820] [rosbag2_recorder]: Subscribed to topic '/uav2/swarm_command'
[INFO] [1785142250.047850420] [rosbag2_recorder]: Subscribed to topic '/uav1/swarm_command'
[INFO] [1785142250.047866380] [rosbag2_recorder]: All requested topics are subscribed. Stopping discovery...
[INFO] [1785142281.278901974] [rosbag2_cpp]: Writing remaining messages from cache to the bag. It may take a while
[INFO] [1785142281.280508428] [rosbag2_recorder]: Event publisher thread: Exiting
[INFO] [1785142281.280555792] [rosbag2_recorder]: Recording stopped
