[INFO] [1785142830.551427814] [rosbag2_recorder]: Press SPACE for pausing/resuming
[INFO] [1785142830.553335884] [rosbag2_storage]: Opened database '/tmp/experiments_06_formal_20260727/trials/eight_uav_line_to_circle__minimum_jerk_ladrc__r02/rosbag/rosbag_0.db3' for READ_WRITE.
[INFO] [1785142830.554089785] [rosbag2_recorder]: Listening for topics...
[INFO] [1785142830.554107248] [rosbag2_recorder]: Event publisher thread: Starting
[INFO] [1785142830.556633986] [rosbag2_recorder]: Subscribed to topic '/uav5/status'
[INFO] [1785142830.557135084] [rosbag2_recorder]: Subscribed to topic '/uav4/status'
[INFO] [1785142830.557633196] [rosbag2_recorder]: Subscribed to topic '/uav2/status'
[INFO] [1785142830.558105700] [rosbag2_recorder]: Subscribed to topic '/uav8/status'
[INFO] [1785142830.558941094] [rosbag2_recorder]: Subscribed to topic '/uav1/status'
[INFO] [1785142830.559018969] [rosbag2_recorder]: Recording...
[INFO] [1785142830.661415377] [rosbag2_recorder]: Subscribed to topic '/uav3/trajectory_metrics'
[INFO] [1785142830.662052680] [rosbag2_recorder]: Subscribed to topic '/uav4/trajectory_metrics'
[INFO] [1785142830.662851024] [rosbag2_recorder]: Subscribed to topic '/uav3/odom'
[INFO] [1785142830.663415069] [rosbag2_recorder]: Subscribed to topic '/uav8/odom'
[INFO] [1785142830.663932407] [rosbag2_recorder]: Subscribed to topic '/uav1/odom'
[INFO] [1785142830.664426231] [rosbag2_recorder]: Subscribed to topic '/uav7/odom'
[INFO] [1785142830.664911329] [rosbag2_recorder]: Subscribed to topic '/uav7/trajectory_metrics'
[INFO] [1785142830.665353216] [rosbag2_recorder]: Subscribed to topic '/uav3/status'
[INFO] [1785142830.665802767] [rosbag2_recorder]: Subscribed to topic '/uav1/trajectory_metrics'
[INFO] [1785142830.666231319] [rosbag2_recorder]: Subscribed to topic '/uav4/odom'
[INFO] [1785142830.666682824] [rosbag2_recorder]: Subscribed to topic '/uav7/status'
[INFO] [1785142830.667123259] [rosbag2_recorder]: Subscribed to topic '/uav2/trajectory_metrics'
[INFO] [1785142830.667557311] [rosbag2_recorder]: Subscribed to topic '/uav8/trajectory_metrics'
[INFO] [1785142830.668055964] [rosbag2_recorder]: Subscribed to topic '/uav5/odom'
[INFO] [1785142830.668507078] [rosbag2_recorder]: Subscribed to topic '/uav2/odom'
[INFO] [1785142830.668937353] [rosbag2_recorder]: Subscribed to topic '/uav5/trajectory_metrics'
[INFO] [1785142830.772095336] [rosbag2_recorder]: Subscribed to topic '/uav6/odom'
[INFO] [1785142830.774281848] [rosbag2_recorder]: Subscribed to topic '/px4_3/fmu/out/vehicle_odometry'
[INFO] [1785142830.774886349] [rosbag2_recorder]: Subscribed to topic '/px4_2/fmu/out/vehicle_odometry'
[INFO] [1785142830.775733695] [rosbag2_recorder]: Subscribed to topic '/px4_8/fmu/out/vehicle_odometry'
[INFO] [1785142830.776556194] [rosbag2_recorder]: Subscribed to topic '/px4_8/fmu/out/vehicle_status'
[INFO] [1785142830.777083882] [rosbag2_recorder]: Subscribed to topic '/px4_3/fmu/out/vehicle_status'
[INFO] [1785142830.777853101] [rosbag2_recorder]: Subscribed to topic '/px4_5/fmu/out/vehicle_odometry'
[INFO] [1785142830.778379626] [rosbag2_recorder]: Subscribed to topic '/px4_2/fmu/out/vehicle_status'
[INFO] [1785142830.778903196] [rosbag2_recorder]: Subscribed to topic '/uav6/trajectory_metrics'
[INFO] [1785142830.779505523] [rosbag2_recorder]: Subscribed to topic '/px4_5/fmu/out/vehicle_status'
[INFO] [1785142830.779984810] [rosbag2_recorder]: Subscribed to topic '/uav6/status'
[INFO] [1785142830.780450802] [rosbag2_recorder]: Subscribed to topic '/px4_6/fmu/out/vehicle_odometry'
[INFO] [1785142830.780887890] [rosbag2_recorder]: Subscribed to topic '/px4_6/fmu/out/vehicle_status'
[INFO] [1785142830.884385208] [rosbag2_recorder]: Subscribed to topic '/px4_7/fmu/out/vehicle_odometry'
[INFO] [1785142830.884774476] [rosbag2_recorder]: Subscribed to topic '/px4_1/fmu/out/vehicle_odometry'
[INFO] [1785142830.885137325] [rosbag2_recorder]: Subscribed to topic '/px4_7/fmu/out/vehicle_status'
[INFO] [1785142830.885495616] [rosbag2_recorder]: Subscribed to topic '/px4_1/fmu/out/vehicle_status'
[INFO] [1785142830.885847464] [rosbag2_recorder]: Subscribed to topic '/px4_4/fmu/out/vehicle_odometry'
[INFO] [1785142830.886245419] [rosbag2_recorder]: Subscribed to topic '/px4_4/fmu/out/vehicle_status'
[INFO] [1785142832.855432808] [rosbag2_recorder]: Subscribed to topic '/uav3/swarm_command'
[INFO] [1785142832.856108882] [rosbag2_recorder]: Subscribed to topic '/uav1/swarm_command'
[INFO] [1785142832.856692133] [rosbag2_recorder]: Subscribed to topic '/uav2/swarm_command'
[INFO] [1785142832.857253122] [rosbag2_recorder]: Subscribed to topic '/uav5/swarm_command'
[INFO] [1785142832.857830101] [rosbag2_recorder]: Subscribed to topic '/uav7/swarm_command'
[INFO] [1785142832.858658600] [rosbag2_recorder]: Subscribed to topic '/uav4/swarm_command'
[INFO] [1785142832.859690980] [rosbag2_recorder]: Subscribed to topic '/uav6/swarm_command'
[INFO] [1785142832.860435673] [rosbag2_recorder]: Subscribed to topic '/uav8/swarm_command'
[INFO] [1785142832.860458255] [rosbag2_recorder]: All requested topics are subscribed. Stopping discovery...
[INFO] [1785142869.359412993] [rosbag2_cpp]: Writing remaining messages from cache to the bag. It may take a while
[INFO] [1785142869.362164363] [rosbag2_recorder]: Event publisher thread: Exiting
[INFO] [1785142869.362213033] [rosbag2_recorder]: Recording stopped
