[INFO] [launch]: All log files can be found below /home/yihuang/.ros/log/2026-07-28-15-44-06-198319-JIAOLONG-Series-322286
[INFO] [launch]: Default logging verbosity is set to INFO
[INFO] [ladrc_position_controller_node-1]: process started with pid [322314]
[INFO] [ladrc_position_controller_node-2]: process started with pid [322316]
[INFO] [ladrc_position_controller_node-3]: process started with pid [322318]
[INFO] [ladrc_position_controller_node-4]: process started with pid [322320]
[INFO] [ladrc_position_controller_node-5]: process started with pid [322322]
[INFO] [ladrc_position_controller_node-6]: process started with pid [322324]
[INFO] [ladrc_position_controller_node-7]: process started with pid [322326]
[INFO] [ladrc_position_controller_node-8]: process started with pid [322328]
[ladrc_position_controller_node-1] [0m[INFO] [1785224646.273133016] [uav1.ladrc_position_controller]: 已创建 7 个邻居 Odom 订阅[0m
[ladrc_position_controller_node-4] [0m[INFO] [1785224646.273169484] [uav4.ladrc_position_controller]: 已创建 7 个邻居 Odom 订阅[0m
[ladrc_position_controller_node-2] [0m[INFO] [1785224646.273206594] [uav2.ladrc_position_controller]: 已创建 7 个邻居 Odom 订阅[0m
[ladrc_position_controller_node-3] [0m[INFO] [1785224646.274120806] [uav3.ladrc_position_controller]: 已创建 7 个邻居 Odom 订阅[0m
[ladrc_position_controller_node-6] [0m[INFO] [1785224646.275261824] [uav6.ladrc_position_controller]: 已创建 7 个邻居 Odom 订阅[0m
[ladrc_position_controller_node-1] [0m[INFO] [1785224646.275983947] [uav1.ladrc_position_controller]: LADRC 集群执行节点已初始化 (命名空间: /uav1), ENU偏移=[0.0, 3.0, 0.0][0m
[ladrc_position_controller_node-1] [0m[INFO] [1785224646.276012220] [uav1.ladrc_position_controller]: 等待 swarm_command 和 vehicle_odometry 消息...[0m
[ladrc_position_controller_node-2] [0m[INFO] [1785224646.276066852] [uav2.ladrc_position_controller]: LADRC 集群执行节点已初始化 (命名空间: /uav2), ENU偏移=[0.0, 6.0, 0.0][0m
[ladrc_position_controller_node-2] [0m[INFO] [1785224646.276091408] [uav2.ladrc_position_controller]: 等待 swarm_command 和 vehicle_odometry 消息...[0m
[ladrc_position_controller_node-4] [0m[INFO] [1785224646.276522155] [uav4.ladrc_position_controller]: LADRC 集群执行节点已初始化 (命名空间: /uav4), ENU偏移=[0.0, 12.0, 0.0][0m
[ladrc_position_controller_node-4] [0m[INFO] [1785224646.276548634] [uav4.ladrc_position_controller]: 等待 swarm_command 和 vehicle_odometry 消息...[0m
[ladrc_position_controller_node-3] [0m[INFO] [1785224646.276805105] [uav3.ladrc_position_controller]: LADRC 集群执行节点已初始化 (命名空间: /uav3), ENU偏移=[0.0, 9.0, 0.0][0m
[ladrc_position_controller_node-3] [0m[INFO] [1785224646.276831865] [uav3.ladrc_position_controller]: 等待 swarm_command 和 vehicle_odometry 消息...[0m
[ladrc_position_controller_node-6] [0m[INFO] [1785224646.277891941] [uav6.ladrc_position_controller]: LADRC 集群执行节点已初始化 (命名空间: /uav6), ENU偏移=[0.0, 18.0, 0.0][0m
[ladrc_position_controller_node-6] [0m[INFO] [1785224646.277914373] [uav6.ladrc_position_controller]: 等待 swarm_command 和 vehicle_odometry 消息...[0m
[ladrc_position_controller_node-1] [33m[WARN] [1785224646.296063130] [uav1.ladrc_position_controller]: 等待状态机进入 RUNNING_TRAJECTORY... (当前: 0)[0m
[ladrc_position_controller_node-2] [33m[WARN] [1785224646.296146496] [uav2.ladrc_position_controller]: 等待状态机进入 RUNNING_TRAJECTORY... (当前: 0)[0m
[ladrc_position_controller_node-4] [33m[WARN] [1785224646.296590498] [uav4.ladrc_position_controller]: 等待状态机进入 RUNNING_TRAJECTORY... (当前: 0)[0m
[ladrc_position_controller_node-3] [33m[WARN] [1785224646.296874460] [uav3.ladrc_position_controller]: 等待状态机进入 RUNNING_TRAJECTORY... (当前: 0)[0m
[ladrc_position_controller_node-6] [33m[WARN] [1785224646.297965644] [uav6.ladrc_position_controller]: 等待状态机进入 RUNNING_TRAJECTORY... (当前: 0)[0m
[ladrc_position_controller_node-8] [0m[INFO] [1785224646.605231487] [uav8.ladrc_position_controller]: 已创建 7 个邻居 Odom 订阅[0m
[ladrc_position_controller_node-5] [0m[INFO] [1785224646.606792201] [uav5.ladrc_position_controller]: 已创建 7 个邻居 Odom 订阅[0m
[ladrc_position_controller_node-7] [0m[INFO] [1785224646.606891266] [uav7.ladrc_position_controller]: 已创建 7 个邻居 Odom 订阅[0m
[ladrc_position_controller_node-5] [0m[INFO] [1785224646.610231944] [uav5.ladrc_position_controller]: LADRC 集群执行节点已初始化 (命名空间: /uav5), ENU偏移=[0.0, 15.0, 0.0][0m
[ladrc_position_controller_node-5] [0m[INFO] [1785224646.610255909] [uav5.ladrc_position_controller]: 等待 swarm_command 和 vehicle_odometry 消息...[0m
[ladrc_position_controller_node-7] [0m[INFO] [1785224646.610499465] [uav7.ladrc_position_controller]: LADRC 集群执行节点已初始化 (命名空间: /uav7), ENU偏移=[0.0, 21.0, 0.0][0m
[ladrc_position_controller_node-7] [0m[INFO] [1785224646.610543237] [uav7.ladrc_position_controller]: 等待 swarm_command 和 vehicle_odometry 消息...[0m
[ladrc_position_controller_node-8] [0m[INFO] [1785224646.611507363] [uav8.ladrc_position_controller]: LADRC 集群执行节点已初始化 (命名空间: /uav8), ENU偏移=[0.0, 24.0, 0.0][0m
[ladrc_position_controller_node-8] [0m[INFO] [1785224646.611534615] [uav8.ladrc_position_controller]: 等待 swarm_command 和 vehicle_odometry 消息...[0m
[ladrc_position_controller_node-5] [33m[WARN] [1785224646.630320144] [uav5.ladrc_position_controller]: 等待状态机进入 RUNNING_TRAJECTORY... (当前: 0)[0m
[ladrc_position_controller_node-7] [33m[WARN] [1785224646.630574391] [uav7.ladrc_position_controller]: 等待状态机进入 RUNNING_TRAJECTORY... (当前: 0)[0m
[ladrc_position_controller_node-8] [33m[WARN] [1785224646.631592708] [uav8.ladrc_position_controller]: 等待状态机进入 RUNNING_TRAJECTORY... (当前: 0)[0m
[ladrc_position_controller_node-4] [0m[INFO] [1785224647.821571938] [uav4.ladrc_position_controller]: 已接收到 vehicle_odometry 消息[0m
[ladrc_position_controller_node-1] [0m[INFO] [1785224648.066552997] [uav1.ladrc_position_controller]: 已接收到 vehicle_odometry 消息[0m
[ladrc_position_controller_node-2] [0m[INFO] [1785224648.371122289] [uav2.ladrc_position_controller]: 已接收到 vehicle_odometry 消息[0m
[ladrc_position_controller_node-8] [0m[INFO] [1785224648.551987293] [uav8.ladrc_position_controller]: 已接收到 vehicle_odometry 消息[0m
[ladrc_position_controller_node-7] [0m[INFO] [1785224648.769088185] [uav7.ladrc_position_controller]: 已接收到 vehicle_odometry 消息[0m
[ladrc_position_controller_node-5] [0m[INFO] [1785224649.237739502] [uav5.ladrc_position_controller]: 已接收到 vehicle_odometry 消息[0m
[ladrc_position_controller_node-6] [0m[INFO] [1785224649.740170507] [uav6.ladrc_position_controller]: 已接收到 vehicle_odometry 消息[0m
[ladrc_position_controller_node-3] [0m[INFO] [1785224650.400207405] [uav3.ladrc_position_controller]: 已接收到 vehicle_odometry 消息[0m
[ladrc_position_controller_node-1] [33m[WARN] [1785224651.296083396] [uav1.ladrc_position_controller]: 等待状态机进入 RUNNING_TRAJECTORY... (当前: 0)[0m
[ladrc_position_controller_node-2] [33m[WARN] [1785224651.296176610] [uav2.ladrc_position_controller]: 等待状态机进入 RUNNING_TRAJECTORY... (当前: 0)[0m
[ladrc_position_controller_node-4] [33m[WARN] [1785224651.296656449] [uav4.ladrc_position_controller]: 等待状态机进入 RUNNING_TRAJECTORY... (当前: 0)[0m
[ladrc_position_controller_node-3] [33m[WARN] [1785224651.296914202] [uav3.ladrc_position_controller]: 等待状态机进入 RUNNING_TRAJECTORY... (当前: 0)[0m
[ladrc_position_controller_node-6] [33m[WARN] [1785224651.297974829] [uav6.ladrc_position_controller]: 等待状态机进入 RUNNING_TRAJECTORY... (当前: 0)[0m
[ladrc_position_controller_node-7] [33m[WARN] [1785224651.630580690] [uav7.ladrc_position_controller]: 等待状态机进入 RUNNING_TRAJECTORY... (当前: 0)[0m
[ladrc_position_controller_node-8] [33m[WARN] [1785224651.631594038] [uav8.ladrc_position_controller]: 等待状态机进入 RUNNING_TRAJECTORY... (当前: 0)[0m
[ladrc_position_controller_node-5] [33m[WARN] [1785224651.650301030] [uav5.ladrc_position_controller]: 等待状态机进入 RUNNING_TRAJECTORY... (当前: 0)[0m
[ladrc_position_controller_node-1] [33m[WARN] [1785224656.316055522] [uav1.ladrc_position_controller]: 等待状态机进入 RUNNING_TRAJECTORY... (当前: 0)[0m
[ladrc_position_controller_node-2] [33m[WARN] [1785224656.316146702] [uav2.ladrc_position_controller]: 等待状态机进入 RUNNING_TRAJECTORY... (当前: 0)[0m
[ladrc_position_controller_node-4] [33m[WARN] [1785224656.316600502] [uav4.ladrc_position_controller]: 等待状态机进入 RUNNING_TRAJECTORY... (当前: 0)[0m
[ladrc_position_controller_node-3] [33m[WARN] [1785224656.316885967] [uav3.ladrc_position_controller]: 等待状态机进入 RUNNING_TRAJECTORY... (当前: 0)[0m
[ladrc_position_controller_node-6] [33m[WARN] [1785224656.317960841] [uav6.ladrc_position_controller]: 等待状态机进入 RUNNING_TRAJECTORY... (当前: 0)[0m
[ladrc_position_controller_node-4] [0m[INFO] [1785224656.576599202] [uav4.ladrc_position_controller]: 系统稳定，开始解锁 (Arming)...[0m
[ladrc_position_controller_node-5] [33m[WARN] [1785224656.650309969] [uav5.ladrc_position_controller]: 等待状态机进入 RUNNING_TRAJECTORY... (当前: 0)[0m
[ladrc_position_controller_node-7] [33m[WARN] [1785224656.650565418] [uav7.ladrc_position_controller]: 等待状态机进入 RUNNING_TRAJECTORY... (当前: 0)[0m
[ladrc_position_controller_node-8] [33m[WARN] [1785224656.651578826] [uav8.ladrc_position_controller]: 等待状态机进入 RUNNING_TRAJECTORY... (当前: 0)[0m
[ladrc_position_controller_node-2] [0m[INFO] [1785224656.676137230] [uav2.ladrc_position_controller]: 系统稳定，开始解锁 (Arming)...[0m
[ladrc_position_controller_node-3] [0m[INFO] [1785224656.676880232] [uav3.ladrc_position_controller]: 系统稳定，开始解锁 (Arming)...[0m
[ladrc_position_controller_node-1] [0m[INFO] [1785224656.776061081] [uav1.ladrc_position_controller]: 系统稳定，开始解锁 (Arming)...[0m
[ladrc_position_controller_node-6] [0m[INFO] [1785224656.877956706] [uav6.ladrc_position_controller]: 系统稳定，开始解锁 (Arming)...[0m
[ladrc_position_controller_node-7] [0m[INFO] [1785224657.010573619] [uav7.ladrc_position_controller]: 系统稳定，开始解锁 (Arming)...[0m
[ladrc_position_controller_node-8] [0m[INFO] [1785224657.011577880] [uav8.ladrc_position_controller]: 系统稳定，开始解锁 (Arming)...[0m
[ladrc_position_controller_node-5] [0m[INFO] [1785224657.110317723] [uav5.ladrc_position_controller]: 系统稳定，开始解锁 (Arming)...[0m
[ladrc_position_controller_node-4] [0m[INFO] [1785224658.676586745] [uav4.ladrc_position_controller]: 解锁成功。切换到 Offboard 模式...[0m
[ladrc_position_controller_node-2] [0m[INFO] [1785224658.776149660] [uav2.ladrc_position_controller]: 解锁成功。切换到 Offboard 模式...[0m
[ladrc_position_controller_node-3] [0m[INFO] [1785224658.776887121] [uav3.ladrc_position_controller]: 解锁成功。切换到 Offboard 模式...[0m
[ladrc_position_controller_node-1] [0m[INFO] [1785224658.876052651] [uav1.ladrc_position_controller]: 解锁成功。切换到 Offboard 模式...[0m
[ladrc_position_controller_node-6] [0m[INFO] [1785224658.977962853] [uav6.ladrc_position_controller]: 解锁成功。切换到 Offboard 模式...[0m
[ladrc_position_controller_node-7] [0m[INFO] [1785224659.110558075] [uav7.ladrc_position_controller]: 解锁成功。切换到 Offboard 模式...[0m
[ladrc_position_controller_node-8] [0m[INFO] [1785224659.111580931] [uav8.ladrc_position_controller]: 解锁成功。切换到 Offboard 模式...[0m
[ladrc_position_controller_node-5] [0m[INFO] [1785224659.210308802] [uav5.ladrc_position_controller]: 解锁成功。切换到 Offboard 模式...[0m
[ladrc_position_controller_node-4] [0m[INFO] [1785224659.776590170] [uav4.ladrc_position_controller]: Offboard 模式已激活。LADRC 控制器接管。[0m
[ladrc_position_controller_node-4] [0m[INFO] [1785224659.796598170] [uav4.ladrc_position_controller]: UAV4 悬停保持锁定: [0.02, 0.01, -0.09][0m
[ladrc_position_controller_node-4] [0m[INFO] [1785224659.796656299] [uav4.ladrc_position_controller]: UAV4 悬停保持 Pos[0.02,0.01,-0.09][0m
[ladrc_position_controller_node-2] [0m[INFO] [1785224659.876115985] [uav2.ladrc_position_controller]: Offboard 模式已激活。LADRC 控制器接管。[0m
[ladrc_position_controller_node-3] [0m[INFO] [1785224659.876870308] [uav3.ladrc_position_controller]: Offboard 模式已激活。LADRC 控制器接管。[0m
[ladrc_position_controller_node-2] [0m[INFO] [1785224659.896131349] [uav2.ladrc_position_controller]: UAV2 悬停保持锁定: [0.02, 0.02, -0.12][0m
[ladrc_position_controller_node-2] [0m[INFO] [1785224659.896180261] [uav2.ladrc_position_controller]: UAV2 悬停保持 Pos[0.02,0.02,-0.12][0m
[ladrc_position_controller_node-3] [0m[INFO] [1785224659.896869752] [uav3.ladrc_position_controller]: UAV3 悬停保持锁定: [0.02, 0.01, -0.10][0m
[ladrc_position_controller_node-3] [0m[INFO] [1785224659.896913183] [uav3.ladrc_position_controller]: UAV3 悬停保持 Pos[0.02,0.01,-0.10][0m
[ladrc_position_controller_node-1] [0m[INFO] [1785224659.976048563] [uav1.ladrc_position_controller]: Offboard 模式已激活。LADRC 控制器接管。[0m
[ladrc_position_controller_node-1] [0m[INFO] [1785224659.996053126] [uav1.ladrc_position_controller]: UAV1 悬停保持锁定: [-0.00, -0.00, -0.14][0m
[ladrc_position_controller_node-1] [0m[INFO] [1785224659.996099392] [uav1.ladrc_position_controller]: UAV1 悬停保持 Pos[-0.00,-0.00,-0.14][0m
[ladrc_position_controller_node-6] [0m[INFO] [1785224660.077906847] [uav6.ladrc_position_controller]: Offboard 模式已激活。LADRC 控制器接管。[0m
[ladrc_position_controller_node-6] [0m[INFO] [1785224660.097953970] [uav6.ladrc_position_controller]: UAV6 悬停保持锁定: [0.01, 0.01, -0.10][0m
[ladrc_position_controller_node-6] [0m[INFO] [1785224660.098007160] [uav6.ladrc_position_controller]: UAV6 悬停保持 Pos[0.01,0.01,-0.10][0m
[ladrc_position_controller_node-7] [0m[INFO] [1785224660.210557884] [uav7.ladrc_position_controller]: Offboard 模式已激活。LADRC 控制器接管。[0m
[ladrc_position_controller_node-8] [0m[INFO] [1785224660.211572965] [uav8.ladrc_position_controller]: Offboard 模式已激活。LADRC 控制器接管。[0m
[ladrc_position_controller_node-7] [0m[INFO] [1785224660.230560874] [uav7.ladrc_position_controller]: UAV7 悬停保持锁定: [0.00, 0.01, -0.09][0m
[ladrc_position_controller_node-7] [0m[INFO] [1785224660.230610507] [uav7.ladrc_position_controller]: UAV7 悬停保持 Pos[0.00,0.01,-0.09][0m
[ladrc_position_controller_node-8] [0m[INFO] [1785224660.231567139] [uav8.ladrc_position_controller]: UAV8 悬停保持锁定: [-0.00, 0.02, -0.08][0m
[ladrc_position_controller_node-8] [0m[INFO] [1785224660.231603938] [uav8.ladrc_position_controller]: UAV8 悬停保持 Pos[-0.00,0.02,-0.08][0m
[ladrc_position_controller_node-5] [0m[INFO] [1785224660.310294674] [uav5.ladrc_position_controller]: Offboard 模式已激活。LADRC 控制器接管。[0m
[ladrc_position_controller_node-5] [0m[INFO] [1785224660.330290571] [uav5.ladrc_position_controller]: UAV5 悬停保持锁定: [0.00, -0.01, -0.10][0m
[ladrc_position_controller_node-5] [0m[INFO] [1785224660.330337509] [uav5.ladrc_position_controller]: UAV5 悬停保持 Pos[0.00,-0.01,-0.10][0m
[WARNING] [launch]: user interrupted with ctrl-c (SIGINT)
[ladrc_position_controller_node-4] [0m[INFO] [1785224664.039987761] [rclcpp]: signal_handler(signum=2)[0m
[ladrc_position_controller_node-7] [0m[INFO] [1785224664.039986258] [rclcpp]: signal_handler(signum=2)[0m
[ladrc_position_controller_node-5] [0m[INFO] [1785224664.039986278] [rclcpp]: signal_handler(signum=2)[0m
[ladrc_position_controller_node-6] [0m[INFO] [1785224664.039991187] [rclcpp]: signal_handler(signum=2)[0m
[ladrc_position_controller_node-8] [0m[INFO] [1785224664.039987420] [rclcpp]: signal_handler(signum=2)[0m
[ladrc_position_controller_node-2] [0m[INFO] [1785224664.039995165] [rclcpp]: signal_handler(signum=2)[0m
[ladrc_position_controller_node-1] [0m[INFO] [1785224664.039999513] [rclcpp]: signal_handler(signum=2)[0m
[ladrc_position_controller_node-3] [0m[INFO] [1785224664.040000044] [rclcpp]: signal_handler(signum=2)[0m
[INFO] [ladrc_position_controller_node-8]: sending signal 'SIGINT' to process[ladrc_position_controller_node-8]
[INFO] [ladrc_position_controller_node-7]: sending signal 'SIGINT' to process[ladrc_position_controller_node-7]
[INFO] [ladrc_position_controller_node-6]: sending signal 'SIGINT' to process[ladrc_position_controller_node-6]
[INFO] [ladrc_position_controller_node-5]: sending signal 'SIGINT' to process[ladrc_position_controller_node-5]
[INFO] [ladrc_position_controller_node-4]: sending signal 'SIGINT' to process[ladrc_position_controller_node-4]
[INFO] [ladrc_position_controller_node-3]: sending signal 'SIGINT' to process[ladrc_position_controller_node-3]
[INFO] [ladrc_position_controller_node-2]: sending signal 'SIGINT' to process[ladrc_position_controller_node-2]
[INFO] [ladrc_position_controller_node-1]: sending signal 'SIGINT' to process[ladrc_position_controller_node-1]
[ladrc_position_controller_node-8] [0m[INFO] [1785224664.045147416] [rclcpp]: signal_handler(signum=2)[0m
[ladrc_position_controller_node-7] [0m[INFO] [1785224664.045965929] [rclcpp]: signal_handler(signum=2)[0m
[ladrc_position_controller_node-6] [0m[INFO] [1785224664.046681420] [rclcpp]: signal_handler(signum=2)[0m
[ladrc_position_controller_node-5] [0m[INFO] [1785224664.047407690] [rclcpp]: signal_handler(signum=2)[0m
[ladrc_position_controller_node-4] [0m[INFO] [1785224664.048205414] [rclcpp]: signal_handler(signum=2)[0m
[ladrc_position_controller_node-3] [0m[INFO] [1785224664.048924151] [rclcpp]: signal_handler(signum=2)[0m
[ladrc_position_controller_node-2] [0m[INFO] [1785224664.049644139] [rclcpp]: signal_handler(signum=2)[0m
[ladrc_position_controller_node-1] [0m[INFO] [1785224664.050343930] [rclcpp]: signal_handler(signum=2)[0m
[INFO] [ladrc_position_controller_node-1]: process has finished cleanly [pid 322314]
[INFO] [ladrc_position_controller_node-3]: process has finished cleanly [pid 322318]
[INFO] [ladrc_position_controller_node-5]: process has finished cleanly [pid 322322]
[INFO] [ladrc_position_controller_node-7]: process has finished cleanly [pid 322326]
[INFO] [ladrc_position_controller_node-8]: process has finished cleanly [pid 322328]
[INFO] [ladrc_position_controller_node-6]: process has finished cleanly [pid 322324]
[INFO] [ladrc_position_controller_node-4]: process has finished cleanly [pid 322320]
[INFO] [ladrc_position_controller_node-2]: process has finished cleanly [pid 322316]
