[INFO] [1785142750.731605796] [rosbag2_recorder]: Press SPACE for pausing/resuming
[INFO] [1785142750.733136617] [rosbag2_storage]: Opened database '/tmp/experiments_06_formal_20260727/trials/five_uav_circle__linear_ladrc__r05/rosbag/rosbag_0.db3' for READ_WRITE.
[INFO] [1785142750.734099238] [rosbag2_recorder]: Listening for topics...
[INFO] [1785142750.734111441] [rosbag2_recorder]: Event publisher thread: Starting
[INFO] [1785142750.735591373] [rosbag2_recorder]: Subscribed to topic '/uav5/status'
[INFO] [1785142750.735977678] [rosbag2_recorder]: Subscribed to topic '/uav3/status'
[INFO] [1785142750.736534356] [rosbag2_recorder]: Subscribed to topic '/uav5/odom'
[INFO] [1785142750.736884961] [rosbag2_recorder]: Subscribed to topic '/uav1/status'
[INFO] [1785142750.737382322] [rosbag2_recorder]: Subscribed to topic '/uav1/trajectory_metrics'
[INFO] [1785142750.737720122] [rosbag2_recorder]: Subscribed to topic '/uav1/odom'
[INFO] [1785142750.737765992] [rosbag2_recorder]: Recording...
[INFO] [1785142750.738535726] [rosbag2_recorder]: Subscribed to topic '/uav5/trajectory_metrics'
[INFO] [1785142750.841452274] [rosbag2_recorder]: Subscribed to topic '/px4_4/fmu/out/vehicle_status'
[INFO] [1785142750.841801897] [rosbag2_recorder]: Subscribed to topic '/uav4/odom'
[INFO] [1785142750.842177431] [rosbag2_recorder]: Subscribed to topic '/px4_1/fmu/out/vehicle_odometry'
[INFO] [1785142750.842586921] [rosbag2_recorder]: Subscribed to topic '/uav4/status'
[INFO] [1785142750.842984808] [rosbag2_recorder]: Subscribed to topic '/uav2/odom'
[INFO] [1785142750.843376844] [rosbag2_recorder]: Subscribed to topic '/uav4/trajectory_metrics'
[INFO] [1785142750.843781294] [rosbag2_recorder]: Subscribed to topic '/uav3/trajectory_metrics'
[INFO] [1785142750.844183160] [rosbag2_recorder]: Subscribed to topic '/uav3/odom'
[INFO] [1785142750.844630103] [rosbag2_recorder]: Subscribed to topic '/px4_3/fmu/out/vehicle_status'
[INFO] [1785142750.845058320] [rosbag2_recorder]: Subscribed to topic '/uav2/trajectory_metrics'
[INFO] [1785142750.845458271] [rosbag2_recorder]: Subscribed to topic '/px4_1/fmu/out/vehicle_status'
[INFO] [1785142750.845836119] [rosbag2_recorder]: Subscribed to topic '/px4_2/fmu/out/vehicle_odometry'
[INFO] [1785142750.846257072] [rosbag2_recorder]: Subscribed to topic '/px4_5/fmu/out/vehicle_status'
[INFO] [1785142750.846769954] [rosbag2_recorder]: Subscribed to topic '/px4_2/fmu/out/vehicle_status'
[INFO] [1785142750.847187340] [rosbag2_recorder]: Subscribed to topic '/uav2/status'
[INFO] [1785142750.847649192] [rosbag2_recorder]: Subscribed to topic '/px4_3/fmu/out/vehicle_odometry'
[INFO] [1785142750.848136855] [rosbag2_recorder]: Subscribed to topic '/px4_4/fmu/out/vehicle_odometry'
[INFO] [1785142750.848832955] [rosbag2_recorder]: Subscribed to topic '/px4_5/fmu/out/vehicle_odometry'
[INFO] [1785142752.987864606] [rosbag2_recorder]: Subscribed to topic '/uav3/swarm_command'
[INFO] [1785142752.988462473] [rosbag2_recorder]: Subscribed to topic '/uav4/swarm_command'
[INFO] [1785142752.989184391] [rosbag2_recorder]: Subscribed to topic '/uav5/swarm_command'
[INFO] [1785142752.989753361] [rosbag2_recorder]: Subscribed to topic '/uav2/swarm_command'
[INFO] [1785142752.990324195] [rosbag2_recorder]: Subscribed to topic '/uav1/swarm_command'
[INFO] [1785142752.990349434] [rosbag2_recorder]: All requested topics are subscribed. Stopping discovery...
[INFO] [1785142785.388718085] [rosbag2_cpp]: Writing remaining messages from cache to the bag. It may take a while
[INFO] [1785142785.405562702] [rosbag2_recorder]: Event publisher thread: Exiting
[INFO] [1785142785.405615813] [rosbag2_recorder]: Recording stopped
