[INFO] [1785141068.628836148] [rosbag2_recorder]: Press SPACE for pausing/resuming
[INFO] [1785141068.629851065] [rosbag2_storage]: Opened database '/tmp/experiments_06_formal_20260727/trials/eight_uav_line_to_circle__linear_ladrc__r01/rosbag/rosbag_0.db3' for READ_WRITE.
[INFO] [1785141068.630239719] [rosbag2_recorder]: Listening for topics...
[INFO] [1785141068.630256751] [rosbag2_recorder]: Event publisher thread: Starting
[INFO] [1785141068.630352291] [rosbag2_recorder]: Recording...
[INFO] [1785141068.733882190] [rosbag2_recorder]: Subscribed to topic '/uav3/trajectory_metrics'
[INFO] [1785141068.734629581] [rosbag2_recorder]: Subscribed to topic '/uav4/trajectory_metrics'
[INFO] [1785141068.735482993] [rosbag2_recorder]: Subscribed to topic '/uav3/odom'
[INFO] [1785141068.736034535] [rosbag2_recorder]: Subscribed to topic '/uav6/status'
[INFO] [1785141068.736514942] [rosbag2_recorder]: Subscribed to topic '/uav4/odom'
[INFO] [1785141068.736948952] [rosbag2_recorder]: Subscribed to topic '/uav1/trajectory_metrics'
[INFO] [1785141068.737358736] [rosbag2_recorder]: Subscribed to topic '/uav3/status'
[INFO] [1785141068.737782346] [rosbag2_recorder]: Subscribed to topic '/uav6/trajectory_metrics'
[INFO] [1785141068.738169878] [rosbag2_recorder]: Subscribed to topic '/uav2/status'
[INFO] [1785141068.738586905] [rosbag2_recorder]: Subscribed to topic '/uav7/odom'
[INFO] [1785141068.739052434] [rosbag2_recorder]: Subscribed to topic '/uav8/status'
[INFO] [1785141068.739463871] [rosbag2_recorder]: Subscribed to topic '/uav1/status'
[INFO] [1785141068.739865811] [rosbag2_recorder]: Subscribed to topic '/uav5/odom'
[INFO] [1785141068.740304138] [rosbag2_recorder]: Subscribed to topic '/uav8/odom'
[INFO] [1785141068.740713001] [rosbag2_recorder]: Subscribed to topic '/uav7/trajectory_metrics'
[INFO] [1785141068.741200531] [rosbag2_recorder]: Subscribed to topic '/uav7/status'
[INFO] [1785141068.741618591] [rosbag2_recorder]: Subscribed to topic '/uav1/odom'
[INFO] [1785141068.742012284] [rosbag2_recorder]: Subscribed to topic '/uav5/status'
[INFO] [1785141068.742430474] [rosbag2_recorder]: Subscribed to topic '/uav6/odom'
[INFO] [1785141068.742888068] [rosbag2_recorder]: Subscribed to topic '/uav2/trajectory_metrics'
[INFO] [1785141068.743405195] [rosbag2_recorder]: Subscribed to topic '/uav8/trajectory_metrics'
[INFO] [1785141068.743926269] [rosbag2_recorder]: Subscribed to topic '/uav2/odom'
[INFO] [1785141068.744397589] [rosbag2_recorder]: Subscribed to topic '/uav4/status'
[INFO] [1785141068.744814607] [rosbag2_recorder]: Subscribed to topic '/uav5/trajectory_metrics'
[INFO] [1785141068.949038759] [rosbag2_recorder]: Subscribed to topic '/px4_2/fmu/out/vehicle_status'
[INFO] [1785141068.949632821] [rosbag2_recorder]: Subscribed to topic '/px4_2/fmu/out/vehicle_odometry'
[INFO] [1785141069.254850711] [rosbag2_recorder]: Subscribed to topic '/px4_7/fmu/out/vehicle_odometry'
[INFO] [1785141069.255451796] [rosbag2_recorder]: Subscribed to topic '/px4_7/fmu/out/vehicle_status'
[INFO] [1785141069.459633969] [rosbag2_recorder]: Subscribed to topic '/px4_3/fmu/out/vehicle_odometry'
[INFO] [1785141069.460289697] [rosbag2_recorder]: Subscribed to topic '/px4_3/fmu/out/vehicle_status'
[INFO] [1785141069.767863507] [rosbag2_recorder]: Subscribed to topic '/px4_8/fmu/out/vehicle_odometry'
[INFO] [1785141069.768416511] [rosbag2_recorder]: Subscribed to topic '/px4_8/fmu/out/vehicle_status'
[INFO] [1785141070.076058871] [rosbag2_recorder]: Subscribed to topic '/px4_4/fmu/out/vehicle_odometry'
[INFO] [1785141070.076640529] [rosbag2_recorder]: Subscribed to topic '/px4_4/fmu/out/vehicle_status'
[INFO] [1785141070.803320531] [rosbag2_recorder]: Subscribed to topic '/uav8/swarm_command'
[INFO] [1785141070.804029460] [rosbag2_recorder]: Subscribed to topic '/uav6/swarm_command'
[INFO] [1785141070.804684176] [rosbag2_recorder]: Subscribed to topic '/uav3/swarm_command'
[INFO] [1785141070.805267228] [rosbag2_recorder]: Subscribed to topic '/uav4/swarm_command'
[INFO] [1785141070.805847994] [rosbag2_recorder]: Subscribed to topic '/px4_1/fmu/out/vehicle_odometry'
[INFO] [1785141070.806465210] [rosbag2_recorder]: Subscribed to topic '/uav7/swarm_command'
[INFO] [1785141070.807166915] [rosbag2_recorder]: Subscribed to topic '/uav5/swarm_command'
[INFO] [1785141070.807999548] [rosbag2_recorder]: Subscribed to topic '/uav2/swarm_command'
[INFO] [1785141070.808775804] [rosbag2_recorder]: Subscribed to topic '/px4_6/fmu/out/vehicle_status'
[INFO] [1785141070.809380937] [rosbag2_recorder]: Subscribed to topic '/px4_5/fmu/out/vehicle_status'
[INFO] [1785141070.810025574] [rosbag2_recorder]: Subscribed to topic '/uav1/swarm_command'
[INFO] [1785141070.810695029] [rosbag2_recorder]: Subscribed to topic '/px4_5/fmu/out/vehicle_odometry'
[INFO] [1785141070.811480442] [rosbag2_recorder]: Subscribed to topic '/px4_6/fmu/out/vehicle_odometry'
[INFO] [1785141070.812246609] [rosbag2_recorder]: Subscribed to topic '/px4_1/fmu/out/vehicle_status'
[INFO] [1785141070.812266857] [rosbag2_recorder]: All requested topics are subscribed. Stopping discovery...
[INFO] [1785141107.695423274] [rosbag2_cpp]: Writing remaining messages from cache to the bag. It may take a while
[INFO] [1785141107.698454770] [rosbag2_recorder]: Event publisher thread: Exiting
[INFO] [1785141107.698520554] [rosbag2_recorder]: Recording stopped
